arms ['learnable', 'learnable+orth0.1', 'learnable+overlap0.1'] ratios [0, 0.125] epochs 65 b_grad hybrid
/mnt/d/betterNN/flow_mvp_v21/experiment.py:183: UserWarning: Converting a tensor with requires_grad=True to a scalar may lead to unexpected behavior.
Consider using tensor.detach() first. (Triggered internally at /__w/pytorch/pytorch/torch/csrc/autograd/generated/python_variable_methods.cpp:820.)
  o_l1 = float((a * c).abs().sum() / (na * nc))
/mnt/d/betterNN/flow_mvp_v21/experiment.py:183: UserWarning: Converting a tensor with requires_grad=True to a scalar may lead to unexpected behavior.
Consider using tensor.detach() first. (Triggered internally at /__w/pytorch/pytorch/torch/csrc/autograd/generated/python_variable_methods.cpp:820.)
  o_l1 = float((a * c).abs().sum() / (na * nc))
/mnt/d/betterNN/flow_mvp_v21/experiment.py:183: UserWarning: Converting a tensor with requires_grad=True to a scalar may lead to unexpected behavior.
Consider using tensor.detach() first. (Triggered internally at /__w/pytorch/pytorch/torch/csrc/autograd/generated/python_variable_methods.cpp:820.)
  o_l1 = float((a * c).abs().sum() / (na * nc))
/mnt/d/betterNN/flow_mvp_v21/experiment.py:183: UserWarning: Converting a tensor with requires_grad=True to a scalar may lead to unexpected behavior.
Consider using tensor.detach() first. (Triggered internally at /__w/pytorch/pytorch/torch/csrc/autograd/generated/python_variable_methods.cpp:820.)
  o_l1 = float((a * c).abs().sum() / (na * nc))
/mnt/d/betterNN/flow_mvp_v21/experiment.py:183: UserWarning: Converting a tensor with requires_grad=True to a scalar may lead to unexpected behavior.
Consider using tensor.detach() first. (Triggered internally at /__w/pytorch/pytorch/torch/csrc/autograd/generated/python_variable_methods.cpp:820.)
  o_l1 = float((a * c).abs().sum() / (na * nc))
/mnt/d/betterNN/flow_mvp_v21/experiment.py:183: UserWarning: Converting a tensor with requires_grad=True to a scalar may lead to unexpected behavior.
Consider using tensor.detach() first. (Triggered internally at /__w/pytorch/pytorch/torch/csrc/autograd/generated/python_variable_methods.cpp:820.)
  o_l1 = float((a * c).abs().sum() / (na * nc))
/mnt/d/betterNN/flow_mvp_v21/experiment.py:183: UserWarning: Converting a tensor with requires_grad=True to a scalar may lead to unexpected behavior.
Consider using tensor.detach() first. (Triggered internally at /__w/pytorch/pytorch/torch/csrc/autograd/generated/python_variable_methods.cpp:820.)
  o_l1 = float((a * c).abs().sum() / (na * nc))
/mnt/d/betterNN/flow_mvp_v21/experiment.py:183: UserWarning: Converting a tensor with requires_grad=True to a scalar may lead to unexpected behavior.
Consider using tensor.detach() first. (Triggered internally at /__w/pytorch/pytorch/torch/csrc/autograd/generated/python_variable_methods.cpp:820.)
  o_l1 = float((a * c).abs().sum() / (na * nc))
learnable_o1_r12.5_11 stage 0 [0.736, 0.76, 0.739, 0.996] O_B 0.9535
learnable_o2_r12.5_11 stage 0 [0.498, 0.992, 0.479, 0.726] O_B 0.9486
learnable_o0_r12.5_11 stage 0 [0.988, 0.525, 0.733, 0.73] O_B 0.9506
learnable_o2_r0_11 stage 0 [0.498, 0.992, 0.479, 0.726] O_B 0.9486
learnable_o1_r0_11 stage 0 [0.736, 0.76, 0.739, 0.996] O_B 0.9535
learnable_o0_r0_11 stage 0 [0.988, 0.525, 0.733, 0.73] O_B 0.9506
learnable_o1_r12.5_11 stage 1 [0.759, 0.543, 0.987, 0.924] O_B 0.8981
learnable_o2_r12.5_11 stage 1 [0.734, 0.949, 0.737, 0.994] O_B 0.9291
learnable_o0_r12.5_11 stage 1 [0.652, 0.98, 0.509, 0.753] O_B 0.939
learnable_o2_r0_11 stage 1 [0.751, 0.763, 0.746, 0.997] O_B 0.9239
learnable_o1_r0_11 stage 1 [0.751, 0.527, 0.992, 0.72] O_B 0.9036
learnable_o0_r0_11 stage 1 [0.511, 0.992, 0.495, 0.734] O_B 0.923
learnable_o1_r12.5_11 stage 2 [0.51, 0.968, 0.742, 0.948] O_B 0.8757
learnable_o2_r12.5_11 stage 2 [0.989, 0.732, 0.748, 0.986] O_B 0.8894
learnable_o0_r0_22 stage 0 [0.987, 0.473, 0.714, 0.707] O_B 0.9773
learnable_o0_r12.5_22 stage 0 [0.987, 0.473, 0.714, 0.707] O_B 0.9773
learnable_o2_r0_11 stage 2 [0.991, 0.524, 0.749, 0.741] O_B 0.8917
learnable_o0_r12.5_11 stage 2 [0.902, 0.723, 0.966, 0.713] O_B 0.9099
learnable_o0_r0_11 stage 2 [0.728, 0.546, 0.95, 0.691] O_B 0.9192
learnable_o1_r0_11 stage 2 [0.507, 0.994, 0.508, 0.727] O_B 0.8836
learnable_o1_r12.5_11 stage 3 [0.967, 0.761, 0.945, 0.967] O_B 0.7959
learnable_o2_r12.5_11 stage 3 [0.994, 0.872, 0.997, 0.964] O_B 0.8401
learnable_o2_r0_11 stage 3 [0.755, 0.523, 0.998, 0.724] O_B 0.8473
learnable_o0_r12.5_22 stage 1 [0.895, 0.983, 0.502, 0.727] O_B 0.9149
learnable_o0_r0_22 stage 1 [0.565, 0.988, 0.496, 0.743] O_B 0.9028
learnable_o1_r0_11 stage 3 [0.983, 0.52, 0.734, 0.713] O_B 0.9272
learnable_o0_r12.5_11 stage 3 [0.93, 0.923, 0.925, 0.999] O_B 0.8685
learnable_o0_r0_11 stage 3 [0.75, 0.755, 0.743, 0.997] O_B 0.8605
learnable_o1_r0_22 stage 0 [0.676, 0.703, 0.709, 0.989] O_B 0.9669
learnable_o1_r12.5_22 stage 0 [0.676, 0.703, 0.709, 0.989] O_B 0.9669
learnable_o2_r0_22 stage 0 [0.496, 0.99, 0.493, 0.741] O_B 0.9162
learnable_o0_r12.5_22 stage 2 [0.958, 0.935, 0.988, 0.714] O_B 0.8245
learnable_o2_r12.5_22 stage 0 [0.496, 0.99, 0.493, 0.741] O_B 0.9162
learnable_o0_r0_22 stage 2 [0.725, 0.514, 0.997, 0.737] O_B 0.8366
learnable_o1_r0_22 stage 1 [0.701, 0.495, 0.995, 0.724] O_B 0.9202
learnable_o2_r0_22 stage 1 [0.729, 0.752, 0.732, 0.992] O_B 0.8946
learnable_o1_r12.5_22 stage 1 [0.7, 0.49, 0.994, 0.723] O_B 0.9354
learnable_o0_r12.5_22 stage 3 [0.98, 0.982, 0.989, 0.994] O_B 0.7476
learnable_o2_r12.5_22 stage 1 [0.707, 0.959, 0.727, 0.995] O_B 0.8885
learnable_o0_r0_22 stage 3 [0.727, 0.755, 0.724, 0.994] O_B 0.8219
learnable_o2_r0_22 stage 2 [0.993, 0.501, 0.718, 0.732] O_B 0.8638
learnable_o1_r0_22 stage 2 [0.501, 0.987, 0.5, 0.749] O_B 0.9258
learnable_o1_r12.5_22 stage 2 [0.521, 0.964, 0.762, 0.928] O_B 0.918
learnable_o1_r0_33 stage 0 [0.754, 0.753, 0.725, 0.984] O_B 0.9585
learnable_o0_r12.5_33 stage 0 [0.997, 0.499, 0.742, 0.734] O_B 0.9387
learnable_o0_r0_33 stage 0 [0.997, 0.499, 0.742, 0.734] O_B 0.9387
learnable_o2_r12.5_22 stage 2 [0.992, 0.748, 0.718, 0.981] O_B 0.8379
learnable_o1_r12.5_33 stage 0 [0.754, 0.753, 0.725, 0.984] O_B 0.9585
learnable_o2_r0_22 stage 3 [0.727, 0.509, 0.996, 0.735] O_B 0.8174
learnable_o1_r0_22 stage 3 [0.979, 0.457, 0.686, 0.686] O_B 0.9427
learnable_o1_r12.5_22 stage 3 [0.987, 0.744, 0.979, 0.983] O_B 0.8433
learnable_o0_r12.5_33 stage 1 [0.931, 0.99, 0.521, 0.717] O_B 0.9256
learnable_o1_r0_33 stage 1 [0.761, 0.498, 0.986, 0.74] O_B 0.9529
learnable_o0_r0_33 stage 1 [0.533, 0.99, 0.522, 0.739] O_B 0.9184
learnable_o2_r12.5_22 stage 3 [0.991, 0.912, 0.995, 0.977] O_B 0.796
learnable_o1_r12.5_33 stage 1 [0.753, 0.548, 0.982, 0.895] O_B 0.932
learnable_o2_r0_33 stage 0 [0.521, 0.995, 0.511, 0.746] O_B 0.9494
learnable_o2_r12.5_33 stage 0 [0.521, 0.995, 0.511, 0.746] O_B 0.9494
learnable_o0_r12.5_33 stage 2 [0.982, 0.918, 0.99, 0.76] O_B 0.9145
learnable_o1_r0_33 stage 2 [0.527, 0.997, 0.516, 0.719] O_B 0.9464
learnable_o0_r0_33 stage 2 [0.765, 0.529, 0.991, 0.757] O_B 0.9331
learnable_o1_r12.5_33 stage 2 [0.527, 0.995, 0.704, 0.909] O_B 0.911
learnable_o2_r0_33 stage 1 [0.757, 0.751, 0.748, 0.984] O_B 0.9007
learnable_o2_r12.5_33 stage 1 [0.718, 0.976, 0.728, 0.978] O_B 0.8864
learnable_o0_r12.5_33 stage 3 [0.967, 0.965, 0.95, 0.989] O_B 0.8871
learnable_o0_r0_33 stage 3 [0.767, 0.748, 0.76, 0.997] O_B 0.9155
learnable_o1_r0_33 stage 3 [0.99, 0.522, 0.747, 0.738] O_B 0.9141
learnable_o1_r12.5_33 stage 3 [0.998, 0.748, 0.971, 0.987] O_B 0.8528
learnable_o2_r0_33 stage 2 [0.944, 0.362, 0.576, 0.563] O_B 0.9578
learnable_o0_r0_44 stage 0 [0.993, 0.486, 0.729, 0.756] O_B 0.9638
learnable_o2_r12.5_33 stage 2 [0.79, 0.827, 0.747, 0.906] O_B 0.8843
learnable_o0_r12.5_44 stage 0 [0.993, 0.486, 0.729, 0.756] O_B 0.9638
learnable_o1_r0_44 stage 0 [0.704, 0.73, 0.731, 0.992] O_B 0.963
learnable_o2_r0_44 stage 0 [0.463, 0.994, 0.482, 0.763] O_B 0.9446
learnable_o1_r12.5_44 stage 0 [0.704, 0.73, 0.731, 0.992] O_B 0.963
learnable_o2_r12.5_44 stage 0 [0.463, 0.994, 0.482, 0.763] O_B 0.9446
learnable_o2_r0_33 stage 3 [0.688, 0.418, 0.98, 0.633] O_B 0.9179
learnable_o0_r0_44 stage 1 [0.478, 0.983, 0.488, 0.776] O_B 0.9532
learnable_o2_r12.5_33 stage 3 [0.888, 0.782, 0.975, 0.911] O_B 0.8204
learnable_o0_r12.5_44 stage 1 [0.641, 0.943, 0.532, 0.794] O_B 0.9508
learnable_o1_r0_44 stage 1 [0.747, 0.487, 0.989, 0.748] O_B 0.9585
learnable_o2_r0_44 stage 1 [0.722, 0.723, 0.748, 0.997] O_B 0.9336
learnable_o1_r12.5_44 stage 1 [0.749, 0.5, 0.989, 0.92] O_B 0.943
learnable_o2_r12.5_44 stage 1 [0.737, 0.965, 0.735, 0.993] O_B 0.9393
learnable_o0_r0_44 stage 2 [0.683, 0.531, 0.936, 0.731] O_B 0.9467
learnable_o0_r12.5_44 stage 2 [0.936, 0.693, 0.979, 0.753] O_B 0.9078
learnable_o1_r0_44 stage 2 [0.48, 0.995, 0.485, 0.756] O_B 0.9359
learnable_o2_r0_44 stage 2 [0.987, 0.487, 0.758, 0.761] O_B 0.9326
learnable_o1_r12.5_44 stage 2 [0.494, 0.982, 0.731, 0.95] O_B 0.9293
learnable_o2_r12.5_44 stage 2 [0.984, 0.751, 0.75, 0.97] O_B 0.9304
learnable_o0_r0_44 stage 3 [0.742, 0.71, 0.738, 0.995] O_B 0.9604
learnable_o1_r0_44 stage 3 [0.981, 0.486, 0.725, 0.751] O_B 0.9243
learnable_o0_r12.5_44 stage 3 [0.927, 0.729, 0.951, 0.994] O_B 0.882
learnable_o2_r0_44 stage 3 [0.751, 0.485, 0.991, 0.755] O_B 0.8904
learnable_o1_r12.5_44 stage 3 [0.985, 0.745, 0.966, 0.964] O_B 0.8945
learnable_o2_r12.5_44 stage 3 [0.957, 0.757, 0.984, 0.959] O_B 0.9028
learnable_o0_r0_55 stage 0 [0.986, 0.464, 0.714, 0.738] O_B 0.9733
learnable_o0_r12.5_55 stage 0 [0.986, 0.464, 0.714, 0.738] O_B 0.9733
learnable_o1_r0_55 stage 0 [0.74, 0.776, 0.74, 0.992] O_B 0.9639
learnable_o1_r12.5_55 stage 0 [0.74, 0.776, 0.74, 0.992] O_B 0.9639
learnable_o2_r12.5_55 stage 0 [0.508, 0.995, 0.489, 0.742] O_B 0.9322
learnable_o2_r0_55 stage 0 [0.508, 0.995, 0.489, 0.742] O_B 0.9322
learnable_o0_r0_55 stage 1 [0.514, 0.983, 0.479, 0.742] O_B 0.88
learnable_o0_r12.5_55 stage 1 [0.713, 0.97, 0.479, 0.777] O_B 0.8914
learnable_o1_r0_55 stage 1 [0.707, 0.489, 0.994, 0.743] O_B 0.9426
learnable_o1_r12.5_55 stage 1 [0.766, 0.506, 0.99, 0.889] O_B 0.9401
learnable_o2_r12.5_55 stage 1 [0.759, 0.944, 0.64, 0.995] O_B 0.9064
learnable_o2_r0_55 stage 1 [0.768, 0.767, 0.741, 0.992] O_B 0.9094
learnable_o0_r0_55 stage 2 [0.757, 0.486, 0.996, 0.752] O_B 0.8218
learnable_o0_r12.5_55 stage 2 [0.903, 0.686, 0.99, 0.752] O_B 0.7723
learnable_o1_r0_55 stage 2 [0.51, 0.998, 0.468, 0.719] O_B 0.9374
learnable_o1_r12.5_55 stage 2 [0.522, 0.984, 0.707, 0.966] O_B 0.9211
learnable+orth0.1_o0_r0_11 stage 0 [0.989, 0.523, 0.732, 0.73] O_B 0.9439
learnable_o2_r12.5_55 stage 2 [0.989, 0.703, 0.752, 0.962] O_B 0.9052
learnable_o2_r0_55 stage 2 [0.989, 0.486, 0.753, 0.753] O_B 0.9201
learnable+orth0.1_o0_r12.5_11 stage 0 [0.989, 0.523, 0.732, 0.73] O_B 0.9439
learnable_o0_r0_55 stage 3 [0.762, 0.765, 0.75, 0.987] O_B 0.7685
learnable_o0_r12.5_55 stage 3 [0.941, 0.849, 0.975, 0.982] O_B 0.7124
learnable_o1_r0_55 stage 3 [0.97, 0.492, 0.729, 0.739] O_B 0.9469
learnable_o1_r12.5_55 stage 3 [0.984, 0.738, 0.975, 0.975] O_B 0.8302
learnable_o2_r12.5_55 stage 3 [0.994, 0.958, 0.999, 0.971] O_B 0.879
learnable+orth0.1_o0_r0_11 stage 1 [0.508, 0.993, 0.495, 0.736] O_B 0.9256
learnable_o2_r0_55 stage 3 [0.766, 0.489, 0.999, 0.75] O_B 0.9011
learnable+orth0.1_o0_r12.5_11 stage 1 [0.65, 0.983, 0.508, 0.76] O_B 0.9385
learnable+orth0.1_o1_r0_11 stage 0 [0.73, 0.756, 0.729, 0.993] O_B 0.9527
learnable+orth0.1_o1_r12.5_11 stage 0 [0.73, 0.756, 0.729, 0.993] O_B 0.9527
learnable+orth0.1_o2_r0_11 stage 0 [0.499, 0.992, 0.479, 0.726] O_B 0.9468
learnable+orth0.1_o2_r12.5_11 stage 0 [0.499, 0.992, 0.479, 0.726] O_B 0.9468
learnable+orth0.1_o0_r0_11 stage 2 [0.742, 0.537, 0.975, 0.707] O_B 0.911
learnable+orth0.1_o0_r12.5_11 stage 2 [0.906, 0.725, 0.979, 0.722] O_B 0.91
learnable+orth0.1_o1_r0_11 stage 1 [0.751, 0.527, 0.992, 0.719] O_B 0.8993
learnable+orth0.1_o2_r0_11 stage 1 [0.752, 0.764, 0.747, 0.998] O_B 0.9222
learnable+orth0.1_o1_r12.5_11 stage 1 [0.76, 0.542, 0.987, 0.922] O_B 0.8919
learnable+orth0.1_o2_r12.5_11 stage 1 [0.728, 0.943, 0.733, 0.992] O_B 0.9266
learnable+orth0.1_o0_r0_11 stage 3 [0.754, 0.756, 0.742, 0.999] O_B 0.8603
learnable+orth0.1_o0_r12.5_11 stage 3 [0.914, 0.93, 0.925, 0.999] O_B 0.8747
learnable+orth0.1_o1_r0_11 stage 2 [0.505, 0.994, 0.506, 0.722] O_B 0.8803
learnable+orth0.1_o2_r0_11 stage 2 [0.991, 0.526, 0.748, 0.742] O_B 0.8862
learnable+orth0.1_o1_r12.5_11 stage 2 [0.509, 0.969, 0.738, 0.941] O_B 0.8696
learnable+orth0.1_o0_r0_22 stage 0 [0.982, 0.473, 0.707, 0.705] O_B 0.9721
learnable+orth0.1_o0_r12.5_22 stage 0 [0.982, 0.473, 0.707, 0.705] O_B 0.9721
learnable+orth0.1_o2_r12.5_11 stage 2 [0.986, 0.73, 0.751, 0.985] O_B 0.8794
learnable+orth0.1_o1_r0_22 stage 0 [0.69, 0.72, 0.717, 0.992] O_B 0.973
learnable+orth0.1_o1_r12.5_22 stage 0 [0.69, 0.72, 0.717, 0.992] O_B 0.973
learnable+orth0.1_o1_r0_11 stage 3 [0.982, 0.521, 0.734, 0.719] O_B 0.9276
learnable+orth0.1_o2_r0_11 stage 3 [0.758, 0.523, 0.998, 0.725] O_B 0.837
learnable+orth0.1_o1_r12.5_11 stage 3 [0.967, 0.755, 0.945, 0.969] O_B 0.7879
learnable+orth0.1_o0_r0_22 stage 1 [0.586, 0.989, 0.496, 0.742] O_B 0.8951
learnable+orth0.1_o0_r12.5_22 stage 1 [0.89, 0.98, 0.505, 0.716] O_B 0.9069
learnable+orth0.1_o2_r12.5_11 stage 3 [0.993, 0.882, 0.997, 0.964] O_B 0.819
learnable+orth0.1_o1_r0_22 stage 1 [0.696, 0.492, 0.995, 0.718] O_B 0.9243
learnable+orth0.1_o1_r12.5_22 stage 1 [0.696, 0.488, 0.997, 0.715] O_B 0.9456
learnable+orth0.1_o2_r0_22 stage 0 [0.496, 0.99, 0.493, 0.741] O_B 0.914
learnable+orth0.1_o2_r12.5_22 stage 0 [0.496, 0.99, 0.493, 0.741] O_B 0.914
learnable+orth0.1_o0_r0_22 stage 2 [0.729, 0.514, 0.997, 0.736] O_B 0.8188
learnable+orth0.1_o0_r12.5_22 stage 2 [0.951, 0.914, 0.987, 0.721] O_B 0.8128
learnable+orth0.1_o1_r0_22 stage 2 [0.501, 0.987, 0.495, 0.747] O_B 0.9258
learnable+orth0.1_o1_r12.5_22 stage 2 [0.516, 0.969, 0.754, 0.931] O_B 0.928
learnable+orth0.1_o2_r0_22 stage 1 [0.728, 0.754, 0.729, 0.994] O_B 0.8835
learnable+orth0.1_o2_r12.5_22 stage 1 [0.687, 0.968, 0.723, 0.994] O_B 0.8776
learnable+orth0.1_o0_r0_22 stage 3 [0.728, 0.756, 0.724, 0.993] O_B 0.8001
learnable+orth0.1_o0_r12.5_22 stage 3 [0.978, 0.982, 0.989, 0.989] O_B 0.7205
learnable+orth0.1_o1_r0_22 stage 3 [0.977, 0.465, 0.699, 0.698] O_B 0.9444
learnable+orth0.1_o1_r12.5_22 stage 3 [0.99, 0.735, 0.973, 0.989] O_B 0.8437
learnable+orth0.1_o2_r0_22 stage 2 [0.993, 0.503, 0.718, 0.731] O_B 0.8475
learnable+orth0.1_o0_r0_33 stage 0 [0.996, 0.496, 0.742, 0.734] O_B 0.9314
learnable+orth0.1_o2_r12.5_22 stage 2 [0.991, 0.749, 0.716, 0.979] O_B 0.8228
learnable+orth0.1_o1_r12.5_33 stage 0 [0.754, 0.753, 0.726, 0.983] O_B 0.9531
learnable+orth0.1_o0_r12.5_33 stage 0 [0.996, 0.496, 0.742, 0.734] O_B 0.9314
learnable+orth0.1_o1_r0_33 stage 0 [0.754, 0.753, 0.726, 0.983] O_B 0.9531
learnable+orth0.1_o2_r0_33 stage 0 [0.521, 0.994, 0.511, 0.743] O_B 0.9483
learnable+orth0.1_o2_r12.5_33 stage 0 [0.521, 0.994, 0.511, 0.743] O_B 0.9483
learnable+orth0.1_o2_r0_22 stage 3 [0.728, 0.506, 0.995, 0.735] O_B 0.7981
learnable+orth0.1_o0_r0_33 stage 1 [0.527, 0.991, 0.522, 0.737] O_B 0.9136
learnable+orth0.1_o2_r12.5_22 stage 3 [0.986, 0.948, 0.992, 0.977] O_B 0.7746
learnable+orth0.1_o0_r12.5_33 stage 1 [0.932, 0.989, 0.521, 0.715] O_B 0.927
learnable+orth0.1_o1_r12.5_33 stage 1 [0.755, 0.547, 0.982, 0.893] O_B 0.9274
learnable+orth0.1_o1_r0_33 stage 1 [0.761, 0.498, 0.986, 0.739] O_B 0.9419
learnable+orth0.1_o2_r0_33 stage 1 [0.755, 0.751, 0.745, 0.981] O_B 0.898
learnable+orth0.1_o2_r12.5_33 stage 1 [0.708, 0.968, 0.723, 0.977] O_B 0.8917
learnable+orth0.1_o0_r0_33 stage 2 [0.765, 0.532, 0.991, 0.753] O_B 0.9198
learnable+orth0.1_o0_r12.5_33 stage 2 [0.964, 0.934, 0.99, 0.761] O_B 0.92
learnable+orth0.1_o2_r0_33 stage 2 [0.962, 0.365, 0.553, 0.564] O_B 0.9588
learnable+orth0.1_o1_r12.5_33 stage 2 [0.522, 0.994, 0.703, 0.908] O_B 0.8957
learnable+orth0.1_o1_r0_33 stage 2 [0.525, 0.995, 0.511, 0.722] O_B 0.9324
learnable+orth0.1_o2_r12.5_33 stage 2 [0.791, 0.849, 0.747, 0.901] O_B 0.8952
learnable+orth0.1_o0_r0_33 stage 3 [0.764, 0.748, 0.757, 0.996] O_B 0.9
learnable+orth0.1_o0_r12.5_33 stage 3 [0.974, 0.956, 0.945, 0.989] O_B 0.893
learnable+orth0.1_o2_r0_33 stage 3 [0.675, 0.405, 0.981, 0.63] O_B 0.9133
learnable+orth0.1_o1_r12.5_33 stage 3 [0.995, 0.75, 0.964, 0.977] O_B 0.798
learnable+orth0.1_o1_r0_33 stage 3 [0.967, 0.49, 0.708, 0.734] O_B 0.9227
learnable+orth0.1_o2_r12.5_33 stage 3 [0.814, 0.756, 0.976, 0.912] O_B 0.8302
learnable+orth0.1_o0_r0_44 stage 0 [0.993, 0.493, 0.729, 0.756] O_B 0.9564
learnable+orth0.1_o0_r12.5_44 stage 0 [0.993, 0.493, 0.729, 0.756] O_B 0.9564
learnable+orth0.1_o1_r0_44 stage 0 [0.702, 0.729, 0.729, 0.992] O_B 0.9649
learnable+orth0.1_o1_r12.5_44 stage 0 [0.702, 0.729, 0.729, 0.992] O_B 0.9649
learnable+orth0.1_o2_r0_44 stage 0 [0.464, 0.993, 0.484, 0.765] O_B 0.9384
learnable+orth0.1_o2_r12.5_44 stage 0 [0.464, 0.993, 0.484, 0.765] O_B 0.9384
learnable+orth0.1_o0_r0_44 stage 1 [0.477, 0.982, 0.492, 0.78] O_B 0.9427
learnable+orth0.1_o0_r12.5_44 stage 1 [0.63, 0.929, 0.547, 0.801] O_B 0.9464
learnable+orth0.1_o1_r0_44 stage 1 [0.744, 0.483, 0.981, 0.742] O_B 0.9597
learnable+orth0.1_o1_r12.5_44 stage 1 [0.75, 0.5, 0.989, 0.919] O_B 0.9471
learnable+orth0.1_o2_r0_44 stage 1 [0.722, 0.725, 0.748, 0.997] O_B 0.923
learnable+orth0.1_o2_r12.5_44 stage 1 [0.737, 0.964, 0.734, 0.995] O_B 0.9286
learnable+orth0.1_o0_r0_44 stage 2 [0.736, 0.52, 0.965, 0.739] O_B 0.9459
learnable+orth0.1_o0_r12.5_44 stage 2 [0.931, 0.693, 0.978, 0.749] O_B 0.9058
learnable+orth0.1_o1_r0_44 stage 2 [0.478, 0.995, 0.486, 0.758] O_B 0.9379
learnable+orth0.1_o1_r12.5_44 stage 2 [0.495, 0.981, 0.731, 0.951] O_B 0.932
learnable+orth0.1_o2_r0_44 stage 2 [0.987, 0.499, 0.757, 0.77] O_B 0.9226
learnable+orth0.1_o2_r12.5_44 stage 2 [0.985, 0.751, 0.75, 0.978] O_B 0.9236
learnable+orth0.1_o0_r0_55 stage 0 [0.985, 0.465, 0.714, 0.738] O_B 0.9688
learnable+orth0.1_o0_r12.5_55 stage 0 [0.985, 0.465, 0.714, 0.738] O_B 0.9688
learnable+orth0.1_o0_r0_44 stage 3 [0.753, 0.72, 0.742, 0.995] O_B 0.9492
learnable+orth0.1_o0_r12.5_44 stage 3 [0.936, 0.729, 0.955, 0.992] O_B 0.8726
learnable+orth0.1_o1_r0_44 stage 3 [0.981, 0.487, 0.734, 0.75] O_B 0.9312
learnable+orth0.1_o1_r12.5_44 stage 3 [0.984, 0.739, 0.963, 0.963] O_B 0.8914
learnable+orth0.1_o2_r0_44 stage 3 [0.753, 0.485, 0.991, 0.754] O_B 0.8817
learnable+orth0.1_o2_r12.5_44 stage 3 [0.966, 0.925, 0.985, 0.972] O_B 0.9005
learnable+orth0.1_o0_r0_55 stage 1 [0.514, 0.986, 0.478, 0.742] O_B 0.8698
learnable+orth0.1_o0_r12.5_55 stage 1 [0.715, 0.971, 0.479, 0.804] O_B 0.8819
learnable+orth0.1_o1_r0_55 stage 0 [0.743, 0.776, 0.742, 0.993] O_B 0.9646
learnable+orth0.1_o1_r12.5_55 stage 0 [0.743, 0.776, 0.742, 0.993] O_B 0.9646
learnable+orth0.1_o2_r0_55 stage 0 [0.507, 0.994, 0.488, 0.742] O_B 0.921
learnable+orth0.1_o2_r12.5_55 stage 0 [0.507, 0.994, 0.488, 0.742] O_B 0.921
learnable+orth0.1_o0_r0_55 stage 2 [0.761, 0.484, 0.995, 0.75] O_B 0.8126
learnable+orth0.1_o0_r12.5_55 stage 2 [0.918, 0.721, 0.993, 0.756] O_B 0.7824
learnable+orth0.1_o1_r12.5_55 stage 1 [0.768, 0.507, 0.99, 0.891] O_B 0.9418
learnable+orth0.1_o1_r0_55 stage 1 [0.707, 0.489, 0.993, 0.743] O_B 0.9428
learnable+orth0.1_o2_r0_55 stage 1 [0.768, 0.768, 0.739, 0.993] O_B 0.8962
learnable+orth0.1_o2_r12.5_55 stage 1 [0.76, 0.941, 0.656, 0.994] O_B 0.8922
learnable+orth0.1_o0_r0_55 stage 3 [0.766, 0.765, 0.752, 0.986] O_B 0.7465
learnable+orth0.1_o0_r12.5_55 stage 3 [0.938, 0.95, 0.976, 0.977] O_B 0.6982
learnable+orth0.1_o1_r12.5_55 stage 2 [0.522, 0.986, 0.708, 0.965] O_B 0.9209
learnable+orth0.1_o1_r0_55 stage 2 [0.507, 0.996, 0.469, 0.718] O_B 0.9352
learnable+orth0.1_o2_r0_55 stage 2 [0.99, 0.486, 0.751, 0.753] O_B 0.9048
learnable+overlap0.1_o0_r0_11 stage 0 [0.986, 0.527, 0.731, 0.731] O_B 0.695
learnable+overlap0.1_o0_r12.5_11 stage 0 [0.986, 0.527, 0.731, 0.731] O_B 0.695
learnable+orth0.1_o2_r12.5_55 stage 2 [0.99, 0.7, 0.753, 0.973] O_B 0.8883
learnable+overlap0.1_o1_r0_11 stage 0 [0.731, 0.76, 0.736, 0.996] O_B 0.6194
learnable+overlap0.1_o1_r12.5_11 stage 0 [0.731, 0.76, 0.736, 0.996] O_B 0.6194
learnable+orth0.1_o1_r12.5_55 stage 3 [0.984, 0.742, 0.988, 0.984] O_B 0.8358
learnable+orth0.1_o1_r0_55 stage 3 [0.972, 0.49, 0.729, 0.739] O_B 0.9523
learnable+orth0.1_o2_r0_55 stage 3 [0.766, 0.489, 0.998, 0.751] O_B 0.8871
learnable+overlap0.1_o0_r0_11 stage 1 [0.515, 0.99, 0.501, 0.732] O_B 0.4823
learnable+orth0.1_o2_r12.5_55 stage 3 [0.994, 0.946, 1.0, 0.97] O_B 0.8485
learnable+overlap0.1_o0_r12.5_11 stage 1 [0.652, 0.979, 0.506, 0.752] O_B 0.4801
learnable+overlap0.1_o1_r0_11 stage 1 [0.753, 0.528, 0.996, 0.726] O_B 0.3901
learnable+overlap0.1_o1_r12.5_11 stage 1 [0.757, 0.545, 0.992, 0.924] O_B 0.3542
learnable+overlap0.1_o2_r0_11 stage 0 [0.499, 0.991, 0.482, 0.719] O_B 0.6703
learnable+overlap0.1_o2_r12.5_11 stage 0 [0.499, 0.991, 0.482, 0.719] O_B 0.6703
learnable+overlap0.1_o0_r0_11 stage 2 [0.749, 0.533, 0.985, 0.712] O_B 0.3056
learnable+overlap0.1_o0_r12.5_11 stage 2 [0.91, 0.731, 0.972, 0.716] O_B 0.2802
learnable+overlap0.1_o1_r0_11 stage 2 [0.502, 0.99, 0.502, 0.725] O_B 0.2207
learnable+overlap0.1_o1_r12.5_11 stage 2 [0.512, 0.973, 0.738, 0.939] O_B 0.1548
learnable+overlap0.1_o2_r0_11 stage 1 [0.751, 0.763, 0.747, 0.997] O_B 0.4293
learnable+overlap0.1_o2_r12.5_11 stage 1 [0.734, 0.943, 0.74, 0.991] O_B 0.4323
learnable+overlap0.1_o0_r0_11 stage 3 [0.758, 0.761, 0.748, 1.0] O_B 0.1633
learnable+overlap0.1_o0_r12.5_11 stage 3 [0.923, 0.935, 0.928, 0.997] O_B 0.121
learnable+overlap0.1_o1_r0_11 stage 3 [0.982, 0.53, 0.742, 0.715] O_B 0.0634
learnable+overlap0.1_o1_r12.5_11 stage 3 [0.974, 0.748, 0.964, 0.968] O_B 0.0761
learnable+overlap0.1_o2_r0_11 stage 2 [0.995, 0.524, 0.748, 0.755] O_B 0.1336
learnable+overlap0.1_o0_r0_22 stage 0 [0.987, 0.468, 0.709, 0.704] O_B 0.8433
learnable+overlap0.1_o2_r12.5_11 stage 2 [0.985, 0.735, 0.745, 0.983] O_B 0.1465
learnable+overlap0.1_o1_r0_22 stage 0 [0.65, 0.68, 0.694, 0.99] O_B 0.7534
learnable+overlap0.1_o0_r12.5_22 stage 0 [0.987, 0.468, 0.709, 0.704] O_B 0.8433
learnable+overlap0.1_o1_r12.5_22 stage 0 [0.65, 0.68, 0.694, 0.99] O_B 0.7534
learnable+overlap0.1_o2_r0_22 stage 0 [0.497, 0.992, 0.493, 0.743] O_B 0.6877
learnable+overlap0.1_o2_r12.5_22 stage 0 [0.497, 0.992, 0.493, 0.743] O_B 0.6877
learnable+overlap0.1_o2_r0_11 stage 3 [0.757, 0.523, 0.998, 0.728] O_B 0.1009
learnable+overlap0.1_o0_r0_22 stage 1 [0.554, 0.991, 0.496, 0.744] O_B 0.6339
learnable+overlap0.1_o2_r12.5_11 stage 3 [0.971, 0.747, 1.0, 0.992] O_B 0.0936
learnable+overlap0.1_o0_r12.5_22 stage 1 [0.893, 0.982, 0.509, 0.723] O_B 0.6449
learnable+overlap0.1_o1_r0_22 stage 1 [0.7, 0.483, 0.997, 0.735] O_B 0.4742
learnable+overlap0.1_o1_r12.5_22 stage 1 [0.732, 0.512, 0.992, 0.792] O_B 0.465
learnable+overlap0.1_o2_r0_22 stage 1 [0.727, 0.749, 0.73, 0.99] O_B 0.3227
learnable+overlap0.1_o2_r12.5_22 stage 1 [0.685, 0.972, 0.717, 0.993] O_B 0.3086
learnable+overlap0.1_o0_r0_22 stage 2 [0.733, 0.509, 0.994, 0.73] O_B 0.2856
learnable+overlap0.1_o0_r12.5_22 stage 2 [0.961, 0.859, 0.993, 0.723] O_B 0.3344
learnable+overlap0.1_o1_r0_22 stage 2 [0.519, 0.97, 0.525, 0.759] O_B 0.3054
learnable+overlap0.1_o1_r12.5_22 stage 2 [0.519, 0.956, 0.763, 0.911] O_B 0.2674
learnable+overlap0.1_o2_r0_22 stage 2 [0.992, 0.5, 0.718, 0.729] O_B 0.1155
learnable+overlap0.1_o2_r12.5_22 stage 2 [0.988, 0.745, 0.718, 0.984] O_B 0.1367
learnable+overlap0.1_o0_r0_22 stage 3 [0.733, 0.758, 0.729, 0.997] O_B 0.1636
learnable+overlap0.1_o0_r12.5_22 stage 3 [0.974, 0.978, 0.986, 0.991] O_B 0.1706
learnable+overlap0.1_o1_r0_22 stage 3 [0.973, 0.504, 0.672, 0.711] O_B 0.1231
learnable+overlap0.1_o1_r12.5_22 stage 3 [0.977, 0.769, 0.97, 0.958] O_B 0.1631
learnable+overlap0.1_o2_r0_22 stage 3 [0.729, 0.509, 0.999, 0.739] O_B 0.0834
learnable+overlap0.1_o2_r12.5_22 stage 3 [0.994, 0.975, 0.998, 0.966] O_B 0.1136
learnable+overlap0.1_o0_r0_33 stage 0 [0.99, 0.505, 0.74, 0.74] O_B 0.7847
learnable+overlap0.1_o0_r12.5_33 stage 0 [0.99, 0.505, 0.74, 0.74] O_B 0.7847
learnable+overlap0.1_o1_r0_33 stage 0 [0.756, 0.751, 0.717, 0.98] O_B 0.5935
learnable+overlap0.1_o1_r12.5_33 stage 0 [0.756, 0.751, 0.717, 0.98] O_B 0.5935
learnable+overlap0.1_o2_r0_33 stage 0 [0.524, 0.996, 0.514, 0.746] O_B 0.8286
learnable+overlap0.1_o2_r12.5_33 stage 0 [0.524, 0.996, 0.514, 0.746] O_B 0.8286
learnable+overlap0.1_o0_r0_33 stage 1 [0.533, 0.99, 0.52, 0.738] O_B 0.6075
learnable+overlap0.1_o0_r12.5_33 stage 1 [0.941, 0.984, 0.521, 0.731] O_B 0.6091
learnable+overlap0.1_o1_r0_33 stage 1 [0.763, 0.5, 0.991, 0.739] O_B 0.3486
learnable+overlap0.1_o1_r12.5_33 stage 1 [0.76, 0.542, 0.982, 0.896] O_B 0.3444
learnable+overlap0.1_o2_r0_33 stage 1 [0.755, 0.746, 0.75, 0.984] O_B 0.506
learnable+overlap0.1_o2_r12.5_33 stage 1 [0.704, 0.969, 0.718, 0.978] O_B 0.5127
learnable+overlap0.1_o0_r0_33 stage 2 [0.761, 0.535, 0.997, 0.751] O_B 0.4849
learnable+overlap0.1_o0_r12.5_33 stage 2 [0.97, 0.91, 0.991, 0.758] O_B 0.4428
learnable+overlap0.1_o1_r0_33 stage 2 [0.521, 0.996, 0.508, 0.729] O_B 0.1632
learnable+overlap0.1_o2_r0_33 stage 2 [0.812, 0.661, 0.722, 0.902] O_B 0.2582
learnable+overlap0.1_o1_r12.5_33 stage 2 [0.524, 0.995, 0.702, 0.835] O_B 0.1533
learnable+overlap0.1_o2_r12.5_33 stage 2 [0.806, 0.823, 0.744, 0.956] O_B 0.2262
learnable+overlap0.1_o0_r0_44 stage 0 [0.995, 0.488, 0.732, 0.758] O_B 0.801
learnable+overlap0.1_o0_r12.5_44 stage 0 [0.995, 0.488, 0.732, 0.758] O_B 0.801
learnable+overlap0.1_o0_r0_33 stage 3 [0.762, 0.751, 0.757, 0.991] O_B 0.2691
learnable+overlap0.1_o0_r12.5_33 stage 3 [0.972, 0.977, 0.938, 0.986] O_B 0.1959
learnable+overlap0.1_o1_r0_33 stage 3 [0.996, 0.525, 0.753, 0.748] O_B 0.0656
learnable+overlap0.1_o2_r0_33 stage 3 [0.674, 0.41, 0.98, 0.687] O_B 0.1852
learnable+overlap0.1_o1_r12.5_33 stage 3 [0.995, 0.758, 0.966, 0.975] O_B 0.0521
learnable+overlap0.1_o2_r12.5_33 stage 3 [0.984, 0.758, 0.989, 0.932] O_B 0.078
learnable+overlap0.1_o0_r0_44 stage 1 [0.476, 0.992, 0.488, 0.771] O_B 0.6261
learnable+overlap0.1_o0_r12.5_44 stage 1 [0.669, 0.969, 0.521, 0.771] O_B 0.6073
learnable+overlap0.1_o1_r0_44 stage 0 [0.708, 0.729, 0.738, 0.995] O_B 0.647
learnable+overlap0.1_o2_r0_44 stage 0 [0.465, 0.996, 0.484, 0.765] O_B 0.7421
learnable+overlap0.1_o1_r12.5_44 stage 0 [0.708, 0.729, 0.738, 0.995] O_B 0.647
learnable+overlap0.1_o2_r12.5_44 stage 0 [0.465, 0.996, 0.484, 0.765] O_B 0.7421
learnable+overlap0.1_o0_r0_44 stage 2 [0.674, 0.561, 0.897, 0.698] O_B 0.411
learnable+overlap0.1_o0_r12.5_44 stage 2 [0.947, 0.595, 0.983, 0.753] O_B 0.3458
learnable+overlap0.1_o1_r0_44 stage 1 [0.747, 0.488, 0.989, 0.753] O_B 0.395
learnable+overlap0.1_o2_r0_44 stage 1 [0.736, 0.719, 0.749, 0.994] O_B 0.4818
learnable+overlap0.1_o1_r12.5_44 stage 1 [0.753, 0.499, 0.989, 0.932] O_B 0.3811
learnable+overlap0.1_o2_r12.5_44 stage 1 [0.74, 0.967, 0.736, 0.993] O_B 0.4736
learnable+overlap0.1_o0_r0_44 stage 3 [0.75, 0.721, 0.746, 0.996] O_B 0.2003
learnable+overlap0.1_o0_r12.5_44 stage 3 [0.93, 0.73, 0.96, 0.993] O_B 0.1733
learnable+overlap0.1_o1_r0_44 stage 2 [0.482, 0.993, 0.489, 0.758] O_B 0.2258
learnable+overlap0.1_o2_r0_44 stage 2 [0.983, 0.523, 0.753, 0.787] O_B 0.2125
learnable+overlap0.1_o1_r12.5_44 stage 2 [0.494, 0.979, 0.729, 0.962] O_B 0.1505
learnable+overlap0.1_o0_r0_55 stage 0 [0.985, 0.462, 0.718, 0.743] O_B 0.8342
learnable+overlap0.1_o0_r12.5_55 stage 0 [0.985, 0.462, 0.718, 0.743] O_B 0.8342
learnable+overlap0.1_o2_r12.5_44 stage 2 [0.984, 0.753, 0.748, 0.979] O_B 0.1904
learnable+overlap0.1_o1_r0_55 stage 0 [0.735, 0.776, 0.738, 0.986] O_B 0.6656
learnable+overlap0.1_o1_r12.5_55 stage 0 [0.735, 0.776, 0.738, 0.986] O_B 0.6656
learnable+overlap0.1_o1_r0_44 stage 3 [0.979, 0.489, 0.71, 0.758] O_B 0.0931
learnable+overlap0.1_o2_r0_44 stage 3 [0.748, 0.485, 0.984, 0.755] O_B 0.1183
learnable+overlap0.1_o1_r12.5_44 stage 3 [0.976, 0.731, 0.975, 0.964] O_B 0.072
learnable+overlap0.1_o0_r0_55 stage 1 [0.508, 0.987, 0.479, 0.743] O_B 0.6063
learnable+overlap0.1_o0_r12.5_55 stage 1 [0.713, 0.969, 0.484, 0.769] O_B 0.5935
learnable+overlap0.1_o2_r12.5_44 stage 3 [0.963, 0.756, 0.983, 0.981] O_B 0.1254
learnable+overlap0.1_o1_r0_55 stage 1 [0.718, 0.491, 0.992, 0.742] O_B 0.413
learnable+overlap0.1_o1_r12.5_55 stage 1 [0.772, 0.509, 0.992, 0.896] O_B 0.4043
learnable+overlap0.1_o2_r0_55 stage 0 [0.508, 0.997, 0.485, 0.742] O_B 0.8272
learnable+overlap0.1_o2_r12.5_55 stage 0 [0.508, 0.997, 0.485, 0.742] O_B 0.8272
learnable+overlap0.1_o0_r0_55 stage 2 [0.761, 0.489, 0.994, 0.751] O_B 0.4574
learnable+overlap0.1_o0_r12.5_55 stage 2 [0.829, 0.694, 0.991, 0.754] O_B 0.4049
learnable+overlap0.1_o1_r0_55 stage 2 [0.506, 0.993, 0.479, 0.736] O_B 0.2598
learnable+overlap0.1_o1_r12.5_55 stage 2 [0.521, 0.983, 0.708, 0.973] O_B 0.2077
learnable+overlap0.1_o2_r0_55 stage 1 [0.766, 0.764, 0.735, 0.995] O_B 0.6046
learnable+overlap0.1_o2_r12.5_55 stage 1 [0.759, 0.942, 0.626, 0.996] O_B 0.5831
learnable+overlap0.1_o0_r0_55 stage 3 [0.767, 0.763, 0.752, 0.989] O_B 0.2951
learnable+overlap0.1_o0_r12.5_55 stage 3 [0.949, 0.894, 0.977, 0.986] O_B 0.2334
learnable+overlap0.1_o1_r0_55 stage 3 [0.978, 0.479, 0.739, 0.746] O_B 0.1535
learnable+overlap0.1_o1_r12.5_55 stage 3 [0.971, 0.757, 0.936, 0.953] O_B 0.1234
learnable+overlap0.1_o2_r0_55 stage 2 [0.992, 0.486, 0.749, 0.753] O_B 0.2164
learnable+overlap0.1_o2_r12.5_55 stage 2 [0.994, 0.688, 0.75, 0.977] O_B 0.2058
learnable+overlap0.1_o2_r0_55 stage 3 [0.765, 0.487, 0.997, 0.752] O_B 0.0782
learnable+overlap0.1_o2_r12.5_55 stage 3 [0.993, 0.962, 0.998, 0.976] O_B 0.0632
all 150 jobs in 3968.2 s
