arms ['learnable+orth1', 'learnable+overlap1'] ratios [0, 0.125] epochs 65 b_grad hybrid
/mnt/d/betterNN/flow_mvp_v21/experiment.py:402: UserWarning: Converting a tensor with requires_grad=True to a scalar may lead to unexpected behavior.
Consider using tensor.detach() first. (Triggered internally at /__w/pytorch/pytorch/torch/csrc/autograd/generated/python_variable_methods.cpp:820.)
  'D_B': float((Bcur - B0).norm() / (B0.norm() + 1e-12)),
/mnt/d/betterNN/flow_mvp_v21/experiment.py:402: UserWarning: Converting a tensor with requires_grad=True to a scalar may lead to unexpected behavior.
Consider using tensor.detach() first. (Triggered internally at /__w/pytorch/pytorch/torch/csrc/autograd/generated/python_variable_methods.cpp:820.)
  'D_B': float((Bcur - B0).norm() / (B0.norm() + 1e-12)),
learnable+orth1_o0_r12.5_22 stage 0 [0.983, 0.475, 0.714, 0.709] O_B 0.9759
learnable+orth1_o2_r12.5_22 stage 0 [0.496, 0.99, 0.493, 0.741] O_B 0.9146
/mnt/d/betterNN/flow_mvp_v21/experiment.py:402: UserWarning: Converting a tensor with requires_grad=True to a scalar may lead to unexpected behavior.
Consider using tensor.detach() first. (Triggered internally at /__w/pytorch/pytorch/torch/csrc/autograd/generated/python_variable_methods.cpp:820.)
  'D_B': float((Bcur - B0).norm() / (B0.norm() + 1e-12)),
/mnt/d/betterNN/flow_mvp_v21/experiment.py:402: UserWarning: Converting a tensor with requires_grad=True to a scalar may lead to unexpected behavior.
Consider using tensor.detach() first. (Triggered internally at /__w/pytorch/pytorch/torch/csrc/autograd/generated/python_variable_methods.cpp:820.)
  'D_B': float((Bcur - B0).norm() / (B0.norm() + 1e-12)),
learnable+orth1_o0_r0_22 stage 0 [0.983, 0.475, 0.714, 0.709] O_B 0.9759
learnable+orth1_o1_r0_22 stage 0 [0.683, 0.713, 0.711, 0.987] O_B 0.977
/mnt/d/betterNN/flow_mvp_v21/experiment.py:402: UserWarning: Converting a tensor with requires_grad=True to a scalar may lead to unexpected behavior.
Consider using tensor.detach() first. (Triggered internally at /__w/pytorch/pytorch/torch/csrc/autograd/generated/python_variable_methods.cpp:820.)
  'D_B': float((Bcur - B0).norm() / (B0.norm() + 1e-12)),
/mnt/d/betterNN/flow_mvp_v21/experiment.py:402: UserWarning: Converting a tensor with requires_grad=True to a scalar may lead to unexpected behavior.
Consider using tensor.detach() first. (Triggered internally at /__w/pytorch/pytorch/torch/csrc/autograd/generated/python_variable_methods.cpp:820.)
  'D_B': float((Bcur - B0).norm() / (B0.norm() + 1e-12)),
learnable+orth1_o2_r0_22 stage 0 [0.496, 0.99, 0.493, 0.741] O_B 0.9146
learnable+orth1_o1_r12.5_22 stage 0 [0.683, 0.713, 0.711, 0.987] O_B 0.977
/mnt/d/betterNN/flow_mvp_v21/experiment.py:402: UserWarning: Converting a tensor with requires_grad=True to a scalar may lead to unexpected behavior.
Consider using tensor.detach() first. (Triggered internally at /__w/pytorch/pytorch/torch/csrc/autograd/generated/python_variable_methods.cpp:820.)
  'D_B': float((Bcur - B0).norm() / (B0.norm() + 1e-12)),
/mnt/d/betterNN/flow_mvp_v21/experiment.py:402: UserWarning: Converting a tensor with requires_grad=True to a scalar may lead to unexpected behavior.
Consider using tensor.detach() first. (Triggered internally at /__w/pytorch/pytorch/torch/csrc/autograd/generated/python_variable_methods.cpp:820.)
  'D_B': float((Bcur - B0).norm() / (B0.norm() + 1e-12)),
learnable+orth1_o2_r12.5_22 stage 1 [0.683, 0.956, 0.722, 0.991] O_B 0.8728
learnable+orth1_o0_r12.5_33 stage 0 [0.995, 0.495, 0.742, 0.734] O_B 0.9222
learnable+orth1_o0_r0_33 stage 0 [0.995, 0.495, 0.742, 0.734] O_B 0.9222
learnable+orth1_o1_r0_22 stage 1 [0.696, 0.493, 0.995, 0.728] O_B 0.9373
learnable+orth1_o0_r12.5_22 stage 1 [0.896, 0.98, 0.508, 0.72] O_B 0.9193
learnable+orth1_o1_r12.5_22 stage 1 [0.701, 0.491, 0.994, 0.723] O_B 0.9539
learnable+orth1_o0_r0_22 stage 1 [0.575, 0.988, 0.498, 0.742] O_B 0.9091
learnable+orth1_o2_r0_22 stage 1 [0.728, 0.753, 0.729, 0.993] O_B 0.88
/mnt/d/betterNN/flow_mvp_v21/experiment.py:402: UserWarning: Converting a tensor with requires_grad=True to a scalar may lead to unexpected behavior.
Consider using tensor.detach() first. (Triggered internally at /__w/pytorch/pytorch/torch/csrc/autograd/generated/python_variable_methods.cpp:820.)
  'D_B': float((Bcur - B0).norm() / (B0.norm() + 1e-12)),
learnable+orth1_o1_r0_33 stage 0 [0.754, 0.753, 0.726, 0.982] O_B 0.9548
learnable+orth1_o2_r12.5_22 stage 2 [0.992, 0.743, 0.719, 0.98] O_B 0.8191
learnable+orth1_o0_r12.5_33 stage 1 [0.932, 0.99, 0.52, 0.718] O_B 0.9145
learnable+orth1_o1_r0_22 stage 2 [0.497, 0.988, 0.495, 0.748] O_B 0.9366
learnable+orth1_o1_r12.5_22 stage 2 [0.518, 0.963, 0.758, 0.923] O_B 0.9365
learnable+orth1_o0_r0_33 stage 1 [0.532, 0.991, 0.522, 0.732] O_B 0.9057
learnable+orth1_o0_r0_22 stage 2 [0.729, 0.512, 0.997, 0.735] O_B 0.8249
learnable+orth1_o2_r0_22 stage 2 [0.994, 0.502, 0.717, 0.731] O_B 0.8358
learnable+orth1_o0_r12.5_22 stage 2 [0.958, 0.947, 0.988, 0.719] O_B 0.8183
learnable+orth1_o1_r0_33 stage 1 [0.761, 0.498, 0.985, 0.74] O_B 0.9489
learnable+orth1_o2_r12.5_22 stage 3 [0.986, 0.945, 0.99, 0.965] O_B 0.7744
learnable+orth1_o1_r0_22 stage 3 [0.974, 0.466, 0.684, 0.678] O_B 0.9531
learnable+orth1_o1_r12.5_22 stage 3 [0.981, 0.744, 0.96, 0.979] O_B 0.8338
learnable+orth1_o0_r12.5_33 stage 2 [0.965, 0.939, 0.988, 0.761] O_B 0.9226
learnable+orth1_o0_r0_22 stage 3 [0.728, 0.757, 0.726, 0.994] O_B 0.8073
learnable+orth1_o0_r0_33 stage 2 [0.765, 0.533, 0.991, 0.755] O_B 0.9266
learnable+orth1_o2_r0_22 stage 3 [0.728, 0.507, 0.996, 0.735] O_B 0.79
learnable+orth1_o0_r12.5_22 stage 3 [0.98, 0.983, 0.983, 0.993] O_B 0.7331
learnable+orth1_o1_r0_33 stage 2 [0.526, 0.995, 0.515, 0.719] O_B 0.9354
learnable+orth1_o2_r0_33 stage 0 [0.521, 0.994, 0.511, 0.743] O_B 0.9506
learnable+orth1_o1_r12.5_33 stage 0 [0.754, 0.753, 0.726, 0.982] O_B 0.9548
learnable+orth1_o2_r12.5_33 stage 0 [0.521, 0.994, 0.511, 0.743] O_B 0.9506
learnable+orth1_o0_r12.5_33 stage 3 [0.979, 0.954, 0.945, 0.993] O_B 0.8938
learnable+orth1_o0_r0_33 stage 3 [0.764, 0.748, 0.758, 0.995] O_B 0.9045
learnable+orth1_o1_r0_33 stage 3 [0.989, 0.521, 0.748, 0.738] O_B 0.8974
learnable+orth1_o1_r12.5_33 stage 1 [0.755, 0.546, 0.982, 0.893] O_B 0.9332
learnable+orth1_o2_r0_33 stage 1 [0.756, 0.751, 0.745, 0.981] O_B 0.8986
learnable+orth1_o2_r12.5_33 stage 1 [0.707, 0.963, 0.723, 0.977] O_B 0.8943
learnable+orth1_o0_r0_44 stage 0 [0.994, 0.489, 0.729, 0.757] O_B 0.9535
learnable+orth1_o1_r12.5_44 stage 0 [0.706, 0.729, 0.732, 0.993] O_B 0.9704
learnable+orth1_o0_r12.5_44 stage 0 [0.994, 0.489, 0.729, 0.757] O_B 0.9535
learnable+orth1_o1_r0_44 stage 0 [0.706, 0.729, 0.732, 0.993] O_B 0.9704
learnable+orth1_o2_r12.5_44 stage 0 [0.462, 0.992, 0.481, 0.765] O_B 0.9416
learnable+orth1_o2_r0_44 stage 0 [0.462, 0.992, 0.481, 0.765] O_B 0.9416
learnable+orth1_o1_r12.5_33 stage 2 [0.527, 0.995, 0.703, 0.89] O_B 0.8958
learnable+orth1_o2_r12.5_33 stage 2 [0.792, 0.82, 0.75, 0.898] O_B 0.8967
learnable+orth1_o2_r0_33 stage 2 [0.937, 0.381, 0.568, 0.566] O_B 0.958
learnable+orth1_o0_r0_44 stage 1 [0.479, 0.983, 0.494, 0.777] O_B 0.9448
learnable+orth1_o1_r12.5_44 stage 1 [0.75, 0.501, 0.989, 0.918] O_B 0.9575
learnable+orth1_o1_r0_44 stage 1 [0.745, 0.485, 0.988, 0.745] O_B 0.9683
learnable+orth1_o0_r12.5_44 stage 1 [0.634, 0.936, 0.546, 0.797] O_B 0.9447
learnable+orth1_o2_r12.5_44 stage 1 [0.736, 0.965, 0.733, 0.995] O_B 0.9328
learnable+orth1_o2_r0_44 stage 1 [0.717, 0.725, 0.747, 0.997] O_B 0.9258
learnable+orth1_o1_r12.5_33 stage 3 [0.998, 0.75, 0.956, 0.979] O_B 0.7983
learnable+orth1_o2_r12.5_33 stage 3 [0.774, 0.707, 0.97, 0.753] O_B 0.8374
learnable+orth1_o0_r0_44 stage 2 [0.733, 0.528, 0.963, 0.729] O_B 0.9428
learnable+orth1_o2_r0_33 stage 3 [0.695, 0.425, 0.983, 0.652] O_B 0.9178
learnable+orth1_o1_r0_44 stage 2 [0.479, 0.995, 0.485, 0.757] O_B 0.9498
learnable+orth1_o1_r12.5_44 stage 2 [0.496, 0.981, 0.73, 0.948] O_B 0.9422
learnable+orth1_o0_r12.5_44 stage 2 [0.918, 0.703, 0.979, 0.754] O_B 0.8903
learnable+orth1_o2_r12.5_44 stage 2 [0.983, 0.75, 0.751, 0.968] O_B 0.9288
learnable+orth1_o2_r0_44 stage 2 [0.988, 0.494, 0.758, 0.769] O_B 0.9256
learnable+orth1_o0_r0_44 stage 3 [0.747, 0.712, 0.74, 0.995] O_B 0.9432
learnable+orth1_o1_r0_44 stage 3 [0.978, 0.481, 0.715, 0.754] O_B 0.9491
learnable+orth1_o0_r12.5_44 stage 3 [0.928, 0.728, 0.955, 0.995] O_B 0.8635
learnable+orth1_o1_r12.5_44 stage 3 [0.981, 0.737, 0.961, 0.963] O_B 0.9039
learnable+orth1_o2_r12.5_44 stage 3 [0.936, 0.759, 0.985, 0.954] O_B 0.9018
learnable+orth1_o0_r0_55 stage 0 [0.983, 0.458, 0.709, 0.734] O_B 0.9719
learnable+orth1_o2_r0_44 stage 3 [0.752, 0.485, 0.99, 0.754] O_B 0.881
learnable+orth1_o1_r0_55 stage 0 [0.743, 0.776, 0.743, 0.993] O_B 0.9704
learnable+orth1_o0_r12.5_55 stage 0 [0.983, 0.458, 0.709, 0.734] O_B 0.9719
learnable+orth1_o1_r12.5_55 stage 0 [0.743, 0.776, 0.743, 0.993] O_B 0.9704
learnable+orth1_o2_r0_55 stage 0 [0.507, 0.995, 0.488, 0.738] O_B 0.9216
learnable+orth1_o2_r12.5_55 stage 0 [0.507, 0.995, 0.488, 0.738] O_B 0.9216
learnable+orth1_o0_r0_55 stage 1 [0.51, 0.986, 0.478, 0.743] O_B 0.8621
learnable+orth1_o1_r0_55 stage 1 [0.707, 0.489, 0.992, 0.742] O_B 0.9501
learnable+orth1_o0_r12.5_55 stage 1 [0.713, 0.969, 0.476, 0.804] O_B 0.8764
learnable+orth1_o1_r12.5_55 stage 1 [0.77, 0.507, 0.989, 0.89] O_B 0.9521
learnable+orth1_o2_r12.5_55 stage 1 [0.76, 0.94, 0.65, 0.995] O_B 0.8951
learnable+orth1_o2_r0_55 stage 1 [0.767, 0.768, 0.741, 0.993] O_B 0.8988
learnable+overlap1_o0_r0_11 stage 0 [0.986, 0.53, 0.739, 0.73] O_B 0.184
learnable+overlap1_o0_r12.5_11 stage 0 [0.986, 0.53, 0.739, 0.73] O_B 0.184
learnable+orth1_o0_r0_55 stage 2 [0.765, 0.489, 0.994, 0.752] O_B 0.8151
learnable+orth1_o1_r0_55 stage 2 [0.506, 0.998, 0.468, 0.723] O_B 0.9379
learnable+orth1_o0_r12.5_55 stage 2 [0.851, 0.689, 0.991, 0.753] O_B 0.7726
learnable+orth1_o1_r12.5_55 stage 2 [0.521, 0.983, 0.709, 0.963] O_B 0.931
learnable+orth1_o2_r12.5_55 stage 2 [0.989, 0.703, 0.753, 0.961] O_B 0.8903
learnable+orth1_o2_r0_55 stage 2 [0.989, 0.486, 0.752, 0.754] O_B 0.9057
learnable+overlap1_o1_r0_11 stage 0 [0.716, 0.742, 0.717, 0.983] O_B 0.2014
learnable+overlap1_o0_r0_11 stage 1 [0.524, 0.99, 0.509, 0.75] O_B 0.0016
learnable+orth1_o0_r0_55 stage 3 [0.765, 0.766, 0.751, 0.985] O_B 0.7427
learnable+overlap1_o0_r12.5_11 stage 1 [0.835, 0.989, 0.52, 0.812] O_B 0.0021
learnable+orth1_o1_r0_55 stage 3 [0.975, 0.486, 0.729, 0.737] O_B 0.9473
learnable+orth1_o0_r12.5_55 stage 3 [0.948, 0.874, 0.971, 0.985] O_B 0.7274
learnable+orth1_o1_r12.5_55 stage 3 [0.985, 0.737, 0.978, 0.975] O_B 0.8377
learnable+orth1_o2_r12.5_55 stage 3 [0.993, 0.958, 0.999, 0.971] O_B 0.8527
learnable+orth1_o2_r0_55 stage 3 [0.766, 0.489, 0.998, 0.75] O_B 0.8872
learnable+overlap1_o0_r0_11 stage 2 [0.749, 0.536, 0.975, 0.712] O_B 0.0011
learnable+overlap1_o1_r0_11 stage 1 [0.745, 0.521, 0.999, 0.717] O_B 0.0031
learnable+overlap1_o1_r12.5_11 stage 0 [0.716, 0.742, 0.717, 0.983] O_B 0.2014
learnable+overlap1_o0_r12.5_11 stage 2 [0.972, 0.827, 0.989, 0.723] O_B 0.002
learnable+overlap1_o2_r0_11 stage 0 [0.513, 0.988, 0.503, 0.715] O_B 0.1928
learnable+overlap1_o2_r12.5_11 stage 0 [0.513, 0.988, 0.503, 0.715] O_B 0.1928
learnable+overlap1_o0_r0_11 stage 3 [0.759, 0.763, 0.751, 0.999] O_B 0.0006
learnable+overlap1_o1_r0_11 stage 2 [0.499, 0.97, 0.497, 0.707] O_B 0.0007
learnable+overlap1_o1_r12.5_11 stage 1 [0.752, 0.514, 0.992, 0.92] O_B 0.0032
learnable+overlap1_o0_r12.5_11 stage 3 [0.995, 0.945, 0.932, 0.999] O_B 0.0012
learnable+overlap1_o2_r0_11 stage 1 [0.752, 0.763, 0.748, 0.996] O_B 0.0012
learnable+overlap1_o2_r12.5_11 stage 1 [0.748, 0.936, 0.745, 0.996] O_B 0.0012
learnable+overlap1_o0_r0_22 stage 0 [0.983, 0.461, 0.714, 0.699] O_B 0.2253
learnable+overlap1_o0_r12.5_22 stage 0 [0.983, 0.461, 0.714, 0.699] O_B 0.2253
learnable+overlap1_o1_r0_22 stage 0 [0.656, 0.686, 0.7, 0.99] O_B 0.2106
learnable+overlap1_o1_r12.5_11 stage 2 [0.614, 0.837, 0.735, 0.931] O_B 0.002
learnable+overlap1_o1_r0_11 stage 3 [0.989, 0.533, 0.724, 0.715] O_B 0.0018
learnable+overlap1_o2_r0_11 stage 2 [0.993, 0.534, 0.748, 0.775] O_B 0.0007
learnable+overlap1_o1_r12.5_22 stage 0 [0.656, 0.686, 0.7, 0.99] O_B 0.2106
learnable+overlap1_o2_r12.5_11 stage 2 [0.991, 0.724, 0.749, 0.977] O_B 0.0011
learnable+overlap1_o2_r0_22 stage 0 [0.496, 0.996, 0.49, 0.74] O_B 0.2074
learnable+overlap1_o0_r0_22 stage 1 [0.498, 0.987, 0.505, 0.75] O_B 0.0014
learnable+overlap1_o0_r12.5_22 stage 1 [0.89, 0.979, 0.517, 0.757] O_B 0.0012
learnable+overlap1_o1_r12.5_11 stage 3 [0.989, 0.771, 0.936, 0.933] O_B 0.0009
learnable+overlap1_o2_r0_11 stage 3 [0.758, 0.521, 0.998, 0.721] O_B 0.001
learnable+overlap1_o1_r0_22 stage 1 [0.694, 0.477, 0.996, 0.73] O_B 0.0182
learnable+overlap1_o2_r12.5_22 stage 0 [0.496, 0.996, 0.49, 0.74] O_B 0.2074
learnable+overlap1_o1_r12.5_22 stage 1 [0.714, 0.505, 0.996, 0.771] O_B 0.0115
learnable+overlap1_o2_r12.5_11 stage 3 [0.951, 0.749, 0.998, 0.985] O_B 0.0009
learnable+overlap1_o2_r0_22 stage 1 [0.728, 0.753, 0.73, 0.997] O_B 0.0013
learnable+overlap1_o0_r0_22 stage 2 [0.727, 0.504, 0.986, 0.734] O_B 0.0009
learnable+overlap1_o0_r12.5_22 stage 2 [0.967, 0.881, 0.996, 0.706] O_B 0.0008
learnable+overlap1_o1_r0_22 stage 2 [0.604, 0.865, 0.596, 0.87] O_B 0.0016
learnable+overlap1_o2_r12.5_22 stage 1 [0.702, 0.952, 0.721, 0.995] O_B 0.0017
learnable+overlap1_o1_r12.5_22 stage 2 [0.556, 0.913, 0.779, 0.912] O_B 0.0023
learnable+overlap1_o2_r0_22 stage 2 [0.999, 0.511, 0.721, 0.735] O_B 0.0005
learnable+overlap1_o0_r12.5_22 stage 3 [0.983, 0.977, 0.99, 0.995] O_B 0.0008
learnable+overlap1_o0_r0_22 stage 3 [0.733, 0.756, 0.736, 0.993] O_B 0.0008
learnable+overlap1_o0_r0_33 stage 0 [0.991, 0.485, 0.741, 0.729] O_B 0.2126
learnable+overlap1_o1_r0_22 stage 3 [0.986, 0.483, 0.719, 0.718] O_B 0.0023
learnable+overlap1_o1_r12.5_22 stage 3 [0.986, 0.736, 0.981, 0.963] O_B 0.0023
learnable+overlap1_o2_r12.5_22 stage 2 [0.981, 0.935, 0.726, 0.982] O_B 0.0017
learnable+overlap1_o0_r12.5_33 stage 0 [0.991, 0.485, 0.741, 0.729] O_B 0.2126
learnable+overlap1_o2_r0_22 stage 3 [0.734, 0.51, 0.998, 0.737] O_B 0.0008
learnable+overlap1_o1_r0_33 stage 0 [0.757, 0.753, 0.725, 0.984] O_B 0.1782
learnable+overlap1_o1_r12.5_33 stage 0 [0.757, 0.753, 0.725, 0.984] O_B 0.1782
learnable+overlap1_o2_r0_33 stage 0 [0.525, 0.994, 0.514, 0.748] O_B 0.2108
learnable+overlap1_o2_r12.5_33 stage 0 [0.525, 0.994, 0.514, 0.748] O_B 0.2108
learnable+overlap1_o0_r0_33 stage 1 [0.521, 0.993, 0.509, 0.747] O_B 0.0016
learnable+overlap1_o2_r12.5_22 stage 3 [0.939, 0.928, 0.992, 0.983] O_B 0.0014
learnable+overlap1_o0_r12.5_33 stage 1 [0.938, 0.989, 0.616, 0.735] O_B 0.0013
learnable+overlap1_o1_r0_33 stage 1 [0.76, 0.496, 0.989, 0.741] O_B 0.0005
learnable+overlap1_o1_r12.5_33 stage 1 [0.759, 0.546, 0.983, 0.89] O_B 0.0009
learnable+overlap1_o2_r0_33 stage 1 [0.755, 0.751, 0.747, 0.979] O_B 0.0007
learnable+overlap1_o2_r12.5_33 stage 1 [0.706, 0.991, 0.721, 0.983] O_B 0.0009
learnable+overlap1_o0_r0_33 stage 2 [0.755, 0.536, 0.98, 0.737] O_B 0.0013
learnable+overlap1_o0_r12.5_33 stage 2 [0.974, 0.957, 0.984, 0.736] O_B 0.0012
learnable+overlap1_o0_r0_44 stage 0 [0.991, 0.489, 0.733, 0.759] O_B 0.1951
learnable+overlap1_o1_r0_33 stage 2 [0.529, 0.996, 0.521, 0.723] O_B 0.0008
learnable+overlap1_o1_r12.5_33 stage 2 [0.525, 0.995, 0.703, 0.762] O_B 0.0007
learnable+overlap1_o2_r0_33 stage 2 [0.996, 0.518, 0.655, 0.712] O_B 0.0006
learnable+overlap1_o2_r12.5_33 stage 2 [0.984, 0.771, 0.748, 0.956] O_B 0.0009
learnable+overlap1_o0_r12.5_44 stage 0 [0.991, 0.489, 0.733, 0.759] O_B 0.1951
learnable+overlap1_o1_r0_44 stage 0 [0.687, 0.727, 0.713, 0.997] O_B 0.1813
learnable+overlap1_o0_r0_33 stage 3 [0.761, 0.752, 0.755, 0.996] O_B 0.0008
learnable+overlap1_o0_r12.5_33 stage 3 [0.954, 0.979, 0.943, 0.994] O_B 0.0007
learnable+overlap1_o0_r0_44 stage 1 [0.471, 0.987, 0.483, 0.771] O_B 0.0012
learnable+overlap1_o1_r0_33 stage 3 [0.799, 0.744, 0.528, 0.519] O_B 0.0007
learnable+overlap1_o1_r12.5_33 stage 3 [0.995, 0.738, 0.94, 0.976] O_B 0.0026
learnable+overlap1_o2_r12.5_33 stage 3 [0.977, 0.771, 0.992, 0.948] O_B 0.0011
learnable+overlap1_o1_r12.5_44 stage 0 [0.687, 0.727, 0.713, 0.997] O_B 0.1813
learnable+overlap1_o0_r12.5_44 stage 1 [0.667, 0.969, 0.526, 0.773] O_B 0.0014
learnable+overlap1_o1_r0_44 stage 1 [0.735, 0.487, 0.983, 0.746] O_B 0.0023
learnable+overlap1_o2_r0_33 stage 3 [0.763, 0.513, 0.994, 0.736] O_B 0.0013
learnable+overlap1_o2_r0_44 stage 0 [0.471, 0.997, 0.491, 0.767] O_B 0.198
learnable+overlap1_o0_r0_44 stage 2 [0.694, 0.517, 0.945, 0.737] O_B 0.0018
learnable+overlap1_o2_r12.5_44 stage 0 [0.471, 0.997, 0.491, 0.767] O_B 0.198
learnable+overlap1_o1_r12.5_44 stage 1 [0.75, 0.485, 0.979, 0.896] O_B 0.001
learnable+overlap1_o0_r12.5_44 stage 2 [0.901, 0.633, 0.987, 0.757] O_B 0.001
learnable+overlap1_o1_r0_44 stage 2 [0.665, 0.807, 0.66, 0.918] O_B 0.0007
learnable+overlap1_o2_r0_44 stage 1 [0.739, 0.724, 0.747, 0.997] O_B 0.0006
learnable+overlap1_o0_r0_44 stage 3 [0.75, 0.718, 0.745, 0.997] O_B 0.0004
learnable+overlap1_o2_r12.5_44 stage 1 [0.723, 0.981, 0.737, 0.997] O_B 0.0006
learnable+overlap1_o0_r0_55 stage 0 [0.979, 0.463, 0.711, 0.729] O_B 0.2045
learnable+overlap1_o0_r12.5_44 stage 3 [0.956, 0.745, 0.958, 0.994] O_B 0.0006
learnable+overlap1_o1_r12.5_44 stage 2 [0.516, 0.958, 0.713, 0.959] O_B 0.001
learnable+overlap1_o1_r0_44 stage 3 [0.995, 0.488, 0.724, 0.725] O_B 0.0006
learnable+overlap1_o0_r12.5_55 stage 0 [0.979, 0.463, 0.711, 0.729] O_B 0.2045
learnable+overlap1_o2_r0_44 stage 2 [0.994, 0.505, 0.758, 0.775] O_B 0.0006
learnable+overlap1_o1_r0_55 stage 0 [0.74, 0.775, 0.74, 0.988] O_B 0.191
learnable+overlap1_o2_r12.5_44 stage 2 [0.998, 0.752, 0.75, 0.994] O_B 0.0007
learnable+overlap1_o1_r12.5_55 stage 0 [0.74, 0.775, 0.74, 0.988] O_B 0.191
learnable+overlap1_o0_r0_55 stage 1 [0.502, 0.98, 0.477, 0.74] O_B 0.0016
learnable+overlap1_o1_r12.5_44 stage 3 [0.996, 0.711, 0.927, 0.98] O_B 0.0007
learnable+overlap1_o2_r0_55 stage 0 [0.509, 0.997, 0.485, 0.747] O_B 0.1927
learnable+overlap1_o2_r12.5_55 stage 0 [0.509, 0.997, 0.485, 0.747] O_B 0.1927
learnable+overlap1_o0_r12.5_55 stage 1 [0.714, 0.965, 0.484, 0.826] O_B 0.0014
learnable+overlap1_o2_r0_44 stage 3 [0.753, 0.485, 0.992, 0.755] O_B 0.0005
learnable+overlap1_o2_r12.5_44 stage 3 [0.974, 0.98, 0.993, 0.957] O_B 0.0005
learnable+overlap1_o1_r0_55 stage 1 [0.693, 0.494, 0.993, 0.736] O_B 0.001
learnable+overlap1_o1_r12.5_55 stage 1 [0.761, 0.514, 0.989, 0.888] O_B 0.0013
learnable+overlap1_o0_r0_55 stage 2 [0.758, 0.491, 0.994, 0.752] O_B 0.0032
learnable+overlap1_o2_r12.5_55 stage 1 [0.754, 0.964, 0.604, 0.993] O_B 0.0006
learnable+overlap1_o2_r0_55 stage 1 [0.763, 0.768, 0.733, 0.99] O_B 0.0006
learnable+overlap1_o0_r12.5_55 stage 2 [0.75, 0.723, 0.986, 0.747] O_B 0.0032
learnable+overlap1_o1_r0_55 stage 2 [0.501, 0.989, 0.464, 0.696] O_B 0.0012
learnable+overlap1_o1_r12.5_55 stage 2 [0.525, 0.978, 0.702, 0.902] O_B 0.002
learnable+overlap1_o0_r0_55 stage 3 [0.767, 0.763, 0.751, 0.987] O_B 0.0017
learnable+overlap1_o2_r0_55 stage 2 [0.991, 0.487, 0.751, 0.755] O_B 0.0006
learnable+overlap1_o2_r12.5_55 stage 2 [0.991, 0.712, 0.75, 0.994] O_B 0.0008
learnable+overlap1_o0_r12.5_55 stage 3 [0.938, 0.954, 0.883, 0.985] O_B 0.0019
learnable+overlap1_o1_r12.5_55 stage 3 [0.99, 0.734, 0.952, 0.944] O_B 0.0007
learnable+overlap1_o1_r0_55 stage 3 [0.988, 0.499, 0.744, 0.745] O_B 0.0006
learnable+overlap1_o2_r0_55 stage 3 [0.762, 0.485, 0.998, 0.751] O_B 0.0004
learnable+overlap1_o2_r12.5_55 stage 3 [0.992, 0.959, 0.998, 0.996] O_B 0.0004
all 100 jobs in 2645.6 s
