arms ['learnable-random'] ratios [0, 0.125] epochs 65 b_grad hybrid
/mnt/d/betterNN/flow_mvp_v21/experiment.py:183: UserWarning: Converting a tensor with requires_grad=True to a scalar may lead to unexpected behavior.
Consider using tensor.detach() first. (Triggered internally at /__w/pytorch/pytorch/torch/csrc/autograd/generated/python_variable_methods.cpp:820.)
  o_l1 = float((a * c).abs().sum() / (na * nc))
/mnt/d/betterNN/flow_mvp_v21/experiment.py:183: UserWarning: Converting a tensor with requires_grad=True to a scalar may lead to unexpected behavior.
Consider using tensor.detach() first. (Triggered internally at /__w/pytorch/pytorch/torch/csrc/autograd/generated/python_variable_methods.cpp:820.)
  o_l1 = float((a * c).abs().sum() / (na * nc))
/mnt/d/betterNN/flow_mvp_v21/experiment.py:183: UserWarning: Converting a tensor with requires_grad=True to a scalar may lead to unexpected behavior.
Consider using tensor.detach() first. (Triggered internally at /__w/pytorch/pytorch/torch/csrc/autograd/generated/python_variable_methods.cpp:820.)
  o_l1 = float((a * c).abs().sum() / (na * nc))
/mnt/d/betterNN/flow_mvp_v21/experiment.py:183: UserWarning: Converting a tensor with requires_grad=True to a scalar may lead to unexpected behavior.
Consider using tensor.detach() first. (Triggered internally at /__w/pytorch/pytorch/torch/csrc/autograd/generated/python_variable_methods.cpp:820.)
  o_l1 = float((a * c).abs().sum() / (na * nc))
learnable-random_o0_r0_11 stage 0 [0.986, 0.527, 0.738, 0.729] O_B 0.6452
learnable-random_o1_r0_11 stage 0 [0.726, 0.749, 0.728, 0.994] O_B 0.6671
learnable-random_o1_r12.5_11 stage 0 [0.726, 0.749, 0.728, 0.994] O_B 0.6671
learnable-random_o0_r12.5_11 stage 0 [0.986, 0.527, 0.738, 0.729] O_B 0.6452
learnable-random_o1_r12.5_11 stage 1 [0.743, 0.525, 0.984, 0.909] O_B 0.647
learnable-random_o0_r0_11 stage 1 [0.504, 0.758, 0.69, 0.875] O_B 0.6355
learnable-random_o1_r0_11 stage 1 [0.747, 0.523, 0.991, 0.719] O_B 0.6512
learnable-random_o0_r12.5_11 stage 1 [0.555, 0.967, 0.53, 0.73] O_B 0.624
learnable-random_o1_r0_11 stage 2 [0.52, 0.997, 0.507, 0.727] O_B 0.6348
learnable-random_o0_r12.5_11 stage 2 [0.972, 0.731, 0.999, 0.722] O_B 0.6238
learnable-random_o1_r12.5_11 stage 2 [0.529, 0.988, 0.606, 0.975] O_B 0.621
learnable-random_o0_r0_11 stage 2 [0.753, 0.526, 0.994, 0.72] O_B 0.6365
learnable-random_o1_r0_11 stage 3 [0.784, 0.63, 0.501, 0.472] O_B 0.6137
learnable-random_o0_r12.5_11 stage 3 [0.97, 0.882, 0.976, 1.0] O_B 0.6133
learnable-random_o1_r12.5_11 stage 3 [0.992, 0.921, 0.974, 0.992] O_B 0.6103
learnable-random_o0_r0_11 stage 3 [0.759, 0.764, 0.747, 1.0] O_B 0.6336
learnable-random_o2_r0_11 stage 0 [0.513, 0.984, 0.521, 0.727] O_B 0.6235
learnable-random_o2_r12.5_11 stage 0 [0.513, 0.984, 0.521, 0.727] O_B 0.6235
learnable-random_o2_r0_11 stage 1 [0.747, 0.759, 0.747, 0.996] O_B 0.621
learnable-random_o2_r12.5_11 stage 1 [0.677, 0.959, 0.714, 0.993] O_B 0.6147
learnable-random_o2_r0_11 stage 2 [0.989, 0.533, 0.744, 0.735] O_B 0.6208
learnable-random_o0_r0_22 stage 0 [0.991, 0.438, 0.696, 0.682] O_B 0.6494
learnable-random_o2_r12.5_11 stage 2 [0.988, 0.72, 0.748, 0.987] O_B 0.5931
learnable-random_o0_r12.5_22 stage 0 [0.991, 0.438, 0.696, 0.682] O_B 0.6494
learnable-random_o2_r0_11 stage 3 [0.758, 0.523, 0.999, 0.725] O_B 0.6145
learnable-random_o0_r0_22 stage 1 [0.497, 0.981, 0.506, 0.761] O_B 0.6305
learnable-random_o2_r12.5_11 stage 3 [0.993, 0.86, 0.996, 0.996] O_B 0.5862
learnable-random_o0_r12.5_22 stage 1 [0.921, 0.979, 0.537, 0.772] O_B 0.6343
learnable-random_o1_r0_22 stage 0 [0.705, 0.734, 0.725, 0.993] O_B 0.6666
learnable-random_o0_r0_22 stage 2 [0.725, 0.508, 0.995, 0.736] O_B 0.6224
learnable-random_o1_r12.5_22 stage 0 [0.705, 0.734, 0.725, 0.993] O_B 0.6666
learnable-random_o0_r12.5_22 stage 2 [0.977, 0.896, 0.993, 0.747] O_B 0.6568
learnable-random_o1_r0_22 stage 1 [0.693, 0.459, 0.995, 0.696] O_B 0.6144
learnable-random_o0_r0_22 stage 3 [0.725, 0.749, 0.726, 0.992] O_B 0.6321
learnable-random_o0_r12.5_22 stage 3 [0.977, 0.952, 0.987, 0.99] O_B 0.6675
learnable-random_o1_r12.5_22 stage 1 [0.697, 0.467, 0.996, 0.681] O_B 0.6189
learnable-random_o1_r0_22 stage 2 [0.53, 0.959, 0.532, 0.785] O_B 0.6127
learnable-random_o2_r0_22 stage 0 [0.483, 0.995, 0.496, 0.744] O_B 0.6246
learnable-random_o1_r12.5_22 stage 2 [0.526, 0.963, 0.741, 0.95] O_B 0.5828
learnable-random_o2_r12.5_22 stage 0 [0.483, 0.995, 0.496, 0.744] O_B 0.6246
learnable-random_o1_r0_22 stage 3 [0.985, 0.503, 0.713, 0.729] O_B 0.6445
learnable-random_o2_r0_22 stage 1 [0.711, 0.728, 0.723, 0.993] O_B 0.6097
learnable-random_o2_r12.5_22 stage 1 [0.621, 0.928, 0.709, 0.991] O_B 0.6048
learnable-random_o1_r12.5_22 stage 3 [0.989, 0.745, 0.988, 0.97] O_B 0.5453
learnable-random_o2_r0_22 stage 2 [0.987, 0.69, 0.711, 0.753] O_B 0.6088
learnable-random_o2_r12.5_22 stage 2 [0.983, 0.924, 0.716, 0.988] O_B 0.6554
learnable-random_o2_r12.5_22 stage 3 [0.913, 0.902, 0.994, 0.993] O_B 0.6522
learnable-random_o2_r0_22 stage 3 [0.717, 0.492, 0.981, 0.726] O_B 0.5931
learnable-random_o0_r0_33 stage 0 [0.994, 0.521, 0.747, 0.75] O_B 0.5728
learnable-random_o0_r12.5_33 stage 0 [0.994, 0.521, 0.747, 0.75] O_B 0.5728
learnable-random_o1_r0_33 stage 0 [0.749, 0.753, 0.725, 0.985] O_B 0.5722
learnable-random_o1_r12.5_33 stage 0 [0.749, 0.753, 0.725, 0.985] O_B 0.5722
learnable-random_o0_r0_33 stage 1 [0.525, 0.996, 0.518, 0.747] O_B 0.5721
learnable-random_o0_r12.5_33 stage 1 [0.945, 0.994, 0.62, 0.766] O_B 0.568
learnable-random_o1_r0_33 stage 1 [0.755, 0.542, 0.981, 0.666] O_B 0.5737
learnable-random_o1_r12.5_33 stage 1 [0.755, 0.536, 0.974, 0.906] O_B 0.5618
learnable-random_o0_r0_33 stage 2 [0.754, 0.547, 0.984, 0.734] O_B 0.5697
learnable-random_o1_r0_33 stage 2 [0.594, 0.983, 0.521, 0.589] O_B 0.5829
learnable-random_o0_r12.5_33 stage 2 [0.992, 0.993, 0.993, 0.806] O_B 0.5655
learnable-random_o1_r12.5_33 stage 2 [0.533, 0.996, 0.729, 0.843] O_B 0.5598
learnable-random_o0_r0_33 stage 3 [0.763, 0.753, 0.756, 0.988] O_B 0.5528
learnable-random_o1_r0_33 stage 3 [0.995, 0.523, 0.757, 0.75] O_B 0.5923
learnable-random_o0_r12.5_33 stage 3 [0.995, 0.986, 0.986, 0.99] O_B 0.5613
learnable-random_o1_r12.5_33 stage 3 [0.992, 0.983, 0.982, 0.975] O_B 0.5782
learnable-random_o2_r0_33 stage 0 [0.526, 0.997, 0.513, 0.745] O_B 0.5419
learnable-random_o2_r12.5_33 stage 0 [0.526, 0.997, 0.513, 0.745] O_B 0.5419
learnable-random_o2_r0_33 stage 1 [0.756, 0.75, 0.75, 0.984] O_B 0.5308
learnable-random_o2_r12.5_33 stage 1 [0.715, 0.989, 0.732, 0.982] O_B 0.506
learnable-random_o2_r0_33 stage 2 [0.925, 0.563, 0.48, 0.453] O_B 0.5341
learnable-random_o0_r0_44 stage 0 [0.99, 0.497, 0.734, 0.764] O_B 0.6353
learnable-random_o2_r12.5_33 stage 2 [0.839, 0.742, 0.748, 0.942] O_B 0.4755
learnable-random_o0_r12.5_44 stage 0 [0.99, 0.497, 0.734, 0.764] O_B 0.6353
learnable-random_o2_r0_33 stage 3 [0.584, 0.307, 0.982, 0.551] O_B 0.5062
learnable-random_o0_r0_44 stage 1 [0.477, 0.994, 0.493, 0.767] O_B 0.6428
learnable-random_o2_r12.5_33 stage 3 [0.958, 0.77, 0.986, 0.948] O_B 0.4779
learnable-random_o0_r12.5_44 stage 1 [0.761, 0.99, 0.528, 0.767] O_B 0.6351
learnable-random_o1_r0_44 stage 0 [0.723, 0.72, 0.739, 0.993] O_B 0.6529
learnable-random_o0_r0_44 stage 2 [0.736, 0.473, 0.972, 0.749] O_B 0.6333
learnable-random_o1_r12.5_44 stage 0 [0.723, 0.72, 0.739, 0.993] O_B 0.6529
learnable-random_o0_r12.5_44 stage 2 [0.962, 0.978, 0.987, 0.74] O_B 0.6216
learnable-random_o1_r0_44 stage 1 [0.748, 0.458, 0.987, 0.701] O_B 0.6702
learnable-random_o0_r0_44 stage 3 [0.751, 0.723, 0.757, 0.996] O_B 0.6227
learnable-random_o1_r12.5_44 stage 1 [0.759, 0.486, 0.979, 0.853] O_B 0.6636
learnable-random_o0_r12.5_44 stage 3 [0.978, 0.987, 0.964, 0.995] O_B 0.6136
learnable-random_o1_r0_44 stage 2 [0.483, 0.992, 0.486, 0.768] O_B 0.6472
learnable-random_o2_r0_44 stage 0 [0.477, 0.994, 0.496, 0.758] O_B 0.6298
learnable-random_o1_r12.5_44 stage 2 [0.494, 0.979, 0.7, 0.932] O_B 0.641
learnable-random_o2_r12.5_44 stage 0 [0.477, 0.994, 0.496, 0.758] O_B 0.6298
learnable-random_o1_r0_44 stage 3 [0.989, 0.492, 0.731, 0.761] O_B 0.6448
learnable-random_o2_r0_44 stage 1 [0.744, 0.689, 0.75, 0.994] O_B 0.637
learnable-random_o1_r12.5_44 stage 3 [0.995, 0.732, 0.954, 0.966] O_B 0.6052
learnable-random_o2_r12.5_44 stage 1 [0.747, 0.965, 0.739, 0.994] O_B 0.6287
learnable-random_o2_r0_44 stage 2 [0.973, 0.671, 0.746, 0.763] O_B 0.6378
learnable-random_o2_r12.5_44 stage 2 [0.975, 0.973, 0.746, 0.982] O_B 0.5927
learnable-random_o2_r0_44 stage 3 [0.747, 0.487, 0.988, 0.755] O_B 0.6097
learnable-random_o2_r12.5_44 stage 3 [0.799, 0.989, 0.986, 0.967] O_B 0.5684
learnable-random_o0_r0_55 stage 0 [0.988, 0.453, 0.694, 0.729] O_B 0.5745
learnable-random_o0_r12.5_55 stage 0 [0.988, 0.453, 0.694, 0.729] O_B 0.5745
learnable-random_o1_r0_55 stage 0 [0.746, 0.775, 0.742, 0.989] O_B 0.613
learnable-random_o1_r12.5_55 stage 0 [0.746, 0.775, 0.742, 0.989] O_B 0.613
learnable-random_o0_r0_55 stage 1 [0.494, 0.995, 0.456, 0.718] O_B 0.5425
learnable-random_o0_r12.5_55 stage 1 [0.806, 0.99, 0.482, 0.786] O_B 0.5499
learnable-random_o1_r0_55 stage 1 [0.73, 0.488, 0.994, 0.716] O_B 0.6078
learnable-random_o1_r12.5_55 stage 1 [0.743, 0.502, 0.992, 0.896] O_B 0.609
learnable-random_o0_r0_55 stage 2 [0.753, 0.482, 0.992, 0.744] O_B 0.5337
learnable-random_o0_r12.5_55 stage 2 [0.852, 0.746, 0.984, 0.744] O_B 0.5423
learnable-random_o1_r0_55 stage 2 [0.497, 0.989, 0.458, 0.709] O_B 0.5904
learnable-random_o1_r12.5_55 stage 2 [0.553, 0.986, 0.701, 0.904] O_B 0.5789
learnable-random_o0_r0_55 stage 3 [0.75, 0.713, 0.751, 0.97] O_B 0.5052
learnable-random_o0_r12.5_55 stage 3 [0.93, 0.981, 0.972, 0.975] O_B 0.5198
learnable-random_o1_r0_55 stage 3 [0.992, 0.511, 0.739, 0.751] O_B 0.5868
learnable-random_o1_r12.5_55 stage 3 [0.991, 0.646, 0.977, 0.965] O_B 0.5869
learnable-random_o2_r0_55 stage 0 [0.512, 0.998, 0.484, 0.748] O_B 0.5763
learnable-random_o2_r12.5_55 stage 0 [0.512, 0.998, 0.484, 0.748] O_B 0.5763
learnable-random_o2_r0_55 stage 1 [0.766, 0.772, 0.744, 0.993] O_B 0.5778
learnable-random_o2_r12.5_55 stage 1 [0.764, 0.99, 0.718, 0.993] O_B 0.58
learnable-random_o2_r0_55 stage 2 [0.996, 0.487, 0.751, 0.754] O_B 0.5583
learnable-random_o2_r12.5_55 stage 2 [0.993, 0.85, 0.675, 0.983] O_B 0.5594
learnable-random_o2_r0_55 stage 3 [0.763, 0.485, 0.997, 0.75] O_B 0.5445
learnable-random_o2_r12.5_55 stage 3 [0.99, 0.956, 0.998, 0.993] O_B 0.554
all 50 jobs in 3362.2 s
