arms ['fixed-overlap', 'fixed-disjoint', 'learnable', 'learnable+overlap0.1'] ratios [0, 0.125] epochs 65 b_grad full
fixed-overlap_o0_r0_11 stage 0 [0.993, 0.521, 0.737, 0.725] O_B 1.0
fixed-overlap_o0_r12.5_11 stage 0 [0.993, 0.521, 0.737, 0.725] O_B 1.0
fixed-overlap_o0_r0_11 stage 1 [0.524, 0.991, 0.504, 0.728] O_B 1.0
fixed-overlap_o0_r12.5_11 stage 1 [0.92, 0.986, 0.497, 0.727] O_B 1.0
fixed-overlap_o0_r0_22 stage 0 [0.991, 0.477, 0.701, 0.707] O_B 1.0
fixed-overlap_o0_r12.5_22 stage 0 [0.991, 0.477, 0.701, 0.707] O_B 1.0
fixed-overlap_o0_r12.5_11 stage 2 [0.977, 0.926, 0.995, 0.716] O_B 1.0
fixed-overlap_o0_r0_11 stage 2 [0.755, 0.522, 0.996, 0.724] O_B 1.0
fixed-overlap_o0_r0_22 stage 1 [0.497, 0.994, 0.509, 0.753] O_B 1.0
fixed-overlap_o0_r12.5_11 stage 3 [0.949, 0.973, 0.969, 0.999] O_B 1.0
fixed-overlap_o0_r12.5_22 stage 1 [0.916, 0.991, 0.518, 0.77] O_B 1.0
fixed-overlap_o0_r0_11 stage 3 [0.757, 0.763, 0.749, 1.0] O_B 1.0
fixed-overlap_o0_r0_22 stage 2 [0.728, 0.515, 0.996, 0.735] O_B 1.0
fixed-overlap_o0_r12.5_22 stage 2 [0.972, 0.977, 0.991, 0.74] O_B 1.0
fixed-overlap_o0_r0_22 stage 3 [0.735, 0.748, 0.73, 0.997] O_B 1.0
fixed-overlap_o0_r12.5_22 stage 3 [0.984, 0.981, 0.987, 0.999] O_B 1.0
fixed-overlap_o0_r0_33 stage 0 [0.987, 0.506, 0.715, 0.736] O_B 1.0
fixed-overlap_o0_r12.5_33 stage 0 [0.987, 0.506, 0.715, 0.736] O_B 1.0
fixed-overlap_o0_r0_33 stage 1 [0.529, 0.995, 0.516, 0.734] O_B 1.0
fixed-overlap_o0_r12.5_33 stage 1 [0.774, 0.983, 0.521, 0.735] O_B 1.0
fixed-overlap_o0_r0_33 stage 2 [0.743, 0.559, 0.983, 0.713] O_B 1.0
fixed-overlap_o0_r12.5_44 stage 0 [0.987, 0.493, 0.731, 0.762] O_B 1.0
fixed-overlap_o0_r0_44 stage 0 [0.987, 0.493, 0.731, 0.762] O_B 1.0
fixed-overlap_o0_r12.5_33 stage 2 [0.969, 0.766, 0.976, 0.591] O_B 1.0
fixed-overlap_o0_r0_33 stage 3 [0.739, 0.752, 0.74, 0.993] O_B 1.0
fixed-overlap_o0_r0_44 stage 1 [0.482, 0.996, 0.498, 0.759] O_B 1.0
fixed-overlap_o0_r12.5_44 stage 1 [0.743, 0.991, 0.535, 0.771] O_B 1.0
fixed-overlap_o0_r12.5_33 stage 3 [0.764, 0.976, 0.778, 0.978] O_B 1.0
fixed-overlap_o0_r0_44 stage 2 [0.752, 0.497, 0.994, 0.761] O_B 1.0
fixed-overlap_o0_r12.5_44 stage 2 [0.879, 0.979, 0.989, 0.781] O_B 1.0
fixed-overlap_o0_r0_44 stage 3 [0.732, 0.724, 0.736, 0.996] O_B 1.0
fixed-overlap_o0_r12.5_44 stage 3 [0.946, 0.989, 0.959, 0.998] O_B 1.0
fixed-overlap_o0_r0_55 stage 0 [0.979, 0.453, 0.717, 0.718] O_B 1.0
fixed-overlap_o0_r12.5_55 stage 0 [0.979, 0.453, 0.717, 0.718] O_B 1.0
fixed-overlap_o0_r0_55 stage 1 [0.518, 0.999, 0.476, 0.734] O_B 1.0
fixed-overlap_o0_r12.5_55 stage 1 [0.534, 0.995, 0.483, 0.726] O_B 1.0
fixed-overlap_o0_r0_55 stage 2 [0.767, 0.493, 0.995, 0.753] O_B 1.0
fixed-disjoint_o0_r0_11 stage 0 [0.994, 0.512, 0.747, 0.725] O_B 0.0
fixed-disjoint_o0_r12.5_11 stage 0 [0.994, 0.512, 0.747, 0.725] O_B 0.0
fixed-overlap_o0_r12.5_55 stage 2 [0.917, 0.781, 0.997, 0.746] O_B 1.0
fixed-overlap_o0_r0_55 stage 3 [0.767, 0.76, 0.757, 0.994] O_B 1.0
fixed-disjoint_o0_r0_11 stage 1 [0.508, 0.991, 0.506, 0.695] O_B 0.0
fixed-disjoint_o0_r12.5_11 stage 1 [0.902, 0.988, 0.507, 0.715] O_B 0.0
fixed-overlap_o0_r12.5_55 stage 3 [0.959, 0.938, 0.982, 0.994] O_B 1.0
fixed-disjoint_o0_r0_11 stage 2 [0.757, 0.531, 0.998, 0.725] O_B 0.0
fixed-disjoint_o0_r12.5_11 stage 2 [0.981, 0.908, 0.999, 0.714] O_B 0.0
fixed-disjoint_o0_r12.5_11 stage 3 [0.963, 0.966, 0.962, 1.0] O_B 0.0
fixed-disjoint_o0_r0_11 stage 3 [0.758, 0.763, 0.749, 1.0] O_B 0.0
fixed-disjoint_o0_r0_22 stage 0 [0.992, 0.482, 0.722, 0.724] O_B 0.0
fixed-disjoint_o0_r12.5_22 stage 0 [0.992, 0.482, 0.722, 0.724] O_B 0.0
fixed-disjoint_o0_r0_22 stage 1 [0.503, 0.994, 0.505, 0.75] O_B 0.0
fixed-disjoint_o0_r12.5_22 stage 1 [0.92, 0.993, 0.533, 0.78] O_B 0.0
fixed-disjoint_o0_r0_22 stage 2 [0.729, 0.51, 0.996, 0.738] O_B 0.0
fixed-disjoint_o0_r0_33 stage 0 [0.99, 0.519, 0.748, 0.745] O_B 0.0
fixed-disjoint_o0_r12.5_33 stage 0 [0.99, 0.519, 0.748, 0.745] O_B 0.0
fixed-disjoint_o0_r12.5_22 stage 2 [0.966, 0.981, 1.0, 0.736] O_B 0.0
fixed-disjoint_o0_r0_22 stage 3 [0.731, 0.748, 0.726, 0.999] O_B 0.0
fixed-disjoint_o0_r0_33 stage 1 [0.554, 0.996, 0.521, 0.742] O_B 0.0
fixed-disjoint_o0_r12.5_22 stage 3 [0.99, 0.977, 0.991, 0.998] O_B 0.0
fixed-disjoint_o0_r12.5_33 stage 1 [0.977, 0.993, 0.521, 0.731] O_B 0.0
fixed-disjoint_o0_r0_33 stage 2 [0.767, 0.536, 0.995, 0.746] O_B 0.0
fixed-disjoint_o0_r12.5_33 stage 2 [0.971, 0.965, 0.991, 0.754] O_B 0.0
fixed-disjoint_o0_r0_33 stage 3 [0.762, 0.75, 0.756, 0.995] O_B 0.0
fixed-disjoint_o0_r12.5_33 stage 3 [0.981, 0.972, 0.95, 0.996] O_B 0.0
fixed-disjoint_o0_r0_44 stage 0 [0.994, 0.497, 0.746, 0.788] O_B 0.0
fixed-disjoint_o0_r12.5_44 stage 0 [0.994, 0.497, 0.746, 0.788] O_B 0.0
fixed-disjoint_o0_r0_44 stage 1 [0.479, 0.996, 0.497, 0.767] O_B 0.0
fixed-disjoint_o0_r12.5_44 stage 1 [0.942, 0.996, 0.496, 0.767] O_B 0.0
fixed-disjoint_o0_r0_44 stage 2 [0.733, 0.483, 0.991, 0.751] O_B 0.0
fixed-disjoint_o0_r12.5_44 stage 2 [0.766, 0.858, 0.996, 0.682] O_B 0.0
fixed-disjoint_o0_r0_55 stage 0 [0.989, 0.484, 0.732, 0.737] O_B 0.0
fixed-disjoint_o0_r12.5_55 stage 0 [0.989, 0.484, 0.732, 0.737] O_B 0.0
fixed-disjoint_o0_r0_44 stage 3 [0.752, 0.719, 0.743, 0.996] O_B 0.0
fixed-disjoint_o0_r12.5_44 stage 3 [0.967, 0.984, 0.969, 0.998] O_B 0.0
fixed-disjoint_o0_r0_55 stage 1 [0.528, 1.0, 0.485, 0.751] O_B 0.0
fixed-disjoint_o0_r12.5_55 stage 1 [0.852, 0.994, 0.485, 0.743] O_B 0.0
fixed-disjoint_o0_r0_55 stage 2 [0.76, 0.485, 0.993, 0.75] O_B 0.0
fixed-disjoint_o0_r12.5_55 stage 2 [0.987, 0.946, 0.995, 0.762] O_B 0.0
/mnt/d/betterNN/flow_mvp_v21/experiment.py:183: UserWarning: Converting a tensor with requires_grad=True to a scalar may lead to unexpected behavior.
Consider using tensor.detach() first. (Triggered internally at /__w/pytorch/pytorch/torch/csrc/autograd/generated/python_variable_methods.cpp:820.)
  o_l1 = float((a * c).abs().sum() / (na * nc))
/mnt/d/betterNN/flow_mvp_v21/experiment.py:183: UserWarning: Converting a tensor with requires_grad=True to a scalar may lead to unexpected behavior.
Consider using tensor.detach() first. (Triggered internally at /__w/pytorch/pytorch/torch/csrc/autograd/generated/python_variable_methods.cpp:820.)
  o_l1 = float((a * c).abs().sum() / (na * nc))
fixed-disjoint_o0_r0_55 stage 3 [0.766, 0.769, 0.752, 0.998] O_B 0.0
/mnt/d/betterNN/flow_mvp_v21/experiment.py:183: UserWarning: Converting a tensor with requires_grad=True to a scalar may lead to unexpected behavior.
Consider using tensor.detach() first. (Triggered internally at /__w/pytorch/pytorch/torch/csrc/autograd/generated/python_variable_methods.cpp:820.)
  o_l1 = float((a * c).abs().sum() / (na * nc))
fixed-disjoint_o0_r12.5_55 stage 3 [0.978, 0.99, 0.974, 0.998] O_B 0.0
/mnt/d/betterNN/flow_mvp_v21/experiment.py:183: UserWarning: Converting a tensor with requires_grad=True to a scalar may lead to unexpected behavior.
Consider using tensor.detach() first. (Triggered internally at /__w/pytorch/pytorch/torch/csrc/autograd/generated/python_variable_methods.cpp:820.)
  o_l1 = float((a * c).abs().sum() / (na * nc))
learnable_o0_r0_11 stage 0 [0.985, 0.524, 0.739, 0.727] O_B 0.9532
learnable_o0_r12.5_11 stage 0 [0.985, 0.524, 0.739, 0.727] O_B 0.9532
learnable_o0_r0_11 stage 1 [0.51, 0.987, 0.491, 0.729] O_B 0.9197
learnable_o0_r12.5_11 stage 1 [0.868, 0.979, 0.504, 0.685] O_B 0.91
learnable_o0_r12.5_11 stage 2 [0.983, 0.927, 0.995, 0.72] O_B 0.8825
learnable_o0_r0_11 stage 2 [0.753, 0.521, 0.989, 0.715] O_B 0.8807
learnable_o0_r0_22 stage 0 [0.976, 0.462, 0.692, 0.692] O_B 0.9698
learnable_o0_r12.5_22 stage 0 [0.976, 0.462, 0.692, 0.692] O_B 0.9698
learnable_o0_r12.5_11 stage 3 [0.944, 0.978, 0.949, 0.998] O_B 0.8529
learnable_o0_r0_11 stage 3 [0.756, 0.763, 0.746, 1.0] O_B 0.8522
learnable_o0_r0_22 stage 1 [0.504, 0.992, 0.508, 0.753] O_B 0.9403
learnable_o0_r12.5_22 stage 1 [0.928, 0.985, 0.522, 0.765] O_B 0.9382
learnable_o0_r0_22 stage 2 [0.714, 0.51, 0.994, 0.729] O_B 0.9615
learnable_o0_r12.5_22 stage 2 [0.963, 0.979, 0.983, 0.726] O_B 0.9071
learnable_o0_r0_22 stage 3 [0.721, 0.758, 0.732, 0.994] O_B 0.9492
learnable_o0_r12.5_22 stage 3 [0.987, 0.988, 0.986, 0.992] O_B 0.8781
learnable_o0_r0_33 stage 0 [0.989, 0.492, 0.728, 0.716] O_B 0.9468
learnable_o0_r12.5_33 stage 0 [0.989, 0.492, 0.728, 0.716] O_B 0.9468
learnable_o0_r0_33 stage 1 [0.525, 0.997, 0.52, 0.74] O_B 0.9586
learnable_o0_r12.5_33 stage 1 [0.753, 0.992, 0.522, 0.775] O_B 0.9696
learnable_o0_r0_44 stage 0 [0.996, 0.492, 0.743, 0.768] O_B 0.9707
learnable_o0_r12.5_33 stage 2 [0.956, 0.764, 0.984, 0.76] O_B 0.9368
learnable_o0_r0_33 stage 2 [0.762, 0.525, 0.987, 0.745] O_B 0.9226
learnable_o0_r12.5_44 stage 0 [0.996, 0.492, 0.743, 0.768] O_B 0.9707
learnable_o0_r0_44 stage 1 [0.488, 0.989, 0.502, 0.767] O_B 0.9529
learnable_o0_r12.5_33 stage 3 [0.966, 0.965, 0.967, 0.989] O_B 0.9201
learnable_o0_r0_33 stage 3 [0.762, 0.748, 0.756, 0.996] O_B 0.9028
learnable_o0_r12.5_44 stage 1 [0.739, 0.981, 0.521, 0.778] O_B 0.9459
learnable_o0_r0_44 stage 2 [0.748, 0.463, 0.985, 0.733] O_B 0.9467
learnable_o0_r12.5_44 stage 2 [0.943, 0.966, 0.987, 0.741] O_B 0.9291
learnable_o0_r0_44 stage 3 [0.738, 0.72, 0.73, 0.996] O_B 0.9375
learnable_o0_r12.5_44 stage 3 [0.948, 0.982, 0.955, 0.992] O_B 0.8986
learnable_o0_r12.5_55 stage 0 [0.981, 0.471, 0.744, 0.73] O_B 0.9748
learnable_o0_r0_55 stage 0 [0.981, 0.471, 0.744, 0.73] O_B 0.9748
learnable_o0_r12.5_55 stage 1 [0.937, 0.991, 0.536, 0.64] O_B 0.9387
learnable_o0_r0_55 stage 1 [0.508, 0.992, 0.48, 0.733] O_B 0.935
learnable_o0_r12.5_55 stage 2 [0.989, 0.946, 0.994, 0.73] O_B 0.8958
learnable+overlap0.1_o0_r0_11 stage 0 [0.989, 0.531, 0.738, 0.729] O_B 0.7373
learnable+overlap0.1_o0_r12.5_11 stage 0 [0.989, 0.531, 0.738, 0.729] O_B 0.7373
learnable_o0_r0_55 stage 2 [0.762, 0.487, 0.996, 0.747] O_B 0.9056
learnable_o0_r12.5_55 stage 3 [0.975, 0.979, 0.982, 0.984] O_B 0.853
learnable+overlap0.1_o0_r0_11 stage 1 [0.514, 0.991, 0.498, 0.733] O_B 0.3529
learnable_o0_r0_55 stage 3 [0.767, 0.768, 0.752, 0.997] O_B 0.8861
learnable+overlap0.1_o0_r12.5_11 stage 1 [0.897, 0.985, 0.494, 0.718] O_B 0.3764
learnable+overlap0.1_o0_r0_11 stage 2 [0.756, 0.522, 0.997, 0.724] O_B 0.1598
learnable+overlap0.1_o0_r12.5_11 stage 2 [0.986, 0.934, 0.995, 0.72] O_B 0.202
learnable+overlap0.1_o0_r0_11 stage 3 [0.757, 0.764, 0.752, 1.0] O_B 0.0809
learnable+overlap0.1_o0_r12.5_11 stage 3 [0.953, 0.976, 0.93, 0.999] O_B 0.1094
learnable+overlap0.1_o0_r0_22 stage 0 [0.99, 0.479, 0.704, 0.711] O_B 0.7681
learnable+overlap0.1_o0_r12.5_22 stage 0 [0.99, 0.479, 0.704, 0.711] O_B 0.7681
learnable+overlap0.1_o0_r0_22 stage 1 [0.499, 0.994, 0.497, 0.75] O_B 0.4505
learnable+overlap0.1_o0_r12.5_22 stage 1 [0.918, 0.992, 0.512, 0.763] O_B 0.5078
learnable+overlap0.1_o0_r0_22 stage 2 [0.713, 0.51, 0.993, 0.731] O_B 0.2721
learnable+overlap0.1_o0_r0_33 stage 0 [0.99, 0.496, 0.729, 0.72] O_B 0.749
learnable+overlap0.1_o0_r12.5_33 stage 0 [0.99, 0.496, 0.729, 0.72] O_B 0.749
learnable+overlap0.1_o0_r12.5_22 stage 2 [0.981, 0.979, 0.994, 0.732] O_B 0.2382
learnable+overlap0.1_o0_r0_22 stage 3 [0.733, 0.753, 0.73, 0.996] O_B 0.1372
learnable+overlap0.1_o0_r0_33 stage 1 [0.527, 0.996, 0.52, 0.741] O_B 0.4837
learnable+overlap0.1_o0_r12.5_33 stage 1 [0.892, 0.995, 0.517, 0.798] O_B 0.4845
learnable+overlap0.1_o0_r12.5_22 stage 3 [0.993, 0.979, 0.99, 0.997] O_B 0.1319
learnable+overlap0.1_o0_r12.5_33 stage 2 [0.955, 0.972, 0.992, 0.784] O_B 0.2
learnable+overlap0.1_o0_r0_33 stage 2 [0.761, 0.523, 0.989, 0.743] O_B 0.2411
learnable+overlap0.1_o0_r12.5_33 stage 3 [0.966, 0.987, 0.962, 0.991] O_B 0.0374
learnable+overlap0.1_o0_r0_33 stage 3 [0.762, 0.749, 0.756, 0.996] O_B 0.0917
learnable+overlap0.1_o0_r0_44 stage 0 [0.982, 0.495, 0.742, 0.77] O_B 0.7789
learnable+overlap0.1_o0_r12.5_44 stage 0 [0.982, 0.495, 0.742, 0.77] O_B 0.7789
learnable+overlap0.1_o0_r0_44 stage 1 [0.48, 0.993, 0.496, 0.767] O_B 0.439
learnable+overlap0.1_o0_r12.5_44 stage 1 [0.842, 0.985, 0.517, 0.779] O_B 0.4302
learnable+overlap0.1_o0_r0_44 stage 2 [0.742, 0.489, 0.984, 0.754] O_B 0.2248
learnable+overlap0.1_o0_r0_55 stage 0 [0.984, 0.468, 0.74, 0.73] O_B 0.7658
learnable+overlap0.1_o0_r12.5_55 stage 0 [0.984, 0.468, 0.74, 0.73] O_B 0.7658
learnable+overlap0.1_o0_r12.5_44 stage 2 [0.96, 0.957, 0.985, 0.763] O_B 0.1744
learnable+overlap0.1_o0_r0_44 stage 3 [0.748, 0.727, 0.752, 0.996] O_B 0.0912
learnable+overlap0.1_o0_r0_55 stage 1 [0.515, 0.996, 0.482, 0.739] O_B 0.3816
learnable+overlap0.1_o0_r12.5_55 stage 1 [0.943, 0.994, 0.596, 0.596] O_B 0.4454
learnable+overlap0.1_o0_r12.5_44 stage 3 [0.964, 0.975, 0.962, 0.994] O_B 0.0681
learnable+overlap0.1_o0_r0_55 stage 2 [0.763, 0.488, 0.996, 0.747] O_B 0.1446
learnable+overlap0.1_o0_r12.5_55 stage 2 [0.987, 0.963, 0.993, 0.728] O_B 0.1824
learnable+overlap0.1_o0_r0_55 stage 3 [0.767, 0.764, 0.751, 0.995] O_B 0.0714
learnable+overlap0.1_o0_r12.5_55 stage 3 [0.971, 0.986, 0.983, 0.988] O_B 0.0811
all 120 jobs in 3740.5 s
