arms ['fixed-overlap', 'fixed-disjoint'] ratios [0, 0.125] epochs 65 b_grad hybrid
fixed-overlap_o0_r0_11 stage 0 [0.997, 0.523, 0.74, 0.729] O_B 1.0
fixed-overlap_o0_r12.5_11 stage 0 [0.997, 0.523, 0.74, 0.729] O_B 1.0
fixed-overlap_o0_r0_11 stage 1 [0.521, 0.983, 0.491, 0.729] O_B 1.0
fixed-overlap_o0_r12.5_11 stage 1 [0.577, 0.978, 0.495, 0.742] O_B 1.0
fixed-overlap_o0_r0_11 stage 2 [0.752, 0.533, 0.997, 0.719] O_B 1.0
fixed-overlap_o0_r12.5_11 stage 2 [0.787, 0.721, 0.992, 0.722] O_B 1.0
fixed-overlap_o0_r0_11 stage 3 [0.757, 0.763, 0.75, 1.0] O_B 1.0
fixed-overlap_o0_r12.5_11 stage 3 [0.795, 0.79, 0.943, 0.999] O_B 1.0
fixed-overlap_o1_r0_11 stage 0 [0.745, 0.76, 0.739, 1.0] O_B 1.0
fixed-overlap_o1_r12.5_11 stage 0 [0.745, 0.76, 0.739, 1.0] O_B 1.0
fixed-overlap_o1_r12.5_11 stage 1 [0.741, 0.505, 0.99, 0.866] O_B 1.0
fixed-overlap_o1_r0_11 stage 1 [0.737, 0.519, 0.998, 0.699] O_B 1.0
fixed-overlap_o1_r0_11 stage 2 [0.496, 0.983, 0.499, 0.704] O_B 1.0
fixed-overlap_o1_r12.5_11 stage 2 [0.515, 0.945, 0.724, 0.806] O_B 1.0
fixed-overlap_o1_r0_11 stage 3 [0.997, 0.527, 0.747, 0.728] O_B 1.0
fixed-overlap_o1_r12.5_11 stage 3 [0.987, 0.761, 0.942, 0.909] O_B 1.0
fixed-overlap_o2_r0_11 stage 0 [0.512, 0.988, 0.52, 0.729] O_B 1.0
fixed-overlap_o2_r12.5_11 stage 0 [0.512, 0.988, 0.52, 0.729] O_B 1.0
fixed-overlap_o2_r0_11 stage 1 [0.747, 0.763, 0.747, 0.996] O_B 1.0
fixed-overlap_o2_r12.5_11 stage 1 [0.708, 0.953, 0.715, 0.992] O_B 1.0
fixed-overlap_o2_r0_11 stage 2 [0.996, 0.532, 0.754, 0.734] O_B 1.0
fixed-overlap_o2_r12.5_11 stage 2 [0.762, 0.845, 0.742, 0.932] O_B 1.0
fixed-overlap_o2_r0_11 stage 3 [0.757, 0.517, 0.998, 0.716] O_B 1.0
fixed-overlap_o2_r12.5_11 stage 3 [0.968, 0.913, 0.998, 0.991] O_B 1.0
fixed-disjoint_o0_r0_11 stage 0 [0.988, 0.521, 0.743, 0.721] O_B 0.0
fixed-disjoint_o0_r12.5_11 stage 0 [0.988, 0.521, 0.743, 0.721] O_B 0.0
fixed-disjoint_o0_r0_11 stage 1 [0.683, 0.742, 0.564, 0.474] O_B 0.0
fixed-disjoint_o0_r12.5_11 stage 1 [0.96, 0.819, 0.533, 0.479] O_B 0.0
fixed-disjoint_o0_r0_11 stage 2 [0.76, 0.526, 1.0, 0.725] O_B 0.0
fixed-disjoint_o0_r12.5_11 stage 2 [0.983, 0.756, 1.0, 0.725] O_B 0.0
fixed-disjoint_o0_r0_11 stage 3 [0.756, 0.763, 0.752, 0.999] O_B 0.0
fixed-disjoint_o0_r12.5_11 stage 3 [0.982, 0.984, 0.99, 0.998] O_B 0.0
fixed-disjoint_o1_r0_11 stage 0 [0.754, 0.762, 0.753, 1.0] O_B 0.0
fixed-disjoint_o1_r12.5_11 stage 0 [0.754, 0.762, 0.753, 1.0] O_B 0.0
fixed-disjoint_o1_r0_11 stage 1 [0.752, 0.524, 1.0, 0.717] O_B 0.0
fixed-disjoint_o1_r12.5_11 stage 1 [0.747, 0.562, 0.964, 0.969] O_B 0.0
fixed-disjoint_o1_r0_11 stage 2 [0.51, 0.982, 0.531, 0.72] O_B 0.0
fixed-disjoint_o1_r12.5_11 stage 2 [0.526, 0.979, 0.707, 0.964] O_B 0.0
fixed-disjoint_o1_r0_11 stage 3 [0.996, 0.526, 0.755, 0.733] O_B 0.0
fixed-disjoint_o1_r12.5_11 stage 3 [0.995, 0.93, 0.919, 0.982] O_B 0.0
fixed-disjoint_o2_r0_11 stage 0 [0.513, 0.981, 0.522, 0.73] O_B 0.0
fixed-disjoint_o2_r12.5_11 stage 0 [0.513, 0.981, 0.522, 0.73] O_B 0.0
fixed-disjoint_o2_r0_11 stage 1 [0.752, 0.763, 0.751, 0.998] O_B 0.0
fixed-disjoint_o2_r12.5_11 stage 1 [0.745, 0.955, 0.733, 0.994] O_B 0.0
fixed-disjoint_o2_r0_11 stage 2 [0.995, 0.529, 0.753, 0.736] O_B 0.0
fixed-disjoint_o2_r12.5_11 stage 2 [0.989, 0.724, 0.743, 0.977] O_B 0.0
fixed-disjoint_o2_r0_11 stage 3 [0.757, 0.52, 0.998, 0.717] O_B 0.0
fixed-disjoint_o2_r12.5_11 stage 3 [0.917, 0.641, 1.0, 0.957] O_B 0.0
all 20 jobs in 1297.4 s
