frozen 11 stage 1 [0.521, 0.991, 0.49, 0.478]
frozen 11 stage 2 [0.715, 0.563, 0.703, 0.495]
frozen 11 stage 3 [0.505, 0.728, 0.492, 0.729]
slow 11 stage 1 [0.521, 0.991, 0.49, 0.478]
slow 11 stage 2 [0.715, 0.564, 0.709, 0.491]
slow 11 stage 3 [0.505, 0.725, 0.49, 0.73]
joint 11 stage 1 [0.521, 0.992, 0.49, 0.478]
joint 11 stage 2 [0.888, 0.562, 0.525, 0.458]
joint 11 stage 3 [0.506, 0.733, 0.491, 0.733]
gru 11 stage 1 [0.498, 0.988, 0.484, 0.469]
gru 11 stage 2 [0.504, 0.496, 0.986, 0.468]
gru 11 stage 3 [0.5, 0.498, 0.483, 0.977]
frozen 22 stage 1 [0.516, 0.992, 0.507, 0.489]
frozen 22 stage 2 [0.7, 0.517, 0.753, 0.481]
frozen 22 stage 3 [0.472, 0.612, 0.476, 0.738]
slow 22 stage 1 [0.516, 0.993, 0.507, 0.489]
slow 22 stage 2 [0.7, 0.517, 0.753, 0.481]
slow 22 stage 3 [0.47, 0.607, 0.466, 0.741]
joint 22 stage 1 [0.515, 0.992, 0.507, 0.489]
joint 22 stage 2 [0.909, 0.527, 0.616, 0.482]
joint 22 stage 3 [0.474, 0.64, 0.478, 0.75]
gru 22 stage 1 [0.497, 0.984, 0.512, 0.479]
gru 22 stage 2 [0.5, 0.495, 0.996, 0.483]
gru 22 stage 3 [0.496, 0.506, 0.513, 0.97]
frozen 33 stage 1 [0.531, 0.99, 0.517, 0.5]
frozen 33 stage 2 [0.734, 0.559, 0.741, 0.496]
frozen 33 stage 3 [0.522, 0.731, 0.536, 0.75]
slow 33 stage 1 [0.531, 0.991, 0.517, 0.5]
slow 33 stage 2 [0.738, 0.56, 0.741, 0.496]
slow 33 stage 3 [0.521, 0.73, 0.54, 0.75]
joint 33 stage 1 [0.53, 0.991, 0.515, 0.5]
joint 33 stage 2 [0.704, 0.564, 0.725, 0.523]
joint 33 stage 3 [0.523, 0.537, 0.528, 0.947]
gru 33 stage 1 [0.521, 0.995, 0.521, 0.5]
gru 33 stage 2 [0.521, 0.509, 0.992, 0.498]
gru 33 stage 3 [0.516, 0.504, 0.516, 0.987]
independent 11 1 0.992
independent 11 2 0.994
independent 11 3 0.723
independent 22 1 0.992
independent 22 2 0.985
independent 22 3 0.722
independent 33 1 0.991
independent 33 2 0.992
independent 33 3 0.75
