device cpu methods ['hold'] orders ['o0', 'o1', 'o2'] epochs 65
o0_hold_h17_11 stage 0 [0.999, 0.525, 0.754, 0.725]
o0_hold_h17_11 stage 1 [0.517, 0.988, 0.515, 0.671]
o0_hold_h17_11 stage 2 [0.76, 0.524, 1.0, 0.725]
o0_hold_h17_11 stage 3 [0.76, 0.763, 0.754, 1.0]
o0_hold_h68_11 stage 0 [0.999, 0.525, 0.754, 0.725]
o0_hold_h68_11 stage 1 [0.517, 0.988, 0.515, 0.671]
o0_hold_h68_11 stage 2 [0.76, 0.524, 1.0, 0.725]
o0_hold_h68_11 stage 3 [0.76, 0.763, 0.754, 1.0]
o0_hold_h272_11 stage 0 [0.999, 0.525, 0.754, 0.725]
o0_hold_h272_11 stage 1 [0.517, 0.989, 0.515, 0.671]
o0_hold_h272_11 stage 2 [0.76, 0.524, 1.0, 0.725]
o0_hold_h272_11 stage 3 [0.76, 0.763, 0.754, 1.0]
o0_hold_h17_22 stage 0 [0.998, 0.515, 0.733, 0.742]
o0_hold_h17_22 stage 1 [0.5, 0.987, 0.502, 0.75]
o0_hold_h17_22 stage 2 [0.733, 0.515, 0.998, 0.741]
o0_hold_h17_22 stage 3 [0.736, 0.758, 0.734, 1.0]
o0_hold_h68_22 stage 0 [0.998, 0.515, 0.733, 0.742]
o0_hold_h68_22 stage 1 [0.5, 0.987, 0.502, 0.75]
o0_hold_h68_22 stage 2 [0.733, 0.515, 0.998, 0.741]
o0_hold_h68_22 stage 3 [0.736, 0.758, 0.734, 1.0]
o0_hold_h272_22 stage 0 [0.998, 0.515, 0.733, 0.742]
o0_hold_h272_22 stage 1 [0.5, 0.987, 0.502, 0.75]
o0_hold_h272_22 stage 2 [0.733, 0.515, 0.998, 0.741]
o0_hold_h272_22 stage 3 [0.736, 0.758, 0.734, 1.0]
o0_hold_h17_33 stage 0 [0.991, 0.527, 0.754, 0.765]
o0_hold_h17_33 stage 1 [0.696, 0.764, 0.497, 0.501]
o0_hold_h17_33 stage 2 [0.773, 0.528, 0.996, 0.75]
o0_hold_h17_33 stage 3 [0.768, 0.749, 0.765, 0.999]
o0_hold_h68_33 stage 0 [0.991, 0.527, 0.754, 0.765]
o0_hold_h68_33 stage 1 [0.696, 0.765, 0.497, 0.501]
o0_hold_h68_33 stage 2 [0.775, 0.528, 0.997, 0.75]
o0_hold_h68_33 stage 3 [0.768, 0.749, 0.765, 0.999]
o0_hold_h272_33 stage 0 [0.991, 0.527, 0.754, 0.765]
o0_hold_h272_33 stage 1 [0.696, 0.764, 0.497, 0.501]
o0_hold_h272_33 stage 2 [0.773, 0.528, 0.996, 0.75]
o0_hold_h272_33 stage 3 [0.768, 0.749, 0.765, 0.999]
o0_hold_h17_44 stage 0 [0.998, 0.495, 0.753, 0.761]
o0_hold_h17_44 stage 1 [0.494, 0.991, 0.514, 0.775]
o0_hold_h17_44 stage 2 [0.756, 0.493, 0.997, 0.76]
o0_hold_h17_44 stage 3 [0.756, 0.729, 0.759, 0.999]
o0_hold_h68_44 stage 0 [0.998, 0.495, 0.753, 0.761]
o0_hold_h68_44 stage 1 [0.494, 0.991, 0.514, 0.775]
o0_hold_h68_44 stage 2 [0.756, 0.493, 0.997, 0.76]
o0_hold_h68_44 stage 3 [0.756, 0.729, 0.759, 0.999]
o0_hold_h272_44 stage 0 [0.998, 0.495, 0.753, 0.761]
o0_hold_h272_44 stage 1 [0.494, 0.991, 0.514, 0.775]
o0_hold_h272_44 stage 2 [0.756, 0.493, 0.997, 0.76]
o0_hold_h272_44 stage 3 [0.756, 0.729, 0.759, 0.999]
o0_hold_h17_55 stage 0 [0.999, 0.493, 0.751, 0.756]
o0_hold_h17_55 stage 1 [0.523, 0.991, 0.487, 0.748]
o0_hold_h17_55 stage 2 [0.77, 0.492, 0.999, 0.753]
o0_hold_h17_55 stage 3 [0.77, 0.774, 0.752, 1.0]
o0_hold_h68_55 stage 0 [0.999, 0.493, 0.751, 0.756]
o0_hold_h68_55 stage 1 [0.524, 0.992, 0.487, 0.748]
o0_hold_h68_55 stage 2 [0.77, 0.492, 0.999, 0.753]
o0_hold_h68_55 stage 3 [0.77, 0.774, 0.752, 1.0]
o0_hold_h272_55 stage 0 [0.999, 0.493, 0.751, 0.756]
o0_hold_h272_55 stage 1 [0.524, 0.992, 0.487, 0.748]
o0_hold_h272_55 stage 2 [0.77, 0.492, 0.999, 0.753]
o0_hold_h272_55 stage 3 [0.77, 0.774, 0.752, 1.0]
o1_hold_h17_11 stage 0 [0.756, 0.763, 0.753, 1.0]
o1_hold_h17_11 stage 1 [0.757, 0.526, 0.998, 0.725]
o1_hold_h17_11 stage 2 [0.518, 0.999, 0.513, 0.688]
o1_hold_h17_11 stage 3 [0.998, 0.536, 0.753, 0.725]
o1_hold_h68_11 stage 0 [0.756, 0.763, 0.753, 1.0]
o1_hold_h68_11 stage 1 [0.757, 0.526, 0.998, 0.725]
o1_hold_h68_11 stage 2 [0.518, 0.998, 0.514, 0.669]
o1_hold_h68_11 stage 3 [0.999, 0.535, 0.753, 0.725]
o1_hold_h272_11 stage 0 [0.756, 0.763, 0.753, 1.0]
o1_hold_h272_11 stage 1 [0.757, 0.526, 0.998, 0.725]
o1_hold_h272_11 stage 2 [0.518, 0.998, 0.514, 0.669]
o1_hold_h272_11 stage 3 [0.999, 0.535, 0.753, 0.725]
o1_hold_h17_22 stage 0 [0.735, 0.756, 0.734, 1.0]
o1_hold_h17_22 stage 1 [0.729, 0.52, 0.993, 0.738]
o1_hold_h17_22 stage 2 [0.5, 0.999, 0.502, 0.751]
o1_hold_h17_22 stage 3 [0.997, 0.516, 0.735, 0.744]
o1_hold_h68_22 stage 0 [0.735, 0.756, 0.734, 1.0]
o1_hold_h68_22 stage 1 [0.729, 0.52, 0.993, 0.738]
o1_hold_h68_22 stage 2 [0.5, 0.999, 0.502, 0.751]
o1_hold_h68_22 stage 3 [0.997, 0.516, 0.735, 0.744]
o1_hold_h272_22 stage 0 [0.735, 0.756, 0.734, 1.0]
o1_hold_h272_22 stage 1 [0.729, 0.52, 0.993, 0.738]
o1_hold_h272_22 stage 2 [0.5, 0.999, 0.502, 0.751]
o1_hold_h272_22 stage 3 [0.997, 0.516, 0.735, 0.744]
o1_hold_h17_33 stage 0 [0.761, 0.754, 0.748, 0.995]
o1_hold_h17_33 stage 1 [0.766, 0.524, 0.997, 0.751]
o1_hold_h17_33 stage 2 [0.53, 0.998, 0.516, 0.753]
o1_hold_h17_33 stage 3 [0.999, 0.529, 0.761, 0.755]
o1_hold_h68_33 stage 0 [0.761, 0.754, 0.748, 0.995]
o1_hold_h68_33 stage 1 [0.766, 0.524, 0.997, 0.751]
o1_hold_h68_33 stage 2 [0.53, 0.998, 0.516, 0.754]
o1_hold_h68_33 stage 3 [0.999, 0.529, 0.761, 0.755]
o1_hold_h272_33 stage 0 [0.761, 0.754, 0.748, 0.995]
o1_hold_h272_33 stage 1 [0.766, 0.524, 0.997, 0.751]
o1_hold_h272_33 stage 2 [0.53, 0.998, 0.516, 0.752]
o1_hold_h272_33 stage 3 [0.999, 0.529, 0.761, 0.755]
o1_hold_h17_44 stage 0 [0.753, 0.729, 0.754, 0.999]
o1_hold_h17_44 stage 1 [0.754, 0.495, 0.999, 0.763]
o1_hold_h17_44 stage 2 [0.481, 0.996, 0.502, 0.767]
o1_hold_h17_44 stage 3 [0.996, 0.5, 0.758, 0.767]
o1_hold_h68_44 stage 0 [0.753, 0.729, 0.754, 0.999]
o1_hold_h68_44 stage 1 [0.754, 0.495, 0.999, 0.763]
o1_hold_h68_44 stage 2 [0.481, 0.996, 0.502, 0.767]
o1_hold_h68_44 stage 3 [0.996, 0.5, 0.758, 0.767]
o1_hold_h272_44 stage 0 [0.753, 0.729, 0.754, 0.999]
o1_hold_h272_44 stage 1 [0.754, 0.495, 0.999, 0.763]
o1_hold_h272_44 stage 2 [0.481, 0.996, 0.502, 0.767]
o1_hold_h272_44 stage 3 [0.996, 0.5, 0.758, 0.767]
o1_hold_h17_55 stage 0 [0.77, 0.774, 0.751, 0.998]
o1_hold_h17_55 stage 1 [0.766, 0.495, 0.992, 0.753]
o1_hold_h17_55 stage 2 [0.52, 1.0, 0.485, 0.748]
o1_hold_h17_55 stage 3 [1.0, 0.511, 0.752, 0.756]
o1_hold_h68_55 stage 0 [0.77, 0.774, 0.751, 0.998]
o1_hold_h68_55 stage 1 [0.766, 0.495, 0.992, 0.753]
o1_hold_h68_55 stage 2 [0.52, 1.0, 0.485, 0.748]
o1_hold_h68_55 stage 3 [1.0, 0.511, 0.752, 0.756]
o1_hold_h272_55 stage 0 [0.77, 0.774, 0.751, 0.998]
o1_hold_h272_55 stage 1 [0.766, 0.495, 0.992, 0.753]
o1_hold_h272_55 stage 2 [0.52, 1.0, 0.485, 0.748]
o1_hold_h272_55 stage 3 [1.0, 0.509, 0.752, 0.756]
o2_hold_h17_11 stage 0 [0.517, 0.99, 0.525, 0.728]
o2_hold_h17_11 stage 1 [0.758, 0.764, 0.753, 1.0]
o2_hold_h17_11 stage 2 [0.999, 0.525, 0.754, 0.737]
o2_hold_h17_11 stage 3 [0.76, 0.523, 1.0, 0.725]
o2_hold_h68_11 stage 0 [0.517, 0.99, 0.525, 0.728]
o2_hold_h68_11 stage 1 [0.758, 0.764, 0.753, 1.0]
o2_hold_h68_11 stage 2 [0.999, 0.525, 0.754, 0.737]
o2_hold_h68_11 stage 3 [0.76, 0.523, 1.0, 0.725]
o2_hold_h272_11 stage 0 [0.517, 0.99, 0.525, 0.728]
o2_hold_h272_11 stage 1 [0.758, 0.764, 0.753, 1.0]
o2_hold_h272_11 stage 2 [0.999, 0.525, 0.754, 0.737]
o2_hold_h272_11 stage 3 [0.76, 0.523, 1.0, 0.725]
o2_hold_h17_22 stage 0 [0.498, 0.998, 0.502, 0.75]
o2_hold_h17_22 stage 1 [0.729, 0.762, 0.73, 1.0]
o2_hold_h17_22 stage 2 [0.999, 0.514, 0.734, 0.743]
o2_hold_h17_22 stage 3 [0.736, 0.514, 1.0, 0.743]
o2_hold_h68_22 stage 0 [0.498, 0.998, 0.502, 0.75]
o2_hold_h68_22 stage 1 [0.729, 0.762, 0.73, 1.0]
o2_hold_h68_22 stage 2 [0.999, 0.514, 0.734, 0.743]
o2_hold_h68_22 stage 3 [0.736, 0.514, 1.0, 0.743]
o2_hold_h272_22 stage 0 [0.498, 0.998, 0.502, 0.75]
o2_hold_h272_22 stage 1 [0.729, 0.762, 0.73, 1.0]
o2_hold_h272_22 stage 2 [0.999, 0.514, 0.734, 0.743]
o2_hold_h272_22 stage 3 [0.736, 0.514, 1.0, 0.743]
o2_hold_h17_33 stage 0 [0.528, 0.999, 0.516, 0.748]
o2_hold_h17_33 stage 1 [0.759, 0.759, 0.75, 0.994]
o2_hold_h17_33 stage 2 [1.0, 0.521, 0.759, 0.753]
o2_hold_h17_33 stage 3 [0.768, 0.521, 0.999, 0.75]
o2_hold_h68_33 stage 0 [0.528, 0.999, 0.516, 0.748]
o2_hold_h68_33 stage 1 [0.759, 0.759, 0.75, 0.994]
o2_hold_h68_33 stage 2 [1.0, 0.521, 0.759, 0.753]
o2_hold_h68_33 stage 3 [0.768, 0.521, 0.999, 0.75]
o2_hold_h272_33 stage 0 [0.528, 0.999, 0.516, 0.748]
o2_hold_h272_33 stage 1 [0.759, 0.759, 0.75, 0.994]
o2_hold_h272_33 stage 2 [1.0, 0.521, 0.759, 0.753]
o2_hold_h272_33 stage 3 [0.768, 0.521, 0.999, 0.75]
o2_hold_h17_44 stage 0 [0.479, 0.998, 0.502, 0.768]
o2_hold_h17_44 stage 1 [0.755, 0.73, 0.755, 0.998]
o2_hold_h17_44 stage 2 [0.999, 0.494, 0.759, 0.766]
o2_hold_h17_44 stage 3 [0.756, 0.494, 1.0, 0.763]
o2_hold_h68_44 stage 0 [0.479, 0.998, 0.502, 0.768]
o2_hold_h68_44 stage 1 [0.755, 0.73, 0.755, 0.998]
o2_hold_h68_44 stage 2 [0.999, 0.494, 0.759, 0.766]
o2_hold_h68_44 stage 3 [0.756, 0.494, 1.0, 0.763]
o2_hold_h272_44 stage 0 [0.479, 0.998, 0.502, 0.768]
o2_hold_h272_44 stage 1 [0.755, 0.73, 0.755, 0.998]
o2_hold_h272_44 stage 2 [0.999, 0.494, 0.759, 0.766]
o2_hold_h272_44 stage 3 [0.756, 0.494, 1.0, 0.763]
o2_hold_h17_55 stage 0 [0.517, 1.0, 0.485, 0.748]
o2_hold_h17_55 stage 1 [0.767, 0.779, 0.688, 0.997]
o2_hold_h17_55 stage 2 [1.0, 0.493, 0.752, 0.763]
o2_hold_h17_55 stage 3 [0.77, 0.49, 1.0, 0.756]
o2_hold_h68_55 stage 0 [0.517, 1.0, 0.485, 0.748]
o2_hold_h68_55 stage 1 [0.767, 0.779, 0.689, 0.997]
o2_hold_h68_55 stage 2 [1.0, 0.493, 0.752, 0.763]
o2_hold_h68_55 stage 3 [0.77, 0.49, 1.0, 0.756]
o2_hold_h272_55 stage 0 [0.517, 1.0, 0.485, 0.748]
o2_hold_h272_55 stage 1 [0.767, 0.779, 0.688, 0.997]
o2_hold_h272_55 stage 2 [1.0, 0.493, 0.752, 0.763]
o2_hold_h272_55 stage 3 [0.77, 0.49, 1.0, 0.756]
