device cpu methods ['hybrid'] orders ['o0', 'o1', 'o2'] epochs 65
o0_hybrid_rh24s1_11 stage 0 [0.999, 0.525, 0.754, 0.725]
o0_hybrid_rh24s1_11 stage 1 [0.682, 0.765, 0.52, 0.472]
o0_hybrid_rh24s1_11 stage 2 [0.998, 0.758, 1.0, 0.725]
o0_hybrid_rh24s1_11 stage 3 [1.0, 0.65, 0.754, 1.0]
o0_hybrid_rh96s2_11 stage 0 [0.999, 0.525, 0.754, 0.725]
o0_hybrid_rh96s2_11 stage 1 [0.806, 0.766, 0.528, 0.662]
o0_hybrid_rh96s2_11 stage 2 [0.998, 0.758, 1.0, 0.725]
o0_hybrid_rh96s2_11 stage 3 [1.0, 0.755, 0.864, 0.999]
o0_hybrid_rh192s4_11 stage 0 [0.999, 0.525, 0.754, 0.725]
o0_hybrid_rh192s4_11 stage 1 [0.998, 0.76, 0.578, 0.712]
o0_hybrid_rh192s4_11 stage 2 [0.998, 0.707, 1.0, 0.725]
o0_hybrid_rh192s4_11 stage 3 [1.0, 0.892, 0.982, 0.999]
o0_hybrid_rh24s1_22 stage 0 [0.998, 0.515, 0.733, 0.742]
o0_hybrid_rh24s1_22 stage 1 [0.987, 0.525, 0.695, 0.715]
o0_hybrid_rh24s1_22 stage 2 [0.97, 0.5, 0.992, 0.824]
o0_hybrid_rh24s1_22 stage 3 [0.733, 0.751, 0.736, 1.0]
o0_hybrid_rh96s2_22 stage 0 [0.998, 0.515, 0.733, 0.742]
o0_hybrid_rh96s2_22 stage 1 [0.973, 0.528, 0.68, 0.685]
o0_hybrid_rh96s2_22 stage 2 [0.962, 0.604, 0.991, 0.738]
o0_hybrid_rh96s2_22 stage 3 [0.727, 0.752, 0.736, 1.0]
o0_hybrid_rh192s4_22 stage 0 [0.998, 0.515, 0.733, 0.742]
o0_hybrid_rh192s4_22 stage 1 [0.984, 0.518, 0.7, 0.704]
o0_hybrid_rh192s4_22 stage 2 [0.973, 0.574, 0.993, 0.739]
o0_hybrid_rh192s4_22 stage 3 [0.945, 0.759, 0.736, 1.0]
o0_hybrid_rh24s1_33 stage 0 [0.991, 0.527, 0.754, 0.765]
o0_hybrid_rh24s1_33 stage 1 [0.857, 0.753, 0.501, 0.497]
o0_hybrid_rh24s1_33 stage 2 [0.964, 0.605, 0.987, 0.764]
o0_hybrid_rh24s1_33 stage 3 [0.771, 0.705, 0.787, 0.998]
o0_hybrid_rh96s2_33 stage 0 [0.991, 0.527, 0.754, 0.765]
o0_hybrid_rh96s2_33 stage 1 [0.85, 0.759, 0.515, 0.499]
o0_hybrid_rh96s2_33 stage 2 [0.978, 0.702, 0.991, 0.741]
o0_hybrid_rh96s2_33 stage 3 [0.812, 0.738, 0.799, 0.995]
o0_hybrid_rh192s4_33 stage 0 [0.991, 0.527, 0.754, 0.765]
o0_hybrid_rh192s4_33 stage 1 [0.897, 0.769, 0.517, 0.501]
o0_hybrid_rh192s4_33 stage 2 [0.979, 0.688, 0.991, 0.743]
o0_hybrid_rh192s4_33 stage 3 [0.945, 0.666, 0.796, 0.995]
o0_hybrid_rh24s1_44 stage 0 [0.998, 0.495, 0.753, 0.761]
o0_hybrid_rh24s1_44 stage 1 [0.898, 0.728, 0.709, 0.94]
o0_hybrid_rh24s1_44 stage 2 [0.979, 0.557, 0.997, 0.759]
o0_hybrid_rh24s1_44 stage 3 [0.996, 0.719, 0.804, 0.997]
o0_hybrid_rh96s2_44 stage 0 [0.998, 0.495, 0.753, 0.761]
o0_hybrid_rh96s2_44 stage 1 [0.91, 0.733, 0.723, 0.883]
o0_hybrid_rh96s2_44 stage 2 [0.975, 0.545, 0.999, 0.762]
o0_hybrid_rh96s2_44 stage 3 [0.95, 0.723, 0.772, 0.998]
o0_hybrid_rh192s4_44 stage 0 [0.998, 0.495, 0.753, 0.761]
o0_hybrid_rh192s4_44 stage 1 [0.882, 0.746, 0.724, 0.957]
o0_hybrid_rh192s4_44 stage 2 [0.917, 0.588, 1.0, 0.761]
o0_hybrid_rh192s4_44 stage 3 [0.987, 0.734, 0.812, 0.998]
o0_hybrid_rh24s1_55 stage 0 [0.999, 0.493, 0.751, 0.756]
o0_hybrid_rh24s1_55 stage 1 [0.847, 0.749, 0.711, 0.956]
o0_hybrid_rh24s1_55 stage 2 [0.982, 0.509, 0.988, 0.756]
o0_hybrid_rh24s1_55 stage 3 [0.764, 0.771, 0.75, 1.0]
o0_hybrid_rh96s2_55 stage 0 [0.999, 0.493, 0.751, 0.756]
o0_hybrid_rh96s2_55 stage 1 [0.955, 0.73, 0.711, 0.837]
o0_hybrid_rh96s2_55 stage 2 [0.989, 0.514, 0.992, 0.758]
o0_hybrid_rh96s2_55 stage 3 [0.983, 0.767, 0.759, 0.998]
o0_hybrid_rh192s4_55 stage 0 [0.999, 0.493, 0.751, 0.756]
o0_hybrid_rh192s4_55 stage 1 [0.982, 0.726, 0.734, 0.786]
o0_hybrid_rh192s4_55 stage 2 [0.982, 0.537, 0.989, 0.755]
o0_hybrid_rh192s4_55 stage 3 [0.998, 0.697, 0.881, 0.986]
o1_hybrid_rh24s1_11 stage 0 [0.756, 0.763, 0.753, 1.0]
o1_hybrid_rh24s1_11 stage 1 [0.762, 0.53, 0.996, 0.735]
o1_hybrid_rh24s1_11 stage 2 [0.546, 0.988, 0.665, 0.966]
o1_hybrid_rh24s1_11 stage 3 [0.997, 0.771, 0.766, 0.736]
o1_hybrid_rh96s2_11 stage 0 [0.756, 0.763, 0.753, 1.0]
o1_hybrid_rh96s2_11 stage 1 [0.762, 0.531, 0.997, 0.736]
o1_hybrid_rh96s2_11 stage 2 [0.569, 0.986, 0.725, 0.958]
o1_hybrid_rh96s2_11 stage 3 [0.996, 0.765, 0.954, 0.732]
o1_hybrid_rh192s4_11 stage 0 [0.756, 0.763, 0.753, 1.0]
o1_hybrid_rh192s4_11 stage 1 [0.762, 0.532, 0.996, 0.736]
o1_hybrid_rh192s4_11 stage 2 [0.575, 0.993, 0.871, 0.982]
o1_hybrid_rh192s4_11 stage 3 [0.995, 0.912, 0.936, 0.957]
o1_hybrid_rh24s1_22 stage 0 [0.735, 0.756, 0.734, 1.0]
o1_hybrid_rh24s1_22 stage 1 [0.726, 0.52, 0.991, 0.972]
o1_hybrid_rh24s1_22 stage 2 [0.519, 0.991, 0.576, 0.942]
o1_hybrid_rh24s1_22 stage 3 [0.993, 0.782, 0.733, 0.998]
o1_hybrid_rh96s2_22 stage 0 [0.735, 0.756, 0.734, 1.0]
o1_hybrid_rh96s2_22 stage 1 [0.726, 0.519, 0.991, 0.974]
o1_hybrid_rh96s2_22 stage 2 [0.521, 0.99, 0.578, 0.943]
o1_hybrid_rh96s2_22 stage 3 [0.993, 0.771, 0.734, 0.998]
o1_hybrid_rh192s4_22 stage 0 [0.735, 0.756, 0.734, 1.0]
o1_hybrid_rh192s4_22 stage 1 [0.727, 0.521, 0.992, 0.963]
o1_hybrid_rh192s4_22 stage 2 [0.593, 0.992, 0.709, 0.979]
o1_hybrid_rh192s4_22 stage 3 [0.991, 0.888, 0.733, 0.996]
o1_hybrid_rh24s1_33 stage 0 [0.761, 0.754, 0.748, 0.995]
o1_hybrid_rh24s1_33 stage 1 [0.737, 0.564, 0.96, 0.76]
o1_hybrid_rh24s1_33 stage 2 [0.536, 0.996, 0.55, 0.835]
o1_hybrid_rh24s1_33 stage 3 [0.998, 0.763, 0.77, 0.998]
o1_hybrid_rh96s2_33 stage 0 [0.761, 0.754, 0.748, 0.995]
o1_hybrid_rh96s2_33 stage 1 [0.737, 0.565, 0.96, 0.76]
o1_hybrid_rh96s2_33 stage 2 [0.536, 0.996, 0.548, 0.811]
o1_hybrid_rh96s2_33 stage 3 [0.997, 0.903, 0.701, 0.995]
o1_hybrid_rh192s4_33 stage 0 [0.761, 0.754, 0.748, 0.995]
o1_hybrid_rh192s4_33 stage 1 [0.737, 0.565, 0.96, 0.76]
o1_hybrid_rh192s4_33 stage 2 [0.536, 0.996, 0.548, 0.818]
o1_hybrid_rh192s4_33 stage 3 [0.997, 0.902, 0.728, 0.997]
o1_hybrid_rh24s1_44 stage 0 [0.753, 0.729, 0.754, 0.999]
o1_hybrid_rh24s1_44 stage 1 [0.817, 0.645, 0.979, 0.988]
o1_hybrid_rh24s1_44 stage 2 [0.487, 0.992, 0.732, 0.936]
o1_hybrid_rh24s1_44 stage 3 [0.994, 0.727, 0.779, 0.989]
o1_hybrid_rh96s2_44 stage 0 [0.753, 0.729, 0.754, 0.999]
o1_hybrid_rh96s2_44 stage 1 [0.81, 0.623, 0.973, 0.985]
o1_hybrid_rh96s2_44 stage 2 [0.504, 0.993, 0.726, 0.997]
o1_hybrid_rh96s2_44 stage 3 [0.993, 0.713, 0.774, 0.993]
o1_hybrid_rh192s4_44 stage 0 [0.753, 0.729, 0.754, 0.999]
o1_hybrid_rh192s4_44 stage 1 [0.792, 0.596, 0.975, 0.985]
o1_hybrid_rh192s4_44 stage 2 [0.525, 0.994, 0.919, 0.992]
o1_hybrid_rh192s4_44 stage 3 [0.994, 0.876, 0.822, 0.98]
o1_hybrid_rh24s1_55 stage 0 [0.77, 0.774, 0.751, 0.998]
o1_hybrid_rh24s1_55 stage 1 [0.764, 0.529, 0.983, 0.943]
o1_hybrid_rh24s1_55 stage 2 [0.539, 1.0, 0.82, 0.992]
o1_hybrid_rh24s1_55 stage 3 [0.995, 0.856, 0.758, 0.971]
o1_hybrid_rh96s2_55 stage 0 [0.77, 0.774, 0.751, 0.998]
o1_hybrid_rh96s2_55 stage 1 [0.764, 0.53, 0.983, 0.931]
o1_hybrid_rh96s2_55 stage 2 [0.537, 0.999, 0.833, 0.988]
o1_hybrid_rh96s2_55 stage 3 [0.997, 0.856, 0.757, 0.987]
o1_hybrid_rh192s4_55 stage 0 [0.77, 0.774, 0.751, 0.998]
o1_hybrid_rh192s4_55 stage 1 [0.765, 0.571, 0.984, 0.96]
o1_hybrid_rh192s4_55 stage 2 [0.53, 0.998, 0.946, 0.986]
o1_hybrid_rh192s4_55 stage 3 [0.997, 0.867, 0.905, 0.995]
o2_hybrid_rh24s1_11 stage 0 [0.517, 0.99, 0.525, 0.728]
o2_hybrid_rh24s1_11 stage 1 [0.726, 0.918, 0.712, 0.999]
o2_hybrid_rh24s1_11 stage 2 [0.996, 0.758, 0.744, 0.771]
o2_hybrid_rh24s1_11 stage 3 [0.952, 0.708, 1.0, 0.742]
o2_hybrid_rh96s2_11 stage 0 [0.517, 0.99, 0.525, 0.728]
o2_hybrid_rh96s2_11 stage 1 [0.729, 0.931, 0.717, 0.999]
o2_hybrid_rh96s2_11 stage 2 [0.998, 0.759, 0.746, 0.831]
o2_hybrid_rh96s2_11 stage 3 [0.987, 0.761, 1.0, 0.74]
o2_hybrid_rh192s4_11 stage 0 [0.517, 0.99, 0.525, 0.728]
o2_hybrid_rh192s4_11 stage 1 [0.732, 0.955, 0.723, 0.999]
o2_hybrid_rh192s4_11 stage 2 [0.997, 0.855, 0.745, 0.938]
o2_hybrid_rh192s4_11 stage 3 [0.999, 0.861, 1.0, 0.902]
o2_hybrid_rh24s1_22 stage 0 [0.498, 0.998, 0.502, 0.75]
o2_hybrid_rh24s1_22 stage 1 [0.697, 0.856, 0.727, 0.999]
o2_hybrid_rh24s1_22 stage 2 [0.989, 0.624, 0.618, 0.789]
o2_hybrid_rh24s1_22 stage 3 [0.759, 0.547, 0.998, 0.531]
o2_hybrid_rh96s2_22 stage 0 [0.498, 0.998, 0.502, 0.75]
o2_hybrid_rh96s2_22 stage 1 [0.698, 0.856, 0.727, 0.999]
o2_hybrid_rh96s2_22 stage 2 [0.998, 0.762, 0.734, 0.965]
o2_hybrid_rh96s2_22 stage 3 [0.772, 0.749, 0.999, 0.75]
o2_hybrid_rh192s4_22 stage 0 [0.498, 0.998, 0.502, 0.75]
o2_hybrid_rh192s4_22 stage 1 [0.697, 0.864, 0.728, 1.0]
o2_hybrid_rh192s4_22 stage 2 [0.998, 0.763, 0.734, 0.942]
o2_hybrid_rh192s4_22 stage 3 [0.995, 0.762, 0.999, 0.75]
o2_hybrid_rh24s1_33 stage 0 [0.528, 0.999, 0.516, 0.748]
o2_hybrid_rh24s1_33 stage 1 [0.742, 0.916, 0.745, 0.992]
o2_hybrid_rh24s1_33 stage 2 [0.997, 0.788, 0.684, 0.954]
o2_hybrid_rh24s1_33 stage 3 [0.767, 0.647, 0.999, 0.756]
o2_hybrid_rh96s2_33 stage 0 [0.528, 0.999, 0.516, 0.748]
o2_hybrid_rh96s2_33 stage 1 [0.726, 0.976, 0.737, 0.991]
o2_hybrid_rh96s2_33 stage 2 [0.716, 0.878, 0.755, 0.999]
o2_hybrid_rh96s2_33 stage 3 [0.783, 0.792, 0.992, 0.92]
o2_hybrid_rh192s4_33 stage 0 [0.528, 0.999, 0.516, 0.748]
o2_hybrid_rh192s4_33 stage 1 [0.73, 0.969, 0.74, 0.991]
o2_hybrid_rh192s4_33 stage 2 [0.708, 0.883, 0.756, 0.999]
o2_hybrid_rh192s4_33 stage 3 [0.826, 0.782, 0.992, 0.934]
o2_hybrid_rh24s1_44 stage 0 [0.479, 0.998, 0.502, 0.768]
o2_hybrid_rh24s1_44 stage 1 [0.754, 0.753, 0.754, 0.997]
o2_hybrid_rh24s1_44 stage 2 [0.998, 0.741, 0.731, 0.775]
o2_hybrid_rh24s1_44 stage 3 [0.758, 0.545, 0.999, 0.784]
o2_hybrid_rh96s2_44 stage 0 [0.479, 0.998, 0.502, 0.768]
o2_hybrid_rh96s2_44 stage 1 [0.754, 0.755, 0.754, 0.997]
o2_hybrid_rh96s2_44 stage 2 [0.997, 0.734, 0.753, 0.843]
o2_hybrid_rh96s2_44 stage 3 [0.758, 0.542, 0.999, 0.823]
o2_hybrid_rh192s4_44 stage 0 [0.479, 0.998, 0.502, 0.768]
o2_hybrid_rh192s4_44 stage 1 [0.75, 0.991, 0.751, 0.997]
o2_hybrid_rh192s4_44 stage 2 [0.994, 0.927, 0.746, 0.95]
o2_hybrid_rh192s4_44 stage 3 [0.745, 0.676, 0.998, 0.916]
o2_hybrid_rh24s1_55 stage 0 [0.517, 1.0, 0.485, 0.748]
o2_hybrid_rh24s1_55 stage 1 [0.765, 0.998, 0.507, 0.997]
o2_hybrid_rh24s1_55 stage 2 [0.994, 0.787, 0.735, 0.807]
o2_hybrid_rh24s1_55 stage 3 [0.78, 0.758, 0.999, 0.757]
o2_hybrid_rh96s2_55 stage 0 [0.517, 1.0, 0.485, 0.748]
o2_hybrid_rh96s2_55 stage 1 [0.764, 0.997, 0.501, 0.997]
o2_hybrid_rh96s2_55 stage 2 [0.994, 0.787, 0.733, 0.819]
o2_hybrid_rh96s2_55 stage 3 [0.947, 0.775, 0.999, 0.755]
o2_hybrid_rh192s4_55 stage 0 [0.517, 1.0, 0.485, 0.748]
o2_hybrid_rh192s4_55 stage 1 [0.764, 0.997, 0.502, 0.997]
o2_hybrid_rh192s4_55 stage 2 [0.995, 0.914, 0.6, 0.903]
o2_hybrid_rh192s4_55 stage 3 [0.965, 0.851, 0.999, 0.928]
