device cpu methods ['route_hold'] orders ['o0'] epochs 65
o0_route_hold_rh192_11 stage 0 [0.999, 0.525, 0.754, 0.725]
o0_route_hold_rh192_11 stage 1 [0.327, 0.767, 0.426, 0.612]
o0_route_hold_rh192_11 stage 2 [0.759, 0.523, 0.999, 0.725]
o0_route_hold_rh192_11 stage 3 [0.76, 0.763, 0.754, 1.0]
o0_route_hold_rh192_22 stage 0 [0.998, 0.515, 0.733, 0.742]
o0_route_hold_rh192_22 stage 1 [0.545, 0.513, 0.541, 0.753]
o0_route_hold_rh192_22 stage 2 [0.757, 0.52, 0.994, 0.729]
o0_route_hold_rh192_22 stage 3 [0.733, 0.757, 0.733, 1.0]
o0_route_hold_rh192_33 stage 0 [0.991, 0.527, 0.754, 0.765]
o0_route_hold_rh192_33 stage 1 [0.695, 0.757, 0.5, 0.491]
o0_route_hold_rh192_33 stage 2 [0.896, 0.726, 0.984, 0.779]
o0_route_hold_rh192_33 stage 3 [0.771, 0.503, 0.773, 0.99]
o0_route_hold_rh192_44 stage 0 [0.998, 0.495, 0.753, 0.761]
o0_route_hold_rh192_44 stage 1 [0.816, 0.724, 0.726, 0.958]
o0_route_hold_rh192_44 stage 2 [0.758, 0.498, 0.997, 0.758]
o0_route_hold_rh192_44 stage 3 [0.74, 0.72, 0.747, 0.997]
o0_route_hold_rh192_55 stage 0 [0.999, 0.493, 0.751, 0.756]
o0_route_hold_rh192_55 stage 1 [0.517, 0.512, 0.369, 0.478]
o0_route_hold_rh192_55 stage 2 [0.852, 0.506, 0.98, 0.742]
o0_route_hold_rh192_55 stage 3 [0.771, 0.768, 0.754, 0.996]
