device cpu methods ['route_hold'] orders ['o0'] epochs 65
o0_route_hold_rh192_11 stage 0 [0.999, 0.525, 0.754, 0.725]
o0_route_hold_rh192_11 stage 1 [0.325, 0.787, 0.446, 0.605]
o0_route_hold_rh192_11 stage 2 [0.759, 0.523, 0.999, 0.725]
o0_route_hold_rh192_11 stage 3 [0.76, 0.763, 0.754, 1.0]
o0_route_hold_rh192_22 stage 0 [0.998, 0.515, 0.733, 0.742]
o0_route_hold_rh192_22 stage 1 [0.537, 0.518, 0.539, 0.751]
o0_route_hold_rh192_22 stage 2 [0.897, 0.518, 0.994, 0.732]
o0_route_hold_rh192_22 stage 3 [0.73, 0.758, 0.734, 1.0]
o0_route_hold_rh192_33 stage 0 [0.991, 0.527, 0.754, 0.765]
o0_route_hold_rh192_33 stage 1 [0.695, 0.755, 0.498, 0.491]
o0_route_hold_rh192_33 stage 2 [0.929, 0.756, 0.983, 0.772]
o0_route_hold_rh192_33 stage 3 [0.767, 0.523, 0.788, 0.993]
o0_route_hold_rh192_44 stage 0 [0.998, 0.495, 0.753, 0.761]
o0_route_hold_rh192_44 stage 1 [0.81, 0.726, 0.725, 0.963]
o0_route_hold_rh192_44 stage 2 [0.889, 0.502, 0.997, 0.759]
o0_route_hold_rh192_44 stage 3 [0.713, 0.72, 0.739, 0.996]
o0_route_hold_rh192_55 stage 0 [0.999, 0.493, 0.751, 0.756]
o0_route_hold_rh192_55 stage 1 [0.517, 0.512, 0.369, 0.478]
o0_route_hold_rh192_55 stage 2 [0.934, 0.504, 0.983, 0.75]
o0_route_hold_rh192_55 stage 3 [0.77, 0.766, 0.755, 0.998]
