device cpu methods ['none'] orders ['o0', 'o1', 'o2'] epochs 65
o0_none_none_22 stage 0 [0.998, 0.515, 0.733, 0.742]
o0_none_none_22 stage 1 [0.5, 0.988, 0.502, 0.75]
o0_none_none_22 stage 2 [0.733, 0.516, 0.998, 0.74]
o0_none_none_22 stage 3 [0.736, 0.759, 0.734, 1.0]
o0_none_none_33 stage 0 [0.991, 0.527, 0.754, 0.765]
o0_none_none_33 stage 1 [0.696, 0.764, 0.497, 0.499]
o0_none_none_33 stage 2 [0.771, 0.526, 0.997, 0.754]
o0_none_none_33 stage 3 [0.768, 0.749, 0.763, 0.999]
o0_none_none_44 stage 0 [0.998, 0.495, 0.753, 0.761]
o0_none_none_44 stage 1 [0.494, 0.991, 0.514, 0.775]
o0_none_none_44 stage 2 [0.755, 0.493, 0.997, 0.76]
o0_none_none_44 stage 3 [0.756, 0.729, 0.757, 1.0]
o0_none_none_55 stage 0 [0.999, 0.493, 0.751, 0.756]
o0_none_none_55 stage 1 [0.523, 0.992, 0.487, 0.748]
o0_none_none_55 stage 2 [0.77, 0.492, 0.999, 0.753]
o0_none_none_55 stage 3 [0.77, 0.774, 0.752, 1.0]
o1_none_none_11 stage 0 [0.756, 0.763, 0.753, 1.0]
o1_none_none_11 stage 1 [0.757, 0.525, 0.998, 0.725]
o1_none_none_11 stage 2 [0.517, 0.999, 0.512, 0.689]
o1_none_none_11 stage 3 [0.998, 0.536, 0.754, 0.725]
o1_none_none_22 stage 0 [0.735, 0.756, 0.734, 1.0]
o1_none_none_22 stage 1 [0.729, 0.519, 0.993, 0.734]
o1_none_none_22 stage 2 [0.499, 0.999, 0.502, 0.751]
o1_none_none_22 stage 3 [0.999, 0.519, 0.734, 0.743]
o1_none_none_33 stage 0 [0.761, 0.754, 0.748, 0.995]
o1_none_none_33 stage 1 [0.766, 0.524, 0.996, 0.751]
o1_none_none_33 stage 2 [0.53, 0.999, 0.516, 0.751]
o1_none_none_33 stage 3 [0.999, 0.527, 0.761, 0.753]
o1_none_none_44 stage 0 [0.753, 0.729, 0.754, 0.999]
o1_none_none_44 stage 1 [0.754, 0.495, 0.999, 0.762]
o1_none_none_44 stage 2 [0.48, 0.997, 0.502, 0.768]
o1_none_none_44 stage 3 [0.996, 0.506, 0.758, 0.767]
o1_none_none_55 stage 0 [0.77, 0.774, 0.751, 0.998]
o1_none_none_55 stage 1 [0.767, 0.494, 0.993, 0.753]
o1_none_none_55 stage 2 [0.519, 1.0, 0.484, 0.748]
o1_none_none_55 stage 3 [1.0, 0.521, 0.751, 0.756]
o2_none_none_11 stage 0 [0.517, 0.99, 0.525, 0.728]
o2_none_none_11 stage 1 [0.758, 0.764, 0.753, 1.0]
o2_none_none_11 stage 2 [0.999, 0.525, 0.754, 0.731]
o2_none_none_11 stage 3 [0.76, 0.523, 1.0, 0.725]
o2_none_none_22 stage 0 [0.498, 0.998, 0.502, 0.75]
o2_none_none_22 stage 1 [0.729, 0.762, 0.73, 1.0]
o2_none_none_22 stage 2 [0.998, 0.514, 0.735, 0.743]
o2_none_none_22 stage 3 [0.735, 0.514, 1.0, 0.743]
o2_none_none_33 stage 0 [0.528, 0.999, 0.516, 0.748]
o2_none_none_33 stage 1 [0.759, 0.758, 0.75, 0.994]
o2_none_none_33 stage 2 [1.0, 0.521, 0.759, 0.752]
o2_none_none_33 stage 3 [0.768, 0.521, 0.998, 0.75]
o2_none_none_44 stage 0 [0.479, 0.998, 0.502, 0.768]
o2_none_none_44 stage 1 [0.755, 0.73, 0.755, 0.998]
o2_none_none_44 stage 2 [0.999, 0.494, 0.759, 0.765]
o2_none_none_44 stage 3 [0.756, 0.494, 1.0, 0.763]
o2_none_none_55 stage 0 [0.517, 1.0, 0.485, 0.748]
o2_none_none_55 stage 1 [0.767, 0.778, 0.69, 0.997]
o2_none_none_55 stage 2 [1.0, 0.493, 0.753, 0.763]
o2_none_none_55 stage 3 [0.77, 0.49, 1.0, 0.756]
