device cpu methods ['route_hold'] orders ['o0', 'o1', 'o2'] epochs 65
o0_route_hold_rh6_11 stage 0 [0.999, 0.525, 0.754, 0.725]
o0_route_hold_rh6_11 stage 1 [0.286, 0.762, 0.523, 0.471]
o0_route_hold_rh6_11 stage 2 [0.759, 0.645, 0.999, 0.725]
o0_route_hold_rh6_11 stage 3 [0.76, 0.763, 0.754, 1.0]
o0_route_hold_rh12_11 stage 0 [0.999, 0.525, 0.754, 0.725]
o0_route_hold_rh12_11 stage 1 [0.36, 0.779, 0.431, 0.524]
o0_route_hold_rh12_11 stage 2 [0.76, 0.739, 0.999, 0.725]
o0_route_hold_rh12_11 stage 3 [0.76, 0.763, 0.754, 1.0]
o0_route_hold_rh24_11 stage 0 [0.999, 0.525, 0.754, 0.725]
o0_route_hold_rh24_11 stage 1 [0.34, 0.771, 0.438, 0.529]
o0_route_hold_rh24_11 stage 2 [0.76, 0.729, 1.0, 0.725]
o0_route_hold_rh24_11 stage 3 [0.76, 0.763, 0.754, 1.0]
o0_route_hold_rh48_11 stage 0 [0.999, 0.525, 0.754, 0.725]
o0_route_hold_rh48_11 stage 1 [0.322, 0.774, 0.455, 0.52]
o0_route_hold_rh48_11 stage 2 [0.76, 0.732, 1.0, 0.725]
o0_route_hold_rh48_11 stage 3 [0.76, 0.763, 0.754, 1.0]
o0_route_hold_rh96_11 stage 0 [0.999, 0.525, 0.754, 0.725]
o0_route_hold_rh96_11 stage 1 [0.239, 0.774, 0.474, 0.513]
o0_route_hold_rh96_11 stage 2 [0.76, 0.712, 1.0, 0.725]
o0_route_hold_rh96_11 stage 3 [0.76, 0.763, 0.754, 1.0]
o0_route_hold_rh192_11 stage 0 [0.999, 0.525, 0.754, 0.725]
o0_route_hold_rh192_11 stage 1 [0.222, 0.774, 0.484, 0.512]
o0_route_hold_rh192_11 stage 2 [0.76, 0.719, 1.0, 0.725]
o0_route_hold_rh192_11 stage 3 [0.76, 0.763, 0.754, 1.0]
o0_route_hold_rh6_22 stage 0 [0.998, 0.515, 0.733, 0.742]
o0_route_hold_rh6_22 stage 1 [0.518, 0.528, 0.532, 0.756]
o0_route_hold_rh6_22 stage 2 [0.958, 0.516, 0.995, 0.737]
o0_route_hold_rh6_22 stage 3 [0.672, 0.747, 0.722, 1.0]
o0_route_hold_rh12_22 stage 0 [0.998, 0.515, 0.733, 0.742]
o0_route_hold_rh12_22 stage 1 [0.52, 0.53, 0.534, 0.756]
o0_route_hold_rh12_22 stage 2 [0.958, 0.516, 0.995, 0.737]
o0_route_hold_rh12_22 stage 3 [0.688, 0.751, 0.725, 1.0]
o0_route_hold_rh24_22 stage 0 [0.998, 0.515, 0.733, 0.742]
o0_route_hold_rh24_22 stage 1 [0.522, 0.518, 0.542, 0.756]
o0_route_hold_rh24_22 stage 2 [0.956, 0.517, 0.995, 0.737]
o0_route_hold_rh24_22 stage 3 [0.713, 0.753, 0.729, 1.0]
o0_route_hold_rh48_22 stage 0 [0.998, 0.515, 0.733, 0.742]
o0_route_hold_rh48_22 stage 1 [0.521, 0.521, 0.538, 0.755]
o0_route_hold_rh48_22 stage 2 [0.957, 0.516, 0.995, 0.737]
o0_route_hold_rh48_22 stage 3 [0.695, 0.751, 0.726, 1.0]
o0_route_hold_rh96_22 stage 0 [0.998, 0.515, 0.733, 0.742]
o0_route_hold_rh96_22 stage 1 [0.521, 0.523, 0.537, 0.756]
o0_route_hold_rh96_22 stage 2 [0.959, 0.516, 0.995, 0.737]
o0_route_hold_rh96_22 stage 3 [0.68, 0.752, 0.725, 1.0]
o0_route_hold_rh192_22 stage 0 [0.998, 0.515, 0.733, 0.742]
o0_route_hold_rh192_22 stage 1 [0.521, 0.522, 0.538, 0.755]
o0_route_hold_rh192_22 stage 2 [0.959, 0.516, 0.995, 0.737]
o0_route_hold_rh192_22 stage 3 [0.675, 0.75, 0.725, 1.0]
o0_route_hold_rh6_33 stage 0 [0.991, 0.527, 0.754, 0.765]
o0_route_hold_rh6_33 stage 1 [0.693, 0.751, 0.492, 0.493]
o0_route_hold_rh6_33 stage 2 [0.976, 0.622, 0.988, 0.758]
o0_route_hold_rh6_33 stage 3 [0.768, 0.716, 0.768, 0.998]
o0_route_hold_rh12_33 stage 0 [0.991, 0.527, 0.754, 0.765]
o0_route_hold_rh12_33 stage 1 [0.679, 0.753, 0.491, 0.499]
o0_route_hold_rh12_33 stage 2 [0.968, 0.622, 0.988, 0.76]
o0_route_hold_rh12_33 stage 3 [0.77, 0.737, 0.762, 0.998]
o0_route_hold_rh24_33 stage 0 [0.991, 0.527, 0.754, 0.765]
o0_route_hold_rh24_33 stage 1 [0.689, 0.753, 0.491, 0.497]
o0_route_hold_rh24_33 stage 2 [0.968, 0.613, 0.991, 0.758]
o0_route_hold_rh24_33 stage 3 [0.768, 0.707, 0.764, 0.998]
o0_route_hold_rh48_33 stage 0 [0.991, 0.527, 0.754, 0.765]
o0_route_hold_rh48_33 stage 1 [0.693, 0.753, 0.491, 0.497]
o0_route_hold_rh48_33 stage 2 [0.968, 0.613, 0.99, 0.758]
o0_route_hold_rh48_33 stage 3 [0.768, 0.713, 0.762, 0.998]
o0_route_hold_rh96_33 stage 0 [0.991, 0.527, 0.754, 0.765]
o0_route_hold_rh96_33 stage 1 [0.693, 0.754, 0.491, 0.495]
o0_route_hold_rh96_33 stage 2 [0.967, 0.618, 0.99, 0.757]
o0_route_hold_rh96_33 stage 3 [0.764, 0.631, 0.771, 0.998]
o0_route_hold_rh192_33 stage 0 [0.991, 0.527, 0.754, 0.765]
o0_route_hold_rh192_33 stage 1 [0.694, 0.753, 0.491, 0.493]
o0_route_hold_rh192_33 stage 2 [0.969, 0.621, 0.99, 0.757]
o0_route_hold_rh192_33 stage 3 [0.763, 0.637, 0.768, 0.998]
o0_route_hold_rh6_44 stage 0 [0.998, 0.495, 0.753, 0.761]
o0_route_hold_rh6_44 stage 1 [0.938, 0.726, 0.717, 0.96]
o0_route_hold_rh6_44 stage 2 [0.959, 0.531, 0.994, 0.758]
o0_route_hold_rh6_44 stage 3 [0.884, 0.717, 0.808, 0.998]
o0_route_hold_rh12_44 stage 0 [0.998, 0.495, 0.753, 0.761]
o0_route_hold_rh12_44 stage 1 [0.915, 0.736, 0.702, 0.732]
o0_route_hold_rh12_44 stage 2 [0.97, 0.552, 0.999, 0.761]
o0_route_hold_rh12_44 stage 3 [0.759, 0.723, 0.755, 0.999]
o0_route_hold_rh24_44 stage 0 [0.998, 0.495, 0.753, 0.761]
o0_route_hold_rh24_44 stage 1 [0.931, 0.728, 0.723, 0.95]
o0_route_hold_rh24_44 stage 2 [0.975, 0.562, 0.997, 0.76]
o0_route_hold_rh24_44 stage 3 [0.771, 0.722, 0.755, 0.999]
o0_route_hold_rh48_44 stage 0 [0.998, 0.495, 0.753, 0.761]
o0_route_hold_rh48_44 stage 1 [0.798, 0.741, 0.587, 0.646]
o0_route_hold_rh48_44 stage 2 [0.97, 0.538, 0.999, 0.761]
o0_route_hold_rh48_44 stage 3 [0.741, 0.723, 0.741, 0.998]
o0_route_hold_rh96_44 stage 0 [0.998, 0.495, 0.753, 0.761]
o0_route_hold_rh96_44 stage 1 [0.822, 0.746, 0.596, 0.643]
o0_route_hold_rh96_44 stage 2 [0.967, 0.525, 0.999, 0.762]
o0_route_hold_rh96_44 stage 3 [0.732, 0.723, 0.734, 0.997]
o0_route_hold_rh192_44 stage 0 [0.998, 0.495, 0.753, 0.761]
o0_route_hold_rh192_44 stage 1 [0.763, 0.747, 0.598, 0.644]
o0_route_hold_rh192_44 stage 2 [0.965, 0.516, 0.999, 0.762]
o0_route_hold_rh192_44 stage 3 [0.702, 0.722, 0.727, 0.997]
o0_route_hold_rh6_55 stage 0 [0.999, 0.493, 0.751, 0.756]
o0_route_hold_rh6_55 stage 1 [0.794, 0.536, 0.534, 0.698]
o0_route_hold_rh6_55 stage 2 [0.99, 0.507, 0.992, 0.758]
o0_route_hold_rh6_55 stage 3 [0.783, 0.771, 0.755, 0.999]
o0_route_hold_rh12_55 stage 0 [0.999, 0.493, 0.751, 0.756]
o0_route_hold_rh12_55 stage 1 [0.828, 0.67, 0.635, 0.814]
o0_route_hold_rh12_55 stage 2 [0.989, 0.519, 0.991, 0.758]
o0_route_hold_rh12_55 stage 3 [0.771, 0.772, 0.753, 0.999]
o0_route_hold_rh24_55 stage 0 [0.999, 0.493, 0.751, 0.756]
o0_route_hold_rh24_55 stage 1 [0.847, 0.72, 0.689, 0.915]
o0_route_hold_rh24_55 stage 2 [0.992, 0.534, 0.992, 0.758]
o0_route_hold_rh24_55 stage 3 [0.773, 0.772, 0.754, 1.0]
o0_route_hold_rh48_55 stage 0 [0.999, 0.493, 0.751, 0.756]
o0_route_hold_rh48_55 stage 1 [0.826, 0.674, 0.631, 0.821]
o0_route_hold_rh48_55 stage 2 [0.992, 0.517, 0.992, 0.759]
o0_route_hold_rh48_55 stage 3 [0.771, 0.773, 0.753, 0.999]
o0_route_hold_rh96_55 stage 0 [0.999, 0.493, 0.751, 0.756]
o0_route_hold_rh96_55 stage 1 [0.816, 0.625, 0.587, 0.771]
o0_route_hold_rh96_55 stage 2 [0.991, 0.513, 0.991, 0.758]
o0_route_hold_rh96_55 stage 3 [0.768, 0.772, 0.752, 0.999]
o0_route_hold_rh192_55 stage 0 [0.999, 0.493, 0.751, 0.756]
o0_route_hold_rh192_55 stage 1 [0.829, 0.697, 0.653, 0.86]
o0_route_hold_rh192_55 stage 2 [0.992, 0.521, 0.992, 0.759]
o0_route_hold_rh192_55 stage 3 [0.767, 0.773, 0.752, 0.999]
o1_route_hold_rh6_11 stage 0 [0.756, 0.763, 0.753, 1.0]
o1_route_hold_rh6_11 stage 1 [0.759, 0.528, 0.995, 0.735]
o1_route_hold_rh6_11 stage 2 [0.548, 0.987, 0.651, 0.904]
o1_route_hold_rh6_11 stage 3 [0.997, 0.784, 0.76, 0.738]
o1_route_hold_rh12_11 stage 0 [0.756, 0.763, 0.753, 1.0]
o1_route_hold_rh12_11 stage 1 [0.761, 0.533, 0.995, 0.736]
o1_route_hold_rh12_11 stage 2 [0.554, 0.987, 0.715, 0.896]
o1_route_hold_rh12_11 stage 3 [0.997, 0.801, 0.763, 0.74]
o1_route_hold_rh24_11 stage 0 [0.756, 0.763, 0.753, 1.0]
o1_route_hold_rh24_11 stage 1 [0.76, 0.534, 0.995, 0.737]
o1_route_hold_rh24_11 stage 2 [0.551, 0.987, 0.711, 0.896]
o1_route_hold_rh24_11 stage 3 [0.997, 0.798, 0.754, 0.736]
o1_route_hold_rh48_11 stage 0 [0.756, 0.763, 0.753, 1.0]
o1_route_hold_rh48_11 stage 1 [0.762, 0.533, 0.995, 0.737]
o1_route_hold_rh48_11 stage 2 [0.55, 0.987, 0.679, 0.885]
o1_route_hold_rh48_11 stage 3 [0.997, 0.789, 0.755, 0.735]
o1_route_hold_rh96_11 stage 0 [0.756, 0.763, 0.753, 1.0]
o1_route_hold_rh96_11 stage 1 [0.761, 0.534, 0.996, 0.737]
o1_route_hold_rh96_11 stage 2 [0.551, 0.985, 0.688, 0.857]
o1_route_hold_rh96_11 stage 3 [0.997, 0.799, 0.757, 0.738]
o1_route_hold_rh192_11 stage 0 [0.756, 0.763, 0.753, 1.0]
o1_route_hold_rh192_11 stage 1 [0.761, 0.533, 0.996, 0.736]
o1_route_hold_rh192_11 stage 2 [0.548, 0.987, 0.676, 0.864]
o1_route_hold_rh192_11 stage 3 [0.997, 0.794, 0.759, 0.736]
o1_route_hold_rh6_22 stage 0 [0.735, 0.756, 0.734, 1.0]
o1_route_hold_rh6_22 stage 1 [0.728, 0.521, 0.987, 0.898]
o1_route_hold_rh6_22 stage 2 [0.511, 0.995, 0.548, 0.938]
o1_route_hold_rh6_22 stage 3 [0.995, 0.698, 0.734, 0.732]
o1_route_hold_rh12_22 stage 0 [0.735, 0.756, 0.734, 1.0]
o1_route_hold_rh12_22 stage 1 [0.728, 0.521, 0.987, 0.889]
o1_route_hold_rh12_22 stage 2 [0.515, 0.996, 0.595, 0.934]
o1_route_hold_rh12_22 stage 3 [0.996, 0.652, 0.733, 0.735]
o1_route_hold_rh24_22 stage 0 [0.735, 0.756, 0.734, 1.0]
o1_route_hold_rh24_22 stage 1 [0.728, 0.521, 0.988, 0.878]
o1_route_hold_rh24_22 stage 2 [0.514, 0.996, 0.576, 0.934]
o1_route_hold_rh24_22 stage 3 [0.997, 0.679, 0.734, 0.71]
o1_route_hold_rh48_22 stage 0 [0.735, 0.756, 0.734, 1.0]
o1_route_hold_rh48_22 stage 1 [0.728, 0.521, 0.987, 0.882]
o1_route_hold_rh48_22 stage 2 [0.512, 0.996, 0.569, 0.934]
o1_route_hold_rh48_22 stage 3 [0.996, 0.658, 0.734, 0.713]
o1_route_hold_rh96_22 stage 0 [0.735, 0.756, 0.734, 1.0]
o1_route_hold_rh96_22 stage 1 [0.728, 0.521, 0.989, 0.886]
o1_route_hold_rh96_22 stage 2 [0.514, 0.996, 0.579, 0.937]
o1_route_hold_rh96_22 stage 3 [0.996, 0.684, 0.733, 0.739]
o1_route_hold_rh192_22 stage 0 [0.735, 0.756, 0.734, 1.0]
o1_route_hold_rh192_22 stage 1 [0.728, 0.521, 0.988, 0.887]
o1_route_hold_rh192_22 stage 2 [0.514, 0.996, 0.58, 0.937]
o1_route_hold_rh192_22 stage 3 [0.996, 0.675, 0.734, 0.73]
o1_route_hold_rh6_33 stage 0 [0.761, 0.754, 0.748, 0.995]
o1_route_hold_rh6_33 stage 1 [0.739, 0.563, 0.959, 0.766]
o1_route_hold_rh6_33 stage 2 [0.534, 0.996, 0.539, 0.778]
o1_route_hold_rh6_33 stage 3 [0.999, 0.762, 0.754, 0.998]
o1_route_hold_rh12_33 stage 0 [0.761, 0.754, 0.748, 0.995]
o1_route_hold_rh12_33 stage 1 [0.735, 0.568, 0.957, 0.76]
o1_route_hold_rh12_33 stage 2 [0.536, 0.996, 0.545, 0.81]
o1_route_hold_rh12_33 stage 3 [0.999, 0.761, 0.754, 0.999]
o1_route_hold_rh24_33 stage 0 [0.761, 0.754, 0.748, 0.995]
o1_route_hold_rh24_33 stage 1 [0.735, 0.569, 0.957, 0.76]
o1_route_hold_rh24_33 stage 2 [0.534, 0.996, 0.545, 0.82]
o1_route_hold_rh24_33 stage 3 [0.999, 0.762, 0.756, 1.0]
o1_route_hold_rh48_33 stage 0 [0.761, 0.754, 0.748, 0.995]
o1_route_hold_rh48_33 stage 1 [0.732, 0.573, 0.957, 0.759]
o1_route_hold_rh48_33 stage 2 [0.535, 0.996, 0.547, 0.814]
o1_route_hold_rh48_33 stage 3 [0.999, 0.764, 0.751, 1.0]
o1_route_hold_rh96_33 stage 0 [0.761, 0.754, 0.748, 0.995]
o1_route_hold_rh96_33 stage 1 [0.735, 0.57, 0.957, 0.76]
o1_route_hold_rh96_33 stage 2 [0.536, 0.996, 0.545, 0.807]
o1_route_hold_rh96_33 stage 3 [0.999, 0.761, 0.755, 0.999]
o1_route_hold_rh192_33 stage 0 [0.761, 0.754, 0.748, 0.995]
o1_route_hold_rh192_33 stage 1 [0.735, 0.569, 0.957, 0.76]
o1_route_hold_rh192_33 stage 2 [0.535, 0.996, 0.545, 0.812]
o1_route_hold_rh192_33 stage 3 [0.999, 0.761, 0.755, 1.0]
o1_route_hold_rh6_44 stage 0 [0.753, 0.729, 0.754, 0.999]
o1_route_hold_rh6_44 stage 1 [0.75, 0.503, 0.99, 0.805]
o1_route_hold_rh6_44 stage 2 [0.493, 0.992, 0.723, 0.848]
o1_route_hold_rh6_44 stage 3 [0.995, 0.416, 0.768, 0.754]
o1_route_hold_rh12_44 stage 0 [0.753, 0.729, 0.754, 0.999]
o1_route_hold_rh12_44 stage 1 [0.748, 0.507, 0.986, 0.82]
o1_route_hold_rh12_44 stage 2 [0.489, 0.992, 0.701, 0.899]
o1_route_hold_rh12_44 stage 3 [0.996, 0.487, 0.764, 0.812]
o1_route_hold_rh24_44 stage 0 [0.753, 0.729, 0.754, 0.999]
o1_route_hold_rh24_44 stage 1 [0.748, 0.508, 0.986, 0.822]
o1_route_hold_rh24_44 stage 2 [0.489, 0.992, 0.708, 0.875]
o1_route_hold_rh24_44 stage 3 [0.995, 0.434, 0.765, 0.813]
o1_route_hold_rh48_44 stage 0 [0.753, 0.729, 0.754, 0.999]
o1_route_hold_rh48_44 stage 1 [0.746, 0.508, 0.986, 0.821]
o1_route_hold_rh48_44 stage 2 [0.49, 0.992, 0.707, 0.905]
o1_route_hold_rh48_44 stage 3 [0.996, 0.418, 0.764, 0.814]
o1_route_hold_rh96_44 stage 0 [0.753, 0.729, 0.754, 0.999]
o1_route_hold_rh96_44 stage 1 [0.748, 0.507, 0.986, 0.824]
o1_route_hold_rh96_44 stage 2 [0.49, 0.992, 0.712, 0.905]
o1_route_hold_rh96_44 stage 3 [0.995, 0.4, 0.766, 0.814]
o1_route_hold_rh192_44 stage 0 [0.753, 0.729, 0.754, 0.999]
o1_route_hold_rh192_44 stage 1 [0.746, 0.507, 0.986, 0.827]
o1_route_hold_rh192_44 stage 2 [0.49, 0.992, 0.714, 0.912]
o1_route_hold_rh192_44 stage 3 [0.996, 0.399, 0.767, 0.814]
o1_route_hold_rh6_55 stage 0 [0.77, 0.774, 0.751, 0.998]
o1_route_hold_rh6_55 stage 1 [0.766, 0.497, 0.989, 0.854]
o1_route_hold_rh6_55 stage 2 [0.521, 0.995, 0.645, 0.906]
o1_route_hold_rh6_55 stage 3 [0.997, 0.697, 0.752, 0.821]
o1_route_hold_rh12_55 stage 0 [0.77, 0.774, 0.751, 0.998]
o1_route_hold_rh12_55 stage 1 [0.766, 0.503, 0.989, 0.825]
o1_route_hold_rh12_55 stage 2 [0.521, 0.994, 0.637, 0.902]
o1_route_hold_rh12_55 stage 3 [0.997, 0.701, 0.754, 0.822]
o1_route_hold_rh24_55 stage 0 [0.77, 0.774, 0.751, 0.998]
o1_route_hold_rh24_55 stage 1 [0.766, 0.5, 0.989, 0.842]
o1_route_hold_rh24_55 stage 2 [0.522, 0.995, 0.645, 0.911]
o1_route_hold_rh24_55 stage 3 [0.997, 0.631, 0.753, 0.817]
o1_route_hold_rh48_55 stage 0 [0.77, 0.774, 0.751, 0.998]
o1_route_hold_rh48_55 stage 1 [0.765, 0.501, 0.989, 0.825]
o1_route_hold_rh48_55 stage 2 [0.521, 0.994, 0.648, 0.911]
o1_route_hold_rh48_55 stage 3 [0.996, 0.637, 0.752, 0.806]
o1_route_hold_rh96_55 stage 0 [0.77, 0.774, 0.751, 0.998]
o1_route_hold_rh96_55 stage 1 [0.765, 0.503, 0.989, 0.821]
o1_route_hold_rh96_55 stage 2 [0.522, 0.994, 0.629, 0.904]
o1_route_hold_rh96_55 stage 3 [0.997, 0.662, 0.752, 0.804]
o1_route_hold_rh192_55 stage 0 [0.77, 0.774, 0.751, 0.998]
o1_route_hold_rh192_55 stage 1 [0.766, 0.504, 0.989, 0.817]
o1_route_hold_rh192_55 stage 2 [0.521, 0.994, 0.637, 0.903]
o1_route_hold_rh192_55 stage 3 [0.996, 0.696, 0.753, 0.811]
o2_route_hold_rh6_11 stage 0 [0.517, 0.99, 0.525, 0.728]
o2_route_hold_rh6_11 stage 1 [0.757, 0.762, 0.753, 1.0]
o2_route_hold_rh6_11 stage 2 [1.0, 0.524, 0.752, 0.588]
o2_route_hold_rh6_11 stage 3 [0.918, 0.516, 0.998, 0.531]
o2_route_hold_rh12_11 stage 0 [0.517, 0.99, 0.525, 0.728]
o2_route_hold_rh12_11 stage 1 [0.757, 0.757, 0.753, 1.0]
o2_route_hold_rh12_11 stage 2 [1.0, 0.524, 0.752, 0.595]
o2_route_hold_rh12_11 stage 3 [0.989, 0.518, 0.998, 0.544]
o2_route_hold_rh24_11 stage 0 [0.517, 0.99, 0.525, 0.728]
o2_route_hold_rh24_11 stage 1 [0.757, 0.752, 0.752, 1.0]
o2_route_hold_rh24_11 stage 2 [1.0, 0.526, 0.752, 0.625]
o2_route_hold_rh24_11 stage 3 [0.997, 0.519, 0.998, 0.553]
o2_route_hold_rh48_11 stage 0 [0.517, 0.99, 0.525, 0.728]
o2_route_hold_rh48_11 stage 1 [0.757, 0.754, 0.752, 1.0]
o2_route_hold_rh48_11 stage 2 [1.0, 0.526, 0.753, 0.58]
o2_route_hold_rh48_11 stage 3 [0.992, 0.519, 0.998, 0.566]
o2_route_hold_rh96_11 stage 0 [0.517, 0.99, 0.525, 0.728]
o2_route_hold_rh96_11 stage 1 [0.757, 0.757, 0.752, 1.0]
o2_route_hold_rh96_11 stage 2 [1.0, 0.525, 0.753, 0.59]
o2_route_hold_rh96_11 stage 3 [0.997, 0.519, 0.998, 0.556]
o2_route_hold_rh192_11 stage 0 [0.517, 0.99, 0.525, 0.728]
o2_route_hold_rh192_11 stage 1 [0.757, 0.756, 0.752, 1.0]
o2_route_hold_rh192_11 stage 2 [1.0, 0.524, 0.752, 0.576]
o2_route_hold_rh192_11 stage 3 [0.993, 0.518, 0.998, 0.566]
o2_route_hold_rh6_22 stage 0 [0.498, 0.998, 0.502, 0.75]
o2_route_hold_rh6_22 stage 1 [0.706, 0.839, 0.727, 0.999]
o2_route_hold_rh6_22 stage 2 [0.998, 0.52, 0.729, 0.754]
o2_route_hold_rh6_22 stage 3 [0.739, 0.515, 1.0, 0.698]
o2_route_hold_rh12_22 stage 0 [0.498, 0.998, 0.502, 0.75]
o2_route_hold_rh12_22 stage 1 [0.696, 0.869, 0.724, 0.999]
o2_route_hold_rh12_22 stage 2 [0.961, 0.625, 0.732, 1.0]
o2_route_hold_rh12_22 stage 3 [0.735, 0.462, 1.0, 0.26]
o2_route_hold_rh24_22 stage 0 [0.498, 0.998, 0.502, 0.75]
o2_route_hold_rh24_22 stage 1 [0.698, 0.862, 0.727, 0.999]
o2_route_hold_rh24_22 stage 2 [0.998, 0.508, 0.72, 0.97]
o2_route_hold_rh24_22 stage 3 [0.737, 0.469, 1.0, 0.263]
o2_route_hold_rh48_22 stage 0 [0.498, 0.998, 0.502, 0.75]
o2_route_hold_rh48_22 stage 1 [0.697, 0.861, 0.727, 0.999]
o2_route_hold_rh48_22 stage 2 [0.998, 0.512, 0.728, 0.873]
o2_route_hold_rh48_22 stage 3 [0.737, 0.5, 1.0, 0.262]
o2_route_hold_rh96_22 stage 0 [0.498, 0.998, 0.502, 0.75]
o2_route_hold_rh96_22 stage 1 [0.699, 0.861, 0.727, 0.999]
o2_route_hold_rh96_22 stage 2 [0.998, 0.509, 0.72, 0.831]
o2_route_hold_rh96_22 stage 3 [0.738, 0.502, 1.0, 0.265]
o2_route_hold_rh192_22 stage 0 [0.498, 0.998, 0.502, 0.75]
o2_route_hold_rh192_22 stage 1 [0.699, 0.869, 0.727, 0.999]
o2_route_hold_rh192_22 stage 2 [0.999, 0.523, 0.726, 0.999]
o2_route_hold_rh192_22 stage 3 [0.737, 0.451, 1.0, 0.263]
o2_route_hold_rh6_33 stage 0 [0.528, 0.999, 0.516, 0.748]
o2_route_hold_rh6_33 stage 1 [0.741, 0.886, 0.746, 0.992]
o2_route_hold_rh6_33 stage 2 [0.995, 0.655, 0.705, 0.978]
o2_route_hold_rh6_33 stage 3 [0.767, 0.552, 0.998, 0.757]
o2_route_hold_rh12_33 stage 0 [0.528, 0.999, 0.516, 0.748]
o2_route_hold_rh12_33 stage 1 [0.742, 0.912, 0.746, 0.993]
o2_route_hold_rh12_33 stage 2 [0.997, 0.771, 0.697, 0.938]
o2_route_hold_rh12_33 stage 3 [0.767, 0.561, 0.998, 0.732]
o2_route_hold_rh24_33 stage 0 [0.528, 0.999, 0.516, 0.748]
o2_route_hold_rh24_33 stage 1 [0.742, 0.915, 0.746, 0.993]
o2_route_hold_rh24_33 stage 2 [0.998, 0.779, 0.708, 0.821]
o2_route_hold_rh24_33 stage 3 [0.767, 0.581, 0.999, 0.686]
o2_route_hold_rh48_33 stage 0 [0.528, 0.999, 0.516, 0.748]
o2_route_hold_rh48_33 stage 1 [0.742, 0.918, 0.745, 0.993]
o2_route_hold_rh48_33 stage 2 [0.997, 0.786, 0.703, 0.812]
o2_route_hold_rh48_33 stage 3 [0.767, 0.596, 0.999, 0.684]
o2_route_hold_rh96_33 stage 0 [0.528, 0.999, 0.516, 0.748]
o2_route_hold_rh96_33 stage 1 [0.742, 0.914, 0.745, 0.993]
o2_route_hold_rh96_33 stage 2 [0.997, 0.786, 0.698, 0.834]
o2_route_hold_rh96_33 stage 3 [0.767, 0.579, 0.998, 0.667]
o2_route_hold_rh192_33 stage 0 [0.528, 0.999, 0.516, 0.748]
o2_route_hold_rh192_33 stage 1 [0.742, 0.909, 0.746, 0.993]
o2_route_hold_rh192_33 stage 2 [0.997, 0.79, 0.691, 0.853]
o2_route_hold_rh192_33 stage 3 [0.766, 0.594, 0.997, 0.685]
o2_route_hold_rh6_44 stage 0 [0.479, 0.998, 0.502, 0.768]
o2_route_hold_rh6_44 stage 1 [0.754, 0.75, 0.754, 0.997]
o2_route_hold_rh6_44 stage 2 [0.996, 0.736, 0.727, 0.777]
o2_route_hold_rh6_44 stage 3 [0.756, 0.507, 0.998, 0.755]
o2_route_hold_rh12_44 stage 0 [0.479, 0.998, 0.502, 0.768]
o2_route_hold_rh12_44 stage 1 [0.753, 0.759, 0.754, 0.997]
o2_route_hold_rh12_44 stage 2 [0.998, 0.736, 0.739, 0.779]
o2_route_hold_rh12_44 stage 3 [0.756, 0.516, 0.999, 0.789]
o2_route_hold_rh24_44 stage 0 [0.479, 0.998, 0.502, 0.768]
o2_route_hold_rh24_44 stage 1 [0.753, 0.759, 0.754, 0.997]
o2_route_hold_rh24_44 stage 2 [0.998, 0.736, 0.736, 0.781]
o2_route_hold_rh24_44 stage 3 [0.756, 0.517, 0.998, 0.747]
o2_route_hold_rh48_44 stage 0 [0.479, 0.998, 0.502, 0.768]
o2_route_hold_rh48_44 stage 1 [0.753, 0.761, 0.754, 0.997]
o2_route_hold_rh48_44 stage 2 [0.998, 0.736, 0.738, 0.783]
o2_route_hold_rh48_44 stage 3 [0.756, 0.519, 0.999, 0.808]
o2_route_hold_rh96_44 stage 0 [0.479, 0.998, 0.502, 0.768]
o2_route_hold_rh96_44 stage 1 [0.753, 0.762, 0.754, 0.997]
o2_route_hold_rh96_44 stage 2 [0.999, 0.736, 0.742, 0.781]
o2_route_hold_rh96_44 stage 3 [0.756, 0.512, 0.999, 0.781]
o2_route_hold_rh192_44 stage 0 [0.479, 0.998, 0.502, 0.768]
o2_route_hold_rh192_44 stage 1 [0.753, 0.765, 0.754, 0.997]
o2_route_hold_rh192_44 stage 2 [1.0, 0.735, 0.749, 0.78]
o2_route_hold_rh192_44 stage 3 [0.756, 0.508, 0.999, 0.754]
o2_route_hold_rh6_55 stage 0 [0.517, 1.0, 0.485, 0.748]
o2_route_hold_rh6_55 stage 1 [0.766, 0.999, 0.511, 0.997]
o2_route_hold_rh6_55 stage 2 [0.996, 0.786, 0.736, 0.91]
o2_route_hold_rh6_55 stage 3 [0.783, 0.552, 1.0, 0.76]
o2_route_hold_rh12_55 stage 0 [0.517, 1.0, 0.485, 0.748]
o2_route_hold_rh12_55 stage 1 [0.765, 0.998, 0.504, 0.997]
o2_route_hold_rh12_55 stage 2 [0.994, 0.787, 0.738, 0.897]
o2_route_hold_rh12_55 stage 3 [0.782, 0.578, 1.0, 0.757]
o2_route_hold_rh24_55 stage 0 [0.517, 1.0, 0.485, 0.748]
o2_route_hold_rh24_55 stage 1 [0.765, 0.998, 0.507, 0.997]
o2_route_hold_rh24_55 stage 2 [0.994, 0.787, 0.735, 0.847]
o2_route_hold_rh24_55 stage 3 [0.779, 0.557, 0.999, 0.757]
o2_route_hold_rh48_55 stage 0 [0.517, 1.0, 0.485, 0.748]
o2_route_hold_rh48_55 stage 1 [0.765, 0.997, 0.507, 0.997]
o2_route_hold_rh48_55 stage 2 [0.995, 0.787, 0.736, 0.846]
o2_route_hold_rh48_55 stage 3 [0.787, 0.535, 0.999, 0.757]
o2_route_hold_rh96_55 stage 0 [0.517, 1.0, 0.485, 0.748]
o2_route_hold_rh96_55 stage 1 [0.765, 0.997, 0.505, 0.997]
o2_route_hold_rh96_55 stage 2 [0.994, 0.787, 0.736, 0.846]
o2_route_hold_rh96_55 stage 3 [0.786, 0.525, 0.999, 0.759]
o2_route_hold_rh192_55 stage 0 [0.517, 1.0, 0.485, 0.748]
o2_route_hold_rh192_55 stage 1 [0.765, 0.996, 0.505, 0.997]
o2_route_hold_rh192_55 stage 2 [0.994, 0.787, 0.736, 0.876]
o2_route_hold_rh192_55 stage 3 [0.791, 0.525, 0.999, 0.757]
