device cpu methods ['route'] orders ['o0', 'o1', 'o2'] epochs 65
o0_route_r7_11 stage 0 [0.999, 0.525, 0.754, 0.725]
o0_route_r7_11 stage 1 [0.778, 0.76, 0.52, 0.471]
o0_route_r7_11 stage 2 [0.759, 0.742, 0.999, 0.725]
o0_route_r7_11 stage 3 [0.76, 0.763, 0.754, 1.0]
o0_route_r28_11 stage 0 [0.999, 0.525, 0.754, 0.725]
o0_route_r28_11 stage 1 [0.94, 0.759, 0.519, 0.477]
o0_route_r28_11 stage 2 [0.76, 0.753, 0.999, 0.725]
o0_route_r28_11 stage 3 [0.76, 0.763, 0.754, 1.0]
o0_route_r112_11 stage 0 [0.999, 0.525, 0.754, 0.725]
o0_route_r112_11 stage 1 [0.838, 0.76, 0.517, 0.477]
o0_route_r112_11 stage 2 [0.76, 0.755, 0.999, 0.725]
o0_route_r112_11 stage 3 [0.76, 0.763, 0.754, 1.0]
o0_route_r7_22 stage 0 [0.998, 0.515, 0.733, 0.742]
o0_route_r7_22 stage 1 [0.521, 0.588, 0.524, 0.756]
o0_route_r7_22 stage 2 [0.938, 0.517, 0.995, 0.737]
o0_route_r7_22 stage 3 [0.619, 0.756, 0.727, 1.0]
o0_route_r28_22 stage 0 [0.998, 0.515, 0.733, 0.742]
o0_route_r28_22 stage 1 [0.526, 0.524, 0.534, 0.754]
o0_route_r28_22 stage 2 [0.935, 0.517, 0.995, 0.737]
o0_route_r28_22 stage 3 [0.68, 0.754, 0.73, 1.0]
o0_route_r112_22 stage 0 [0.998, 0.515, 0.733, 0.742]
o0_route_r112_22 stage 1 [0.52, 0.558, 0.527, 0.752]
o0_route_r112_22 stage 2 [0.946, 0.517, 0.995, 0.737]
o0_route_r112_22 stage 3 [0.598, 0.756, 0.729, 1.0]
o0_route_r7_33 stage 0 [0.991, 0.527, 0.754, 0.765]
o0_route_r7_33 stage 1 [0.695, 0.749, 0.492, 0.495]
o0_route_r7_33 stage 2 [0.97, 0.633, 0.987, 0.761]
o0_route_r7_33 stage 3 [0.771, 0.722, 0.767, 0.998]
o0_route_r28_33 stage 0 [0.991, 0.527, 0.754, 0.765]
o0_route_r28_33 stage 1 [0.695, 0.756, 0.491, 0.497]
o0_route_r28_33 stage 2 [0.969, 0.618, 0.993, 0.76]
o0_route_r28_33 stage 3 [0.771, 0.73, 0.761, 0.999]
o0_route_r112_33 stage 0 [0.991, 0.527, 0.754, 0.765]
o0_route_r112_33 stage 1 [0.699, 0.753, 0.491, 0.496]
o0_route_r112_33 stage 2 [0.971, 0.621, 0.992, 0.759]
o0_route_r112_33 stage 3 [0.77, 0.725, 0.765, 0.999]
o0_route_r7_44 stage 0 [0.998, 0.495, 0.753, 0.761]
o0_route_r7_44 stage 1 [0.94, 0.728, 0.726, 0.966]
o0_route_r7_44 stage 2 [0.937, 0.51, 0.995, 0.757]
o0_route_r7_44 stage 3 [0.88, 0.72, 0.79, 0.998]
o0_route_r28_44 stage 0 [0.998, 0.495, 0.753, 0.761]
o0_route_r28_44 stage 1 [0.938, 0.729, 0.726, 0.959]
o0_route_r28_44 stage 2 [0.973, 0.518, 0.996, 0.759]
o0_route_r28_44 stage 3 [0.765, 0.723, 0.76, 0.999]
o0_route_r112_44 stage 0 [0.998, 0.495, 0.753, 0.761]
o0_route_r112_44 stage 1 [0.838, 0.745, 0.697, 0.733]
o0_route_r112_44 stage 2 [0.947, 0.507, 0.998, 0.761]
o0_route_r112_44 stage 3 [0.603, 0.723, 0.725, 0.997]
o0_route_r7_55 stage 0 [0.999, 0.493, 0.751, 0.756]
o0_route_r7_55 stage 1 [0.844, 0.751, 0.721, 0.956]
o0_route_r7_55 stage 2 [0.983, 0.506, 0.992, 0.758]
o0_route_r7_55 stage 3 [0.764, 0.765, 0.75, 0.998]
o0_route_r28_55 stage 0 [0.999, 0.493, 0.751, 0.756]
o0_route_r28_55 stage 1 [0.852, 0.752, 0.721, 0.957]
o0_route_r28_55 stage 2 [0.981, 0.507, 0.992, 0.758]
o0_route_r28_55 stage 3 [0.764, 0.766, 0.75, 0.998]
o0_route_r112_55 stage 0 [0.999, 0.493, 0.751, 0.756]
o0_route_r112_55 stage 1 [0.846, 0.754, 0.723, 0.961]
o0_route_r112_55 stage 2 [0.978, 0.507, 0.989, 0.757]
o0_route_r112_55 stage 3 [0.762, 0.765, 0.75, 0.998]
o1_route_r7_11 stage 0 [0.756, 0.763, 0.753, 1.0]
o1_route_r7_11 stage 1 [0.757, 0.533, 0.995, 0.736]
o1_route_r7_11 stage 2 [0.565, 0.987, 0.736, 0.878]
o1_route_r7_11 stage 3 [0.997, 0.797, 0.754, 0.73]
o1_route_r28_11 stage 0 [0.756, 0.763, 0.753, 1.0]
o1_route_r28_11 stage 1 [0.757, 0.536, 0.995, 0.736]
o1_route_r28_11 stage 2 [0.592, 0.987, 0.699, 0.855]
o1_route_r28_11 stage 3 [0.997, 0.81, 0.754, 0.73]
o1_route_r112_11 stage 0 [0.756, 0.763, 0.753, 1.0]
o1_route_r112_11 stage 1 [0.757, 0.536, 0.995, 0.736]
o1_route_r112_11 stage 2 [0.585, 0.986, 0.714, 0.853]
o1_route_r112_11 stage 3 [0.997, 0.805, 0.754, 0.73]
o1_route_r7_22 stage 0 [0.735, 0.756, 0.734, 1.0]
o1_route_r7_22 stage 1 [0.728, 0.52, 0.992, 0.896]
o1_route_r7_22 stage 2 [0.499, 0.998, 0.513, 0.939]
o1_route_r7_22 stage 3 [0.995, 0.725, 0.736, 0.958]
o1_route_r28_22 stage 0 [0.735, 0.756, 0.734, 1.0]
o1_route_r28_22 stage 1 [0.728, 0.521, 0.991, 0.873]
o1_route_r28_22 stage 2 [0.513, 0.998, 0.56, 0.937]
o1_route_r28_22 stage 3 [0.996, 0.68, 0.735, 0.943]
o1_route_r112_22 stage 0 [0.735, 0.756, 0.734, 1.0]
o1_route_r112_22 stage 1 [0.728, 0.521, 0.991, 0.887]
o1_route_r112_22 stage 2 [0.512, 0.998, 0.564, 0.938]
o1_route_r112_22 stage 3 [0.995, 0.667, 0.735, 0.962]
o1_route_r7_33 stage 0 [0.761, 0.754, 0.748, 0.995]
o1_route_r7_33 stage 1 [0.747, 0.552, 0.964, 0.755]
o1_route_r7_33 stage 2 [0.532, 0.997, 0.528, 0.778]
o1_route_r7_33 stage 3 [1.0, 0.754, 0.758, 0.998]
o1_route_r28_33 stage 0 [0.761, 0.754, 0.748, 0.995]
o1_route_r28_33 stage 1 [0.743, 0.555, 0.96, 0.754]
o1_route_r28_33 stage 2 [0.532, 0.997, 0.527, 0.803]
o1_route_r28_33 stage 3 [0.999, 0.753, 0.756, 1.0]
o1_route_r112_33 stage 0 [0.761, 0.754, 0.748, 0.995]
o1_route_r112_33 stage 1 [0.743, 0.555, 0.96, 0.753]
o1_route_r112_33 stage 2 [0.532, 0.997, 0.527, 0.785]
o1_route_r112_33 stage 3 [0.999, 0.752, 0.757, 1.0]
o1_route_r7_44 stage 0 [0.753, 0.729, 0.754, 0.999]
o1_route_r7_44 stage 1 [0.749, 0.5, 0.987, 0.79]
o1_route_r7_44 stage 2 [0.486, 0.994, 0.636, 0.877]
o1_route_r7_44 stage 3 [0.994, 0.608, 0.758, 0.798]
o1_route_r28_44 stage 0 [0.753, 0.729, 0.754, 0.999]
o1_route_r28_44 stage 1 [0.749, 0.502, 0.986, 0.798]
o1_route_r28_44 stage 2 [0.487, 0.995, 0.646, 0.864]
o1_route_r28_44 stage 3 [0.997, 0.547, 0.757, 0.789]
o1_route_r112_44 stage 0 [0.753, 0.729, 0.754, 0.999]
o1_route_r112_44 stage 1 [0.749, 0.503, 0.986, 0.796]
o1_route_r112_44 stage 2 [0.488, 0.995, 0.66, 0.898]
o1_route_r112_44 stage 3 [0.997, 0.513, 0.758, 0.788]
o1_route_r7_55 stage 0 [0.77, 0.774, 0.751, 0.998]
o1_route_r7_55 stage 1 [0.766, 0.5, 0.989, 0.797]
o1_route_r7_55 stage 2 [0.522, 0.996, 0.647, 0.879]
o1_route_r7_55 stage 3 [0.996, 0.67, 0.753, 0.776]
o1_route_r28_55 stage 0 [0.77, 0.774, 0.751, 0.998]
o1_route_r28_55 stage 1 [0.766, 0.5, 0.989, 0.819]
o1_route_r28_55 stage 2 [0.525, 0.995, 0.619, 0.907]
o1_route_r28_55 stage 3 [0.996, 0.561, 0.75, 0.802]
o1_route_r112_55 stage 0 [0.77, 0.774, 0.751, 0.998]
o1_route_r112_55 stage 1 [0.766, 0.501, 0.989, 0.805]
o1_route_r112_55 stage 2 [0.522, 0.995, 0.609, 0.893]
o1_route_r112_55 stage 3 [0.997, 0.626, 0.75, 0.793]
o2_route_r7_11 stage 0 [0.517, 0.99, 0.525, 0.728]
o2_route_r7_11 stage 1 [0.756, 0.786, 0.753, 1.0]
o2_route_r7_11 stage 2 [1.0, 0.524, 0.752, 0.519]
o2_route_r7_11 stage 3 [0.968, 0.517, 0.998, 0.536]
o2_route_r28_11 stage 0 [0.517, 0.99, 0.525, 0.728]
o2_route_r28_11 stage 1 [0.757, 0.775, 0.753, 1.0]
o2_route_r28_11 stage 2 [1.0, 0.524, 0.751, 0.528]
o2_route_r28_11 stage 3 [0.989, 0.517, 0.998, 0.571]
o2_route_r112_11 stage 0 [0.517, 0.99, 0.525, 0.728]
o2_route_r112_11 stage 1 [0.757, 0.773, 0.753, 1.0]
o2_route_r112_11 stage 2 [1.0, 0.524, 0.751, 0.52]
o2_route_r112_11 stage 3 [0.992, 0.517, 0.998, 0.588]
o2_route_r7_22 stage 0 [0.498, 0.998, 0.502, 0.75]
o2_route_r7_22 stage 1 [0.706, 0.827, 0.728, 0.999]
o2_route_r7_22 stage 2 [0.998, 0.522, 0.728, 0.756]
o2_route_r7_22 stage 3 [0.739, 0.515, 1.0, 0.572]
o2_route_r28_22 stage 0 [0.498, 0.998, 0.502, 0.75]
o2_route_r28_22 stage 1 [0.699, 0.845, 0.727, 0.999]
o2_route_r28_22 stage 2 [0.899, 0.747, 0.734, 1.0]
o2_route_r28_22 stage 3 [0.736, 0.472, 1.0, 0.259]
o2_route_r112_22 stage 0 [0.498, 0.998, 0.502, 0.75]
o2_route_r112_22 stage 1 [0.699, 0.851, 0.727, 0.999]
o2_route_r112_22 stage 2 [0.85, 0.677, 0.734, 1.0]
o2_route_r112_22 stage 3 [0.735, 0.29, 1.0, 0.259]
o2_route_r7_33 stage 0 [0.528, 0.999, 0.516, 0.748]
o2_route_r7_33 stage 1 [0.743, 0.877, 0.746, 0.993]
o2_route_r7_33 stage 2 [0.997, 0.727, 0.722, 1.0]
o2_route_r7_33 stage 3 [0.767, 0.526, 1.0, 0.913]
o2_route_r28_33 stage 0 [0.528, 0.999, 0.516, 0.748]
o2_route_r28_33 stage 1 [0.743, 0.89, 0.748, 0.993]
o2_route_r28_33 stage 2 [0.997, 0.772, 0.719, 0.941]
o2_route_r28_33 stage 3 [0.768, 0.567, 0.999, 0.814]
o2_route_r112_33 stage 0 [0.528, 0.999, 0.516, 0.748]
o2_route_r112_33 stage 1 [0.743, 0.888, 0.747, 0.993]
o2_route_r112_33 stage 2 [0.997, 0.773, 0.721, 0.953]
o2_route_r112_33 stage 3 [0.767, 0.547, 1.0, 0.815]
o2_route_r7_44 stage 0 [0.479, 0.998, 0.502, 0.768]
o2_route_r7_44 stage 1 [0.754, 0.746, 0.754, 0.997]
o2_route_r7_44 stage 2 [0.992, 0.594, 0.729, 0.827]
o2_route_r7_44 stage 3 [0.756, 0.496, 0.998, 0.645]
o2_route_r28_44 stage 0 [0.479, 0.998, 0.502, 0.768]
o2_route_r28_44 stage 1 [0.754, 0.748, 0.754, 0.997]
o2_route_r28_44 stage 2 [0.996, 0.736, 0.729, 0.796]
o2_route_r28_44 stage 3 [0.755, 0.519, 0.998, 0.731]
o2_route_r112_44 stage 0 [0.479, 0.998, 0.502, 0.768]
o2_route_r112_44 stage 1 [0.754, 0.749, 0.754, 0.997]
o2_route_r112_44 stage 2 [0.996, 0.736, 0.73, 0.79]
o2_route_r112_44 stage 3 [0.756, 0.515, 0.998, 0.792]
o2_route_r7_55 stage 0 [0.517, 1.0, 0.485, 0.748]
o2_route_r7_55 stage 1 [0.767, 0.995, 0.504, 0.997]
o2_route_r7_55 stage 2 [0.995, 0.785, 0.739, 0.99]
o2_route_r7_55 stage 3 [0.779, 0.645, 1.0, 0.879]
o2_route_r28_55 stage 0 [0.517, 1.0, 0.485, 0.748]
o2_route_r28_55 stage 1 [0.767, 0.996, 0.507, 0.997]
o2_route_r28_55 stage 2 [0.995, 0.783, 0.74, 0.972]
o2_route_r28_55 stage 3 [0.793, 0.559, 1.0, 0.782]
o2_route_r112_55 stage 0 [0.517, 1.0, 0.485, 0.748]
o2_route_r112_55 stage 1 [0.766, 0.995, 0.505, 0.997]
o2_route_r112_55 stage 2 [0.995, 0.785, 0.739, 0.983]
o2_route_r112_55 stage 3 [0.791, 0.546, 1.0, 0.782]
