device cpu methods ['sample'] orders ['o0', 'o1', 'o2'] epochs 65
o0_sample_s1_11 stage 0 [0.999, 0.525, 0.754, 0.725]
o0_sample_s1_11 stage 1 [0.744, 0.995, 0.518, 0.734]
o0_sample_s1_11 stage 2 [0.75, 0.761, 1.0, 0.725]
o0_sample_s1_11 stage 3 [0.754, 0.9, 0.754, 1.0]
o0_sample_s2_11 stage 0 [0.999, 0.525, 0.754, 0.725]
o0_sample_s2_11 stage 1 [0.556, 0.982, 0.526, 0.691]
o0_sample_s2_11 stage 2 [0.721, 0.763, 1.0, 0.724]
o0_sample_s2_11 stage 3 [0.755, 0.765, 0.872, 1.0]
o0_sample_s4_11 stage 0 [0.999, 0.525, 0.754, 0.725]
o0_sample_s4_11 stage 1 [0.531, 0.985, 0.522, 0.673]
o0_sample_s4_11 stage 2 [0.747, 0.908, 1.0, 0.726]
o0_sample_s4_11 stage 3 [0.727, 0.984, 0.849, 1.0]
o0_sample_s8_11 stage 0 [0.999, 0.525, 0.754, 0.725]
o0_sample_s8_11 stage 1 [0.945, 0.991, 0.512, 0.628]
o0_sample_s8_11 stage 2 [0.999, 0.766, 1.0, 0.725]
o0_sample_s8_11 stage 3 [0.994, 0.855, 0.79, 1.0]
o0_sample_s16_11 stage 0 [0.999, 0.525, 0.754, 0.725]
o0_sample_s16_11 stage 1 [0.942, 0.993, 0.512, 0.641]
o0_sample_s16_11 stage 2 [0.999, 0.781, 1.0, 0.725]
o0_sample_s16_11 stage 3 [0.984, 0.992, 0.935, 1.0]
o0_sample_s32_11 stage 0 [0.999, 0.525, 0.754, 0.725]
o0_sample_s32_11 stage 1 [0.964, 0.994, 0.513, 0.644]
o0_sample_s32_11 stage 2 [1.0, 0.795, 1.0, 0.725]
o0_sample_s32_11 stage 3 [0.982, 0.981, 0.948, 1.0]
o0_sample_s1_22 stage 0 [0.998, 0.515, 0.733, 0.742]
o0_sample_s1_22 stage 1 [0.499, 0.994, 0.502, 0.75]
o0_sample_s1_22 stage 2 [0.735, 0.743, 0.998, 0.739]
o0_sample_s1_22 stage 3 [0.736, 0.758, 0.732, 1.0]
o0_sample_s2_22 stage 0 [0.998, 0.515, 0.733, 0.742]
o0_sample_s2_22 stage 1 [0.675, 0.991, 0.503, 0.75]
o0_sample_s2_22 stage 2 [0.738, 0.731, 0.998, 0.739]
o0_sample_s2_22 stage 3 [0.736, 0.758, 0.734, 1.0]
o0_sample_s4_22 stage 0 [0.998, 0.515, 0.733, 0.742]
o0_sample_s4_22 stage 1 [0.851, 0.993, 0.511, 0.756]
o0_sample_s4_22 stage 2 [0.996, 0.515, 0.998, 0.743]
o0_sample_s4_22 stage 3 [0.994, 0.76, 0.734, 1.0]
o0_sample_s8_22 stage 0 [0.998, 0.515, 0.733, 0.742]
o0_sample_s8_22 stage 1 [0.916, 0.993, 0.512, 0.759]
o0_sample_s8_22 stage 2 [0.998, 0.661, 0.997, 0.739]
o0_sample_s8_22 stage 3 [0.995, 0.931, 0.733, 1.0]
o0_sample_s16_22 stage 0 [0.998, 0.515, 0.733, 0.742]
o0_sample_s16_22 stage 1 [0.923, 0.992, 0.512, 0.76]
o0_sample_s16_22 stage 2 [0.999, 0.699, 0.998, 0.74]
o0_sample_s16_22 stage 3 [0.996, 0.981, 0.981, 1.0]
o0_sample_s32_22 stage 0 [0.998, 0.515, 0.733, 0.742]
o0_sample_s32_22 stage 1 [0.941, 0.995, 0.512, 0.758]
o0_sample_s32_22 stage 2 [0.999, 0.905, 0.997, 0.73]
o0_sample_s32_22 stage 3 [0.999, 0.999, 0.999, 1.0]
o0_sample_s1_33 stage 0 [0.991, 0.527, 0.754, 0.765]
o0_sample_s1_33 stage 1 [0.663, 0.764, 0.498, 0.501]
o0_sample_s1_33 stage 2 [0.779, 0.525, 0.997, 0.751]
o0_sample_s1_33 stage 3 [0.742, 0.747, 0.777, 0.998]
o0_sample_s2_33 stage 0 [0.991, 0.527, 0.754, 0.765]
o0_sample_s2_33 stage 1 [0.746, 0.771, 0.514, 0.509]
o0_sample_s2_33 stage 2 [0.709, 0.683, 0.991, 0.741]
o0_sample_s2_33 stage 3 [0.671, 0.825, 0.762, 0.996]
o0_sample_s4_33 stage 0 [0.991, 0.527, 0.754, 0.765]
o0_sample_s4_33 stage 1 [0.761, 0.77, 0.516, 0.507]
o0_sample_s4_33 stage 2 [0.667, 0.756, 0.993, 0.745]
o0_sample_s4_33 stage 3 [0.691, 0.785, 0.762, 0.996]
o0_sample_s8_33 stage 0 [0.991, 0.527, 0.754, 0.765]
o0_sample_s8_33 stage 1 [0.729, 0.766, 0.51, 0.506]
o0_sample_s8_33 stage 2 [0.966, 0.763, 0.993, 0.748]
o0_sample_s8_33 stage 3 [0.634, 0.846, 0.97, 0.993]
o0_sample_s16_33 stage 0 [0.991, 0.527, 0.754, 0.765]
o0_sample_s16_33 stage 1 [0.892, 0.828, 0.529, 0.597]
o0_sample_s16_33 stage 2 [0.977, 0.747, 0.997, 0.754]
o0_sample_s16_33 stage 3 [0.758, 0.98, 0.98, 0.997]
o0_sample_s32_33 stage 0 [0.991, 0.527, 0.754, 0.765]
o0_sample_s32_33 stage 1 [0.932, 0.838, 0.57, 0.681]
o0_sample_s32_33 stage 2 [0.99, 0.773, 0.997, 0.754]
o0_sample_s32_33 stage 3 [0.957, 0.99, 0.99, 0.997]
o0_sample_s1_44 stage 0 [0.998, 0.495, 0.753, 0.761]
o0_sample_s1_44 stage 1 [0.738, 0.991, 0.518, 0.777]
o0_sample_s1_44 stage 2 [0.756, 0.722, 1.0, 0.764]
o0_sample_s1_44 stage 3 [0.756, 0.73, 0.758, 1.0]
o0_sample_s2_44 stage 0 [0.998, 0.495, 0.753, 0.761]
o0_sample_s2_44 stage 1 [0.741, 0.991, 0.519, 0.777]
o0_sample_s2_44 stage 2 [0.756, 0.552, 1.0, 0.764]
o0_sample_s2_44 stage 3 [0.756, 0.73, 0.758, 1.0]
o0_sample_s4_44 stage 0 [0.998, 0.495, 0.753, 0.761]
o0_sample_s4_44 stage 1 [0.736, 0.991, 0.518, 0.777]
o0_sample_s4_44 stage 2 [0.756, 0.801, 1.0, 0.759]
o0_sample_s4_44 stage 3 [0.756, 0.961, 0.992, 0.999]
o0_sample_s8_44 stage 0 [0.998, 0.495, 0.753, 0.761]
o0_sample_s8_44 stage 1 [0.742, 0.991, 0.52, 0.777]
o0_sample_s8_44 stage 2 [0.763, 0.975, 0.997, 0.758]
o0_sample_s8_44 stage 3 [0.756, 0.99, 0.987, 0.999]
o0_sample_s16_44 stage 0 [0.998, 0.495, 0.753, 0.761]
o0_sample_s16_44 stage 1 [0.741, 0.991, 0.519, 0.777]
o0_sample_s16_44 stage 2 [0.76, 0.974, 0.997, 0.758]
o0_sample_s16_44 stage 3 [0.756, 0.991, 0.979, 0.999]
o0_sample_s32_44 stage 0 [0.998, 0.495, 0.753, 0.761]
o0_sample_s32_44 stage 1 [0.963, 0.991, 0.521, 0.777]
o0_sample_s32_44 stage 2 [0.756, 0.956, 1.0, 0.759]
o0_sample_s32_44 stage 3 [1.0, 0.987, 0.994, 0.999]
o0_sample_s1_55 stage 0 [0.999, 0.493, 0.751, 0.756]
o0_sample_s1_55 stage 1 [0.75, 0.992, 0.487, 0.751]
o0_sample_s1_55 stage 2 [0.77, 0.493, 0.999, 0.753]
o0_sample_s1_55 stage 3 [0.77, 0.776, 0.752, 1.0]
o0_sample_s2_55 stage 0 [0.999, 0.493, 0.751, 0.756]
o0_sample_s2_55 stage 1 [0.871, 0.992, 0.488, 0.747]
o0_sample_s2_55 stage 2 [0.9, 0.493, 0.999, 0.753]
o0_sample_s2_55 stage 3 [0.995, 0.774, 0.752, 1.0]
o0_sample_s4_55 stage 0 [0.999, 0.493, 0.751, 0.756]
o0_sample_s4_55 stage 1 [0.845, 0.993, 0.488, 0.747]
o0_sample_s4_55 stage 2 [0.999, 0.59, 0.999, 0.752]
o0_sample_s4_55 stage 3 [1.0, 0.668, 0.992, 0.995]
o0_sample_s8_55 stage 0 [0.999, 0.493, 0.751, 0.756]
o0_sample_s8_55 stage 1 [0.96, 0.993, 0.488, 0.745]
o0_sample_s8_55 stage 2 [1.0, 0.843, 0.999, 0.751]
o0_sample_s8_55 stage 3 [1.0, 0.919, 0.995, 0.996]
o0_sample_s16_55 stage 0 [0.999, 0.493, 0.751, 0.756]
o0_sample_s16_55 stage 1 [0.975, 0.992, 0.488, 0.749]
o0_sample_s16_55 stage 2 [1.0, 0.939, 0.999, 0.755]
o0_sample_s16_55 stage 3 [1.0, 0.99, 0.997, 0.997]
o0_sample_s32_55 stage 0 [0.999, 0.493, 0.751, 0.756]
o0_sample_s32_55 stage 1 [0.971, 0.992, 0.488, 0.746]
o0_sample_s32_55 stage 2 [1.0, 0.948, 0.999, 0.753]
o0_sample_s32_55 stage 3 [1.0, 0.99, 0.997, 0.997]
o1_sample_s1_11 stage 0 [0.756, 0.763, 0.753, 1.0]
o1_sample_s1_11 stage 1 [0.758, 0.523, 0.998, 0.725]
o1_sample_s1_11 stage 2 [0.525, 0.997, 0.788, 0.724]
o1_sample_s1_11 stage 3 [0.998, 0.861, 0.754, 0.725]
o1_sample_s2_11 stage 0 [0.756, 0.763, 0.753, 1.0]
o1_sample_s2_11 stage 1 [0.758, 0.524, 0.998, 0.725]
o1_sample_s2_11 stage 2 [0.589, 0.996, 0.906, 0.723]
o1_sample_s2_11 stage 3 [0.998, 0.879, 1.0, 0.725]
o1_sample_s4_11 stage 0 [0.756, 0.763, 0.753, 1.0]
o1_sample_s4_11 stage 1 [0.758, 0.523, 0.998, 0.725]
o1_sample_s4_11 stage 2 [0.56, 0.996, 0.937, 0.725]
o1_sample_s4_11 stage 3 [0.998, 0.996, 1.0, 0.725]
o1_sample_s8_11 stage 0 [0.756, 0.763, 0.753, 1.0]
o1_sample_s8_11 stage 1 [0.758, 0.523, 0.998, 0.725]
o1_sample_s8_11 stage 2 [0.556, 0.996, 0.989, 0.725]
o1_sample_s8_11 stage 3 [0.998, 0.986, 1.0, 0.725]
o1_sample_s16_11 stage 0 [0.756, 0.763, 0.753, 1.0]
o1_sample_s16_11 stage 1 [0.761, 0.525, 0.998, 0.93]
o1_sample_s16_11 stage 2 [0.523, 0.998, 0.983, 0.997]
o1_sample_s16_11 stage 3 [0.998, 0.976, 1.0, 0.997]
o1_sample_s32_11 stage 0 [0.756, 0.763, 0.753, 1.0]
o1_sample_s32_11 stage 1 [0.771, 0.528, 0.998, 0.983]
o1_sample_s32_11 stage 2 [0.519, 0.999, 0.988, 1.0]
o1_sample_s32_11 stage 3 [0.998, 0.966, 1.0, 1.0]
o1_sample_s1_22 stage 0 [0.735, 0.756, 0.734, 1.0]
o1_sample_s1_22 stage 1 [0.729, 0.519, 0.993, 0.733]
o1_sample_s1_22 stage 2 [0.5, 1.0, 0.504, 0.75]
o1_sample_s1_22 stage 3 [0.997, 0.761, 0.637, 0.698]
o1_sample_s2_22 stage 0 [0.735, 0.756, 0.734, 1.0]
o1_sample_s2_22 stage 1 [0.729, 0.519, 0.993, 0.737]
o1_sample_s2_22 stage 2 [0.499, 1.0, 0.504, 0.75]
o1_sample_s2_22 stage 3 [0.997, 0.758, 0.733, 0.743]
o1_sample_s4_22 stage 0 [0.735, 0.756, 0.734, 1.0]
o1_sample_s4_22 stage 1 [0.729, 0.519, 0.993, 0.731]
o1_sample_s4_22 stage 2 [0.5, 0.999, 0.727, 0.769]
o1_sample_s4_22 stage 3 [0.997, 0.758, 0.736, 0.744]
o1_sample_s8_22 stage 0 [0.735, 0.756, 0.734, 1.0]
o1_sample_s8_22 stage 1 [0.731, 0.518, 0.994, 0.739]
o1_sample_s8_22 stage 2 [0.498, 0.999, 0.728, 0.999]
o1_sample_s8_22 stage 3 [0.996, 0.975, 0.735, 0.746]
o1_sample_s16_22 stage 0 [0.735, 0.756, 0.734, 1.0]
o1_sample_s16_22 stage 1 [0.735, 0.523, 0.996, 0.995]
o1_sample_s16_22 stage 2 [0.553, 0.998, 0.944, 0.999]
o1_sample_s16_22 stage 3 [0.998, 0.998, 1.0, 1.0]
o1_sample_s32_22 stage 0 [0.735, 0.756, 0.734, 1.0]
o1_sample_s32_22 stage 1 [0.735, 0.523, 0.996, 0.991]
o1_sample_s32_22 stage 2 [0.584, 0.998, 0.979, 1.0]
o1_sample_s32_22 stage 3 [0.998, 0.998, 1.0, 1.0]
o1_sample_s1_33 stage 0 [0.761, 0.754, 0.748, 0.995]
o1_sample_s1_33 stage 1 [0.765, 0.524, 0.997, 0.751]
o1_sample_s1_33 stage 2 [0.529, 0.998, 0.545, 0.907]
o1_sample_s1_33 stage 3 [0.999, 0.523, 0.826, 0.767]
o1_sample_s2_33 stage 0 [0.761, 0.754, 0.748, 0.995]
o1_sample_s2_33 stage 1 [0.765, 0.524, 0.997, 0.75]
o1_sample_s2_33 stage 2 [0.529, 0.998, 0.539, 0.905]
o1_sample_s2_33 stage 3 [0.999, 0.784, 0.828, 0.793]
o1_sample_s4_33 stage 0 [0.761, 0.754, 0.748, 0.995]
o1_sample_s4_33 stage 1 [0.765, 0.524, 0.997, 0.75]
o1_sample_s4_33 stage 2 [0.529, 0.998, 0.538, 0.937]
o1_sample_s4_33 stage 3 [0.999, 0.786, 0.78, 0.759]
o1_sample_s8_33 stage 0 [0.761, 0.754, 0.748, 0.995]
o1_sample_s8_33 stage 1 [0.766, 0.53, 0.997, 0.961]
o1_sample_s8_33 stage 2 [0.529, 0.998, 0.744, 0.983]
o1_sample_s8_33 stage 3 [1.0, 0.983, 0.981, 1.0]
o1_sample_s16_33 stage 0 [0.761, 0.754, 0.748, 0.995]
o1_sample_s16_33 stage 1 [0.768, 0.528, 0.997, 0.957]
o1_sample_s16_33 stage 2 [0.53, 0.998, 0.744, 0.981]
o1_sample_s16_33 stage 3 [1.0, 0.934, 0.993, 1.0]
o1_sample_s32_33 stage 0 [0.761, 0.754, 0.748, 0.995]
o1_sample_s32_33 stage 1 [0.767, 0.531, 0.997, 0.96]
o1_sample_s32_33 stage 2 [0.53, 0.998, 0.741, 0.981]
o1_sample_s32_33 stage 3 [0.999, 0.998, 1.0, 1.0]
o1_sample_s1_44 stage 0 [0.753, 0.729, 0.754, 0.999]
o1_sample_s1_44 stage 1 [0.785, 0.545, 0.999, 0.994]
o1_sample_s1_44 stage 2 [0.481, 0.996, 0.502, 0.925]
o1_sample_s1_44 stage 3 [0.996, 0.659, 0.722, 0.998]
o1_sample_s2_44 stage 0 [0.753, 0.729, 0.754, 0.999]
o1_sample_s2_44 stage 1 [0.783, 0.524, 0.999, 0.993]
o1_sample_s2_44 stage 2 [0.481, 0.997, 0.503, 0.996]
o1_sample_s2_44 stage 3 [0.996, 0.623, 0.596, 1.0]
o1_sample_s4_44 stage 0 [0.753, 0.729, 0.754, 0.999]
o1_sample_s4_44 stage 1 [0.768, 0.521, 0.999, 0.994]
o1_sample_s4_44 stage 2 [0.483, 0.997, 0.761, 0.998]
o1_sample_s4_44 stage 3 [0.997, 0.851, 0.862, 0.987]
o1_sample_s8_44 stage 0 [0.753, 0.729, 0.754, 0.999]
o1_sample_s8_44 stage 1 [0.755, 0.511, 0.999, 0.994]
o1_sample_s8_44 stage 2 [0.482, 0.996, 0.792, 0.998]
o1_sample_s8_44 stage 3 [0.995, 0.993, 0.905, 1.0]
o1_sample_s16_44 stage 0 [0.753, 0.729, 0.754, 0.999]
o1_sample_s16_44 stage 1 [0.754, 0.502, 0.999, 0.984]
o1_sample_s16_44 stage 2 [0.482, 0.996, 0.73, 0.997]
o1_sample_s16_44 stage 3 [0.997, 0.992, 0.913, 0.998]
o1_sample_s32_44 stage 0 [0.753, 0.729, 0.754, 0.999]
o1_sample_s32_44 stage 1 [0.754, 0.507, 0.999, 0.984]
o1_sample_s32_44 stage 2 [0.483, 0.996, 0.784, 0.996]
o1_sample_s32_44 stage 3 [0.997, 0.99, 0.994, 0.995]
o1_sample_s1_55 stage 0 [0.77, 0.774, 0.751, 0.998]
o1_sample_s1_55 stage 1 [0.78, 0.527, 0.993, 0.944]
o1_sample_s1_55 stage 2 [0.521, 1.0, 0.771, 0.916]
o1_sample_s1_55 stage 3 [1.0, 0.495, 0.752, 0.876]
o1_sample_s2_55 stage 0 [0.77, 0.774, 0.751, 0.998]
o1_sample_s2_55 stage 1 [0.775, 0.52, 0.993, 0.937]
o1_sample_s2_55 stage 2 [0.521, 0.999, 0.761, 0.777]
o1_sample_s2_55 stage 3 [0.999, 0.503, 0.752, 0.941]
o1_sample_s4_55 stage 0 [0.77, 0.774, 0.751, 0.998]
o1_sample_s4_55 stage 1 [0.776, 0.53, 0.993, 0.97]
o1_sample_s4_55 stage 2 [0.522, 1.0, 0.981, 0.997]
o1_sample_s4_55 stage 3 [1.0, 0.746, 1.0, 0.998]
o1_sample_s8_55 stage 0 [0.77, 0.774, 0.751, 0.998]
o1_sample_s8_55 stage 1 [0.769, 0.523, 0.994, 0.97]
o1_sample_s8_55 stage 2 [0.526, 1.0, 0.982, 0.997]
o1_sample_s8_55 stage 3 [1.0, 0.999, 0.99, 0.998]
o1_sample_s16_55 stage 0 [0.77, 0.774, 0.751, 0.998]
o1_sample_s16_55 stage 1 [0.767, 0.515, 0.993, 0.966]
o1_sample_s16_55 stage 2 [0.53, 1.0, 0.954, 0.997]
o1_sample_s16_55 stage 3 [1.0, 1.0, 1.0, 0.998]
o1_sample_s32_55 stage 0 [0.77, 0.774, 0.751, 0.998]
o1_sample_s32_55 stage 1 [0.769, 0.517, 0.993, 0.976]
o1_sample_s32_55 stage 2 [0.526, 1.0, 0.972, 0.997]
o1_sample_s32_55 stage 3 [1.0, 1.0, 1.0, 0.998]
o2_sample_s1_11 stage 0 [0.517, 0.99, 0.525, 0.728]
o2_sample_s1_11 stage 1 [0.728, 0.93, 0.718, 0.999]
o2_sample_s1_11 stage 2 [0.999, 0.76, 0.754, 0.994]
o2_sample_s1_11 stage 3 [0.927, 0.761, 1.0, 0.998]
o2_sample_s2_11 stage 0 [0.517, 0.99, 0.525, 0.728]
o2_sample_s2_11 stage 1 [0.737, 0.927, 0.729, 0.999]
o2_sample_s2_11 stage 2 [0.999, 0.761, 0.754, 0.905]
o2_sample_s2_11 stage 3 [0.984, 0.761, 1.0, 0.873]
o2_sample_s4_11 stage 0 [0.517, 0.99, 0.525, 0.728]
o2_sample_s4_11 stage 1 [0.74, 0.949, 0.731, 0.999]
o2_sample_s4_11 stage 2 [0.997, 0.761, 0.753, 0.919]
o2_sample_s4_11 stage 3 [0.997, 0.912, 1.0, 0.739]
o2_sample_s8_11 stage 0 [0.517, 0.99, 0.525, 0.728]
o2_sample_s8_11 stage 1 [0.751, 0.948, 0.742, 0.999]
o2_sample_s8_11 stage 2 [0.999, 0.759, 0.754, 0.918]
o2_sample_s8_11 stage 3 [0.998, 0.956, 1.0, 0.728]
o2_sample_s16_11 stage 0 [0.517, 0.99, 0.525, 0.728]
o2_sample_s16_11 stage 1 [0.75, 0.951, 0.735, 0.999]
o2_sample_s16_11 stage 2 [0.999, 0.758, 0.754, 1.0]
o2_sample_s16_11 stage 3 [0.996, 0.979, 1.0, 1.0]
o2_sample_s32_11 stage 0 [0.517, 0.99, 0.525, 0.728]
o2_sample_s32_11 stage 1 [0.75, 0.95, 0.738, 0.999]
o2_sample_s32_11 stage 2 [0.997, 0.757, 0.754, 1.0]
o2_sample_s32_11 stage 3 [0.999, 0.995, 1.0, 1.0]
o2_sample_s1_22 stage 0 [0.498, 0.998, 0.502, 0.75]
o2_sample_s1_22 stage 1 [0.729, 0.76, 0.73, 1.0]
o2_sample_s1_22 stage 2 [0.997, 0.76, 0.734, 0.812]
o2_sample_s1_22 stage 3 [0.735, 0.76, 0.999, 0.743]
o2_sample_s2_22 stage 0 [0.498, 0.998, 0.502, 0.75]
o2_sample_s2_22 stage 1 [0.729, 0.76, 0.73, 1.0]
o2_sample_s2_22 stage 2 [0.997, 0.76, 0.735, 0.996]
o2_sample_s2_22 stage 3 [0.735, 0.76, 0.999, 0.743]
o2_sample_s4_22 stage 0 [0.498, 0.998, 0.502, 0.75]
o2_sample_s4_22 stage 1 [0.729, 0.76, 0.73, 1.0]
o2_sample_s4_22 stage 2 [0.997, 0.76, 0.735, 0.913]
o2_sample_s4_22 stage 3 [0.869, 0.76, 0.999, 0.743]
o2_sample_s8_22 stage 0 [0.498, 0.998, 0.502, 0.75]
o2_sample_s8_22 stage 1 [0.723, 0.896, 0.73, 1.0]
o2_sample_s8_22 stage 2 [0.998, 0.726, 0.732, 0.743]
o2_sample_s8_22 stage 3 [1.0, 0.784, 0.999, 0.743]
o2_sample_s16_22 stage 0 [0.498, 0.998, 0.502, 0.75]
o2_sample_s16_22 stage 1 [0.703, 0.998, 0.729, 1.0]
o2_sample_s16_22 stage 2 [0.997, 0.791, 0.733, 1.0]
o2_sample_s16_22 stage 3 [1.0, 0.991, 0.999, 1.0]
o2_sample_s32_22 stage 0 [0.498, 0.998, 0.502, 0.75]
o2_sample_s32_22 stage 1 [0.683, 0.998, 0.727, 1.0]
o2_sample_s32_22 stage 2 [0.998, 0.986, 0.73, 0.999]
o2_sample_s32_22 stage 3 [1.0, 0.999, 0.998, 1.0]
o2_sample_s1_33 stage 0 [0.528, 0.999, 0.516, 0.748]
o2_sample_s1_33 stage 1 [0.759, 0.754, 0.749, 0.994]
o2_sample_s1_33 stage 2 [1.0, 0.524, 0.759, 0.757]
o2_sample_s1_33 stage 3 [0.768, 0.521, 0.998, 0.75]
o2_sample_s2_33 stage 0 [0.528, 0.999, 0.516, 0.748]
o2_sample_s2_33 stage 1 [0.735, 0.971, 0.745, 0.992]
o2_sample_s2_33 stage 2 [0.999, 0.754, 0.758, 0.756]
o2_sample_s2_33 stage 3 [0.869, 0.77, 0.999, 0.751]
o2_sample_s4_33 stage 0 [0.528, 0.999, 0.516, 0.748]
o2_sample_s4_33 stage 1 [0.741, 0.965, 0.745, 0.992]
o2_sample_s4_33 stage 2 [1.0, 0.761, 0.758, 0.756]
o2_sample_s4_33 stage 3 [0.868, 0.77, 0.998, 0.752]
o2_sample_s8_33 stage 0 [0.528, 0.999, 0.516, 0.748]
o2_sample_s8_33 stage 1 [0.746, 0.96, 0.746, 0.992]
o2_sample_s8_33 stage 2 [0.999, 0.804, 0.757, 0.999]
o2_sample_s8_33 stage 3 [0.876, 0.649, 0.997, 0.996]
o2_sample_s16_33 stage 0 [0.528, 0.999, 0.516, 0.748]
o2_sample_s16_33 stage 1 [0.739, 0.995, 0.745, 0.992]
o2_sample_s16_33 stage 2 [0.997, 0.85, 0.755, 0.999]
o2_sample_s16_33 stage 3 [1.0, 0.735, 0.997, 0.998]
o2_sample_s32_33 stage 0 [0.528, 0.999, 0.516, 0.748]
o2_sample_s32_33 stage 1 [0.733, 0.995, 0.745, 0.992]
o2_sample_s32_33 stage 2 [0.997, 0.779, 0.758, 1.0]
o2_sample_s32_33 stage 3 [0.999, 0.995, 0.996, 0.999]
o2_sample_s1_44 stage 0 [0.479, 0.998, 0.502, 0.768]
o2_sample_s1_44 stage 1 [0.755, 0.73, 0.755, 0.998]
o2_sample_s1_44 stage 2 [0.998, 0.73, 0.759, 0.999]
o2_sample_s1_44 stage 3 [0.756, 0.73, 1.0, 0.995]
o2_sample_s2_44 stage 0 [0.479, 0.998, 0.502, 0.768]
o2_sample_s2_44 stage 1 [0.755, 0.73, 0.755, 0.998]
o2_sample_s2_44 stage 2 [0.997, 0.73, 0.759, 0.999]
o2_sample_s2_44 stage 3 [0.756, 0.73, 1.0, 0.991]
o2_sample_s4_44 stage 0 [0.479, 0.998, 0.502, 0.768]
o2_sample_s4_44 stage 1 [0.754, 0.854, 0.755, 0.998]
o2_sample_s4_44 stage 2 [1.0, 0.831, 0.758, 0.996]
o2_sample_s4_44 stage 3 [0.813, 0.852, 1.0, 0.909]
o2_sample_s8_44 stage 0 [0.479, 0.998, 0.502, 0.768]
o2_sample_s8_44 stage 1 [0.754, 0.997, 0.756, 0.997]
o2_sample_s8_44 stage 2 [1.0, 0.853, 0.758, 0.983]
o2_sample_s8_44 stage 3 [0.756, 0.996, 0.999, 0.997]
o2_sample_s16_44 stage 0 [0.479, 0.998, 0.502, 0.768]
o2_sample_s16_44 stage 1 [0.756, 0.997, 0.755, 0.998]
o2_sample_s16_44 stage 2 [0.998, 0.961, 0.758, 0.978]
o2_sample_s16_44 stage 3 [0.756, 0.994, 0.999, 0.991]
o2_sample_s32_44 stage 0 [0.479, 0.998, 0.502, 0.768]
o2_sample_s32_44 stage 1 [0.754, 0.995, 0.755, 0.997]
o2_sample_s32_44 stage 2 [1.0, 0.762, 0.758, 0.985]
o2_sample_s32_44 stage 3 [0.998, 0.989, 0.999, 0.993]
o2_sample_s1_55 stage 0 [0.517, 1.0, 0.485, 0.748]
o2_sample_s1_55 stage 1 [0.767, 0.774, 0.688, 0.997]
o2_sample_s1_55 stage 2 [1.0, 0.592, 0.753, 1.0]
o2_sample_s1_55 stage 3 [0.77, 0.503, 1.0, 0.911]
o2_sample_s2_55 stage 0 [0.517, 1.0, 0.485, 0.748]
o2_sample_s2_55 stage 1 [0.767, 0.774, 0.688, 0.997]
o2_sample_s2_55 stage 2 [1.0, 0.616, 0.753, 1.0]
o2_sample_s2_55 stage 3 [0.998, 0.506, 1.0, 1.0]
o2_sample_s4_55 stage 0 [0.517, 1.0, 0.485, 0.748]
o2_sample_s4_55 stage 1 [0.767, 0.94, 0.666, 0.997]
o2_sample_s4_55 stage 2 [1.0, 0.716, 0.752, 1.0]
o2_sample_s4_55 stage 3 [0.998, 0.716, 0.999, 1.0]
o2_sample_s8_55 stage 0 [0.517, 1.0, 0.485, 0.748]
o2_sample_s8_55 stage 1 [0.767, 0.934, 0.668, 0.997]
o2_sample_s8_55 stage 2 [0.995, 0.853, 0.628, 1.0]
o2_sample_s8_55 stage 3 [0.998, 0.854, 0.999, 1.0]
o2_sample_s16_55 stage 0 [0.517, 1.0, 0.485, 0.748]
o2_sample_s16_55 stage 1 [0.767, 0.984, 0.55, 0.997]
o2_sample_s16_55 stage 2 [0.996, 0.917, 0.535, 1.0]
o2_sample_s16_55 stage 3 [0.998, 0.957, 0.999, 1.0]
o2_sample_s32_55 stage 0 [0.517, 1.0, 0.485, 0.748]
o2_sample_s32_55 stage 1 [0.767, 0.992, 0.551, 0.997]
o2_sample_s32_55 stage 2 [0.997, 0.939, 0.541, 1.0]
o2_sample_s32_55 stage 3 [0.998, 0.97, 0.999, 1.0]
