phase A topos ['single-random', 'single-central', 'multi8', 'multi16', 'distributed'] sws [0.9] alphas [None] ratios [0, 0.125] epochs 65
single-central_o0_r12.5_33 stage 0 [0.994, 0.521, 0.759, 0.754]
single-central_o2_r0_33 stage 0 [0.528, 0.999, 0.516, 0.747]
single-central_o1_r0_33 stage 0 [0.763, 0.753, 0.751, 0.991]
single-central_o0_r12.5_22 stage 0 [0.993, 0.521, 0.729, 0.739]
single-central_o2_r12.5_33 stage 0 [0.528, 0.999, 0.516, 0.747]
single-central_o1_r12.5_22 stage 0 [0.735, 0.754, 0.734, 1.0]
single-central_o1_r0_22 stage 0 [0.735, 0.754, 0.734, 1.0]
single-central_o0_r0_33 stage 0 [0.994, 0.521, 0.759, 0.754]
single-central_o0_r0_22 stage 0 [0.993, 0.521, 0.729, 0.739]
single-central_o2_r12.5_22 stage 0 [0.498, 0.998, 0.502, 0.75]
single-central_o1_r12.5_33 stage 0 [0.763, 0.753, 0.751, 0.991]
single-central_o2_r0_22 stage 0 [0.498, 0.998, 0.502, 0.75]
single-central_o2_r0_33 stage 1 [0.759, 0.755, 0.746, 0.985]
single-central_o0_r12.5_33 stage 1 [0.965, 0.771, 0.517, 0.506]
single-central_o1_r0_33 stage 1 [0.761, 0.529, 0.99, 0.746]
single-central_o0_r0_33 stage 1 [0.741, 0.778, 0.511, 0.511]
single-central_o1_r12.5_22 stage 1 [0.735, 0.517, 0.997, 0.996]
single-central_o0_r12.5_22 stage 1 [0.946, 0.995, 0.502, 0.749]
single-central_o2_r12.5_33 stage 1 [0.747, 0.993, 0.744, 0.986]
single-central_o1_r0_22 stage 1 [0.733, 0.516, 0.997, 0.74]
single-central_o0_r0_22 stage 1 [0.502, 0.996, 0.502, 0.75]
single-central_o1_r12.5_33 stage 1 [0.749, 0.552, 0.992, 0.938]
single-central_o2_r0_22 stage 1 [0.729, 0.762, 0.729, 0.996]
single-central_o2_r12.5_22 stage 1 [0.714, 0.982, 0.728, 0.995]
single-central_o2_r0_33 stage 2 [0.996, 0.521, 0.751, 0.747]
single-central_o0_r12.5_33 stage 2 [0.989, 0.768, 0.988, 0.747]
single-central_o1_r0_33 stage 2 [0.53, 0.998, 0.516, 0.743]
single-central_o0_r0_33 stage 2 [0.765, 0.527, 0.997, 0.749]
single-central_o1_r0_22 stage 2 [0.498, 0.999, 0.502, 0.752]
single-central_o1_r12.5_22 stage 2 [0.499, 0.998, 0.765, 0.998]
single-central_o1_r12.5_33 stage 2 [0.53, 0.997, 0.732, 0.963]
single-central_o2_r12.5_33 stage 2 [0.995, 0.769, 0.756, 0.991]
single-central_o0_r0_22 stage 2 [0.732, 0.519, 0.996, 0.737]
single-central_o2_r0_22 stage 2 [0.997, 0.518, 0.728, 0.739]
single-central_o0_r12.5_22 stage 2 [0.995, 0.976, 0.996, 0.742]
single-central_o2_r12.5_22 stage 2 [0.991, 0.96, 0.729, 0.998]
single-central_o2_r0_33 stage 3 [0.765, 0.521, 0.997, 0.749]
single-central_o0_r12.5_33 stage 3 [0.996, 0.995, 0.978, 0.996]
single-central_o1_r0_22 stage 3 [0.998, 0.51, 0.732, 0.742]
single-central_o1_r0_33 stage 3 [0.999, 0.522, 0.76, 0.752]
single-central_o0_r0_33 stage 3 [0.768, 0.749, 0.76, 1.0]
single-central_o2_r0_22 stage 3 [0.735, 0.514, 0.999, 0.743]
single-central_o2_r12.5_33 stage 3 [0.981, 0.771, 0.998, 0.956]
single-central_o1_r12.5_33 stage 3 [0.998, 0.878, 0.961, 0.986]
single-central_o0_r0_22 stage 3 [0.736, 0.759, 0.734, 1.0]
single-central_o0_r12.5_22 stage 3 [0.985, 0.983, 0.987, 1.0]
single-central_o1_r12.5_22 stage 3 [0.998, 0.982, 0.998, 0.997]
single-central_o2_r12.5_22 stage 3 [0.997, 0.88, 0.996, 0.996]
single-central_o0_r12.5_44 stage 0 [0.984, 0.502, 0.75, 0.758]
single-central_o0_r0_44 stage 0 [0.984, 0.502, 0.75, 0.758]
single-central_o2_r0_44 stage 0 [0.48, 0.996, 0.502, 0.768]
single-central_o1_r0_44 stage 0 [0.755, 0.728, 0.756, 0.998]
single-central_o1_r12.5_44 stage 0 [0.755, 0.728, 0.756, 0.998]
single-central_o2_r12.5_44 stage 0 [0.48, 0.996, 0.502, 0.768]
single-central_o0_r0_55 stage 0 [0.98, 0.501, 0.746, 0.754]
single-central_o0_r12.5_55 stage 0 [0.98, 0.501, 0.746, 0.754]
single-central_o2_r0_44 stage 1 [0.751, 0.722, 0.753, 0.996]
single-central_o1_r0_44 stage 1 [0.753, 0.497, 0.996, 0.761]
single-central_o0_r0_44 stage 1 [0.486, 0.996, 0.501, 0.768]
single-central_o0_r12.5_44 stage 1 [0.942, 0.996, 0.504, 0.769]
single-central_o1_r12.5_44 stage 1 [0.752, 0.5, 0.995, 0.992]
single-central_o2_r12.5_44 stage 1 [0.752, 0.984, 0.747, 0.996]
single-central_o1_r12.5_55 stage 0 [0.769, 0.774, 0.751, 0.998]
single-central_o1_r0_55 stage 0 [0.769, 0.774, 0.751, 0.998]
single-central_o2_r0_55 stage 0 [0.517, 1.0, 0.484, 0.749]
single-central_o2_r12.5_55 stage 0 [0.517, 1.0, 0.484, 0.749]
single-central_o0_r0_55 stage 1 [0.517, 1.0, 0.484, 0.748]
single-central_o0_r12.5_55 stage 1 [0.962, 1.0, 0.485, 0.75]
single-central_o2_r0_44 stage 2 [0.99, 0.5, 0.753, 0.767]
single-central_o1_r0_44 stage 2 [0.479, 0.998, 0.502, 0.767]
single-central_o0_r0_44 stage 2 [0.752, 0.494, 0.997, 0.76]
single-central_o1_r12.5_44 stage 2 [0.483, 0.996, 0.85, 0.99]
single-central_o0_r12.5_44 stage 2 [0.754, 0.761, 0.996, 0.752]
single-central_o1_r12.5_55 stage 1 [0.767, 0.496, 0.997, 0.985]
single-central_o2_r12.5_44 stage 2 [0.991, 0.986, 0.753, 0.985]
single-central_o1_r0_55 stage 1 [0.765, 0.492, 0.997, 0.753]
single-central_o2_r12.5_55 stage 1 [0.765, 0.988, 0.507, 0.996]
single-central_o2_r0_55 stage 1 [0.766, 0.777, 0.604, 0.996]
single-central_o0_r0_55 stage 2 [0.768, 0.49, 0.998, 0.753]
single-central_o0_r12.5_55 stage 2 [0.997, 0.987, 0.999, 0.753]
single-central_o1_r0_44 stage 3 [0.997, 0.498, 0.758, 0.768]
single-central_o0_r0_44 stage 3 [0.756, 0.73, 0.759, 1.0]
single-central_o2_r0_44 stage 3 [0.755, 0.494, 0.999, 0.76]
single-central_o1_r12.5_44 stage 3 [0.995, 0.991, 0.997, 0.999]
single-central_o0_r12.5_44 stage 3 [0.986, 0.989, 0.99, 0.998]
single-central_o1_r12.5_55 stage 2 [0.522, 1.0, 0.731, 0.988]
single-central_o2_r12.5_44 stage 3 [0.758, 0.991, 1.0, 0.993]
single-central_o1_r0_55 stage 2 [0.519, 1.0, 0.484, 0.748]
single-central_o2_r12.5_55 stage 2 [0.988, 0.944, 0.75, 0.993]
single-central_o0_r0_55 stage 3 [0.77, 0.774, 0.752, 1.0]
single-central_o2_r0_55 stage 2 [0.997, 0.501, 0.753, 0.783]
single-central_o0_r12.5_55 stage 3 [0.999, 1.0, 0.988, 0.996]
multi8_o0_r0_11 stage 0 [0.999, 0.526, 0.754, 0.725]
multi8_o0_r12.5_11 stage 0 [0.999, 0.526, 0.754, 0.725]
single-central_o1_r12.5_55 stage 3 [0.996, 0.987, 0.999, 0.99]
single-central_o1_r0_55 stage 3 [0.999, 0.498, 0.743, 0.759]
single-central_o2_r12.5_55 stage 3 [0.987, 0.945, 0.993, 0.997]
multi8_o1_r0_11 stage 0 [0.756, 0.763, 0.754, 1.0]
single-central_o2_r0_55 stage 3 [0.769, 0.49, 0.999, 0.758]
multi8_o2_r0_11 stage 0 [0.516, 0.996, 0.52, 0.738]
multi8_o2_r12.5_11 stage 0 [0.516, 0.996, 0.52, 0.738]
multi8_o1_r12.5_11 stage 0 [0.756, 0.763, 0.754, 1.0]
multi8_o0_r0_11 stage 1 [0.528, 0.997, 0.512, 0.73]
multi8_o0_r12.5_11 stage 1 [0.979, 0.998, 0.513, 0.607]
multi8_o0_r0_22 stage 0 [0.997, 0.515, 0.73, 0.742]
multi8_o0_r12.5_22 stage 0 [0.997, 0.515, 0.73, 0.742]
multi8_o1_r0_11 stage 1 [0.757, 0.524, 1.0, 0.725]
multi8_o1_r12.5_22 stage 0 [0.735, 0.755, 0.734, 1.0]
multi8_o1_r0_22 stage 0 [0.735, 0.755, 0.734, 1.0]
multi8_o2_r0_11 stage 1 [0.755, 0.764, 0.753, 1.0]
multi8_o1_r12.5_11 stage 1 [0.761, 0.528, 1.0, 0.978]
multi8_o2_r12.5_11 stage 1 [0.752, 0.982, 0.748, 0.999]
multi8_o2_r0_22 stage 0 [0.498, 0.998, 0.502, 0.75]
multi8_o0_r0_11 stage 2 [0.76, 0.521, 0.999, 0.725]
multi8_o2_r12.5_22 stage 0 [0.498, 0.998, 0.502, 0.75]
multi8_o0_r12.5_11 stage 2 [0.998, 0.994, 1.0, 0.725]
multi8_o0_r0_22 stage 1 [0.725, 0.767, 0.712, 0.982]
multi8_o0_r12.5_22 stage 1 [0.939, 0.994, 0.505, 0.75]
multi8_o1_r0_11 stage 2 [0.526, 0.998, 0.525, 0.647]
multi8_o1_r0_22 stage 1 [0.721, 0.524, 0.987, 0.729]
multi8_o1_r12.5_22 stage 1 [0.728, 0.523, 0.988, 0.987]
multi8_o2_r0_11 stage 2 [0.999, 0.525, 0.754, 0.735]
multi8_o1_r12.5_11 stage 2 [0.527, 0.996, 0.821, 0.996]
multi8_o2_r12.5_11 stage 2 [0.999, 0.968, 0.754, 1.0]
multi8_o2_r0_22 stage 1 [0.733, 0.762, 0.731, 1.0]
multi8_o2_r12.5_22 stage 1 [0.706, 0.997, 0.729, 1.0]
multi8_o0_r0_11 stage 3 [0.76, 0.763, 0.754, 1.0]
multi8_o0_r12.5_11 stage 3 [0.982, 0.985, 0.964, 1.0]
multi8_o0_r0_22 stage 2 [0.729, 0.517, 0.991, 0.731]
multi8_o0_r12.5_22 stage 2 [0.997, 0.974, 0.996, 0.739]
multi8_o1_r0_11 stage 3 [0.998, 0.535, 0.753, 0.725]
multi8_o1_r12.5_22 stage 2 [0.5, 0.999, 0.758, 0.999]
multi8_o1_r0_22 stage 2 [0.498, 1.0, 0.502, 0.752]
multi8_o2_r0_11 stage 3 [0.76, 0.523, 1.0, 0.725]
multi8_o1_r12.5_11 stage 3 [0.997, 0.989, 0.99, 1.0]
multi8_o2_r12.5_11 stage 3 [0.998, 0.964, 1.0, 0.999]
multi8_o2_r0_22 stage 2 [0.998, 0.514, 0.735, 0.743]
multi8_o2_r12.5_22 stage 2 [0.997, 0.943, 0.733, 1.0]
multi8_o0_r0_22 stage 3 [0.735, 0.758, 0.729, 1.0]
multi8_o0_r12.5_22 stage 3 [0.996, 0.996, 0.991, 1.0]
multi8_o1_r12.5_22 stage 3 [0.997, 0.978, 0.998, 1.0]
multi8_o1_r0_22 stage 3 [0.998, 0.518, 0.734, 0.743]
multi8_o0_r0_33 stage 0 [0.989, 0.527, 0.753, 0.762]
multi8_o0_r12.5_33 stage 0 [0.989, 0.527, 0.753, 0.762]
multi8_o2_r0_22 stage 3 [0.735, 0.514, 1.0, 0.743]
multi8_o1_r0_33 stage 0 [0.763, 0.753, 0.75, 0.994]
multi8_o2_r12.5_22 stage 3 [1.0, 0.983, 1.0, 1.0]
multi8_o1_r12.5_33 stage 0 [0.763, 0.753, 0.75, 0.994]
multi8_o2_r0_33 stage 0 [0.528, 0.999, 0.517, 0.747]
multi8_o2_r12.5_33 stage 0 [0.528, 0.999, 0.517, 0.747]
multi8_o0_r0_33 stage 1 [0.717, 0.769, 0.503, 0.503]
multi8_o0_r12.5_33 stage 1 [0.958, 0.977, 0.565, 0.72]
multi8_o0_r0_44 stage 0 [0.986, 0.506, 0.753, 0.77]
multi8_o1_r0_33 stage 1 [0.762, 0.526, 0.993, 0.748]
multi8_o0_r12.5_44 stage 0 [0.986, 0.506, 0.753, 0.77]
multi8_o1_r12.5_33 stage 1 [0.766, 0.542, 0.992, 0.968]
multi8_o2_r0_33 stage 1 [0.757, 0.758, 0.748, 0.99]
multi8_o1_r0_44 stage 0 [0.753, 0.729, 0.754, 0.998]
multi8_o2_r12.5_33 stage 1 [0.735, 0.995, 0.744, 0.989]
multi8_o1_r12.5_44 stage 0 [0.753, 0.729, 0.754, 0.998]
multi8_o2_r0_44 stage 0 [0.479, 0.997, 0.502, 0.768]
multi8_o2_r12.5_44 stage 0 [0.479, 0.997, 0.502, 0.768]
multi8_o0_r0_33 stage 2 [0.767, 0.531, 0.997, 0.748]
multi8_o0_r12.5_33 stage 2 [0.997, 0.953, 0.995, 0.762]
multi8_o1_r0_33 stage 2 [0.529, 0.999, 0.516, 0.747]
multi8_o0_r0_44 stage 1 [0.699, 0.781, 0.496, 0.55]
multi8_o0_r12.5_44 stage 1 [0.968, 0.994, 0.502, 0.768]
multi8_o1_r12.5_33 stage 2 [0.531, 0.997, 0.742, 0.974]
multi8_o2_r0_33 stage 2 [1.0, 0.521, 0.76, 0.752]
multi8_o1_r0_44 stage 1 [0.754, 0.494, 0.999, 0.763]
multi8_o2_r0_44 stage 1 [0.754, 0.729, 0.754, 0.998]
multi8_o1_r12.5_44 stage 1 [0.754, 0.497, 0.998, 0.989]
multi8_o2_r12.5_33 stage 2 [0.997, 0.771, 0.758, 0.999]
multi8_o2_r12.5_44 stage 1 [0.751, 0.992, 0.747, 0.997]
multi8_o0_r0_33 stage 3 [0.768, 0.75, 0.76, 1.0]
multi8_o0_r12.5_33 stage 3 [1.0, 0.987, 0.983, 0.993]
multi8_o1_r0_33 stage 3 [1.0, 0.527, 0.761, 0.756]
multi8_o0_r0_44 stage 2 [0.04, 0.004, 0.401, 0.193]
multi8_o0_r12.5_44 stage 2 [0.988, 0.992, 1.0, 0.759]
multi8_o1_r12.5_33 stage 3 [1.0, 0.995, 0.999, 0.996]
multi8_o2_r0_33 stage 3 [0.768, 0.521, 0.999, 0.75]
multi8_o1_r0_44 stage 2 [0.479, 0.997, 0.502, 0.768]
multi8_o2_r0_44 stage 2 [0.998, 0.495, 0.759, 0.767]
multi8_o1_r12.5_44 stage 2 [0.482, 0.995, 0.74, 0.989]
multi8_o2_r12.5_33 stage 3 [0.999, 0.999, 0.995, 1.0]
multi8_o2_r12.5_44 stage 2 [0.995, 0.971, 0.757, 0.998]
multi8_o0_r0_44 stage 3 [0.737, 0.718, 0.743, 0.994]
multi8_o0_r12.5_44 stage 3 [0.996, 0.995, 0.997, 0.999]
multi8_o0_r0_55 stage 0 [0.994, 0.494, 0.748, 0.749]
multi8_o1_r0_44 stage 3 [0.998, 0.495, 0.758, 0.769]
multi8_o1_r12.5_44 stage 3 [0.996, 0.99, 0.995, 0.999]
multi8_o2_r0_44 stage 3 [0.756, 0.494, 1.0, 0.763]
multi8_o0_r12.5_55 stage 0 [0.994, 0.494, 0.748, 0.749]
multi8_o2_r12.5_44 stage 3 [0.898, 0.994, 1.0, 1.0]
multi8_o1_r0_55 stage 0 [0.77, 0.774, 0.752, 0.998]
multi8_o1_r12.5_55 stage 0 [0.77, 0.774, 0.752, 0.998]
multi8_o2_r0_55 stage 0 [0.517, 1.0, 0.485, 0.748]
multi8_o2_r12.5_55 stage 0 [0.517, 1.0, 0.485, 0.748]
multi8_o0_r0_55 stage 1 [0.525, 0.992, 0.488, 0.749]
multi16_o0_r0_11 stage 0 [0.999, 0.526, 0.754, 0.725]
multi8_o0_r12.5_55 stage 1 [0.962, 0.991, 0.49, 0.739]
multi16_o0_r12.5_11 stage 0 [0.999, 0.526, 0.754, 0.725]
multi8_o1_r0_55 stage 1 [0.766, 0.492, 0.996, 0.753]
multi8_o2_r0_55 stage 1 [0.767, 0.778, 0.717, 0.997]
multi8_o1_r12.5_55 stage 1 [0.766, 0.509, 0.995, 0.982]
multi16_o1_r0_11 stage 0 [0.756, 0.763, 0.753, 1.0]
multi8_o2_r12.5_55 stage 1 [0.767, 0.989, 0.525, 0.997]
multi16_o1_r12.5_11 stage 0 [0.756, 0.763, 0.753, 1.0]
multi8_o0_r0_55 stage 2 [0.769, 0.492, 0.999, 0.753]
multi16_o2_r0_11 stage 0 [0.516, 0.993, 0.522, 0.734]
multi16_o2_r12.5_11 stage 0 [0.516, 0.993, 0.522, 0.734]
multi16_o0_r0_11 stage 1 [0.518, 0.996, 0.517, 0.738]
multi8_o0_r12.5_55 stage 2 [1.0, 0.972, 0.999, 0.748]
multi16_o0_r12.5_11 stage 1 [0.935, 0.995, 0.512, 0.735]
multi8_o1_r0_55 stage 2 [0.519, 1.0, 0.484, 0.748]
multi8_o2_r0_55 stage 2 [1.0, 0.493, 0.753, 0.763]
multi8_o1_r12.5_55 stage 2 [0.524, 1.0, 0.729, 0.987]
multi8_o2_r12.5_55 stage 2 [1.0, 0.693, 0.752, 1.0]
multi16_o1_r12.5_11 stage 1 [0.763, 0.53, 0.999, 0.979]
multi16_o1_r0_11 stage 1 [0.754, 0.529, 0.994, 0.723]
multi8_o0_r0_55 stage 3 [0.77, 0.774, 0.752, 1.0]
multi16_o2_r0_11 stage 1 [0.755, 0.764, 0.753, 1.0]
multi16_o2_r12.5_11 stage 1 [0.752, 0.974, 0.748, 1.0]
multi16_o0_r0_11 stage 2 [0.758, 0.524, 0.998, 0.725]
multi8_o0_r12.5_55 stage 3 [1.0, 0.999, 0.995, 0.997]
multi16_o0_r12.5_11 stage 2 [0.999, 0.789, 0.992, 0.723]
multi8_o1_r0_55 stage 3 [0.999, 0.504, 0.747, 0.76]
multi8_o1_r12.5_55 stage 3 [0.997, 0.992, 0.999, 0.995]
multi8_o2_r0_55 stage 3 [0.77, 0.49, 1.0, 0.756]
multi8_o2_r12.5_55 stage 3 [0.996, 0.715, 1.0, 1.0]
multi16_o1_r12.5_11 stage 2 [0.579, 0.998, 0.858, 0.998]
multi16_o1_r0_11 stage 2 [0.521, 0.998, 0.522, 0.611]
multi16_o2_r0_11 stage 2 [0.999, 0.525, 0.754, 0.737]
multi16_o2_r12.5_11 stage 2 [0.998, 0.952, 0.754, 1.0]
multi16_o0_r0_11 stage 3 [0.758, 0.76, 0.752, 1.0]
multi16_o0_r12.5_11 stage 3 [1.0, 0.994, 0.997, 1.0]
multi16_o0_r0_22 stage 0 [0.997, 0.515, 0.731, 0.742]
multi16_o0_r12.5_22 stage 0 [0.997, 0.515, 0.731, 0.742]
multi16_o1_r12.5_11 stage 3 [0.997, 0.979, 0.998, 1.0]
multi16_o1_r0_11 stage 3 [0.998, 0.543, 0.753, 0.725]
multi16_o1_r0_22 stage 0 [0.735, 0.755, 0.734, 1.0]
multi16_o2_r0_11 stage 3 [0.76, 0.523, 1.0, 0.725]
multi16_o2_r12.5_11 stage 3 [0.998, 0.965, 1.0, 1.0]
multi16_o1_r12.5_22 stage 0 [0.735, 0.755, 0.734, 1.0]
multi16_o2_r0_22 stage 0 [0.498, 0.998, 0.502, 0.75]
multi16_o2_r12.5_22 stage 0 [0.498, 0.998, 0.502, 0.75]
multi16_o0_r0_22 stage 1 [0.729, 0.757, 0.713, 0.98]
multi16_o0_r12.5_22 stage 1 [0.949, 0.996, 0.504, 0.748]
multi16_o1_r0_22 stage 1 [0.719, 0.524, 0.985, 0.725]
multi16_o0_r0_33 stage 0 [0.991, 0.528, 0.757, 0.765]
multi16_o0_r12.5_33 stage 0 [0.991, 0.528, 0.757, 0.765]
multi16_o1_r12.5_22 stage 1 [0.728, 0.524, 0.988, 0.987]
multi16_o2_r0_22 stage 1 [0.73, 0.762, 0.731, 1.0]
multi16_o2_r12.5_22 stage 1 [0.687, 0.997, 0.726, 1.0]
multi16_o1_r0_33 stage 0 [0.763, 0.754, 0.749, 0.994]
multi16_o1_r12.5_33 stage 0 [0.763, 0.754, 0.749, 0.994]
multi16_o0_r0_22 stage 2 [0.736, 0.516, 1.0, 0.743]
multi16_o2_r0_33 stage 0 [0.528, 0.999, 0.516, 0.747]
multi16_o0_r12.5_22 stage 2 [0.999, 0.752, 0.997, 0.738]
multi16_o2_r12.5_33 stage 0 [0.528, 0.999, 0.516, 0.747]
multi16_o1_r0_22 stage 2 [0.499, 1.0, 0.502, 0.752]
multi16_o0_r0_33 stage 1 [0.7, 0.766, 0.498, 0.501]
multi16_o0_r12.5_33 stage 1 [0.977, 0.995, 0.651, 0.747]
multi16_o1_r12.5_22 stage 2 [0.502, 0.998, 0.756, 0.999]
multi16_o2_r0_22 stage 2 [0.998, 0.514, 0.735, 0.743]
multi16_o2_r12.5_22 stage 2 [0.997, 0.991, 0.732, 1.0]
multi16_o1_r12.5_33 stage 1 [0.765, 0.531, 0.995, 0.966]
multi16_o1_r0_33 stage 1 [0.765, 0.524, 0.996, 0.751]
multi16_o0_r0_22 stage 3 [0.736, 0.706, 0.734, 1.0]
multi16_o2_r0_33 stage 1 [0.758, 0.758, 0.749, 0.992]
multi16_o0_r12.5_22 stage 3 [0.997, 0.998, 0.992, 1.0]
multi16_o2_r12.5_33 stage 1 [0.734, 0.995, 0.744, 0.991]
multi16_o1_r0_22 stage 3 [0.998, 0.519, 0.734, 0.743]
multi16_o0_r0_33 stage 2 [0.771, 0.535, 0.995, 0.744]
multi16_o0_r12.5_33 stage 2 [0.998, 0.989, 0.997, 0.79]
multi16_o1_r12.5_22 stage 3 [0.997, 0.992, 0.999, 1.0]
multi16_o2_r0_22 stage 3 [0.735, 0.514, 1.0, 0.743]
multi16_o1_r12.5_33 stage 2 [0.53, 0.998, 0.742, 0.979]
multi16_o2_r12.5_22 stage 3 [1.0, 0.998, 0.998, 1.0]
multi16_o1_r0_33 stage 2 [0.53, 0.999, 0.516, 0.748]
multi16_o2_r0_33 stage 2 [1.0, 0.521, 0.76, 0.751]
multi16_o2_r12.5_33 stage 2 [0.997, 0.773, 0.758, 1.0]
multi16_o0_r0_33 stage 3 [0.768, 0.75, 0.76, 1.0]
multi16_o0_r12.5_33 stage 3 [1.0, 0.989, 0.988, 0.997]
multi16_o0_r0_44 stage 0 [0.996, 0.495, 0.753, 0.76]
multi16_o1_r12.5_33 stage 3 [1.0, 0.995, 1.0, 0.998]
multi16_o0_r12.5_44 stage 0 [0.996, 0.495, 0.753, 0.76]
multi16_o1_r0_44 stage 0 [0.753, 0.729, 0.754, 0.999]
multi16_o1_r0_33 stage 3 [0.999, 0.528, 0.761, 0.756]
multi16_o2_r0_33 stage 3 [0.767, 0.521, 0.999, 0.75]
multi16_o1_r12.5_44 stage 0 [0.753, 0.729, 0.754, 0.999]
multi16_o2_r12.5_33 stage 3 [0.999, 0.997, 0.995, 1.0]
multi16_o2_r0_44 stage 0 [0.479, 0.997, 0.502, 0.768]
multi16_o2_r12.5_44 stage 0 [0.479, 0.997, 0.502, 0.768]
multi16_o0_r0_44 stage 1 [0.504, 0.994, 0.505, 0.771]
multi16_o0_r12.5_44 stage 1 [0.961, 0.993, 0.511, 0.773]
multi16_o1_r0_44 stage 1 [0.755, 0.494, 0.999, 0.763]
multi16_o0_r0_55 stage 0 [0.997, 0.495, 0.751, 0.753]
multi16_o1_r12.5_44 stage 1 [0.755, 0.505, 0.999, 0.989]
multi16_o0_r12.5_55 stage 0 [0.997, 0.495, 0.751, 0.753]
multi16_o2_r0_44 stage 1 [0.753, 0.73, 0.754, 0.998]
multi16_o2_r12.5_44 stage 1 [0.752, 0.992, 0.753, 0.997]
multi16_o1_r0_55 stage 0 [0.77, 0.774, 0.752, 0.998]
multi16_o1_r12.5_55 stage 0 [0.77, 0.774, 0.752, 0.998]
multi16_o0_r0_44 stage 2 [0.756, 0.497, 1.0, 0.761]
multi16_o2_r0_55 stage 0 [0.517, 1.0, 0.485, 0.748]
multi16_o2_r12.5_55 stage 0 [0.517, 1.0, 0.485, 0.748]
multi16_o1_r0_44 stage 2 [0.48, 0.997, 0.502, 0.767]
multi16_o0_r12.5_44 stage 2 [0.997, 0.955, 0.999, 0.756]
multi16_o0_r0_55 stage 1 [0.526, 0.996, 0.485, 0.749]
multi16_o1_r12.5_44 stage 2 [0.481, 0.995, 0.75, 0.989]
multi16_o0_r12.5_55 stage 1 [0.978, 0.995, 0.486, 0.742]
multi16_o2_r0_44 stage 2 [0.998, 0.494, 0.759, 0.771]
multi16_o2_r12.5_44 stage 2 [1.0, 0.761, 0.758, 0.993]
multi16_o1_r0_55 stage 1 [0.762, 0.494, 0.987, 0.751]
multi16_o1_r12.5_55 stage 1 [0.766, 0.512, 0.991, 0.981]
multi16_o0_r0_44 stage 3 [0.756, 0.729, 0.759, 1.0]
multi16_o2_r12.5_55 stage 1 [0.766, 0.992, 0.521, 0.997]
multi16_o2_r0_55 stage 1 [0.767, 0.778, 0.698, 0.997]
multi16_o1_r0_44 stage 3 [0.998, 0.501, 0.758, 0.767]
multi16_o0_r12.5_44 stage 3 [0.998, 0.992, 0.996, 0.999]
multi16_o0_r0_55 stage 2 [0.769, 0.493, 0.999, 0.753]
multi16_o1_r12.5_44 stage 3 [0.996, 0.991, 1.0, 0.999]
multi16_o0_r12.5_55 stage 2 [0.998, 0.976, 0.999, 0.756]
multi16_o2_r0_44 stage 3 [0.756, 0.494, 1.0, 0.763]
multi16_o2_r12.5_44 stage 3 [0.992, 0.989, 1.0, 0.997]
multi16_o1_r0_55 stage 2 [0.519, 1.0, 0.485, 0.747]
multi16_o1_r12.5_55 stage 2 [0.528, 0.999, 0.728, 0.99]
multi16_o2_r0_55 stage 2 [1.0, 0.493, 0.753, 0.763]
multi16_o2_r12.5_55 stage 2 [0.996, 0.889, 0.487, 1.0]
multi16_o0_r0_55 stage 3 [0.77, 0.774, 0.752, 1.0]
multi16_o0_r12.5_55 stage 3 [1.0, 0.999, 0.991, 0.998]
distributed_o0_r0_11 stage 0 [0.999, 0.525, 0.754, 0.725]
distributed_o0_r12.5_11 stage 0 [0.999, 0.525, 0.754, 0.725]
multi16_o1_r0_55 stage 3 [0.998, 0.505, 0.747, 0.758]
multi16_o1_r12.5_55 stage 3 [0.997, 0.998, 0.999, 0.998]
distributed_o1_r0_11 stage 0 [0.756, 0.763, 0.753, 1.0]
multi16_o2_r0_55 stage 3 [0.77, 0.49, 1.0, 0.756]
distributed_o1_r12.5_11 stage 0 [0.756, 0.763, 0.753, 1.0]
distributed_o2_r0_11 stage 0 [0.517, 0.99, 0.522, 0.72]
multi16_o2_r12.5_55 stage 3 [0.998, 0.763, 0.999, 1.0]
distributed_o2_r12.5_11 stage 0 [0.517, 0.99, 0.522, 0.72]
distributed_o0_r0_11 stage 1 [0.516, 0.993, 0.515, 0.648]
distributed_o0_r12.5_11 stage 1 [0.965, 0.996, 0.512, 0.617]
distributed_o1_r0_11 stage 1 [0.757, 0.525, 0.999, 0.725]
distributed_o0_r0_22 stage 0 [0.998, 0.515, 0.733, 0.742]
distributed_o1_r12.5_11 stage 1 [0.794, 0.537, 0.999, 0.983]
distributed_o2_r0_11 stage 1 [0.758, 0.764, 0.753, 1.0]
distributed_o0_r12.5_22 stage 0 [0.998, 0.515, 0.733, 0.742]
distributed_o1_r0_22 stage 0 [0.735, 0.756, 0.734, 1.0]
distributed_o2_r12.5_11 stage 1 [0.752, 0.946, 0.744, 0.999]
distributed_o1_r12.5_22 stage 0 [0.735, 0.756, 0.734, 1.0]
distributed_o0_r0_11 stage 2 [0.76, 0.522, 0.999, 0.725]
distributed_o0_r12.5_11 stage 2 [0.999, 0.933, 1.0, 0.728]
distributed_o2_r0_22 stage 0 [0.498, 0.998, 0.502, 0.75]
distributed_o2_r12.5_22 stage 0 [0.498, 0.998, 0.502, 0.75]
distributed_o1_r0_11 stage 2 [0.518, 0.999, 0.512, 0.74]
distributed_o0_r0_22 stage 1 [0.506, 0.981, 0.509, 0.752]
distributed_o2_r0_11 stage 2 [0.999, 0.524, 0.754, 0.732]
distributed_o1_r12.5_11 stage 2 [0.519, 0.999, 0.983, 1.0]
distributed_o0_r12.5_22 stage 1 [0.92, 0.98, 0.508, 0.756]
distributed_o1_r0_22 stage 1 [0.732, 0.518, 0.996, 0.74]
distributed_o2_r12.5_11 stage 2 [0.999, 0.758, 0.754, 1.0]
distributed_o1_r12.5_22 stage 1 [0.735, 0.522, 0.996, 0.988]
distributed_o0_r0_11 stage 3 [0.76, 0.763, 0.754, 1.0]
distributed_o0_r12.5_11 stage 3 [0.984, 0.975, 0.963, 1.0]
distributed_o2_r0_22 stage 1 [0.732, 0.762, 0.73, 1.0]
distributed_o2_r12.5_22 stage 1 [0.7, 0.998, 0.729, 1.0]
distributed_o1_r0_11 stage 3 [0.998, 0.535, 0.754, 0.727]
distributed_o0_r0_22 stage 2 [0.735, 0.519, 0.998, 0.739]
distributed_o2_r0_11 stage 3 [0.76, 0.523, 1.0, 0.725]
distributed_o1_r12.5_11 stage 3 [0.998, 0.953, 1.0, 1.0]
distributed_o0_r12.5_22 stage 2 [1.0, 0.763, 0.997, 0.725]
distributed_o1_r0_22 stage 2 [0.498, 0.999, 0.502, 0.749]
distributed_o2_r12.5_11 stage 3 [0.998, 0.977, 1.0, 0.999]
distributed_o1_r12.5_22 stage 2 [0.521, 0.998, 0.983, 0.999]
distributed_o2_r0_22 stage 2 [0.997, 0.514, 0.735, 0.743]
distributed_o2_r12.5_22 stage 2 [0.999, 0.998, 0.73, 0.998]
distributed_o0_r0_22 stage 3 [0.736, 0.76, 0.734, 1.0]
distributed_o0_r0_33 stage 0 [0.991, 0.532, 0.756, 0.768]
distributed_o0_r12.5_22 stage 3 [0.997, 0.983, 0.985, 1.0]
distributed_o1_r0_22 stage 3 [0.999, 0.522, 0.735, 0.746]
distributed_o0_r12.5_33 stage 0 [0.991, 0.532, 0.756, 0.768]
distributed_o1_r12.5_22 stage 3 [0.998, 0.998, 1.0, 1.0]
distributed_o1_r0_33 stage 0 [0.76, 0.754, 0.748, 0.995]
distributed_o1_r12.5_33 stage 0 [0.76, 0.754, 0.748, 0.995]
distributed_o2_r0_22 stage 3 [0.735, 0.514, 0.999, 0.743]
distributed_o2_r12.5_22 stage 3 [0.999, 0.754, 0.999, 1.0]
distributed_o2_r0_33 stage 0 [0.528, 0.999, 0.517, 0.748]
distributed_o2_r12.5_33 stage 0 [0.528, 0.999, 0.517, 0.748]
distributed_o0_r0_33 stage 1 [0.702, 0.76, 0.497, 0.493]
distributed_o0_r12.5_33 stage 1 [0.917, 0.995, 0.591, 0.766]
distributed_o1_r0_33 stage 1 [0.765, 0.524, 0.997, 0.749]
distributed_o1_r12.5_33 stage 1 [0.769, 0.53, 0.996, 0.961]
distributed_o0_r0_44 stage 0 [0.998, 0.495, 0.753, 0.761]
distributed_o0_r12.5_44 stage 0 [0.998, 0.495, 0.753, 0.761]
distributed_o2_r0_33 stage 1 [0.759, 0.758, 0.75, 0.994]
distributed_o1_r0_44 stage 0 [0.753, 0.729, 0.756, 0.999]
distributed_o2_r12.5_33 stage 1 [0.731, 0.995, 0.737, 0.992]
distributed_o0_r0_33 stage 2 [0.77, 0.524, 0.996, 0.746]
distributed_o1_r12.5_44 stage 0 [0.753, 0.729, 0.756, 0.999]
distributed_o2_r0_44 stage 0 [0.479, 0.998, 0.502, 0.768]
distributed_o0_r12.5_33 stage 2 [0.999, 0.994, 0.997, 0.78]
distributed_o2_r12.5_44 stage 0 [0.479, 0.998, 0.502, 0.768]
distributed_o1_r0_33 stage 2 [0.53, 0.998, 0.517, 0.751]
distributed_o1_r12.5_33 stage 2 [0.529, 0.998, 0.744, 0.981]
distributed_o0_r0_44 stage 1 [0.505, 0.991, 0.513, 0.772]
distributed_o0_r12.5_44 stage 1 [0.959, 0.991, 0.521, 0.771]
distributed_o2_r0_33 stage 2 [1.0, 0.521, 0.759, 0.752]
distributed_o1_r0_44 stage 1 [0.753, 0.496, 0.997, 0.762]
distributed_o2_r12.5_33 stage 2 [0.997, 0.878, 0.757, 1.0]
distributed_o0_r0_33 stage 3 [0.768, 0.749, 0.762, 0.998]
distributed_o2_r0_44 stage 1 [0.756, 0.73, 0.757, 0.999]
distributed_o1_r12.5_44 stage 1 [0.754, 0.506, 0.998, 0.983]
distributed_o2_r12.5_44 stage 1 [0.754, 0.996, 0.756, 0.998]
distributed_o0_r12.5_33 stage 3 [1.0, 0.991, 0.998, 0.998]
distributed_o1_r0_33 stage 3 [1.0, 0.533, 0.759, 0.756]
distributed_o0_r0_44 stage 2 [0.756, 0.494, 0.997, 0.76]
distributed_o1_r12.5_33 stage 3 [0.997, 0.996, 1.0, 0.999]
distributed_o0_r12.5_44 stage 2 [0.756, 0.988, 1.0, 0.753]
distributed_o2_r0_33 stage 3 [0.768, 0.521, 0.999, 0.75]
distributed_o1_r0_44 stage 2 [0.481, 0.997, 0.504, 0.769]
distributed_o2_r12.5_33 stage 3 [0.999, 0.993, 0.997, 1.0]
distributed_o2_r0_44 stage 2 [0.999, 0.494, 0.759, 0.765]
distributed_o1_r12.5_44 stage 2 [0.484, 0.995, 0.987, 0.993]
distributed_o2_r12.5_44 stage 2 [0.998, 0.974, 0.758, 0.999]
distributed_o0_r0_44 stage 3 [0.756, 0.729, 0.758, 1.0]
distributed_o0_r12.5_44 stage 3 [1.0, 0.987, 0.996, 0.999]
distributed_o0_r0_55 stage 0 [0.999, 0.493, 0.752, 0.756]
distributed_o0_r12.5_55 stage 0 [0.999, 0.493, 0.752, 0.756]
distributed_o1_r0_44 stage 3 [1.0, 0.494, 0.758, 0.764]
distributed_o1_r0_55 stage 0 [0.77, 0.774, 0.751, 0.998]
distributed_o2_r0_44 stage 3 [0.756, 0.494, 1.0, 0.763]
distributed_o1_r12.5_44 stage 3 [0.998, 0.994, 1.0, 0.999]
distributed_o1_r12.5_55 stage 0 [0.77, 0.774, 0.751, 0.998]
distributed_o2_r12.5_44 stage 3 [1.0, 0.996, 1.0, 0.999]
distributed_o2_r0_55 stage 0 [0.517, 1.0, 0.485, 0.748]
distributed_o2_r12.5_55 stage 0 [0.517, 1.0, 0.485, 0.748]
distributed_o0_r0_55 stage 1 [0.522, 0.993, 0.488, 0.747]
distributed_o0_r12.5_55 stage 1 [0.973, 0.993, 0.488, 0.748]
distributed_o1_r0_55 stage 1 [0.767, 0.496, 0.993, 0.753]
distributed_o1_r12.5_55 stage 1 [0.767, 0.52, 0.995, 0.973]
distributed_o2_r0_55 stage 1 [0.767, 0.779, 0.685, 0.997]
distributed_o2_r12.5_55 stage 1 [0.766, 0.995, 0.537, 0.997]
distributed_o0_r0_55 stage 2 [0.77, 0.492, 0.999, 0.753]
distributed_o0_r12.5_55 stage 2 [1.0, 0.927, 0.999, 0.753]
distributed_o1_r0_55 stage 2 [0.519, 1.0, 0.484, 0.748]
distributed_o1_r12.5_55 stage 2 [0.524, 1.0, 0.984, 0.997]
distributed_o2_r0_55 stage 2 [1.0, 0.492, 0.752, 0.759]
distributed_o2_r12.5_55 stage 2 [0.997, 0.952, 0.585, 1.0]
distributed_o0_r0_55 stage 3 [0.77, 0.774, 0.752, 1.0]
distributed_o0_r12.5_55 stage 3 [1.0, 0.991, 0.997, 0.997]
distributed_o1_r0_55 stage 3 [1.0, 0.524, 0.75, 0.756]
distributed_o1_r12.5_55 stage 3 [1.0, 1.0, 1.0, 1.0]
distributed_o2_r0_55 stage 3 [0.77, 0.49, 1.0, 0.756]
distributed_o2_r12.5_55 stage 3 [0.999, 0.946, 0.999, 1.0]
all 250 jobs in 2236.3 s
