phase B topos ['overlap'] sws [0.9] alphas [0, 0.5, 1] ratios [0, 0.125] epochs 65
overlap_a0_o1_r12.5_11 stage 0 [0.754, 0.762, 0.753, 1.0]
overlap_a0_o2_r12.5_11 stage 0 [0.513, 0.981, 0.522, 0.73]
overlap_a0_o2_r0_11 stage 0 [0.513, 0.981, 0.522, 0.73]
overlap_a0_o1_r0_11 stage 0 [0.754, 0.762, 0.753, 1.0]
overlap_a0_o0_r0_11 stage 0 [0.988, 0.521, 0.743, 0.721]
overlap_a0_o0_r12.5_11 stage 0 [0.988, 0.521, 0.743, 0.721]
overlap_a0_o0_r12.5_11 stage 1 [0.96, 0.819, 0.533, 0.479]
overlap_a0_o1_r12.5_11 stage 1 [0.747, 0.562, 0.964, 0.969]
overlap_a0_o2_r0_11 stage 1 [0.752, 0.763, 0.751, 0.998]
overlap_a0_o1_r0_11 stage 1 [0.752, 0.524, 1.0, 0.717]
overlap_a0_o2_r12.5_11 stage 1 [0.745, 0.955, 0.733, 0.994]
overlap_a0_o0_r0_11 stage 1 [0.683, 0.742, 0.564, 0.474]
overlap_a0_o0_r12.5_11 stage 2 [0.983, 0.756, 1.0, 0.725]
overlap_a0_o2_r0_11 stage 2 [0.995, 0.529, 0.753, 0.736]
overlap_a0_o1_r0_11 stage 2 [0.51, 0.982, 0.531, 0.72]
overlap_a0_o1_r12.5_11 stage 2 [0.526, 0.979, 0.707, 0.964]
overlap_a0_o2_r12.5_11 stage 2 [0.989, 0.724, 0.743, 0.977]
overlap_a0_o0_r0_11 stage 2 [0.76, 0.526, 1.0, 0.725]
overlap_a0_o1_r0_11 stage 3 [0.996, 0.526, 0.755, 0.733]
overlap_a0_o2_r0_11 stage 3 [0.757, 0.52, 0.998, 0.717]
overlap_a0_o0_r12.5_11 stage 3 [0.982, 0.984, 0.99, 0.998]
overlap_a0_o1_r12.5_11 stage 3 [0.995, 0.93, 0.919, 0.982]
overlap_a0_o2_r12.5_11 stage 3 [0.917, 0.641, 1.0, 0.957]
overlap_a0_o0_r0_11 stage 3 [0.756, 0.763, 0.752, 0.999]
overlap_a0_o0_r0_22 stage 0 [0.991, 0.523, 0.694, 0.714]
overlap_a0_o0_r12.5_22 stage 0 [0.991, 0.523, 0.694, 0.714]
overlap_a0_o2_r12.5_22 stage 0 [0.497, 0.993, 0.511, 0.752]
overlap_a0_o1_r12.5_22 stage 0 [0.724, 0.747, 0.729, 0.997]
overlap_a0_o2_r0_22 stage 0 [0.497, 0.993, 0.511, 0.752]
overlap_a0_o1_r0_22 stage 0 [0.724, 0.747, 0.729, 0.997]
overlap_a0_o0_r0_22 stage 1 [0.494, 0.977, 0.494, 0.716]
overlap_a0_o0_r12.5_22 stage 1 [0.577, 0.939, 0.538, 0.758]
overlap_a0_o2_r12.5_22 stage 1 [0.678, 0.933, 0.711, 0.997]
overlap_a0_o0_r0_22 stage 2 [0.673, 0.486, 0.961, 0.722]
overlap_a0_o1_r0_22 stage 1 [0.717, 0.464, 0.985, 0.574]
overlap_a0_o2_r0_22 stage 1 [0.712, 0.749, 0.72, 0.994]
overlap_a0_o1_r12.5_22 stage 1 [0.754, 0.58, 0.979, 0.993]
overlap_a0_o0_r12.5_22 stage 2 [0.72, 0.854, 0.979, 0.725]
overlap_a0_o2_r12.5_22 stage 2 [0.985, 0.961, 0.729, 0.981]
overlap_a0_o0_r0_22 stage 3 [0.725, 0.728, 0.671, 0.998]
overlap_a0_o2_r0_22 stage 2 [0.994, 0.521, 0.717, 0.724]
overlap_a0_o1_r0_22 stage 2 [0.492, 0.98, 0.495, 0.758]
overlap_a0_o1_r12.5_22 stage 2 [0.582, 0.99, 0.703, 0.968]
overlap_a0_o0_r12.5_22 stage 3 [0.722, 0.899, 0.929, 0.976]
overlap_a0_o2_r12.5_22 stage 3 [0.956, 0.942, 0.979, 0.867]
overlap_a0_o2_r0_22 stage 3 [0.731, 0.484, 0.994, 0.726]
overlap_a0_o1_r0_22 stage 3 [0.992, 0.417, 0.698, 0.625]
overlap_a0_o1_r12.5_22 stage 3 [0.987, 0.966, 0.92, 0.984]
overlap_a0_o0_r12.5_33 stage 0 [0.996, 0.524, 0.756, 0.748]
overlap_a0_o0_r0_33 stage 0 [0.996, 0.524, 0.756, 0.748]
overlap_a0_o1_r0_33 stage 0 [0.76, 0.753, 0.753, 0.987]
overlap_a0_o1_r12.5_33 stage 0 [0.76, 0.753, 0.753, 0.987]
overlap_a0_o2_r0_33 stage 0 [0.528, 0.995, 0.516, 0.747]
overlap_a0_o2_r12.5_33 stage 0 [0.528, 0.995, 0.516, 0.747]
overlap_a0_o0_r12.5_33 stage 1 [0.942, 0.994, 0.517, 0.742]
overlap_a0_o0_r0_33 stage 1 [0.554, 0.992, 0.519, 0.738]
overlap_a0_o1_r0_33 stage 1 [0.742, 0.531, 0.97, 0.715]
overlap_a0_o1_r12.5_33 stage 1 [0.75, 0.571, 0.973, 0.952]
overlap_a0_o2_r0_33 stage 1 [0.756, 0.758, 0.751, 0.98]
overlap_a0_o0_r12.5_33 stage 2 [0.983, 0.972, 0.974, 0.766]
overlap_a0_o0_r0_33 stage 2 [0.756, 0.56, 0.97, 0.762]
overlap_a0_o2_r12.5_33 stage 1 [0.742, 0.998, 0.742, 0.99]
overlap_a0_o1_r0_33 stage 2 [0.529, 0.997, 0.516, 0.747]
overlap_a0_o1_r12.5_33 stage 2 [0.528, 0.997, 0.731, 0.938]
overlap_a0_o2_r0_33 stage 2 [0.994, 0.507, 0.715, 0.668]
overlap_a0_o0_r0_33 stage 3 [0.759, 0.753, 0.749, 0.979]
overlap_a0_o0_r12.5_33 stage 3 [0.98, 0.989, 0.976, 0.991]
overlap_a0_o2_r12.5_33 stage 2 [0.715, 0.997, 0.751, 0.996]
overlap_a0_o1_r0_33 stage 3 [0.997, 0.543, 0.756, 0.755]
overlap_a0_o1_r12.5_33 stage 3 [0.995, 0.991, 0.995, 0.983]
overlap_a0_o2_r0_33 stage 3 [0.765, 0.521, 0.981, 0.729]
overlap_a0_o2_r12.5_33 stage 3 [0.975, 0.989, 0.98, 0.988]
overlap_a0_o0_r0_44 stage 0 [0.991, 0.495, 0.742, 0.779]
overlap_a0_o0_r12.5_44 stage 0 [0.991, 0.495, 0.742, 0.779]
overlap_a0_o1_r12.5_44 stage 0 [0.741, 0.727, 0.754, 0.998]
overlap_a0_o1_r0_44 stage 0 [0.741, 0.727, 0.754, 0.998]
overlap_a0_o2_r0_44 stage 0 [0.472, 0.993, 0.492, 0.766]
overlap_a0_o2_r12.5_44 stage 0 [0.472, 0.993, 0.492, 0.766]
overlap_a0_o0_r0_44 stage 1 [0.456, 0.978, 0.473, 0.753]
overlap_a0_o0_r12.5_44 stage 1 [0.747, 0.992, 0.487, 0.763]
overlap_a0_o1_r0_44 stage 1 [0.752, 0.458, 0.992, 0.726]
overlap_a0_o1_r12.5_44 stage 1 [0.738, 0.477, 0.986, 0.937]
overlap_a0_o2_r0_44 stage 1 [0.753, 0.719, 0.755, 0.999]
overlap_a0_o2_r12.5_44 stage 1 [0.754, 0.977, 0.757, 0.998]
overlap_a0_o0_r0_44 stage 2 [0.752, 0.497, 0.997, 0.757]
overlap_a0_o0_r12.5_44 stage 2 [0.86, 0.927, 0.997, 0.762]
overlap_a0_o1_r0_44 stage 2 [0.489, 0.994, 0.452, 0.769]
overlap_a0_o1_r12.5_44 stage 2 [0.536, 0.943, 0.735, 0.924]
overlap_a0_o2_r0_44 stage 2 [0.99, 0.493, 0.752, 0.8]
overlap_a0_o2_r12.5_44 stage 2 [0.991, 0.759, 0.752, 0.986]
overlap_a0_o0_r0_44 stage 3 [0.748, 0.716, 0.748, 0.998]
overlap_a0_o0_r12.5_44 stage 3 [0.959, 0.984, 0.976, 0.998]
overlap_a0_o1_r0_44 stage 3 [0.979, 0.5, 0.717, 0.759]
overlap_a0_o1_r12.5_44 stage 3 [0.992, 0.746, 0.943, 0.97]
overlap_a0_o2_r0_44 stage 3 [0.696, 0.507, 0.996, 0.73]
overlap_a0_o2_r12.5_44 stage 3 [0.991, 0.99, 0.997, 0.994]
overlap_a0_o0_r0_55 stage 0 [0.992, 0.456, 0.717, 0.743]
overlap_a0_o0_r12.5_55 stage 0 [0.992, 0.456, 0.717, 0.743]
overlap_a0_o1_r0_55 stage 0 [0.765, 0.774, 0.751, 0.995]
overlap_a0_o1_r12.5_55 stage 0 [0.765, 0.774, 0.751, 0.995]
overlap_a0_o2_r12.5_55 stage 0 [0.517, 0.998, 0.486, 0.746]
overlap_a0_o2_r0_55 stage 0 [0.517, 0.998, 0.486, 0.746]
overlap_a0_o0_r0_55 stage 1 [0.467, 0.985, 0.468, 0.711]
overlap_a0_o0_r12.5_55 stage 1 [0.772, 0.979, 0.464, 0.701]
overlap_a0_o1_r0_55 stage 1 [0.688, 0.49, 0.732, 0.676]
overlap_a0_o1_r12.5_55 stage 1 [0.73, 0.521, 0.751, 0.91]
overlap_a0_o2_r0_55 stage 1 [0.763, 0.773, 0.742, 0.994]
overlap_a0_o2_r12.5_55 stage 1 [0.76, 0.986, 0.729, 0.993]
overlap_a0_o0_r0_55 stage 2 [0.546, 0.48, 0.945, 0.629]
overlap_a0_o0_r12.5_55 stage 2 [0.913, 0.69, 0.987, 0.752]
overlap_a0_o1_r0_55 stage 2 [0.513, 0.999, 0.493, 0.733]
overlap_a0_o1_r12.5_55 stage 2 [0.52, 0.997, 0.721, 0.943]
overlap_a0_o2_r0_55 stage 2 [0.992, 0.479, 0.739, 0.729]
overlap_a0_o2_r12.5_55 stage 2 [0.989, 0.95, 0.743, 0.978]
overlap_a0_o0_r0_55 stage 3 [0.715, 0.77, 0.567, 0.98]
overlap_a0_o0_r12.5_55 stage 3 [0.798, 0.768, 0.767, 0.963]
overlap_a0_o1_r0_55 stage 3 [0.943, 0.549, 0.735, 0.752]
overlap_a0_o1_r12.5_55 stage 3 [0.992, 0.762, 0.826, 0.964]
overlap_a0_o2_r0_55 stage 3 [0.761, 0.489, 0.998, 0.748]
overlap_a0_o2_r12.5_55 stage 3 [0.998, 0.975, 0.999, 0.993]
overlap_a0.5_o0_r0_11 stage 0 [0.995, 0.501, 0.741, 0.715]
overlap_a0.5_o0_r12.5_11 stage 0 [0.995, 0.501, 0.741, 0.715]
overlap_a0.5_o1_r0_11 stage 0 [0.747, 0.753, 0.736, 0.997]
overlap_a0.5_o1_r12.5_11 stage 0 [0.747, 0.753, 0.736, 0.997]
overlap_a0.5_o2_r0_11 stage 0 [0.516, 0.981, 0.529, 0.734]
overlap_a0.5_o2_r12.5_11 stage 0 [0.516, 0.981, 0.529, 0.734]
overlap_a0.5_o0_r0_11 stage 1 [0.518, 0.967, 0.523, 0.725]
overlap_a0.5_o0_r12.5_11 stage 1 [0.73, 0.966, 0.51, 0.717]
overlap_a0.5_o1_r0_11 stage 1 [0.74, 0.557, 0.997, 0.705]
overlap_a0.5_o1_r12.5_11 stage 1 [0.739, 0.529, 0.991, 0.755]
overlap_a0.5_o2_r0_11 stage 1 [0.743, 0.758, 0.745, 0.995]
overlap_a0.5_o2_r12.5_11 stage 1 [0.713, 0.974, 0.719, 0.983]
overlap_a0.5_o0_r0_11 stage 2 [0.754, 0.531, 0.966, 0.727]
overlap_a0.5_o0_r12.5_11 stage 2 [0.957, 0.865, 1.0, 0.726]
overlap_a0.5_o1_r0_11 stage 2 [0.514, 0.983, 0.517, 0.725]
overlap_a0.5_o1_r12.5_11 stage 2 [0.511, 0.973, 0.604, 0.924]
overlap_a0.5_o2_r0_11 stage 2 [0.996, 0.527, 0.753, 0.736]
overlap_a0.5_o2_r12.5_11 stage 2 [0.996, 0.897, 0.751, 0.995]
overlap_a0.5_o0_r0_11 stage 3 [0.753, 0.757, 0.759, 0.994]
overlap_a0.5_o0_r12.5_11 stage 3 [0.765, 0.917, 0.96, 0.99]
overlap_a0.5_o1_r0_11 stage 3 [0.997, 0.524, 0.749, 0.726]
overlap_a0.5_o1_r12.5_11 stage 3 [0.978, 0.719, 0.957, 0.941]
overlap_a0.5_o2_r0_11 stage 3 [0.748, 0.514, 0.994, 0.718]
overlap_a0.5_o2_r12.5_11 stage 3 [0.999, 0.882, 1.0, 0.997]
overlap_a0.5_o0_r0_22 stage 0 [0.99, 0.474, 0.728, 0.738]
overlap_a0.5_o0_r12.5_22 stage 0 [0.99, 0.474, 0.728, 0.738]
overlap_a0.5_o1_r0_22 stage 0 [0.729, 0.729, 0.731, 1.0]
overlap_a0.5_o1_r12.5_22 stage 0 [0.729, 0.729, 0.731, 1.0]
overlap_a0.5_o2_r12.5_22 stage 0 [0.495, 0.992, 0.486, 0.739]
overlap_a0.5_o2_r0_22 stage 0 [0.495, 0.992, 0.486, 0.739]
overlap_a0.5_o0_r0_22 stage 1 [0.486, 0.976, 0.505, 0.741]
overlap_a0.5_o1_r0_22 stage 1 [0.687, 0.455, 0.997, 0.711]
overlap_a0.5_o0_r12.5_22 stage 1 [0.373, 0.585, 0.414, 0.364]
overlap_a0.5_o1_r12.5_22 stage 1 [0.698, 0.488, 0.992, 0.72]
overlap_a0.5_o2_r12.5_22 stage 1 [0.704, 0.883, 0.726, 0.996]
overlap_a0.5_o2_r0_22 stage 1 [0.717, 0.738, 0.729, 0.994]
overlap_a0.5_o0_r0_22 stage 2 [0.713, 0.517, 0.989, 0.726]
overlap_a0.5_o1_r0_22 stage 2 [0.503, 0.982, 0.499, 0.75]
overlap_a0.5_o0_r12.5_22 stage 2 [0.692, 0.406, 0.984, 0.729]
overlap_a0.5_o1_r12.5_22 stage 2 [0.529, 0.97, 0.771, 0.771]
overlap_a0.5_o2_r12.5_22 stage 2 [0.99, 0.754, 0.703, 0.978]
overlap_a0.5_o2_r0_22 stage 2 [0.992, 0.607, 0.694, 0.915]
overlap_a0.5_o0_r0_22 stage 3 [0.722, 0.747, 0.72, 0.999]
overlap_a0.5_o1_r0_22 stage 3 [0.994, 0.452, 0.737, 0.699]
overlap_a0.5_o0_r12.5_22 stage 3 [0.806, 0.526, 0.741, 0.987]
overlap_a0.5_o1_r12.5_22 stage 3 [0.99, 0.77, 0.969, 0.968]
overlap_a0.5_o2_r12.5_22 stage 3 [0.954, 0.93, 0.98, 0.934]
overlap_a0.5_o2_r0_22 stage 3 [0.704, 0.483, 0.987, 0.724]
overlap_a0.5_o0_r0_33 stage 0 [0.995, 0.495, 0.723, 0.723]
overlap_a0.5_o0_r12.5_33 stage 0 [0.995, 0.495, 0.723, 0.723]
overlap_a0.5_o1_r0_33 stage 0 [0.751, 0.747, 0.741, 0.985]
overlap_a0.5_o1_r12.5_33 stage 0 [0.751, 0.747, 0.741, 0.985]
overlap_a0.5_o2_r0_33 stage 0 [0.527, 0.997, 0.516, 0.747]
overlap_a0.5_o2_r12.5_33 stage 0 [0.527, 0.997, 0.516, 0.747]
overlap_a0.5_o0_r0_33 stage 1 [0.529, 0.993, 0.516, 0.75]
overlap_a0.5_o0_r12.5_33 stage 1 [0.523, 0.983, 0.523, 0.745]
overlap_a0.5_o1_r0_33 stage 1 [0.76, 0.509, 0.994, 0.73]
overlap_a0.5_o1_r12.5_33 stage 1 [0.745, 0.515, 0.974, 0.865]
overlap_a0.5_o2_r0_33 stage 1 [0.757, 0.753, 0.754, 0.981]
overlap_a0.5_o2_r12.5_33 stage 1 [0.713, 0.99, 0.733, 0.98]
overlap_a0.5_o0_r0_33 stage 2 [0.755, 0.526, 0.977, 0.74]
overlap_a0.5_o0_r12.5_33 stage 2 [0.9, 0.81, 0.991, 0.725]
overlap_a0.5_o1_r0_33 stage 2 [0.521, 0.994, 0.505, 0.739]
overlap_a0.5_o1_r12.5_33 stage 2 [0.527, 0.979, 0.71, 0.879]
overlap_a0.5_o2_r0_33 stage 2 [0.997, 0.518, 0.752, 0.745]
overlap_a0.5_o2_r12.5_33 stage 2 [0.725, 0.993, 0.583, 0.996]
overlap_a0.5_o0_r0_33 stage 3 [0.761, 0.753, 0.754, 0.988]
overlap_a0.5_o0_r12.5_33 stage 3 [0.925, 0.901, 0.942, 0.982]
overlap_a0.5_o1_r0_33 stage 3 [0.986, 0.26, 0.748, 0.532]
overlap_a0.5_o1_r12.5_33 stage 3 [0.988, 0.537, 0.873, 0.544]
overlap_a0.5_o2_r0_33 stage 3 [0.759, 0.515, 0.992, 0.746]
overlap_a0.5_o2_r12.5_33 stage 3 [0.972, 0.769, 0.985, 0.991]
overlap_a0.5_o0_r0_44 stage 0 [0.997, 0.502, 0.734, 0.766]
overlap_a0.5_o0_r12.5_44 stage 0 [0.997, 0.502, 0.734, 0.766]
overlap_a0.5_o1_r0_44 stage 0 [0.748, 0.725, 0.748, 0.997]
overlap_a0.5_o1_r12.5_44 stage 0 [0.748, 0.725, 0.748, 0.997]
overlap_a0.5_o2_r0_44 stage 0 [0.479, 0.995, 0.502, 0.768]
overlap_a0.5_o0_r0_44 stage 1 [0.486, 0.994, 0.504, 0.77]
overlap_a0.5_o2_r12.5_44 stage 0 [0.479, 0.995, 0.502, 0.768]
overlap_a0.5_o0_r12.5_44 stage 1 [0.741, 0.989, 0.521, 0.768]
overlap_a0.5_o1_r0_44 stage 1 [0.664, 0.522, 0.875, 0.715]
overlap_a0.5_o1_r12.5_44 stage 1 [0.699, 0.537, 0.766, 0.917]
overlap_a0.5_o2_r0_44 stage 1 [0.755, 0.727, 0.752, 0.998]
overlap_a0.5_o2_r12.5_44 stage 1 [0.748, 0.979, 0.748, 0.998]
overlap_a0.5_o0_r0_44 stage 2 [0.755, 0.495, 0.998, 0.761]
overlap_a0.5_o0_r12.5_44 stage 2 [0.957, 0.991, 0.997, 0.753]
overlap_a0.5_o1_r0_44 stage 2 [0.479, 0.998, 0.458, 0.752]
overlap_a0.5_o1_r12.5_44 stage 2 [0.48, 0.991, 0.728, 0.956]
overlap_a0.5_o2_r0_44 stage 2 [0.994, 0.493, 0.749, 0.754]
overlap_a0.5_o2_r12.5_44 stage 2 [0.991, 0.766, 0.747, 0.989]
overlap_a0.5_o0_r0_44 stage 3 [0.753, 0.729, 0.755, 0.997]
overlap_a0.5_o0_r12.5_44 stage 3 [0.961, 0.98, 0.97, 0.998]
overlap_a0.5_o1_r0_44 stage 3 [0.985, 0.495, 0.727, 0.762]
overlap_a0.5_o1_r12.5_44 stage 3 [0.989, 0.697, 0.947, 0.984]
overlap_a0.5_o2_r0_44 stage 3 [0.753, 0.494, 0.997, 0.761]
overlap_a0.5_o2_r12.5_44 stage 3 [0.98, 0.989, 0.995, 0.988]
overlap_a0.5_o0_r0_55 stage 0 [0.997, 0.481, 0.758, 0.74]
overlap_a0.5_o0_r12.5_55 stage 0 [0.997, 0.481, 0.758, 0.74]
overlap_a0.5_o1_r0_55 stage 0 [0.76, 0.771, 0.743, 0.996]
overlap_a0.5_o1_r12.5_55 stage 0 [0.76, 0.771, 0.743, 0.996]
overlap_a0.5_o2_r0_55 stage 0 [0.513, 0.999, 0.48, 0.75]
overlap_a0.5_o2_r12.5_55 stage 0 [0.513, 0.999, 0.48, 0.75]
overlap_a0.5_o0_r0_55 stage 1 [0.512, 0.992, 0.488, 0.747]
overlap_a0.5_o0_r12.5_55 stage 1 [0.727, 0.978, 0.483, 0.714]
overlap_a0.5_o1_r0_55 stage 1 [0.723, 0.491, 0.994, 0.731]
overlap_a0.5_o1_r12.5_55 stage 1 [0.765, 0.508, 0.982, 0.91]
overlap_a0.5_o2_r0_55 stage 1 [0.762, 0.747, 0.728, 0.985]
overlap_a0.5_o2_r12.5_55 stage 1 [0.756, 0.897, 0.673, 0.985]
overlap_a0.5_o0_r0_55 stage 2 [0.751, 0.562, 0.979, 0.731]
overlap_a0.5_o0_r12.5_55 stage 2 [0.967, 0.929, 0.997, 0.753]
overlap_a0.5_o1_r0_55 stage 2 [0.513, 0.991, 0.48, 0.728]
overlap_a0.5_o1_r12.5_55 stage 2 [0.519, 0.993, 0.725, 0.898]
overlap_a0.5_o2_r0_55 stage 2 [0.991, 0.461, 0.734, 0.676]
overlap_a0.5_o2_r12.5_55 stage 2 [0.979, 0.896, 0.596, 0.866]
overlap_a0.5_o0_r0_55 stage 3 [0.764, 0.734, 0.771, 0.983]
overlap_a0.5_o0_r12.5_55 stage 3 [0.963, 0.974, 0.972, 0.973]
overlap_a0.5_o1_r0_55 stage 3 [0.955, 0.534, 0.747, 0.748]
overlap_a0.5_o1_r12.5_55 stage 3 [0.983, 0.678, 0.981, 0.933]
overlap_a0.5_o2_r0_55 stage 3 [0.743, 0.451, 0.992, 0.662]
overlap_a0.5_o2_r12.5_55 stage 3 [0.752, 0.88, 0.987, 0.85]
overlap_a1_o0_r0_11 stage 0 [0.997, 0.523, 0.74, 0.729]
overlap_a1_o0_r12.5_11 stage 0 [0.997, 0.523, 0.74, 0.729]
overlap_a1_o1_r0_11 stage 0 [0.745, 0.76, 0.739, 1.0]
overlap_a1_o1_r12.5_11 stage 0 [0.745, 0.76, 0.739, 1.0]
overlap_a1_o2_r0_11 stage 0 [0.512, 0.988, 0.52, 0.729]
overlap_a1_o2_r12.5_11 stage 0 [0.512, 0.988, 0.52, 0.729]
overlap_a1_o0_r0_11 stage 1 [0.521, 0.983, 0.491, 0.729]
overlap_a1_o0_r12.5_11 stage 1 [0.577, 0.978, 0.495, 0.742]
overlap_a1_o1_r0_11 stage 1 [0.737, 0.519, 0.998, 0.699]
overlap_a1_o1_r12.5_11 stage 1 [0.741, 0.505, 0.99, 0.866]
overlap_a1_o2_r0_11 stage 1 [0.747, 0.763, 0.747, 0.996]
overlap_a1_o2_r12.5_11 stage 1 [0.708, 0.953, 0.715, 0.992]
overlap_a1_o0_r0_11 stage 2 [0.752, 0.533, 0.997, 0.719]
overlap_a1_o0_r12.5_11 stage 2 [0.787, 0.721, 0.992, 0.722]
overlap_a1_o1_r0_11 stage 2 [0.496, 0.983, 0.499, 0.704]
overlap_a1_o1_r12.5_11 stage 2 [0.515, 0.945, 0.724, 0.806]
overlap_a1_o2_r0_11 stage 2 [0.996, 0.532, 0.754, 0.734]
overlap_a1_o2_r12.5_11 stage 2 [0.762, 0.845, 0.742, 0.932]
overlap_a1_o0_r0_11 stage 3 [0.757, 0.763, 0.75, 1.0]
overlap_a1_o0_r12.5_11 stage 3 [0.795, 0.79, 0.943, 0.999]
overlap_a1_o1_r0_11 stage 3 [0.997, 0.527, 0.747, 0.728]
overlap_a1_o1_r12.5_11 stage 3 [0.987, 0.761, 0.942, 0.909]
overlap_a1_o2_r0_11 stage 3 [0.757, 0.517, 0.998, 0.716]
overlap_a1_o2_r12.5_11 stage 3 [0.968, 0.913, 0.998, 0.991]
overlap_a1_o0_r0_22 stage 0 [0.993, 0.457, 0.714, 0.704]
overlap_a1_o0_r12.5_22 stage 0 [0.993, 0.457, 0.714, 0.704]
overlap_a1_o1_r0_22 stage 0 [0.702, 0.727, 0.721, 0.997]
overlap_a1_o1_r12.5_22 stage 0 [0.702, 0.727, 0.721, 0.997]
overlap_a1_o2_r0_22 stage 0 [0.498, 0.997, 0.497, 0.747]
overlap_a1_o2_r12.5_22 stage 0 [0.498, 0.997, 0.497, 0.747]
overlap_a1_o0_r0_22 stage 1 [0.499, 0.987, 0.5, 0.75]
overlap_a1_o0_r12.5_22 stage 1 [0.925, 0.979, 0.523, 0.757]
overlap_a1_o1_r0_22 stage 1 [0.693, 0.474, 0.997, 0.729]
overlap_a1_o1_r12.5_22 stage 1 [0.695, 0.491, 0.992, 0.739]
overlap_a1_o2_r0_22 stage 1 [0.703, 0.733, 0.716, 0.993]
overlap_a1_o2_r12.5_22 stage 1 [0.691, 0.954, 0.717, 0.992]
overlap_a1_o0_r0_22 stage 2 [0.723, 0.509, 0.994, 0.729]
overlap_a1_o0_r12.5_22 stage 2 [0.925, 0.959, 0.968, 0.737]
overlap_a1_o1_r0_22 stage 2 [0.507, 0.985, 0.499, 0.751]
overlap_a1_o1_r12.5_22 stage 2 [0.514, 0.975, 0.718, 0.78]
overlap_a1_o2_r0_22 stage 2 [0.996, 0.514, 0.727, 0.734]
overlap_a1_o2_r12.5_22 stage 2 [0.987, 0.73, 0.718, 0.982]
overlap_a1_o0_r0_22 stage 3 [0.735, 0.758, 0.721, 0.997]
overlap_a1_o0_r12.5_22 stage 3 [0.944, 0.969, 0.955, 0.966]
overlap_a1_o1_r0_22 stage 3 [0.986, 0.438, 0.699, 0.65]
overlap_a1_o1_r12.5_22 stage 3 [0.994, 0.653, 0.947, 0.965]
overlap_a1_o2_r0_22 stage 3 [0.734, 0.515, 0.998, 0.739]
overlap_a1_o2_r12.5_22 stage 3 [0.981, 0.755, 0.992, 0.97]
overlap_a1_o0_r0_33 stage 0 [0.986, 0.488, 0.731, 0.729]
overlap_a1_o1_r0_33 stage 0 [0.759, 0.748, 0.745, 0.985]
overlap_a1_o0_r12.5_33 stage 0 [0.986, 0.488, 0.731, 0.729]
overlap_a1_o1_r12.5_33 stage 0 [0.759, 0.748, 0.745, 0.985]
overlap_a1_o2_r0_33 stage 0 [0.523, 0.994, 0.502, 0.734]
overlap_a1_o2_r12.5_33 stage 0 [0.523, 0.994, 0.502, 0.734]
overlap_a1_o0_r0_33 stage 1 [0.53, 0.969, 0.555, 0.658]
overlap_a1_o1_r0_33 stage 1 [0.759, 0.496, 0.985, 0.725]
overlap_a1_o0_r12.5_33 stage 1 [0.764, 0.943, 0.55, 0.651]
overlap_a1_o1_r12.5_33 stage 1 [0.749, 0.507, 0.979, 0.916]
overlap_a1_o2_r0_33 stage 1 [0.742, 0.735, 0.749, 0.981]
overlap_a1_o2_r12.5_33 stage 1 [0.731, 0.98, 0.739, 0.987]
overlap_a1_o0_r0_33 stage 2 [0.762, 0.529, 0.958, 0.743]
overlap_a1_o1_r0_33 stage 2 [0.518, 0.997, 0.497, 0.739]
overlap_a1_o0_r12.5_33 stage 2 [0.831, 0.791, 0.952, 0.552]
overlap_a1_o1_r12.5_33 stage 2 [0.521, 0.993, 0.725, 0.886]
overlap_a1_o2_r0_33 stage 2 [0.98, 0.347, 0.505, 0.505]
overlap_a1_o2_r12.5_33 stage 2 [0.989, 0.748, 0.755, 0.948]
overlap_a1_o0_r0_33 stage 3 [0.765, 0.748, 0.754, 0.995]
overlap_a1_o1_r0_33 stage 3 [0.979, 0.435, 0.771, 0.714]
overlap_a1_o0_r12.5_33 stage 3 [0.727, 0.872, 0.762, 0.955]
overlap_a1_o1_r12.5_33 stage 3 [0.987, 0.519, 0.978, 0.927]
overlap_a1_o2_r0_33 stage 3 [0.636, 0.313, 0.986, 0.518]
overlap_a1_o2_r12.5_33 stage 3 [0.968, 0.772, 0.995, 0.927]
overlap_a1_o0_r0_44 stage 0 [0.995, 0.486, 0.725, 0.746]
overlap_a1_o0_r12.5_44 stage 0 [0.995, 0.486, 0.725, 0.746]
overlap_a1_o1_r0_44 stage 0 [0.726, 0.727, 0.739, 0.995]
overlap_a1_o1_r12.5_44 stage 0 [0.726, 0.727, 0.739, 0.995]
overlap_a1_o2_r0_44 stage 0 [0.469, 0.997, 0.487, 0.767]
overlap_a1_o2_r12.5_44 stage 0 [0.469, 0.997, 0.487, 0.767]
overlap_a1_o0_r0_44 stage 1 [0.524, 0.924, 0.483, 0.72]
overlap_a1_o0_r12.5_44 stage 1 [0.674, 0.776, 0.661, 0.871]
overlap_a1_o1_r0_44 stage 1 [0.748, 0.484, 0.994, 0.736]
overlap_a1_o1_r12.5_44 stage 1 [0.744, 0.485, 0.989, 0.92]
overlap_a1_o2_r0_44 stage 1 [0.721, 0.714, 0.749, 0.998]
overlap_a1_o2_r12.5_44 stage 1 [0.735, 0.965, 0.746, 0.998]
overlap_a1_o0_r0_44 stage 2 [0.747, 0.46, 0.997, 0.722]
overlap_a1_o0_r12.5_44 stage 2 [0.863, 0.673, 0.991, 0.751]
overlap_a1_o1_r0_44 stage 2 [0.472, 0.994, 0.471, 0.753]
overlap_a1_o1_r12.5_44 stage 2 [0.488, 0.976, 0.695, 0.931]
overlap_a1_o2_r0_44 stage 2 [0.986, 0.486, 0.757, 0.768]
overlap_a1_o2_r12.5_44 stage 2 [0.989, 0.749, 0.756, 0.973]
overlap_a1_o0_r0_44 stage 3 [0.74, 0.707, 0.739, 0.997]
overlap_a1_o0_r12.5_44 stage 3 [0.961, 0.729, 0.925, 0.998]
overlap_a1_o1_r0_44 stage 3 [0.989, 0.49, 0.743, 0.761]
overlap_a1_o1_r12.5_44 stage 3 [0.997, 0.685, 0.917, 0.966]
overlap_a1_o2_r0_44 stage 3 [0.755, 0.494, 0.996, 0.758]
overlap_a1_o2_r12.5_44 stage 3 [0.972, 0.974, 0.995, 0.976]
overlap_a1_o0_r0_55 stage 0 [0.99, 0.463, 0.715, 0.744]
overlap_a1_o0_r12.5_55 stage 0 [0.99, 0.463, 0.715, 0.744]
overlap_a1_o1_r0_55 stage 0 [0.742, 0.775, 0.747, 0.986]
overlap_a1_o1_r12.5_55 stage 0 [0.742, 0.775, 0.747, 0.986]
overlap_a1_o2_r0_55 stage 0 [0.51, 1.0, 0.487, 0.744]
overlap_a1_o2_r12.5_55 stage 0 [0.51, 1.0, 0.487, 0.744]
overlap_a1_o0_r0_55 stage 1 [0.51, 0.997, 0.485, 0.697]
overlap_a1_o0_r12.5_55 stage 1 [0.71, 0.979, 0.489, 0.715]
overlap_a1_o1_r0_55 stage 1 [0.718, 0.493, 0.992, 0.731]
overlap_a1_o1_r12.5_55 stage 1 [0.767, 0.512, 0.991, 0.935]
overlap_a1_o2_r0_55 stage 1 [0.762, 0.762, 0.735, 0.995]
overlap_a1_o2_r12.5_55 stage 1 [0.747, 0.946, 0.651, 0.994]
overlap_a1_o0_r0_55 stage 2 [0.763, 0.497, 0.992, 0.747]
overlap_a1_o0_r12.5_55 stage 2 [0.84, 0.916, 0.987, 0.752]
overlap_a1_o1_r0_55 stage 2 [0.511, 0.999, 0.472, 0.723]
overlap_a1_o1_r12.5_55 stage 2 [0.521, 0.986, 0.71, 0.934]
overlap_a1_o2_r0_55 stage 2 [0.999, 0.492, 0.751, 0.759]
overlap_a1_o2_r12.5_55 stage 2 [0.998, 0.716, 0.751, 0.99]
overlap_a1_o0_r0_55 stage 3 [0.713, 0.762, 0.737, 0.967]
overlap_a1_o1_r0_55 stage 3 [0.99, 0.501, 0.737, 0.751]
overlap_a1_o0_r12.5_55 stage 3 [0.93, 0.956, 0.963, 0.98]
overlap_a1_o1_r12.5_55 stage 3 [0.993, 0.664, 0.978, 0.979]
overlap_a1_o2_r0_55 stage 3 [0.768, 0.49, 0.999, 0.759]
overlap_a1_o2_r12.5_55 stage 3 [0.982, 0.957, 0.996, 0.978]
all 150 jobs in 2729.8 s
