phase C topos ['single-random', 'distributed'] sws [0.7, 0.9, 1.1] alphas [None] ratios [0, 0.125] epochs 65
single-random_s0.7_o2_r12.5_11 stage 0 [0.516, 0.997, 0.515, 0.743]
single-random_s0.7_o0_r12.5_11 stage 0 [0.994, 0.524, 0.747, 0.721]
single-random_s0.7_o0_r0_11 stage 0 [0.994, 0.524, 0.747, 0.721]
single-random_s0.7_o1_r0_11 stage 0 [0.756, 0.763, 0.754, 1.0]
single-random_s0.7_o2_r0_11 stage 0 [0.516, 0.997, 0.515, 0.743]
single-random_s0.7_o1_r12.5_11 stage 0 [0.756, 0.763, 0.754, 1.0]
single-random_s0.7_o0_r0_11 stage 1 [0.754, 0.759, 0.748, 0.984]
single-random_s0.7_o2_r12.5_11 stage 1 [0.75, 0.983, 0.748, 0.998]
single-random_s0.7_o0_r12.5_11 stage 1 [0.946, 0.757, 0.76, 0.991]
single-random_s0.7_o1_r12.5_11 stage 1 [0.756, 0.532, 0.994, 0.977]
single-random_s0.7_o2_r0_11 stage 1 [0.752, 0.765, 0.752, 0.998]
single-random_s0.7_o1_r0_11 stage 1 [0.753, 0.528, 0.992, 0.722]
single-random_s0.7_o0_r12.5_22 stage 0 [0.997, 0.517, 0.732, 0.742]
single-random_s0.7_o0_r0_22 stage 0 [0.997, 0.517, 0.732, 0.742]
single-random_s0.7_o1_r12.5_11 stage 2 [0.519, 0.996, 0.757, 0.99]
single-random_s0.7_o2_r12.5_11 stage 2 [0.993, 0.959, 0.753, 0.999]
single-random_s0.7_o0_r0_11 stage 2 [0.753, 0.531, 0.988, 0.714]
single-random_s0.7_o2_r0_11 stage 2 [0.997, 0.526, 0.753, 0.739]
single-random_s0.7_o0_r12.5_11 stage 2 [0.959, 0.744, 0.979, 0.722]
single-random_s0.7_o1_r0_11 stage 2 [0.52, 0.999, 0.521, 0.681]
single-random_s0.7_o0_r0_22 stage 1 [0.503, 0.995, 0.506, 0.754]
single-random_s0.7_o2_r0_11 stage 3 [0.76, 0.524, 1.0, 0.725]
single-random_s0.7_o2_r12.5_11 stage 3 [0.989, 0.945, 1.0, 0.993]
single-random_s0.7_o1_r12.5_11 stage 3 [0.992, 0.938, 0.997, 0.994]
single-random_s0.7_o0_r12.5_11 stage 3 [0.942, 0.761, 0.964, 0.998]
single-random_s0.7_o0_r12.5_22 stage 1 [0.964, 0.994, 0.506, 0.753]
single-random_s0.7_o0_r0_11 stage 3 [0.759, 0.763, 0.754, 1.0]
single-random_s0.7_o1_r0_11 stage 3 [0.996, 0.526, 0.753, 0.725]
single-random_s0.7_o0_r0_22 stage 2 [0.733, 0.519, 0.997, 0.739]
single-random_s0.7_o2_r0_22 stage 0 [0.498, 0.998, 0.502, 0.75]
single-random_s0.7_o1_r12.5_22 stage 0 [0.735, 0.755, 0.734, 1.0]
single-random_s0.7_o1_r0_22 stage 0 [0.735, 0.755, 0.734, 1.0]
single-random_s0.7_o2_r12.5_22 stage 0 [0.498, 0.998, 0.502, 0.75]
single-random_s0.7_o0_r12.5_22 stage 2 [0.995, 0.972, 0.997, 0.745]
single-random_s0.7_o0_r0_22 stage 3 [0.736, 0.759, 0.735, 1.0]
single-random_s0.7_o2_r12.5_22 stage 1 [0.715, 0.983, 0.724, 0.995]
single-random_s0.7_o1_r12.5_22 stage 1 [0.733, 0.517, 0.996, 0.995]
single-random_s0.7_o2_r0_22 stage 1 [0.73, 0.763, 0.729, 0.995]
single-random_s0.7_o0_r12.5_22 stage 3 [0.996, 0.992, 0.989, 1.0]
single-random_s0.7_o1_r0_22 stage 1 [0.732, 0.517, 0.995, 0.739]
single-random_s0.7_o1_r12.5_22 stage 2 [0.499, 1.0, 0.765, 0.999]
single-random_s0.7_o2_r12.5_22 stage 2 [0.736, 0.972, 0.73, 0.999]
single-random_s0.7_o0_r0_33 stage 0 [0.985, 0.526, 0.753, 0.755]
single-random_s0.7_o0_r12.5_33 stage 0 [0.985, 0.526, 0.753, 0.755]
single-random_s0.7_o1_r0_33 stage 0 [0.763, 0.753, 0.751, 0.991]
single-random_s0.7_o1_r12.5_33 stage 0 [0.763, 0.753, 0.751, 0.991]
single-random_s0.7_o2_r0_22 stage 2 [0.997, 0.52, 0.733, 0.743]
single-random_s0.7_o1_r0_22 stage 2 [0.498, 1.0, 0.502, 0.751]
single-random_s0.7_o1_r12.5_22 stage 3 [0.995, 0.98, 0.997, 0.996]
single-random_s0.7_o2_r12.5_22 stage 3 [0.994, 0.967, 0.998, 0.997]
single-random_s0.7_o0_r0_33 stage 1 [0.53, 0.996, 0.518, 0.743]
single-random_s0.7_o0_r12.5_33 stage 1 [0.967, 0.995, 0.52, 0.742]
single-random_s0.7_o1_r0_33 stage 1 [0.761, 0.526, 0.993, 0.747]
single-random_s0.7_o2_r0_22 stage 3 [0.736, 0.515, 0.998, 0.743]
single-random_s0.7_o1_r0_22 stage 3 [0.999, 0.517, 0.735, 0.743]
single-random_s0.7_o1_r12.5_33 stage 1 [0.753, 0.546, 0.989, 0.968]
single-random_s0.7_o2_r12.5_33 stage 0 [0.528, 0.999, 0.516, 0.747]
single-random_s0.7_o2_r0_33 stage 0 [0.528, 0.999, 0.516, 0.747]
single-random_s0.7_o0_r12.5_33 stage 2 [0.997, 0.993, 0.994, 0.754]
single-random_s0.7_o1_r0_33 stage 2 [0.529, 0.999, 0.516, 0.747]
single-random_s0.7_o0_r0_33 stage 2 [0.765, 0.527, 0.993, 0.749]
single-random_s0.7_o1_r12.5_33 stage 2 [0.53, 0.998, 0.737, 0.968]
single-random_s0.7_o2_r12.5_33 stage 1 [0.744, 0.993, 0.743, 0.985]
single-random_s0.7_o0_r12.5_33 stage 3 [1.0, 0.995, 0.979, 0.993]
single-random_s0.7_o2_r0_33 stage 1 [0.751, 0.761, 0.745, 0.986]
single-random_s0.7_o1_r0_33 stage 3 [1.0, 0.524, 0.76, 0.756]
single-random_s0.7_o0_r0_33 stage 3 [0.768, 0.749, 0.76, 0.999]
single-random_s0.7_o1_r12.5_33 stage 3 [0.999, 0.955, 0.971, 0.988]
single-random_s0.7_o2_r12.5_33 stage 2 [0.988, 0.765, 0.756, 0.993]
single-random_s0.7_o0_r12.5_44 stage 0 [0.983, 0.504, 0.749, 0.76]
single-random_s0.7_o0_r0_44 stage 0 [0.983, 0.504, 0.749, 0.76]
single-random_s0.7_o2_r0_33 stage 2 [0.997, 0.521, 0.752, 0.749]
single-random_s0.7_o1_r12.5_44 stage 0 [0.754, 0.729, 0.756, 0.997]
single-random_s0.7_o1_r0_44 stage 0 [0.754, 0.729, 0.756, 0.997]
single-random_s0.7_o2_r0_44 stage 0 [0.479, 0.996, 0.502, 0.768]
single-random_s0.7_o2_r12.5_44 stage 0 [0.479, 0.996, 0.502, 0.768]
single-random_s0.7_o2_r12.5_33 stage 3 [0.985, 0.77, 0.993, 0.984]
single-random_s0.7_o2_r0_33 stage 3 [0.767, 0.521, 0.998, 0.75]
single-random_s0.7_o0_r12.5_44 stage 1 [0.948, 0.996, 0.502, 0.769]
single-random_s0.7_o0_r0_44 stage 1 [0.49, 0.997, 0.501, 0.768]
single-random_s0.7_o1_r12.5_44 stage 1 [0.753, 0.499, 1.0, 0.992]
single-random_s0.7_o2_r0_44 stage 1 [0.745, 0.729, 0.752, 0.997]
single-random_s0.7_o1_r0_44 stage 1 [0.754, 0.495, 0.999, 0.762]
single-random_s0.7_o2_r12.5_44 stage 1 [0.749, 0.991, 0.745, 0.997]
single-random_s0.7_o0_r12.5_44 stage 2 [0.756, 0.775, 1.0, 0.756]
single-random_s0.7_o0_r0_44 stage 2 [0.754, 0.494, 0.999, 0.76]
single-random_s0.7_o1_r12.5_44 stage 2 [0.485, 0.994, 0.876, 0.993]
single-random_s0.7_o1_r0_44 stage 2 [0.479, 0.997, 0.502, 0.768]
single-random_s0.7_o2_r12.5_44 stage 2 [0.993, 0.763, 0.754, 0.992]
single-random_s0.7_o2_r0_44 stage 2 [0.987, 0.496, 0.752, 0.759]
single-random_s0.7_o0_r12.5_44 stage 3 [0.997, 0.993, 0.989, 0.999]
single-random_s0.7_o0_r0_44 stage 3 [0.756, 0.729, 0.758, 0.999]
single-random_s0.7_o2_r12.5_44 stage 3 [0.758, 0.771, 1.0, 0.992]
single-random_s0.7_o1_r12.5_44 stage 3 [0.994, 0.987, 0.996, 0.994]
single-random_s0.7_o1_r0_44 stage 3 [0.997, 0.495, 0.757, 0.768]
single-random_s0.7_o2_r0_44 stage 3 [0.756, 0.494, 1.0, 0.763]
single-random_s0.7_o0_r0_55 stage 0 [0.987, 0.494, 0.745, 0.746]
single-random_s0.7_o0_r12.5_55 stage 0 [0.987, 0.494, 0.745, 0.746]
single-random_s0.7_o1_r0_55 stage 0 [0.769, 0.774, 0.751, 0.998]
single-random_s0.7_o2_r12.5_55 stage 0 [0.517, 1.0, 0.484, 0.749]
single-random_s0.7_o1_r12.5_55 stage 0 [0.769, 0.774, 0.751, 0.998]
single-random_s0.7_o2_r0_55 stage 0 [0.517, 1.0, 0.484, 0.749]
single-random_s0.7_o0_r0_55 stage 1 [0.561, 0.958, 0.51, 0.778]
single-random_s0.7_o0_r12.5_55 stage 1 [0.956, 0.99, 0.494, 0.766]
single-random_s0.7_o1_r0_55 stage 1 [0.766, 0.493, 0.994, 0.753]
single-random_s0.7_o2_r12.5_55 stage 1 [0.763, 0.988, 0.682, 0.994]
single-random_s0.7_o2_r0_55 stage 1 [0.763, 0.777, 0.73, 0.994]
single-random_s0.7_o1_r12.5_55 stage 1 [0.767, 0.503, 0.995, 0.988]
single-random_s0.7_o0_r0_55 stage 2 [0.753, 0.493, 0.988, 0.745]
single-random_s0.7_o0_r12.5_55 stage 2 [0.996, 0.973, 0.997, 0.758]
single-random_s0.7_o1_r0_55 stage 2 [0.517, 1.0, 0.484, 0.748]
single-random_o0_r0_11 stage 0 [0.994, 0.522, 0.747, 0.721]
single-random_o0_r12.5_11 stage 0 [0.994, 0.522, 0.747, 0.721]
single-random_s0.7_o2_r0_55 stage 2 [0.995, 0.498, 0.754, 0.764]
single-random_s0.7_o2_r12.5_55 stage 2 [0.987, 0.94, 0.749, 0.996]
single-random_s0.7_o1_r12.5_55 stage 2 [0.524, 1.0, 0.743, 0.991]
single-random_s0.7_o0_r0_55 stage 3 [0.769, 0.775, 0.75, 0.996]
single-random_o0_r0_11 stage 1 [0.754, 0.759, 0.748, 0.984]
single-random_s0.7_o1_r0_55 stage 3 [0.997, 0.521, 0.746, 0.758]
single-random_s0.7_o0_r12.5_55 stage 3 [0.992, 0.994, 0.984, 0.995]
single-random_s0.7_o2_r12.5_55 stage 3 [0.99, 0.955, 0.998, 0.997]
single-random_s0.7_o2_r0_55 stage 3 [0.767, 0.491, 0.999, 0.753]
single-random_o0_r12.5_11 stage 1 [0.945, 0.757, 0.76, 0.99]
single-random_s0.7_o1_r12.5_55 stage 3 [0.996, 0.998, 0.997, 0.998]
single-random_o1_r0_11 stage 0 [0.756, 0.763, 0.754, 1.0]
single-random_o1_r12.5_11 stage 0 [0.756, 0.763, 0.754, 1.0]
single-random_o0_r0_11 stage 2 [0.753, 0.531, 0.988, 0.715]
single-random_o2_r0_11 stage 0 [0.516, 0.997, 0.515, 0.742]
single-random_o2_r12.5_11 stage 0 [0.516, 0.997, 0.515, 0.742]
single-random_o0_r12.5_11 stage 2 [0.954, 0.745, 0.976, 0.724]
single-random_o1_r0_11 stage 1 [0.754, 0.527, 0.994, 0.722]
single-random_o1_r12.5_11 stage 1 [0.756, 0.53, 0.998, 0.979]
single-random_o0_r0_11 stage 3 [0.759, 0.763, 0.754, 1.0]
single-random_o2_r0_11 stage 1 [0.75, 0.765, 0.75, 0.997]
single-random_o0_r12.5_11 stage 3 [0.95, 0.761, 0.955, 0.997]
single-random_o2_r12.5_11 stage 1 [0.75, 0.982, 0.745, 0.998]
single-random_o1_r0_11 stage 2 [0.52, 0.999, 0.521, 0.524]
single-random_o0_r0_22 stage 0 [0.996, 0.517, 0.732, 0.742]
single-random_o1_r12.5_11 stage 2 [0.519, 0.996, 0.756, 0.99]
single-random_o2_r0_11 stage 2 [0.998, 0.527, 0.753, 0.739]
single-random_o0_r12.5_22 stage 0 [0.996, 0.517, 0.732, 0.742]
single-random_o1_r0_22 stage 0 [0.735, 0.755, 0.734, 1.0]
single-random_o2_r12.5_11 stage 2 [0.989, 0.941, 0.753, 0.998]
single-random_o1_r12.5_22 stage 0 [0.735, 0.755, 0.734, 1.0]
single-random_o0_r0_22 stage 1 [0.503, 0.995, 0.506, 0.754]
single-random_o1_r0_11 stage 3 [0.996, 0.526, 0.753, 0.725]
single-random_o1_r12.5_11 stage 3 [0.992, 0.95, 0.999, 0.994]
single-random_o2_r0_11 stage 3 [0.76, 0.524, 1.0, 0.725]
single-random_o0_r12.5_22 stage 1 [0.963, 0.994, 0.506, 0.753]
single-random_o1_r0_22 stage 1 [0.732, 0.517, 0.995, 0.739]
single-random_o2_r12.5_11 stage 3 [0.987, 0.748, 0.998, 0.994]
single-random_o1_r12.5_22 stage 1 [0.733, 0.517, 0.996, 0.995]
single-random_o2_r0_22 stage 0 [0.498, 0.998, 0.502, 0.75]
single-random_o0_r0_22 stage 2 [0.732, 0.523, 0.996, 0.736]
single-random_o2_r12.5_22 stage 0 [0.498, 0.998, 0.502, 0.75]
single-random_o0_r12.5_22 stage 2 [0.995, 0.966, 0.997, 0.741]
single-random_o1_r0_22 stage 2 [0.498, 1.0, 0.502, 0.751]
single-random_o1_r12.5_22 stage 2 [0.499, 1.0, 0.766, 0.999]
single-random_o2_r0_22 stage 1 [0.73, 0.763, 0.729, 0.995]
single-random_o2_r12.5_22 stage 1 [0.714, 0.983, 0.725, 0.995]
single-random_o0_r0_22 stage 3 [0.736, 0.76, 0.735, 0.999]
single-random_o0_r12.5_22 stage 3 [0.996, 0.989, 0.987, 1.0]
single-random_o1_r0_22 stage 3 [0.999, 0.516, 0.734, 0.743]
single-random_o1_r12.5_22 stage 3 [0.995, 0.98, 0.997, 0.997]
single-random_o0_r0_33 stage 0 [0.985, 0.526, 0.752, 0.755]
single-random_o2_r0_22 stage 2 [0.997, 0.52, 0.733, 0.742]
single-random_o0_r12.5_33 stage 0 [0.985, 0.526, 0.752, 0.755]
single-random_o2_r12.5_22 stage 2 [0.736, 0.962, 0.731, 0.999]
single-random_o1_r0_33 stage 0 [0.763, 0.753, 0.751, 0.991]
single-random_o1_r12.5_33 stage 0 [0.763, 0.753, 0.751, 0.991]
single-random_o2_r0_33 stage 0 [0.528, 0.999, 0.516, 0.747]
single-random_o2_r12.5_33 stage 0 [0.528, 0.999, 0.516, 0.747]
single-random_o0_r0_33 stage 1 [0.53, 0.995, 0.517, 0.742]
single-random_o2_r0_22 stage 3 [0.736, 0.515, 0.998, 0.743]
single-random_o0_r12.5_33 stage 1 [0.97, 0.995, 0.52, 0.738]
single-random_o2_r12.5_22 stage 3 [0.996, 0.966, 0.998, 0.998]
single-random_o1_r0_33 stage 1 [0.763, 0.526, 0.993, 0.748]
single-random_o1_r12.5_33 stage 1 [0.753, 0.546, 0.988, 0.972]
single-random_o2_r0_33 stage 1 [0.751, 0.761, 0.745, 0.986]
single-random_o2_r12.5_33 stage 1 [0.744, 0.993, 0.742, 0.985]
single-random_o0_r0_33 stage 2 [0.765, 0.527, 0.994, 0.749]
single-random_o0_r12.5_33 stage 2 [0.997, 0.993, 0.994, 0.755]
single-random_o1_r0_33 stage 2 [0.529, 0.999, 0.516, 0.747]
single-random_o1_r12.5_33 stage 2 [0.53, 0.998, 0.737, 0.972]
single-random_o2_r0_33 stage 2 [0.997, 0.521, 0.752, 0.747]
single-random_o2_r12.5_33 stage 2 [0.989, 0.761, 0.755, 0.991]
single-random_o0_r0_33 stage 3 [0.768, 0.75, 0.76, 1.0]
single-random_o0_r12.5_33 stage 3 [1.0, 0.994, 0.983, 0.993]
single-random_o1_r0_33 stage 3 [1.0, 0.524, 0.759, 0.756]
single-random_o1_r12.5_33 stage 3 [0.999, 0.958, 0.975, 0.988]
single-random_o2_r0_33 stage 3 [0.767, 0.521, 0.998, 0.75]
single-random_o2_r12.5_33 stage 3 [0.986, 0.771, 0.996, 0.983]
single-random_o0_r0_44 stage 0 [0.983, 0.506, 0.747, 0.759]
single-random_o0_r12.5_44 stage 0 [0.983, 0.506, 0.747, 0.759]
single-random_o1_r0_44 stage 0 [0.753, 0.729, 0.755, 0.997]
single-random_o1_r12.5_44 stage 0 [0.753, 0.729, 0.755, 0.997]
single-random_o2_r0_44 stage 0 [0.479, 0.996, 0.502, 0.768]
single-random_o2_r12.5_44 stage 0 [0.479, 0.996, 0.502, 0.768]
single-random_o0_r0_44 stage 1 [0.488, 0.998, 0.503, 0.768]
single-random_o0_r12.5_44 stage 1 [0.952, 0.997, 0.502, 0.769]
single-random_o1_r0_44 stage 1 [0.754, 0.494, 0.999, 0.762]
single-random_o1_r12.5_44 stage 1 [0.751, 0.498, 1.0, 0.991]
single-random_o2_r0_44 stage 1 [0.743, 0.729, 0.752, 0.997]
single-random_o2_r12.5_44 stage 1 [0.749, 0.991, 0.745, 0.997]
single-random_o0_r0_44 stage 2 [0.754, 0.494, 0.998, 0.76]
single-random_o0_r12.5_44 stage 2 [0.758, 0.807, 1.0, 0.759]
single-random_o1_r0_44 stage 2 [0.479, 0.998, 0.502, 0.768]
single-random_o1_r12.5_44 stage 2 [0.484, 0.994, 0.971, 0.989]
single-random_o0_r0_55 stage 0 [0.987, 0.494, 0.745, 0.744]
single-random_o2_r0_44 stage 2 [0.987, 0.498, 0.752, 0.76]
single-random_o2_r12.5_44 stage 2 [0.993, 0.761, 0.753, 0.994]
single-random_o0_r12.5_55 stage 0 [0.987, 0.494, 0.745, 0.744]
single-random_o0_r0_44 stage 3 [0.756, 0.729, 0.758, 0.999]
single-random_o0_r12.5_44 stage 3 [0.997, 0.995, 0.99, 0.999]
single-random_o1_r0_44 stage 3 [0.997, 0.495, 0.756, 0.767]
single-random_o1_r12.5_44 stage 3 [0.994, 0.987, 0.995, 0.997]
single-random_o0_r0_55 stage 1 [0.638, 0.876, 0.604, 0.854]
single-random_o2_r0_44 stage 3 [0.756, 0.494, 0.999, 0.762]
single-random_o2_r12.5_44 stage 3 [0.87, 0.766, 1.0, 0.993]
single-random_o0_r12.5_55 stage 1 [0.955, 0.99, 0.495, 0.766]
single-random_o1_r0_55 stage 0 [0.769, 0.774, 0.751, 0.998]
single-random_o1_r12.5_55 stage 0 [0.769, 0.774, 0.751, 0.998]
single-random_o2_r0_55 stage 0 [0.517, 1.0, 0.484, 0.749]
single-random_o2_r12.5_55 stage 0 [0.517, 1.0, 0.484, 0.749]
single-random_o0_r0_55 stage 2 [0.753, 0.493, 0.988, 0.745]
single-random_o0_r12.5_55 stage 2 [0.993, 0.975, 0.997, 0.758]
single-random_o1_r0_55 stage 1 [0.767, 0.492, 0.996, 0.753]
single-random_o1_r12.5_55 stage 1 [0.767, 0.505, 0.997, 0.988]
single-random_o2_r0_55 stage 1 [0.764, 0.777, 0.733, 0.994]
single-random_o2_r12.5_55 stage 1 [0.763, 0.988, 0.692, 0.994]
single-random_o0_r0_55 stage 3 [0.769, 0.776, 0.749, 0.996]
single-random_o0_r12.5_55 stage 3 [0.996, 0.994, 0.985, 0.994]
single-random_o1_r0_55 stage 2 [0.517, 1.0, 0.484, 0.748]
single-random_o1_r12.5_55 stage 2 [0.528, 1.0, 0.824, 0.993]
single-random_o2_r0_55 stage 2 [0.995, 0.498, 0.754, 0.765]
single-random_o2_r12.5_55 stage 2 [0.987, 0.938, 0.75, 0.996]
single-random_s1.1_o0_r0_11 stage 0 [0.994, 0.521, 0.746, 0.722]
single-random_s1.1_o1_r0_11 stage 0 [0.755, 0.763, 0.754, 1.0]
single-random_s1.1_o0_r12.5_11 stage 0 [0.994, 0.521, 0.746, 0.722]
single-random_s1.1_o1_r12.5_11 stage 0 [0.755, 0.763, 0.754, 1.0]
single-random_o1_r0_55 stage 3 [0.998, 0.524, 0.746, 0.758]
single-random_o1_r12.5_55 stage 3 [0.996, 0.998, 0.997, 0.998]
single-random_o2_r0_55 stage 3 [0.767, 0.491, 0.999, 0.753]
single-random_o2_r12.5_55 stage 3 [0.99, 0.955, 0.997, 0.997]
single-random_s1.1_o0_r12.5_11 stage 1 [0.945, 0.757, 0.76, 0.991]
single-random_s1.1_o0_r0_11 stage 1 [0.754, 0.758, 0.749, 0.985]
single-random_s1.1_o1_r0_11 stage 1 [0.754, 0.527, 0.994, 0.722]
single-random_s1.1_o1_r12.5_11 stage 1 [0.757, 0.529, 0.997, 0.979]
single-random_s1.1_o2_r0_11 stage 0 [0.516, 0.997, 0.515, 0.742]
single-random_s1.1_o2_r12.5_11 stage 0 [0.516, 0.997, 0.515, 0.742]
single-random_s1.1_o0_r12.5_11 stage 2 [0.959, 0.743, 0.977, 0.726]
single-random_s1.1_o0_r0_11 stage 2 [0.753, 0.531, 0.988, 0.715]
single-random_s1.1_o1_r0_11 stage 2 [0.52, 0.999, 0.521, 0.516]
single-random_s1.1_o1_r12.5_11 stage 2 [0.518, 0.996, 0.756, 0.992]
single-random_s1.1_o2_r0_11 stage 1 [0.75, 0.765, 0.752, 0.997]
single-random_s1.1_o2_r12.5_11 stage 1 [0.75, 0.982, 0.745, 0.998]
single-random_s1.1_o0_r12.5_11 stage 3 [0.956, 0.76, 0.951, 0.998]
single-random_s1.1_o0_r0_11 stage 3 [0.759, 0.763, 0.754, 1.0]
single-random_s1.1_o1_r0_11 stage 3 [0.996, 0.526, 0.753, 0.725]
single-random_s1.1_o1_r12.5_11 stage 3 [0.992, 0.948, 0.997, 0.996]
single-random_s1.1_o2_r0_11 stage 2 [0.997, 0.527, 0.753, 0.739]
single-random_s1.1_o2_r12.5_11 stage 2 [0.991, 0.947, 0.753, 0.997]
single-random_s1.1_o0_r0_22 stage 0 [0.996, 0.518, 0.732, 0.741]
single-random_s1.1_o0_r12.5_22 stage 0 [0.996, 0.518, 0.732, 0.741]
single-random_s1.1_o1_r0_22 stage 0 [0.735, 0.755, 0.734, 1.0]
single-random_s1.1_o1_r12.5_22 stage 0 [0.735, 0.755, 0.734, 1.0]
single-random_s1.1_o2_r0_22 stage 0 [0.498, 0.998, 0.502, 0.75]
single-random_s1.1_o2_r12.5_22 stage 0 [0.498, 0.998, 0.502, 0.75]
single-random_s1.1_o2_r0_11 stage 3 [0.76, 0.524, 1.0, 0.725]
single-random_s1.1_o2_r12.5_11 stage 3 [0.989, 0.944, 0.998, 0.995]
single-random_s1.1_o0_r0_22 stage 1 [0.504, 0.995, 0.506, 0.753]
single-random_s1.1_o0_r12.5_22 stage 1 [0.959, 0.994, 0.506, 0.753]
single-random_s1.1_o1_r0_22 stage 1 [0.732, 0.517, 0.995, 0.739]
single-random_s1.1_o1_r12.5_22 stage 1 [0.733, 0.517, 0.996, 0.995]
single-random_s1.1_o2_r0_22 stage 1 [0.73, 0.763, 0.729, 0.995]
single-random_s1.1_o2_r12.5_22 stage 1 [0.714, 0.983, 0.724, 0.995]
single-random_s1.1_o0_r0_22 stage 2 [0.732, 0.521, 0.996, 0.738]
single-random_s1.1_o0_r12.5_22 stage 2 [0.995, 0.957, 0.996, 0.741]
single-random_s1.1_o1_r0_22 stage 2 [0.498, 1.0, 0.502, 0.751]
single-random_s1.1_o1_r12.5_22 stage 2 [0.499, 1.0, 0.766, 0.999]
single-random_s1.1_o2_r0_22 stage 2 [0.997, 0.52, 0.733, 0.742]
single-random_s1.1_o2_r12.5_22 stage 2 [0.736, 0.965, 0.731, 0.999]
single-random_s1.1_o0_r0_22 stage 3 [0.735, 0.76, 0.734, 0.999]
single-random_s1.1_o0_r12.5_22 stage 3 [0.994, 0.985, 0.986, 1.0]
single-random_s1.1_o1_r0_22 stage 3 [0.998, 0.515, 0.735, 0.743]
single-random_s1.1_o1_r12.5_22 stage 3 [0.995, 0.984, 0.997, 0.998]
single-random_s1.1_o2_r0_22 stage 3 [0.736, 0.515, 0.998, 0.743]
single-random_s1.1_o2_r12.5_22 stage 3 [0.996, 0.966, 0.998, 0.998]
single-random_s1.1_o0_r0_33 stage 0 [0.985, 0.527, 0.752, 0.754]
single-random_s1.1_o0_r12.5_33 stage 0 [0.985, 0.527, 0.752, 0.754]
single-random_s1.1_o1_r0_33 stage 0 [0.763, 0.753, 0.751, 0.991]
single-random_s1.1_o1_r12.5_33 stage 0 [0.763, 0.753, 0.751, 0.991]
single-random_s1.1_o2_r0_33 stage 0 [0.528, 0.999, 0.516, 0.747]
single-random_s1.1_o2_r12.5_33 stage 0 [0.528, 0.999, 0.516, 0.747]
single-random_s1.1_o0_r0_33 stage 1 [0.53, 0.994, 0.517, 0.742]
single-random_s1.1_o0_r12.5_33 stage 1 [0.97, 0.995, 0.521, 0.738]
single-random_s1.1_o1_r0_33 stage 1 [0.763, 0.526, 0.993, 0.749]
single-random_s1.1_o1_r12.5_33 stage 1 [0.753, 0.545, 0.988, 0.972]
single-random_s1.1_o2_r0_33 stage 1 [0.751, 0.761, 0.745, 0.986]
single-random_s1.1_o2_r12.5_33 stage 1 [0.742, 0.993, 0.742, 0.985]
single-random_s1.1_o0_r0_33 stage 2 [0.765, 0.526, 0.994, 0.748]
single-random_s1.1_o0_r12.5_33 stage 2 [0.997, 0.992, 0.994, 0.754]
single-random_s1.1_o1_r0_33 stage 2 [0.529, 0.999, 0.516, 0.747]
single-random_s1.1_o2_r0_33 stage 2 [0.995, 0.521, 0.752, 0.747]
single-random_s1.1_o1_r12.5_33 stage 2 [0.53, 0.998, 0.736, 0.97]
single-random_s1.1_o0_r0_44 stage 0 [0.983, 0.508, 0.747, 0.76]
single-random_s1.1_o2_r12.5_33 stage 2 [0.992, 0.754, 0.755, 0.991]
single-random_s1.1_o0_r12.5_44 stage 0 [0.983, 0.508, 0.747, 0.76]
single-random_s1.1_o0_r0_33 stage 3 [0.768, 0.75, 0.761, 1.0]
single-random_s1.1_o0_r12.5_33 stage 3 [0.999, 0.994, 0.978, 0.993]
single-random_s1.1_o1_r0_33 stage 3 [1.0, 0.524, 0.759, 0.758]
single-random_s1.1_o2_r0_33 stage 3 [0.767, 0.521, 0.998, 0.75]
single-random_s1.1_o1_r12.5_33 stage 3 [0.999, 0.892, 0.973, 0.988]
single-random_s1.1_o2_r12.5_33 stage 3 [0.985, 0.771, 0.996, 0.978]
single-random_s1.1_o0_r0_44 stage 1 [0.486, 0.998, 0.504, 0.769]
single-random_s1.1_o0_r12.5_44 stage 1 [0.949, 0.997, 0.504, 0.768]
single-random_s1.1_o1_r0_44 stage 0 [0.753, 0.729, 0.755, 0.997]
single-random_s1.1_o1_r12.5_44 stage 0 [0.753, 0.729, 0.755, 0.997]
single-random_s1.1_o2_r0_44 stage 0 [0.48, 0.996, 0.502, 0.767]
single-random_s1.1_o2_r12.5_44 stage 0 [0.48, 0.996, 0.502, 0.767]
single-random_s1.1_o0_r0_44 stage 2 [0.754, 0.494, 0.998, 0.76]
single-random_s1.1_o0_r12.5_44 stage 2 [0.758, 0.949, 1.0, 0.754]
single-random_s1.1_o1_r0_44 stage 1 [0.754, 0.494, 0.999, 0.762]
single-random_s1.1_o1_r12.5_44 stage 1 [0.753, 0.497, 1.0, 0.992]
single-random_s1.1_o2_r0_44 stage 1 [0.743, 0.729, 0.752, 0.997]
single-random_s1.1_o2_r12.5_44 stage 1 [0.749, 0.991, 0.745, 0.996]
single-random_s1.1_o0_r0_44 stage 3 [0.756, 0.729, 0.758, 0.999]
single-random_s1.1_o0_r12.5_44 stage 3 [0.998, 0.996, 0.99, 0.999]
single-random_s1.1_o1_r12.5_44 stage 2 [0.484, 0.996, 0.851, 0.986]
single-random_s1.1_o1_r0_44 stage 2 [0.479, 0.998, 0.502, 0.767]
single-random_s1.1_o2_r0_44 stage 2 [0.987, 0.499, 0.752, 0.761]
single-random_s1.1_o0_r0_55 stage 0 [0.987, 0.494, 0.746, 0.744]
single-random_s1.1_o2_r12.5_44 stage 2 [0.993, 0.763, 0.753, 0.995]
single-random_s1.1_o0_r12.5_55 stage 0 [0.987, 0.494, 0.746, 0.744]
single-random_s1.1_o1_r0_55 stage 0 [0.769, 0.774, 0.751, 0.998]
single-random_s1.1_o1_r12.5_55 stage 0 [0.769, 0.774, 0.751, 0.998]
single-random_s1.1_o1_r12.5_44 stage 3 [0.993, 0.987, 0.997, 0.995]
single-random_s1.1_o1_r0_44 stage 3 [0.997, 0.495, 0.757, 0.764]
single-random_s1.1_o2_r0_44 stage 3 [0.756, 0.494, 1.0, 0.762]
single-random_s1.1_o0_r0_55 stage 1 [0.629, 0.881, 0.594, 0.849]
single-random_s1.1_o2_r12.5_44 stage 3 [0.875, 0.764, 1.0, 0.995]
single-random_s1.1_o0_r12.5_55 stage 1 [0.955, 0.991, 0.495, 0.764]
single-random_s1.1_o1_r0_55 stage 1 [0.767, 0.492, 0.997, 0.753]
single-random_s1.1_o1_r12.5_55 stage 1 [0.767, 0.506, 0.997, 0.989]
single-random_s1.1_o2_r0_55 stage 0 [0.517, 1.0, 0.484, 0.749]
single-random_s1.1_o2_r12.5_55 stage 0 [0.517, 1.0, 0.484, 0.749]
single-random_s1.1_o0_r0_55 stage 2 [0.753, 0.493, 0.988, 0.745]
single-random_s1.1_o0_r12.5_55 stage 2 [0.994, 0.973, 0.997, 0.757]
single-random_s1.1_o1_r0_55 stage 2 [0.517, 1.0, 0.484, 0.748]
single-random_s1.1_o1_r12.5_55 stage 2 [0.746, 1.0, 0.97, 0.996]
single-random_s1.1_o2_r0_55 stage 1 [0.764, 0.777, 0.736, 0.994]
single-random_s1.1_o2_r12.5_55 stage 1 [0.763, 0.986, 0.692, 0.994]
single-random_s1.1_o0_r0_55 stage 3 [0.768, 0.776, 0.75, 0.996]
single-random_s1.1_o0_r12.5_55 stage 3 [0.996, 0.994, 0.984, 0.995]
single-random_s1.1_o1_r0_55 stage 3 [0.997, 0.545, 0.746, 0.763]
single-random_s1.1_o1_r12.5_55 stage 3 [0.996, 0.997, 0.998, 1.0]
single-random_s1.1_o2_r0_55 stage 2 [0.996, 0.496, 0.754, 0.764]
single-random_s1.1_o2_r12.5_55 stage 2 [0.986, 0.939, 0.749, 0.996]
distributed_s0.7_o0_r0_11 stage 0 [0.999, 0.525, 0.754, 0.725]
distributed_s0.7_o1_r0_11 stage 0 [0.756, 0.763, 0.753, 1.0]
distributed_s0.7_o0_r12.5_11 stage 0 [0.999, 0.525, 0.754, 0.725]
distributed_s0.7_o1_r12.5_11 stage 0 [0.756, 0.763, 0.753, 1.0]
distributed_s0.7_o2_r0_11 stage 0 [0.517, 0.99, 0.523, 0.72]
distributed_s0.7_o2_r12.5_11 stage 0 [0.517, 0.99, 0.523, 0.72]
single-random_s1.1_o2_r0_55 stage 3 [0.767, 0.491, 0.999, 0.753]
single-random_s1.1_o2_r12.5_55 stage 3 [0.989, 0.954, 0.997, 0.998]
distributed_s0.7_o0_r0_11 stage 1 [0.516, 0.991, 0.515, 0.62]
distributed_s0.7_o1_r0_11 stage 1 [0.757, 0.525, 0.999, 0.725]
distributed_s0.7_o0_r12.5_11 stage 1 [0.965, 0.996, 0.512, 0.619]
distributed_s0.7_o2_r0_11 stage 1 [0.758, 0.764, 0.754, 1.0]
distributed_s0.7_o1_r12.5_11 stage 1 [0.792, 0.537, 0.999, 0.983]
distributed_s0.7_o2_r12.5_11 stage 1 [0.751, 0.947, 0.743, 0.999]
distributed_s0.7_o0_r0_11 stage 2 [0.76, 0.522, 0.999, 0.725]
distributed_s0.7_o1_r0_11 stage 2 [0.518, 0.999, 0.512, 0.743]
distributed_s0.7_o0_r12.5_11 stage 2 [0.999, 0.928, 1.0, 0.728]
distributed_s0.7_o2_r0_11 stage 2 [0.999, 0.523, 0.754, 0.731]
distributed_s0.7_o1_r12.5_11 stage 2 [0.519, 0.999, 0.975, 1.0]
distributed_s0.7_o2_r12.5_11 stage 2 [0.997, 0.759, 0.754, 1.0]
distributed_s0.7_o0_r0_11 stage 3 [0.76, 0.763, 0.754, 1.0]
distributed_s0.7_o0_r12.5_11 stage 3 [0.984, 0.975, 0.962, 1.0]
distributed_s0.7_o1_r0_11 stage 3 [0.998, 0.535, 0.754, 0.727]
distributed_s0.7_o1_r12.5_11 stage 3 [0.998, 0.961, 1.0, 1.0]
distributed_s0.7_o2_r0_11 stage 3 [0.76, 0.523, 1.0, 0.725]
distributed_s0.7_o0_r0_22 stage 0 [0.998, 0.515, 0.733, 0.742]
distributed_s0.7_o2_r12.5_11 stage 3 [0.998, 0.989, 1.0, 0.999]
distributed_s0.7_o0_r12.5_22 stage 0 [0.998, 0.515, 0.733, 0.742]
distributed_s0.7_o1_r0_22 stage 0 [0.735, 0.755, 0.733, 1.0]
distributed_s0.7_o1_r12.5_22 stage 0 [0.735, 0.755, 0.733, 1.0]
distributed_s0.7_o2_r0_22 stage 0 [0.498, 0.998, 0.502, 0.75]
distributed_s0.7_o2_r12.5_22 stage 0 [0.498, 0.998, 0.502, 0.75]
distributed_s0.7_o0_r0_22 stage 1 [0.506, 0.982, 0.509, 0.753]
distributed_s0.7_o0_r12.5_22 stage 1 [0.918, 0.981, 0.508, 0.757]
distributed_s0.7_o1_r0_22 stage 1 [0.732, 0.518, 0.996, 0.74]
distributed_s0.7_o1_r12.5_22 stage 1 [0.735, 0.523, 0.996, 0.986]
distributed_s0.7_o2_r0_22 stage 1 [0.731, 0.762, 0.73, 1.0]
distributed_s0.7_o2_r12.5_22 stage 1 [0.699, 0.998, 0.729, 1.0]
distributed_s0.7_o0_r0_22 stage 2 [0.735, 0.518, 0.997, 0.739]
distributed_s0.7_o0_r12.5_22 stage 2 [0.999, 0.854, 0.997, 0.741]
distributed_s0.7_o1_r0_22 stage 2 [0.498, 0.999, 0.502, 0.749]
distributed_s0.7_o1_r12.5_22 stage 2 [0.529, 0.998, 0.983, 0.999]
distributed_s0.7_o2_r0_22 stage 2 [0.997, 0.514, 0.735, 0.743]
distributed_s0.7_o0_r0_33 stage 0 [0.999, 0.521, 0.755, 0.752]
distributed_s0.7_o2_r12.5_22 stage 2 [0.999, 0.998, 0.73, 0.998]
distributed_s0.7_o0_r0_22 stage 3 [0.736, 0.731, 0.734, 1.0]
distributed_s0.7_o0_r12.5_33 stage 0 [0.999, 0.521, 0.755, 0.752]
distributed_s0.7_o0_r12.5_22 stage 3 [0.995, 0.979, 0.985, 1.0]
distributed_s0.7_o1_r0_22 stage 3 [0.999, 0.521, 0.735, 0.745]
distributed_s0.7_o1_r12.5_22 stage 3 [0.998, 0.998, 1.0, 1.0]
distributed_s0.7_o2_r0_22 stage 3 [0.735, 0.514, 0.999, 0.743]
distributed_s0.7_o0_r0_33 stage 1 [0.674, 0.756, 0.491, 0.502]
distributed_s0.7_o2_r12.5_22 stage 3 [0.999, 0.754, 0.999, 1.0]
distributed_s0.7_o1_r0_33 stage 0 [0.76, 0.754, 0.748, 0.995]
distributed_s0.7_o0_r12.5_33 stage 1 [0.992, 0.787, 0.516, 0.543]
distributed_s0.7_o1_r12.5_33 stage 0 [0.76, 0.754, 0.748, 0.995]
distributed_s0.7_o2_r0_33 stage 0 [0.528, 0.999, 0.517, 0.748]
distributed_s0.7_o2_r12.5_33 stage 0 [0.528, 0.999, 0.517, 0.748]
distributed_s0.7_o0_r0_33 stage 2 [0.765, 0.529, 0.997, 0.749]
distributed_s0.7_o1_r0_33 stage 1 [0.765, 0.524, 0.997, 0.751]
distributed_s0.7_o0_r12.5_33 stage 2 [0.998, 0.775, 0.997, 0.757]
distributed_s0.7_o1_r12.5_33 stage 1 [0.767, 0.527, 0.996, 0.961]
distributed_s0.7_o2_r0_33 stage 1 [0.759, 0.758, 0.75, 0.995]
distributed_s0.7_o2_r12.5_33 stage 1 [0.731, 0.995, 0.738, 0.992]
distributed_s0.7_o0_r0_33 stage 3 [0.768, 0.75, 0.76, 1.0]
distributed_s0.7_o1_r0_33 stage 2 [0.53, 0.999, 0.516, 0.751]
distributed_s0.7_o0_r12.5_33 stage 3 [1.0, 0.994, 0.986, 0.998]
distributed_s0.7_o1_r12.5_33 stage 2 [0.529, 0.998, 0.745, 0.981]
distributed_s0.7_o2_r0_33 stage 2 [1.0, 0.521, 0.759, 0.752]
distributed_s0.7_o0_r0_44 stage 0 [0.998, 0.495, 0.753, 0.761]
distributed_s0.7_o2_r12.5_33 stage 2 [0.997, 0.876, 0.757, 1.0]
distributed_s0.7_o0_r12.5_44 stage 0 [0.998, 0.495, 0.753, 0.761]
distributed_s0.7_o1_r0_44 stage 0 [0.753, 0.729, 0.756, 0.999]
distributed_s0.7_o1_r0_33 stage 3 [0.999, 0.532, 0.761, 0.755]
distributed_s0.7_o1_r12.5_44 stage 0 [0.753, 0.729, 0.756, 0.999]
distributed_s0.7_o1_r12.5_33 stage 3 [0.998, 0.998, 1.0, 0.999]
distributed_s0.7_o2_r0_33 stage 3 [0.768, 0.521, 0.998, 0.75]
distributed_s0.7_o0_r0_44 stage 1 [0.495, 0.992, 0.516, 0.771]
distributed_s0.7_o2_r12.5_33 stage 3 [0.999, 0.994, 0.997, 1.0]
distributed_s0.7_o0_r12.5_44 stage 1 [0.963, 0.991, 0.523, 0.773]
distributed_s0.7_o1_r0_44 stage 1 [0.753, 0.496, 0.998, 0.761]
distributed_s0.7_o2_r0_44 stage 0 [0.479, 0.998, 0.502, 0.768]
distributed_s0.7_o1_r12.5_44 stage 1 [0.754, 0.505, 0.998, 0.983]
distributed_s0.7_o2_r12.5_44 stage 0 [0.479, 0.998, 0.502, 0.768]
distributed_s0.7_o0_r0_44 stage 2 [0.756, 0.493, 0.998, 0.76]
distributed_s0.7_o0_r12.5_44 stage 2 [0.756, 0.977, 0.999, 0.754]
distributed_s0.7_o1_r0_44 stage 2 [0.481, 0.997, 0.503, 0.769]
distributed_s0.7_o2_r0_44 stage 1 [0.756, 0.73, 0.757, 0.999]
distributed_s0.7_o1_r12.5_44 stage 2 [0.486, 0.995, 0.978, 0.999]
distributed_s0.7_o2_r12.5_44 stage 1 [0.754, 0.996, 0.756, 0.998]
distributed_s0.7_o0_r0_44 stage 3 [0.756, 0.729, 0.758, 1.0]
distributed_s0.7_o0_r12.5_44 stage 3 [1.0, 0.99, 0.998, 0.999]
distributed_s0.7_o1_r0_44 stage 3 [1.0, 0.494, 0.758, 0.764]
distributed_s0.7_o2_r0_44 stage 2 [0.999, 0.494, 0.759, 0.765]
distributed_s0.7_o1_r12.5_44 stage 3 [0.998, 0.994, 1.0, 1.0]
distributed_s0.7_o2_r12.5_44 stage 2 [1.0, 0.962, 0.758, 0.999]
distributed_s0.7_o0_r0_55 stage 0 [0.999, 0.492, 0.752, 0.756]
distributed_s0.7_o0_r12.5_55 stage 0 [0.999, 0.492, 0.752, 0.756]
distributed_s0.7_o1_r0_55 stage 0 [0.77, 0.774, 0.752, 0.998]
distributed_s0.7_o1_r12.5_55 stage 0 [0.77, 0.774, 0.752, 0.998]
distributed_s0.7_o2_r0_55 stage 0 [0.517, 1.0, 0.485, 0.748]
distributed_s0.7_o2_r0_44 stage 3 [0.756, 0.494, 1.0, 0.763]
distributed_s0.7_o2_r12.5_44 stage 3 [1.0, 0.996, 1.0, 0.999]
distributed_s0.7_o2_r12.5_55 stage 0 [0.517, 1.0, 0.485, 0.748]
distributed_s0.7_o0_r0_55 stage 1 [0.539, 0.992, 0.489, 0.751]
distributed_s0.7_o0_r12.5_55 stage 1 [0.972, 0.992, 0.49, 0.754]
distributed_s0.7_o1_r0_55 stage 1 [0.767, 0.495, 0.993, 0.753]
distributed_s0.7_o1_r12.5_55 stage 1 [0.767, 0.52, 0.994, 0.974]
distributed_s0.7_o2_r0_55 stage 1 [0.767, 0.779, 0.687, 0.997]
distributed_s0.7_o2_r12.5_55 stage 1 [0.766, 0.995, 0.533, 0.997]
distributed_s0.7_o0_r0_55 stage 2 [0.77, 0.492, 0.999, 0.753]
distributed_s0.7_o0_r12.5_55 stage 2 [1.0, 0.947, 0.999, 0.758]
distributed_s0.7_o1_r0_55 stage 2 [0.516, 1.0, 0.484, 0.75]
distributed_s0.7_o1_r12.5_55 stage 2 [0.521, 1.0, 0.981, 0.997]
distributed_s0.7_o2_r0_55 stage 2 [1.0, 0.492, 0.752, 0.759]
distributed_s0.7_o2_r12.5_55 stage 2 [0.997, 0.95, 0.566, 1.0]
distributed_s0.7_o0_r0_55 stage 3 [0.77, 0.774, 0.752, 1.0]
distributed_s0.7_o0_r12.5_55 stage 3 [1.0, 0.99, 0.997, 0.997]
distributed_s0.7_o1_r0_55 stage 3 [1.0, 0.517, 0.751, 0.756]
distributed_s0.7_o1_r12.5_55 stage 3 [0.999, 1.0, 1.0, 1.0]
distributed_s0.7_o2_r0_55 stage 3 [0.77, 0.49, 1.0, 0.756]
distributed_o0_r0_11 stage 0 [0.999, 0.525, 0.754, 0.725]
distributed_o0_r12.5_11 stage 0 [0.999, 0.525, 0.754, 0.725]
distributed_s0.7_o2_r12.5_55 stage 3 [0.998, 0.953, 0.999, 1.0]
distributed_o1_r0_11 stage 0 [0.756, 0.763, 0.753, 1.0]
distributed_o1_r12.5_11 stage 0 [0.756, 0.763, 0.753, 1.0]
distributed_o2_r12.5_11 stage 0 [0.517, 0.99, 0.522, 0.72]
distributed_o2_r0_11 stage 0 [0.517, 0.99, 0.522, 0.72]
distributed_o0_r0_11 stage 1 [0.516, 0.993, 0.515, 0.648]
distributed_o0_r12.5_11 stage 1 [0.965, 0.996, 0.512, 0.617]
distributed_o1_r0_11 stage 1 [0.757, 0.525, 0.999, 0.725]
distributed_o1_r12.5_11 stage 1 [0.794, 0.537, 0.999, 0.983]
distributed_o2_r12.5_11 stage 1 [0.752, 0.946, 0.744, 0.999]
distributed_o2_r0_11 stage 1 [0.758, 0.764, 0.753, 1.0]
distributed_o0_r0_11 stage 2 [0.76, 0.522, 0.999, 0.725]
distributed_o0_r12.5_11 stage 2 [0.999, 0.933, 1.0, 0.728]
distributed_o1_r0_11 stage 2 [0.518, 0.999, 0.512, 0.74]
distributed_o1_r12.5_11 stage 2 [0.519, 0.999, 0.983, 1.0]
distributed_o2_r12.5_11 stage 2 [0.999, 0.758, 0.754, 1.0]
distributed_o2_r0_11 stage 2 [0.999, 0.524, 0.754, 0.732]
distributed_o0_r0_11 stage 3 [0.76, 0.763, 0.754, 1.0]
distributed_o0_r0_22 stage 0 [0.998, 0.515, 0.733, 0.742]
distributed_o0_r12.5_22 stage 0 [0.998, 0.515, 0.733, 0.742]
distributed_o0_r12.5_11 stage 3 [0.984, 0.975, 0.963, 1.0]
distributed_o1_r12.5_11 stage 3 [0.998, 0.953, 1.0, 1.0]
distributed_o1_r0_11 stage 3 [0.998, 0.535, 0.754, 0.727]
distributed_o2_r12.5_11 stage 3 [0.998, 0.977, 1.0, 0.999]
distributed_o2_r0_11 stage 3 [0.76, 0.523, 1.0, 0.725]
distributed_o0_r0_22 stage 1 [0.506, 0.981, 0.509, 0.752]
distributed_o1_r0_22 stage 0 [0.735, 0.756, 0.734, 1.0]
distributed_o0_r12.5_22 stage 1 [0.92, 0.98, 0.508, 0.756]
distributed_o1_r12.5_22 stage 0 [0.735, 0.756, 0.734, 1.0]
distributed_o2_r12.5_22 stage 0 [0.498, 0.998, 0.502, 0.75]
distributed_o2_r0_22 stage 0 [0.498, 0.998, 0.502, 0.75]
distributed_o1_r0_22 stage 1 [0.732, 0.518, 0.996, 0.74]
distributed_o0_r0_22 stage 2 [0.735, 0.519, 0.998, 0.739]
distributed_o0_r12.5_22 stage 2 [1.0, 0.763, 0.997, 0.725]
distributed_o1_r12.5_22 stage 1 [0.735, 0.522, 0.996, 0.988]
distributed_o2_r0_22 stage 1 [0.732, 0.762, 0.73, 1.0]
distributed_o2_r12.5_22 stage 1 [0.7, 0.998, 0.729, 1.0]
distributed_o1_r0_22 stage 2 [0.498, 0.999, 0.502, 0.749]
distributed_o0_r0_22 stage 3 [0.736, 0.76, 0.734, 1.0]
distributed_o0_r12.5_22 stage 3 [0.997, 0.983, 0.985, 1.0]
distributed_o1_r12.5_22 stage 2 [0.521, 0.998, 0.983, 0.999]
distributed_o2_r12.5_22 stage 2 [0.999, 0.998, 0.73, 0.998]
distributed_o2_r0_22 stage 2 [0.997, 0.514, 0.735, 0.743]
distributed_o0_r0_33 stage 0 [0.991, 0.532, 0.756, 0.768]
distributed_o0_r12.5_33 stage 0 [0.991, 0.532, 0.756, 0.768]
distributed_o1_r0_22 stage 3 [0.999, 0.522, 0.735, 0.746]
distributed_o1_r0_33 stage 0 [0.76, 0.754, 0.748, 0.995]
distributed_o1_r12.5_33 stage 0 [0.76, 0.754, 0.748, 0.995]
distributed_o1_r12.5_22 stage 3 [0.998, 0.998, 1.0, 1.0]
distributed_o2_r0_22 stage 3 [0.735, 0.514, 0.999, 0.743]
distributed_o0_r0_33 stage 1 [0.702, 0.76, 0.497, 0.493]
distributed_o2_r12.5_22 stage 3 [0.999, 0.754, 0.999, 1.0]
distributed_o2_r0_33 stage 0 [0.528, 0.999, 0.517, 0.748]
distributed_o0_r12.5_33 stage 1 [0.917, 0.995, 0.591, 0.766]
distributed_o1_r0_33 stage 1 [0.765, 0.524, 0.997, 0.749]
distributed_o1_r12.5_33 stage 1 [0.769, 0.53, 0.996, 0.961]
distributed_o2_r12.5_33 stage 0 [0.528, 0.999, 0.517, 0.748]
distributed_o0_r0_33 stage 2 [0.77, 0.524, 0.996, 0.746]
distributed_o2_r0_33 stage 1 [0.759, 0.758, 0.75, 0.994]
distributed_o0_r12.5_33 stage 2 [0.999, 0.994, 0.997, 0.78]
distributed_o1_r0_33 stage 2 [0.53, 0.998, 0.517, 0.751]
distributed_o1_r12.5_33 stage 2 [0.529, 0.998, 0.744, 0.981]
distributed_o2_r12.5_33 stage 1 [0.731, 0.995, 0.737, 0.992]
distributed_o0_r0_33 stage 3 [0.768, 0.749, 0.762, 0.998]
distributed_o2_r0_33 stage 2 [1.0, 0.521, 0.759, 0.752]
distributed_o0_r12.5_33 stage 3 [1.0, 0.991, 0.998, 0.998]
distributed_o1_r0_33 stage 3 [1.0, 0.533, 0.759, 0.756]
distributed_o1_r12.5_33 stage 3 [0.997, 0.996, 1.0, 0.999]
distributed_o2_r12.5_33 stage 2 [0.997, 0.878, 0.757, 1.0]
distributed_o0_r0_44 stage 0 [0.998, 0.495, 0.753, 0.761]
distributed_o0_r12.5_44 stage 0 [0.998, 0.495, 0.753, 0.761]
distributed_o1_r0_44 stage 0 [0.753, 0.729, 0.756, 0.999]
distributed_o2_r0_33 stage 3 [0.768, 0.521, 0.999, 0.75]
distributed_o1_r12.5_44 stage 0 [0.753, 0.729, 0.756, 0.999]
distributed_o2_r0_44 stage 0 [0.479, 0.998, 0.502, 0.768]
distributed_o2_r12.5_33 stage 3 [0.999, 0.993, 0.997, 1.0]
distributed_o2_r12.5_44 stage 0 [0.479, 0.998, 0.502, 0.768]
distributed_o0_r0_44 stage 1 [0.505, 0.991, 0.513, 0.772]
distributed_o0_r12.5_44 stage 1 [0.959, 0.991, 0.521, 0.771]
distributed_o1_r0_44 stage 1 [0.753, 0.496, 0.997, 0.762]
distributed_o1_r12.5_44 stage 1 [0.754, 0.506, 0.998, 0.983]
distributed_o2_r0_44 stage 1 [0.756, 0.73, 0.757, 0.999]
distributed_o2_r12.5_44 stage 1 [0.754, 0.996, 0.756, 0.998]
distributed_o0_r0_44 stage 2 [0.756, 0.494, 0.997, 0.76]
distributed_o0_r12.5_44 stage 2 [0.756, 0.988, 1.0, 0.753]
distributed_o1_r0_44 stage 2 [0.481, 0.997, 0.504, 0.769]
distributed_o1_r12.5_44 stage 2 [0.484, 0.995, 0.987, 0.993]
distributed_o2_r0_44 stage 2 [0.999, 0.494, 0.759, 0.765]
distributed_o2_r12.5_44 stage 2 [0.998, 0.974, 0.758, 0.999]
distributed_o0_r0_44 stage 3 [0.756, 0.729, 0.758, 1.0]
distributed_o0_r0_55 stage 0 [0.999, 0.493, 0.752, 0.756]
distributed_o1_r0_44 stage 3 [1.0, 0.494, 0.758, 0.764]
distributed_o0_r12.5_44 stage 3 [1.0, 0.987, 0.996, 0.999]
distributed_o1_r12.5_44 stage 3 [0.998, 0.994, 1.0, 0.999]
distributed_o2_r0_44 stage 3 [0.756, 0.494, 1.0, 0.763]
distributed_o0_r12.5_55 stage 0 [0.999, 0.493, 0.752, 0.756]
distributed_o2_r12.5_44 stage 3 [1.0, 0.996, 1.0, 0.999]
distributed_o1_r0_55 stage 0 [0.77, 0.774, 0.751, 0.998]
distributed_o0_r0_55 stage 1 [0.522, 0.993, 0.488, 0.747]
distributed_o2_r0_55 stage 0 [0.517, 1.0, 0.485, 0.748]
distributed_o1_r12.5_55 stage 0 [0.77, 0.774, 0.751, 0.998]
distributed_o2_r12.5_55 stage 0 [0.517, 1.0, 0.485, 0.748]
distributed_o0_r12.5_55 stage 1 [0.973, 0.993, 0.488, 0.748]
distributed_o0_r0_55 stage 2 [0.77, 0.492, 0.999, 0.753]
distributed_o1_r0_55 stage 1 [0.767, 0.496, 0.993, 0.753]
distributed_o1_r12.5_55 stage 1 [0.767, 0.52, 0.995, 0.973]
distributed_o2_r0_55 stage 1 [0.767, 0.779, 0.685, 0.997]
distributed_o2_r12.5_55 stage 1 [0.766, 0.995, 0.537, 0.997]
distributed_o0_r12.5_55 stage 2 [1.0, 0.927, 0.999, 0.753]
distributed_o0_r0_55 stage 3 [0.77, 0.774, 0.752, 1.0]
distributed_o1_r0_55 stage 2 [0.519, 1.0, 0.484, 0.748]
distributed_o2_r0_55 stage 2 [1.0, 0.492, 0.752, 0.759]
distributed_o1_r12.5_55 stage 2 [0.524, 1.0, 0.984, 0.997]
distributed_o2_r12.5_55 stage 2 [0.997, 0.952, 0.585, 1.0]
distributed_s1.1_o0_r0_11 stage 0 [0.999, 0.525, 0.754, 0.725]
distributed_o0_r12.5_55 stage 3 [1.0, 0.991, 0.997, 0.997]
distributed_s1.1_o0_r12.5_11 stage 0 [0.999, 0.525, 0.754, 0.725]
distributed_s1.1_o1_r0_11 stage 0 [0.756, 0.763, 0.753, 1.0]
distributed_o2_r0_55 stage 3 [0.77, 0.49, 1.0, 0.756]
distributed_o1_r0_55 stage 3 [1.0, 0.524, 0.75, 0.756]
distributed_o2_r12.5_55 stage 3 [0.999, 0.946, 0.999, 1.0]
distributed_o1_r12.5_55 stage 3 [1.0, 1.0, 1.0, 1.0]
distributed_s1.1_o0_r0_11 stage 1 [0.516, 0.991, 0.515, 0.653]
distributed_s1.1_o1_r12.5_11 stage 0 [0.756, 0.763, 0.753, 1.0]
distributed_s1.1_o0_r12.5_11 stage 1 [0.969, 0.996, 0.512, 0.61]
distributed_s1.1_o1_r0_11 stage 1 [0.757, 0.525, 0.999, 0.725]
distributed_s1.1_o2_r0_11 stage 0 [0.517, 0.99, 0.522, 0.72]
distributed_s1.1_o2_r12.5_11 stage 0 [0.517, 0.99, 0.522, 0.72]
distributed_s1.1_o0_r0_11 stage 2 [0.76, 0.522, 0.999, 0.725]
distributed_s1.1_o1_r12.5_11 stage 1 [0.793, 0.537, 0.999, 0.983]
distributed_s1.1_o0_r12.5_11 stage 2 [0.998, 0.967, 1.0, 0.728]
distributed_s1.1_o1_r0_11 stage 2 [0.518, 0.999, 0.512, 0.735]
distributed_s1.1_o2_r0_11 stage 1 [0.758, 0.764, 0.753, 1.0]
distributed_s1.1_o2_r12.5_11 stage 1 [0.752, 0.946, 0.744, 0.999]
distributed_s1.1_o0_r0_11 stage 3 [0.76, 0.763, 0.754, 1.0]
distributed_s1.1_o1_r12.5_11 stage 2 [0.519, 0.999, 0.991, 1.0]
distributed_s1.1_o0_r12.5_11 stage 3 [0.984, 0.976, 0.965, 1.0]
distributed_s1.1_o1_r0_11 stage 3 [0.998, 0.535, 0.754, 0.727]
distributed_s1.1_o2_r12.5_11 stage 2 [0.999, 0.758, 0.754, 1.0]
distributed_s1.1_o2_r0_11 stage 2 [0.999, 0.524, 0.754, 0.732]
distributed_s1.1_o0_r12.5_22 stage 0 [0.998, 0.515, 0.733, 0.742]
distributed_s1.1_o0_r0_22 stage 0 [0.998, 0.515, 0.733, 0.742]
distributed_s1.1_o1_r0_22 stage 0 [0.735, 0.756, 0.734, 1.0]
distributed_s1.1_o1_r12.5_11 stage 3 [0.998, 0.958, 1.0, 1.0]
distributed_s1.1_o1_r12.5_22 stage 0 [0.735, 0.756, 0.734, 1.0]
distributed_s1.1_o2_r0_22 stage 0 [0.498, 0.998, 0.502, 0.75]
distributed_s1.1_o2_r12.5_11 stage 3 [0.998, 0.979, 1.0, 0.999]
distributed_s1.1_o0_r12.5_22 stage 1 [0.921, 0.98, 0.509, 0.753]
distributed_s1.1_o0_r0_22 stage 1 [0.506, 0.981, 0.509, 0.751]
distributed_s1.1_o2_r0_11 stage 3 [0.76, 0.523, 1.0, 0.725]
distributed_s1.1_o1_r0_22 stage 1 [0.732, 0.518, 0.995, 0.739]
distributed_s1.1_o2_r12.5_22 stage 0 [0.498, 0.998, 0.502, 0.75]
distributed_s1.1_o1_r12.5_22 stage 1 [0.735, 0.521, 0.996, 0.989]
distributed_s1.1_o2_r0_22 stage 1 [0.733, 0.762, 0.73, 1.0]
distributed_s1.1_o0_r12.5_22 stage 2 [0.999, 0.754, 0.997, 0.725]
distributed_s1.1_o0_r0_22 stage 2 [0.735, 0.52, 0.998, 0.739]
distributed_s1.1_o1_r0_22 stage 2 [0.498, 0.999, 0.501, 0.749]
distributed_s1.1_o2_r12.5_22 stage 1 [0.706, 0.998, 0.729, 1.0]
distributed_s1.1_o1_r12.5_22 stage 2 [0.515, 0.998, 0.983, 0.999]
distributed_s1.1_o2_r0_22 stage 2 [0.997, 0.514, 0.735, 0.743]
distributed_s1.1_o0_r0_22 stage 3 [0.736, 0.76, 0.734, 1.0]
distributed_s1.1_o0_r12.5_22 stage 3 [0.996, 0.984, 0.985, 1.0]
distributed_s1.1_o1_r0_22 stage 3 [0.999, 0.522, 0.734, 0.746]
distributed_s1.1_o2_r12.5_22 stage 2 [0.999, 0.995, 0.732, 0.999]
distributed_s1.1_o1_r12.5_22 stage 3 [0.998, 0.998, 1.0, 1.0]
distributed_s1.1_o2_r0_22 stage 3 [0.735, 0.514, 0.999, 0.743]
distributed_s1.1_o0_r0_33 stage 0 [0.99, 0.533, 0.755, 0.77]
distributed_s1.1_o0_r12.5_33 stage 0 [0.99, 0.533, 0.755, 0.77]
distributed_s1.1_o1_r0_33 stage 0 [0.76, 0.754, 0.748, 0.995]
distributed_s1.1_o1_r12.5_33 stage 0 [0.76, 0.754, 0.748, 0.995]
distributed_s1.1_o2_r0_33 stage 0 [0.528, 0.999, 0.517, 0.748]
distributed_s1.1_o2_r12.5_22 stage 3 [1.0, 0.754, 0.999, 1.0]
distributed_s1.1_o2_r12.5_33 stage 0 [0.528, 0.999, 0.517, 0.748]
distributed_s1.1_o0_r12.5_33 stage 1 [0.939, 0.996, 0.532, 0.741]
distributed_s1.1_o0_r0_33 stage 1 [0.555, 0.979, 0.517, 0.713]
distributed_s1.1_o1_r0_33 stage 1 [0.765, 0.524, 0.996, 0.752]
distributed_s1.1_o1_r12.5_33 stage 1 [0.768, 0.533, 0.996, 0.961]
distributed_s1.1_o2_r0_33 stage 1 [0.759, 0.757, 0.75, 0.994]
distributed_s1.1_o2_r12.5_33 stage 1 [0.731, 0.995, 0.736, 0.992]
distributed_s1.1_o0_r0_33 stage 2 [0.762, 0.525, 0.995, 0.747]
distributed_s1.1_o0_r12.5_33 stage 2 [1.0, 0.994, 0.997, 0.78]
distributed_s1.1_o1_r0_33 stage 2 [0.53, 0.998, 0.517, 0.75]
distributed_s1.1_o1_r12.5_33 stage 2 [0.529, 0.998, 0.742, 0.981]
distributed_s1.1_o2_r0_33 stage 2 [1.0, 0.521, 0.759, 0.753]
distributed_s1.1_o2_r12.5_33 stage 2 [0.997, 0.878, 0.757, 1.0]
distributed_s1.1_o0_r0_44 stage 0 [0.998, 0.495, 0.754, 0.761]
distributed_s1.1_o1_r0_33 stage 3 [1.0, 0.533, 0.759, 0.757]
distributed_s1.1_o0_r12.5_33 stage 3 [1.0, 0.993, 0.999, 0.998]
distributed_s1.1_o0_r0_33 stage 3 [0.765, 0.752, 0.755, 0.997]
distributed_s1.1_o1_r12.5_33 stage 3 [0.998, 0.997, 1.0, 0.999]
distributed_s1.1_o0_r12.5_44 stage 0 [0.998, 0.495, 0.754, 0.761]
distributed_s1.1_o2_r0_33 stage 3 [0.768, 0.521, 0.999, 0.75]
distributed_s1.1_o2_r12.5_33 stage 3 [0.999, 0.993, 0.997, 1.0]
distributed_s1.1_o0_r0_44 stage 1 [0.515, 0.991, 0.515, 0.772]
distributed_s1.1_o1_r12.5_44 stage 0 [0.753, 0.729, 0.755, 0.999]
distributed_s1.1_o1_r0_44 stage 0 [0.753, 0.729, 0.755, 0.999]
distributed_s1.1_o2_r12.5_44 stage 0 [0.479, 0.998, 0.502, 0.768]
distributed_s1.1_o2_r0_44 stage 0 [0.479, 0.998, 0.502, 0.768]
distributed_s1.1_o0_r12.5_44 stage 1 [0.957, 0.991, 0.517, 0.772]
distributed_s1.1_o0_r0_44 stage 2 [0.756, 0.495, 1.0, 0.76]
distributed_s1.1_o1_r12.5_44 stage 1 [0.753, 0.505, 0.998, 0.982]
distributed_s1.1_o1_r0_44 stage 1 [0.752, 0.497, 0.997, 0.761]
distributed_s1.1_o2_r12.5_44 stage 1 [0.754, 0.996, 0.756, 0.998]
distributed_s1.1_o2_r0_44 stage 1 [0.756, 0.73, 0.757, 0.999]
distributed_s1.1_o0_r12.5_44 stage 2 [0.756, 0.983, 0.999, 0.752]
distributed_s1.1_o0_r0_44 stage 3 [0.755, 0.728, 0.754, 1.0]
distributed_s1.1_o1_r12.5_44 stage 2 [0.485, 0.995, 0.982, 0.997]
distributed_s1.1_o1_r0_44 stage 2 [0.482, 0.997, 0.504, 0.769]
distributed_s1.1_o2_r12.5_44 stage 2 [0.998, 0.984, 0.758, 0.999]
distributed_s1.1_o2_r0_44 stage 2 [0.999, 0.494, 0.759, 0.765]
distributed_s1.1_o0_r0_55 stage 0 [0.999, 0.493, 0.752, 0.756]
distributed_s1.1_o0_r12.5_44 stage 3 [1.0, 0.989, 0.996, 0.999]
distributed_s1.1_o0_r12.5_55 stage 0 [0.999, 0.493, 0.752, 0.756]
distributed_s1.1_o1_r0_55 stage 0 [0.77, 0.774, 0.751, 0.998]
distributed_s1.1_o1_r12.5_44 stage 3 [0.998, 0.994, 1.0, 0.999]
distributed_s1.1_o1_r0_44 stage 3 [1.0, 0.494, 0.758, 0.764]
distributed_s1.1_o2_r12.5_44 stage 3 [1.0, 0.996, 1.0, 1.0]
distributed_s1.1_o2_r0_44 stage 3 [0.756, 0.494, 1.0, 0.763]
distributed_s1.1_o0_r0_55 stage 1 [0.523, 0.992, 0.488, 0.749]
distributed_s1.1_o1_r12.5_55 stage 0 [0.77, 0.774, 0.751, 0.998]
distributed_s1.1_o0_r12.5_55 stage 1 [0.975, 0.993, 0.489, 0.747]
distributed_s1.1_o1_r0_55 stage 1 [0.767, 0.495, 0.992, 0.753]
distributed_s1.1_o2_r0_55 stage 0 [0.517, 1.0, 0.485, 0.748]
distributed_s1.1_o2_r12.5_55 stage 0 [0.517, 1.0, 0.485, 0.748]
distributed_s1.1_o1_r12.5_55 stage 1 [0.767, 0.523, 0.994, 0.973]
distributed_s1.1_o0_r0_55 stage 2 [0.77, 0.492, 0.999, 0.753]
distributed_s1.1_o0_r12.5_55 stage 2 [1.0, 0.922, 0.999, 0.75]
distributed_s1.1_o1_r0_55 stage 2 [0.519, 1.0, 0.484, 0.748]
distributed_s1.1_o2_r0_55 stage 1 [0.767, 0.779, 0.681, 0.996]
distributed_s1.1_o2_r12.5_55 stage 1 [0.765, 0.995, 0.525, 0.996]
distributed_s1.1_o1_r12.5_55 stage 2 [0.524, 1.0, 0.982, 0.997]
distributed_s1.1_o0_r0_55 stage 3 [0.77, 0.774, 0.752, 1.0]
distributed_s1.1_o0_r12.5_55 stage 3 [1.0, 0.986, 0.997, 0.997]
distributed_s1.1_o1_r0_55 stage 3 [0.999, 0.522, 0.75, 0.756]
distributed_s1.1_o2_r0_55 stage 2 [1.0, 0.492, 0.752, 0.759]
distributed_s1.1_o2_r12.5_55 stage 2 [0.997, 0.947, 0.578, 1.0]
distributed_s1.1_o1_r12.5_55 stage 3 [1.0, 1.0, 1.0, 1.0]
distributed_s1.1_o2_r0_55 stage 3 [0.77, 0.49, 1.0, 0.756]
distributed_s1.1_o2_r12.5_55 stage 3 [0.998, 0.945, 0.999, 1.0]
all 300 jobs in 3091.2 s
