device cpu epochs 65 orders ['o0'] arms ['all', 'freeze_W'] ratios [0, 0.0625, 0.125, 0.25, 0.5]
o0_all_r0_11 stage 0 [0.999, 0.524, 0.754, 0.725]
o0_all_r0_11 stage 1 [0.516, 0.995, 0.517, 0.741]
o0_all_r0_11 stage 2 [0.758, 0.534, 0.998, 0.723]
o0_all_r0_11 stage 3 [0.758, 0.76, 0.751, 1.0]
o0_all_r6.25_11 stage 0 [0.999, 0.524, 0.754, 0.725]
o0_all_r6.25_11 stage 1 [0.894, 0.988, 0.517, 0.736]
o0_all_r6.25_11 stage 2 [1.0, 0.767, 1.0, 0.727]
o0_all_r6.25_11 stage 3 [0.985, 0.981, 0.788, 1.0]
o0_all_r12.5_11 stage 0 [0.999, 0.524, 0.754, 0.725]
o0_all_r12.5_11 stage 1 [0.941, 0.989, 0.517, 0.74]
o0_all_r12.5_11 stage 2 [1.0, 0.784, 0.999, 0.733]
o0_all_r12.5_11 stage 3 [0.989, 0.985, 0.946, 1.0]
o0_all_r25_11 stage 0 [0.999, 0.524, 0.754, 0.725]
o0_all_r25_11 stage 1 [0.964, 0.992, 0.515, 0.74]
o0_all_r25_11 stage 2 [1.0, 0.785, 0.997, 0.74]
o0_all_r25_11 stage 3 [0.994, 0.992, 0.959, 1.0]
o0_all_r50_11 stage 0 [0.999, 0.524, 0.754, 0.725]
o0_all_r50_11 stage 1 [0.977, 0.995, 0.513, 0.74]
o0_all_r50_11 stage 2 [1.0, 0.91, 0.998, 0.756]
o0_all_r50_11 stage 3 [0.999, 0.988, 0.981, 1.0]
o0_freeze_W_r0_11 stage 0 [0.999, 0.524, 0.754, 0.725]
o0_freeze_W_r0_11 stage 1 [0.517, 0.991, 0.525, 0.741]
o0_freeze_W_r0_11 stage 2 [0.604, 0.761, 0.795, 0.521]
o0_freeze_W_r0_11 stage 3 [0.76, 0.764, 0.754, 1.0]
o0_freeze_W_r6.25_11 stage 0 [0.999, 0.524, 0.754, 0.725]
o0_freeze_W_r6.25_11 stage 1 [0.805, 0.987, 0.518, 0.741]
o0_freeze_W_r6.25_11 stage 2 [0.999, 0.742, 0.998, 0.722]
o0_freeze_W_r6.25_11 stage 3 [0.987, 0.944, 0.76, 1.0]
o0_freeze_W_r12.5_11 stage 0 [0.999, 0.524, 0.754, 0.725]
o0_freeze_W_r12.5_11 stage 1 [0.905, 0.986, 0.521, 0.742]
o0_freeze_W_r12.5_11 stage 2 [0.999, 0.753, 0.997, 0.723]
o0_freeze_W_r12.5_11 stage 3 [0.988, 0.972, 0.791, 0.999]
o0_freeze_W_r25_11 stage 0 [0.999, 0.524, 0.754, 0.725]
o0_freeze_W_r25_11 stage 1 [0.928, 0.986, 0.523, 0.741]
o0_freeze_W_r25_11 stage 2 [0.999, 0.908, 0.987, 0.777]
o0_freeze_W_r25_11 stage 3 [0.997, 0.985, 0.981, 0.999]
o0_freeze_W_r50_11 stage 0 [0.999, 0.524, 0.754, 0.725]
o0_freeze_W_r50_11 stage 1 [0.953, 0.989, 0.518, 0.742]
o0_freeze_W_r50_11 stage 2 [0.999, 0.93, 0.982, 0.818]
o0_freeze_W_r50_11 stage 3 [0.998, 0.983, 0.986, 1.0]
o0_all_r0_22 stage 0 [0.998, 0.515, 0.733, 0.742]
o0_all_r0_22 stage 1 [0.502, 0.986, 0.508, 0.752]
o0_all_r0_22 stage 2 [0.735, 0.516, 0.998, 0.743]
o0_all_r0_22 stage 3 [0.736, 0.604, 0.734, 1.0]
o0_all_r6.25_22 stage 0 [0.998, 0.515, 0.733, 0.742]
o0_all_r6.25_22 stage 1 [0.901, 0.983, 0.515, 0.766]
o0_all_r6.25_22 stage 2 [0.998, 0.631, 0.997, 0.739]
o0_all_r6.25_22 stage 3 [0.996, 0.984, 0.981, 1.0]
o0_all_r12.5_22 stage 0 [0.998, 0.515, 0.733, 0.742]
o0_all_r12.5_22 stage 1 [0.938, 0.983, 0.514, 0.763]
o0_all_r12.5_22 stage 2 [0.998, 0.791, 0.997, 0.739]
o0_all_r12.5_22 stage 3 [0.998, 0.994, 0.998, 1.0]
o0_all_r25_22 stage 0 [0.998, 0.515, 0.733, 0.742]
o0_all_r25_22 stage 1 [0.932, 0.983, 0.519, 0.765]
o0_all_r25_22 stage 2 [0.998, 0.984, 0.997, 0.735]
o0_all_r25_22 stage 3 [0.996, 0.999, 1.0, 1.0]
o0_all_r50_22 stage 0 [0.998, 0.515, 0.733, 0.742]
o0_all_r50_22 stage 1 [0.939, 0.986, 0.518, 0.764]
o0_all_r50_22 stage 2 [0.998, 0.992, 0.997, 0.724]
o0_all_r50_22 stage 3 [0.996, 0.999, 1.0, 1.0]
o0_freeze_W_r0_22 stage 0 [0.998, 0.515, 0.733, 0.742]
o0_freeze_W_r0_22 stage 1 [0.503, 0.982, 0.507, 0.76]
o0_freeze_W_r0_22 stage 2 [0.737, 0.523, 0.996, 0.741]
o0_freeze_W_r0_22 stage 3 [0.736, 0.754, 0.735, 1.0]
o0_freeze_W_r6.25_22 stage 0 [0.998, 0.515, 0.733, 0.742]
o0_freeze_W_r6.25_22 stage 1 [0.871, 0.98, 0.509, 0.761]
o0_freeze_W_r6.25_22 stage 2 [0.997, 0.739, 0.997, 0.736]
o0_freeze_W_r6.25_22 stage 3 [0.978, 0.826, 0.779, 1.0]
o0_freeze_W_r12.5_22 stage 0 [0.998, 0.515, 0.733, 0.742]
o0_freeze_W_r12.5_22 stage 1 [0.9, 0.98, 0.509, 0.761]
o0_freeze_W_r12.5_22 stage 2 [0.998, 0.74, 0.995, 0.73]
o0_freeze_W_r12.5_22 stage 3 [0.975, 0.966, 0.977, 1.0]
o0_freeze_W_r25_22 stage 0 [0.998, 0.515, 0.733, 0.742]
o0_freeze_W_r25_22 stage 1 [0.906, 0.979, 0.513, 0.761]
o0_freeze_W_r25_22 stage 2 [0.996, 0.747, 0.993, 0.726]
o0_freeze_W_r25_22 stage 3 [0.974, 0.986, 0.986, 1.0]
o0_freeze_W_r50_22 stage 0 [0.998, 0.515, 0.733, 0.742]
o0_freeze_W_r50_22 stage 1 [0.917, 0.979, 0.513, 0.764]
o0_freeze_W_r50_22 stage 2 [0.995, 0.97, 0.991, 0.773]
o0_freeze_W_r50_22 stage 3 [0.99, 0.988, 0.988, 1.0]
o0_all_r0_33 stage 0 [0.991, 0.529, 0.754, 0.767]
o0_all_r0_33 stage 1 [0.676, 0.765, 0.493, 0.504]
o0_all_r0_33 stage 2 [0.77, 0.526, 0.995, 0.747]
o0_all_r0_33 stage 3 [0.768, 0.749, 0.761, 1.0]
o0_all_r6.25_33 stage 0 [0.991, 0.529, 0.754, 0.767]
o0_all_r6.25_33 stage 1 [0.927, 0.841, 0.526, 0.615]
o0_all_r6.25_33 stage 2 [0.979, 0.76, 0.997, 0.755]
o0_all_r6.25_33 stage 3 [0.956, 0.991, 0.98, 0.993]
o0_all_r12.5_33 stage 0 [0.991, 0.529, 0.754, 0.767]
o0_all_r12.5_33 stage 1 [0.93, 0.879, 0.558, 0.681]
o0_all_r12.5_33 stage 2 [0.996, 0.763, 0.998, 0.754]
o0_all_r12.5_33 stage 3 [0.981, 0.989, 0.985, 0.996]
o0_all_r25_33 stage 0 [0.991, 0.529, 0.754, 0.767]
o0_all_r25_33 stage 1 [0.976, 0.859, 0.624, 0.694]
o0_all_r25_33 stage 2 [0.997, 0.897, 0.995, 0.775]
o0_all_r25_33 stage 3 [0.997, 0.991, 0.992, 0.996]
o0_all_r50_33 stage 0 [0.991, 0.529, 0.754, 0.767]
o0_all_r50_33 stage 1 [0.992, 0.797, 0.689, 0.677]
o0_all_r50_33 stage 2 [0.998, 0.938, 0.995, 0.805]
o0_all_r50_33 stage 3 [1.0, 0.976, 0.989, 0.996]
o0_freeze_W_r0_33 stage 0 [0.991, 0.529, 0.754, 0.767]
o0_freeze_W_r0_33 stage 1 [0.541, 0.996, 0.521, 0.749]
o0_freeze_W_r0_33 stage 2 [0.762, 0.56, 0.994, 0.74]
o0_freeze_W_r0_33 stage 3 [0.765, 0.753, 0.778, 0.997]
o0_freeze_W_r6.25_33 stage 0 [0.991, 0.529, 0.754, 0.767]
o0_freeze_W_r6.25_33 stage 1 [0.722, 0.996, 0.526, 0.747]
o0_freeze_W_r6.25_33 stage 2 [0.984, 0.896, 0.994, 0.755]
o0_freeze_W_r6.25_33 stage 3 [0.921, 0.984, 0.979, 0.997]
o0_freeze_W_r12.5_33 stage 0 [0.991, 0.529, 0.754, 0.767]
o0_freeze_W_r12.5_33 stage 1 [0.771, 0.992, 0.529, 0.747]
o0_freeze_W_r12.5_33 stage 2 [0.988, 0.971, 0.994, 0.767]
o0_freeze_W_r12.5_33 stage 3 [0.982, 0.994, 0.985, 0.997]
o0_freeze_W_r25_33 stage 0 [0.991, 0.529, 0.754, 0.767]
o0_freeze_W_r25_33 stage 1 [0.827, 0.99, 0.552, 0.76]
o0_freeze_W_r25_33 stage 2 [0.991, 0.982, 0.994, 0.785]
o0_freeze_W_r25_33 stage 3 [0.994, 0.995, 0.987, 0.997]
o0_freeze_W_r50_33 stage 0 [0.991, 0.529, 0.754, 0.767]
o0_freeze_W_r50_33 stage 1 [0.873, 0.907, 0.627, 0.728]
o0_freeze_W_r50_33 stage 2 [0.98, 0.99, 0.993, 0.823]
o0_freeze_W_r50_33 stage 3 [0.989, 0.997, 0.986, 0.997]
o0_all_r0_44 stage 0 [0.999, 0.495, 0.754, 0.761]
o0_all_r0_44 stage 1 [0.507, 0.991, 0.517, 0.774]
o0_all_r0_44 stage 2 [0.997, 0.507, 0.765, 0.765]
o0_all_r0_44 stage 3 [0.756, 0.729, 0.758, 1.0]
o0_all_r6.25_44 stage 0 [0.999, 0.495, 0.754, 0.761]
o0_all_r6.25_44 stage 1 [0.933, 0.991, 0.518, 0.774]
o0_all_r6.25_44 stage 2 [0.756, 0.947, 0.998, 0.755]
o0_all_r6.25_44 stage 3 [1.0, 0.986, 0.757, 0.999]
o0_all_r12.5_44 stage 0 [0.999, 0.495, 0.754, 0.761]
o0_all_r12.5_44 stage 1 [0.972, 0.991, 0.521, 0.775]
o0_all_r12.5_44 stage 2 [0.756, 0.965, 0.999, 0.748]
o0_all_r12.5_44 stage 3 [1.0, 0.991, 0.991, 0.999]
o0_all_r25_44 stage 0 [0.999, 0.495, 0.754, 0.761]
o0_all_r25_44 stage 1 [0.974, 0.991, 0.529, 0.776]
o0_all_r25_44 stage 2 [0.973, 0.987, 0.999, 0.746]
o0_all_r25_44 stage 3 [1.0, 0.989, 0.996, 0.999]
o0_all_r50_44 stage 0 [0.999, 0.495, 0.754, 0.761]
o0_all_r50_44 stage 1 [0.979, 0.991, 0.531, 0.775]
o0_all_r50_44 stage 2 [0.998, 0.992, 0.999, 0.743]
o0_all_r50_44 stage 3 [1.0, 0.984, 0.996, 0.999]
o0_freeze_W_r0_44 stage 0 [0.999, 0.495, 0.754, 0.761]
o0_freeze_W_r0_44 stage 1 [0.495, 0.992, 0.507, 0.768]
o0_freeze_W_r0_44 stage 2 [0.996, 0.537, 0.755, 0.767]
o0_freeze_W_r0_44 stage 3 [0.757, 0.729, 0.757, 0.999]
o0_freeze_W_r6.25_44 stage 0 [0.999, 0.495, 0.754, 0.761]
o0_freeze_W_r6.25_44 stage 1 [0.787, 0.992, 0.516, 0.77]
o0_freeze_W_r6.25_44 stage 2 [1.0, 0.974, 0.756, 0.764]
o0_freeze_W_r6.25_44 stage 3 [0.996, 0.988, 0.757, 0.999]
o0_freeze_W_r12.5_44 stage 0 [0.999, 0.495, 0.754, 0.761]
o0_freeze_W_r12.5_44 stage 1 [0.944, 0.991, 0.519, 0.768]
o0_freeze_W_r12.5_44 stage 2 [1.0, 0.986, 0.756, 0.763]
o0_freeze_W_r12.5_44 stage 3 [0.998, 0.99, 0.757, 0.999]
o0_freeze_W_r25_44 stage 0 [0.999, 0.495, 0.754, 0.761]
o0_freeze_W_r25_44 stage 1 [0.952, 0.99, 0.526, 0.771]
o0_freeze_W_r25_44 stage 2 [0.998, 0.989, 0.756, 0.76]
o0_freeze_W_r25_44 stage 3 [0.996, 0.99, 0.756, 0.999]
o0_freeze_W_r50_44 stage 0 [0.999, 0.495, 0.754, 0.761]
o0_freeze_W_r50_44 stage 1 [0.957, 0.989, 0.52, 0.765]
o0_freeze_W_r50_44 stage 2 [0.997, 0.99, 0.756, 0.751]
o0_freeze_W_r50_44 stage 3 [0.996, 0.993, 0.756, 0.999]
o0_all_r0_55 stage 0 [0.999, 0.493, 0.751, 0.756]
o0_all_r0_55 stage 1 [0.524, 0.996, 0.487, 0.746]
o0_all_r0_55 stage 2 [0.77, 0.492, 0.999, 0.753]
o0_all_r0_55 stage 3 [0.77, 0.774, 0.752, 1.0]
o0_all_r6.25_55 stage 0 [0.999, 0.493, 0.751, 0.756]
o0_all_r6.25_55 stage 1 [0.973, 0.994, 0.489, 0.743]
o0_all_r6.25_55 stage 2 [1.0, 0.911, 0.999, 0.752]
o0_all_r6.25_55 stage 3 [1.0, 0.975, 0.997, 0.997]
o0_all_r12.5_55 stage 0 [0.999, 0.493, 0.751, 0.756]
o0_all_r12.5_55 stage 1 [0.979, 0.996, 0.489, 0.74]
o0_all_r12.5_55 stage 2 [1.0, 0.932, 0.999, 0.752]
o0_all_r12.5_55 stage 3 [1.0, 0.991, 0.997, 0.997]
o0_all_r25_55 stage 0 [0.999, 0.493, 0.751, 0.756]
o0_all_r25_55 stage 1 [0.981, 0.994, 0.489, 0.746]
o0_all_r25_55 stage 2 [1.0, 0.949, 0.999, 0.749]
o0_all_r25_55 stage 3 [1.0, 0.99, 0.998, 0.997]
o0_all_r50_55 stage 0 [0.999, 0.493, 0.751, 0.756]
o0_all_r50_55 stage 1 [0.985, 0.995, 0.492, 0.755]
o0_all_r50_55 stage 2 [1.0, 0.964, 0.999, 0.749]
o0_all_r50_55 stage 3 [1.0, 0.986, 0.998, 0.997]
o0_freeze_W_r0_55 stage 0 [0.999, 0.493, 0.751, 0.756]
o0_freeze_W_r0_55 stage 1 [0.522, 0.996, 0.485, 0.747]
o0_freeze_W_r0_55 stage 2 [0.769, 0.499, 0.999, 0.753]
o0_freeze_W_r0_55 stage 3 [0.771, 0.775, 0.752, 0.999]
o0_freeze_W_r6.25_55 stage 0 [0.999, 0.493, 0.751, 0.756]
o0_freeze_W_r6.25_55 stage 1 [0.95, 0.994, 0.489, 0.738]
o0_freeze_W_r6.25_55 stage 2 [0.997, 0.896, 0.999, 0.754]
o0_freeze_W_r6.25_55 stage 3 [0.991, 0.992, 0.99, 0.995]
o0_freeze_W_r12.5_55 stage 0 [0.999, 0.493, 0.751, 0.756]
o0_freeze_W_r12.5_55 stage 1 [0.963, 0.993, 0.489, 0.731]
o0_freeze_W_r12.5_55 stage 2 [0.998, 0.936, 0.999, 0.753]
o0_freeze_W_r12.5_55 stage 3 [0.996, 0.994, 0.991, 0.996]
o0_freeze_W_r25_55 stage 0 [0.999, 0.493, 0.751, 0.756]
o0_freeze_W_r25_55 stage 1 [0.967, 0.992, 0.491, 0.731]
o0_freeze_W_r25_55 stage 2 [0.998, 0.95, 0.999, 0.755]
o0_freeze_W_r25_55 stage 3 [0.996, 0.994, 0.995, 0.995]
o0_freeze_W_r50_55 stage 0 [0.999, 0.493, 0.751, 0.756]
o0_freeze_W_r50_55 stage 1 [0.97, 0.99, 0.493, 0.745]
o0_freeze_W_r50_55 stage 2 [0.998, 0.961, 0.999, 0.756]
o0_freeze_W_r50_55 stage 3 [0.995, 0.991, 0.996, 0.995]
