device cpu epochs 65 orders ['o1'] arms ['all', 'freeze_W'] ratios [0, 0.0625, 0.125, 0.25, 0.5]
o1_all_r0_11 stage 0 [0.756, 0.763, 0.754, 1.0]
o1_all_r0_11 stage 1 [0.756, 0.523, 0.998, 0.725]
o1_all_r0_11 stage 2 [0.519, 0.998, 0.513, 0.637]
o1_all_r0_11 stage 3 [0.998, 0.541, 0.754, 0.725]
o1_all_r6.25_11 stage 0 [0.756, 0.763, 0.754, 1.0]
o1_all_r6.25_11 stage 1 [0.761, 0.527, 0.998, 0.976]
o1_all_r6.25_11 stage 2 [0.52, 0.997, 0.964, 0.999]
o1_all_r6.25_11 stage 3 [0.998, 0.931, 1.0, 1.0]
o1_all_r12.5_11 stage 0 [0.756, 0.763, 0.754, 1.0]
o1_all_r12.5_11 stage 1 [0.775, 0.528, 0.998, 0.98]
o1_all_r12.5_11 stage 2 [0.527, 0.998, 0.961, 0.999]
o1_all_r12.5_11 stage 3 [0.998, 0.968, 1.0, 1.0]
o1_all_r25_11 stage 0 [0.756, 0.763, 0.754, 1.0]
o1_all_r25_11 stage 1 [0.801, 0.53, 0.998, 0.985]
o1_all_r25_11 stage 2 [0.524, 0.999, 0.981, 1.0]
o1_all_r25_11 stage 3 [0.998, 0.959, 1.0, 1.0]
o1_all_r50_11 stage 0 [0.756, 0.763, 0.754, 1.0]
o1_all_r50_11 stage 1 [0.841, 0.534, 0.998, 0.994]
o1_all_r50_11 stage 2 [0.597, 0.999, 0.984, 0.999]
o1_all_r50_11 stage 3 [0.998, 0.968, 1.0, 1.0]
o1_freeze_W_r0_11 stage 0 [0.756, 0.763, 0.754, 1.0]
o1_freeze_W_r0_11 stage 1 [0.748, 0.519, 0.76, 0.72]
o1_freeze_W_r0_11 stage 2 [0.732, 0.763, 0.635, 0.971]
o1_freeze_W_r0_11 stage 3 [0.753, 0.762, 0.727, 0.997]
o1_freeze_W_r6.25_11 stage 0 [0.756, 0.763, 0.754, 1.0]
o1_freeze_W_r6.25_11 stage 1 [0.75, 0.553, 0.762, 0.977]
o1_freeze_W_r6.25_11 stage 2 [0.726, 0.769, 0.658, 1.0]
o1_freeze_W_r6.25_11 stage 3 [0.751, 0.764, 0.757, 1.0]
o1_freeze_W_r12.5_11 stage 0 [0.756, 0.763, 0.754, 1.0]
o1_freeze_W_r12.5_11 stage 1 [0.751, 0.581, 0.762, 0.979]
o1_freeze_W_r12.5_11 stage 2 [0.714, 0.77, 0.697, 1.0]
o1_freeze_W_r12.5_11 stage 3 [0.75, 0.757, 0.735, 1.0]
o1_freeze_W_r25_11 stage 0 [0.756, 0.763, 0.754, 1.0]
o1_freeze_W_r25_11 stage 1 [0.752, 0.646, 0.764, 0.979]
o1_freeze_W_r25_11 stage 2 [0.727, 0.771, 0.74, 1.0]
o1_freeze_W_r25_11 stage 3 [0.748, 0.748, 0.712, 1.0]
o1_freeze_W_r50_11 stage 0 [0.756, 0.763, 0.754, 1.0]
o1_freeze_W_r50_11 stage 1 [0.755, 0.692, 0.759, 0.983]
o1_freeze_W_r50_11 stage 2 [0.731, 0.77, 0.743, 1.0]
o1_freeze_W_r50_11 stage 3 [0.755, 0.762, 0.712, 0.999]
o1_all_r0_22 stage 0 [0.735, 0.755, 0.734, 1.0]
o1_all_r0_22 stage 1 [0.73, 0.519, 0.993, 0.737]
o1_all_r0_22 stage 2 [0.499, 1.0, 0.502, 0.751]
o1_all_r0_22 stage 3 [0.997, 0.52, 0.735, 0.745]
o1_all_r6.25_22 stage 0 [0.735, 0.755, 0.734, 1.0]
o1_all_r6.25_22 stage 1 [0.733, 0.521, 0.996, 0.959]
o1_all_r6.25_22 stage 2 [0.513, 0.998, 0.93, 0.998]
o1_all_r6.25_22 stage 3 [0.998, 0.993, 1.0, 1.0]
o1_all_r12.5_22 stage 0 [0.735, 0.755, 0.734, 1.0]
o1_all_r12.5_22 stage 1 [0.734, 0.524, 0.996, 0.991]
o1_all_r12.5_22 stage 2 [0.54, 0.998, 0.978, 0.999]
o1_all_r12.5_22 stage 3 [0.998, 0.998, 1.0, 1.0]
o1_all_r25_22 stage 0 [0.735, 0.755, 0.734, 1.0]
o1_all_r25_22 stage 1 [0.734, 0.523, 0.996, 0.994]
o1_all_r25_22 stage 2 [0.646, 0.997, 0.985, 0.999]
o1_all_r25_22 stage 3 [0.998, 0.998, 1.0, 1.0]
o1_all_r50_22 stage 0 [0.735, 0.755, 0.734, 1.0]
o1_all_r50_22 stage 1 [0.735, 0.526, 0.996, 0.998]
o1_all_r50_22 stage 2 [0.691, 0.996, 0.985, 0.999]
o1_all_r50_22 stage 3 [0.996, 0.996, 1.0, 1.0]
o1_freeze_W_r0_22 stage 0 [0.735, 0.755, 0.734, 1.0]
o1_freeze_W_r0_22 stage 1 [0.735, 0.511, 0.997, 0.749]
o1_freeze_W_r0_22 stage 2 [0.498, 1.0, 0.503, 0.753]
o1_freeze_W_r0_22 stage 3 [0.989, 0.517, 0.719, 0.748]
o1_freeze_W_r6.25_22 stage 0 [0.735, 0.755, 0.734, 1.0]
o1_freeze_W_r6.25_22 stage 1 [0.735, 0.512, 0.992, 0.995]
o1_freeze_W_r6.25_22 stage 2 [0.498, 1.0, 0.724, 1.0]
o1_freeze_W_r6.25_22 stage 3 [0.99, 0.996, 0.997, 1.0]
o1_freeze_W_r12.5_22 stage 0 [0.735, 0.755, 0.734, 1.0]
o1_freeze_W_r12.5_22 stage 1 [0.735, 0.513, 0.99, 0.998]
o1_freeze_W_r12.5_22 stage 2 [0.498, 1.0, 0.732, 1.0]
o1_freeze_W_r12.5_22 stage 3 [0.99, 1.0, 0.997, 1.0]
o1_freeze_W_r25_22 stage 0 [0.735, 0.755, 0.734, 1.0]
o1_freeze_W_r25_22 stage 1 [0.735, 0.514, 0.979, 0.998]
o1_freeze_W_r25_22 stage 2 [0.498, 1.0, 0.878, 1.0]
o1_freeze_W_r25_22 stage 3 [0.988, 1.0, 0.996, 1.0]
o1_freeze_W_r50_22 stage 0 [0.735, 0.755, 0.734, 1.0]
o1_freeze_W_r50_22 stage 1 [0.735, 0.516, 0.954, 0.998]
o1_freeze_W_r50_22 stage 2 [0.549, 1.0, 0.998, 1.0]
o1_freeze_W_r50_22 stage 3 [0.979, 1.0, 0.993, 1.0]
o1_all_r0_33 stage 0 [0.76, 0.754, 0.748, 0.995]
o1_all_r0_33 stage 1 [0.764, 0.524, 0.995, 0.752]
o1_all_r0_33 stage 2 [0.528, 0.999, 0.516, 0.752]
o1_all_r0_33 stage 3 [0.999, 0.529, 0.76, 0.756]
o1_all_r6.25_33 stage 0 [0.76, 0.754, 0.748, 0.995]
o1_all_r6.25_33 stage 1 [0.766, 0.526, 0.997, 0.968]
o1_all_r6.25_33 stage 2 [0.531, 0.999, 0.741, 0.981]
o1_all_r6.25_33 stage 3 [0.999, 0.989, 1.0, 1.0]
o1_all_r12.5_33 stage 0 [0.76, 0.754, 0.748, 0.995]
o1_all_r12.5_33 stage 1 [0.769, 0.532, 0.997, 0.961]
o1_all_r12.5_33 stage 2 [0.53, 0.998, 0.741, 0.986]
o1_all_r12.5_33 stage 3 [0.999, 0.997, 1.0, 1.0]
o1_all_r25_33 stage 0 [0.76, 0.754, 0.748, 0.995]
o1_all_r25_33 stage 1 [0.771, 0.534, 0.994, 0.962]
o1_all_r25_33 stage 2 [0.532, 0.999, 0.746, 0.993]
o1_all_r25_33 stage 3 [1.0, 0.999, 1.0, 1.0]
o1_all_r50_33 stage 0 [0.76, 0.754, 0.748, 0.995]
o1_all_r50_33 stage 1 [0.771, 0.535, 0.993, 0.959]
o1_all_r50_33 stage 2 [0.57, 0.997, 0.97, 0.999]
o1_all_r50_33 stage 3 [1.0, 0.999, 1.0, 1.0]
o1_freeze_W_r0_33 stage 0 [0.76, 0.754, 0.748, 0.995]
o1_freeze_W_r0_33 stage 1 [0.763, 0.527, 0.976, 0.757]
o1_freeze_W_r0_33 stage 2 [0.533, 0.988, 0.533, 0.804]
o1_freeze_W_r0_33 stage 3 [0.997, 0.527, 0.754, 0.844]
o1_freeze_W_r6.25_33 stage 0 [0.76, 0.754, 0.748, 0.995]
o1_freeze_W_r6.25_33 stage 1 [0.763, 0.528, 0.976, 0.954]
o1_freeze_W_r6.25_33 stage 2 [0.535, 0.988, 0.736, 0.976]
o1_freeze_W_r6.25_33 stage 3 [0.995, 0.734, 0.972, 0.988]
o1_freeze_W_r12.5_33 stage 0 [0.76, 0.754, 0.748, 0.995]
o1_freeze_W_r12.5_33 stage 1 [0.763, 0.53, 0.978, 0.961]
o1_freeze_W_r12.5_33 stage 2 [0.535, 0.988, 0.74, 0.979]
o1_freeze_W_r12.5_33 stage 3 [0.994, 0.755, 0.975, 0.991]
o1_freeze_W_r25_33 stage 0 [0.76, 0.754, 0.748, 0.995]
o1_freeze_W_r25_33 stage 1 [0.763, 0.534, 0.978, 0.961]
o1_freeze_W_r25_33 stage 2 [0.534, 0.989, 0.742, 0.983]
o1_freeze_W_r25_33 stage 3 [0.993, 0.757, 0.984, 0.998]
o1_freeze_W_r50_33 stage 0 [0.76, 0.754, 0.748, 0.995]
o1_freeze_W_r50_33 stage 1 [0.763, 0.539, 0.978, 0.964]
o1_freeze_W_r50_33 stage 2 [0.536, 0.987, 0.735, 0.993]
o1_freeze_W_r50_33 stage 3 [0.975, 0.962, 0.973, 0.999]
o1_all_r0_44 stage 0 [0.753, 0.729, 0.755, 0.999]
o1_all_r0_44 stage 1 [0.754, 0.494, 0.999, 0.763]
o1_all_r0_44 stage 2 [0.48, 0.998, 0.502, 0.768]
o1_all_r0_44 stage 3 [0.998, 0.505, 0.758, 0.771]
o1_all_r6.25_44 stage 0 [0.753, 0.729, 0.755, 0.999]
o1_all_r6.25_44 stage 1 [0.753, 0.499, 0.999, 0.972]
o1_all_r6.25_44 stage 2 [0.481, 0.996, 0.735, 0.981]
o1_all_r6.25_44 stage 3 [0.997, 0.984, 0.999, 0.992]
o1_all_r12.5_44 stage 0 [0.753, 0.729, 0.755, 0.999]
o1_all_r12.5_44 stage 1 [0.754, 0.507, 0.999, 0.985]
o1_all_r12.5_44 stage 2 [0.481, 0.996, 0.758, 0.996]
o1_all_r12.5_44 stage 3 [0.997, 0.992, 1.0, 1.0]
o1_all_r25_44 stage 0 [0.753, 0.729, 0.755, 0.999]
o1_all_r25_44 stage 1 [0.756, 0.519, 0.999, 0.99]
o1_all_r25_44 stage 2 [0.565, 0.994, 0.971, 0.999]
o1_all_r25_44 stage 3 [0.997, 0.994, 1.0, 0.999]
o1_all_r50_44 stage 0 [0.753, 0.729, 0.755, 0.999]
o1_all_r50_44 stage 1 [0.764, 0.545, 0.999, 0.992]
o1_all_r50_44 stage 2 [0.506, 0.994, 0.982, 1.0]
o1_all_r50_44 stage 3 [0.995, 0.995, 0.999, 0.999]
o1_freeze_W_r0_44 stage 0 [0.753, 0.729, 0.755, 0.999]
o1_freeze_W_r0_44 stage 1 [0.756, 0.494, 0.996, 0.764]
o1_freeze_W_r0_44 stage 2 [0.48, 0.997, 0.509, 0.769]
o1_freeze_W_r0_44 stage 3 [0.997, 0.506, 0.729, 0.763]
o1_freeze_W_r6.25_44 stage 0 [0.753, 0.729, 0.755, 0.999]
o1_freeze_W_r6.25_44 stage 1 [0.756, 0.504, 0.996, 0.97]
o1_freeze_W_r6.25_44 stage 2 [0.48, 0.997, 0.738, 0.985]
o1_freeze_W_r6.25_44 stage 3 [0.992, 0.986, 0.997, 1.0]
o1_freeze_W_r12.5_44 stage 0 [0.753, 0.729, 0.755, 0.999]
o1_freeze_W_r12.5_44 stage 1 [0.756, 0.506, 0.996, 0.975]
o1_freeze_W_r12.5_44 stage 2 [0.481, 0.997, 0.753, 0.991]
o1_freeze_W_r12.5_44 stage 3 [0.991, 0.992, 0.999, 1.0]
o1_freeze_W_r25_44 stage 0 [0.753, 0.729, 0.755, 0.999]
o1_freeze_W_r25_44 stage 1 [0.756, 0.507, 0.996, 0.98]
o1_freeze_W_r25_44 stage 2 [0.512, 0.995, 0.895, 0.992]
o1_freeze_W_r25_44 stage 3 [0.987, 0.997, 0.999, 1.0]
o1_freeze_W_r50_44 stage 0 [0.753, 0.729, 0.755, 0.999]
o1_freeze_W_r50_44 stage 1 [0.756, 0.513, 0.995, 0.98]
o1_freeze_W_r50_44 stage 2 [0.625, 0.995, 0.956, 0.995]
o1_freeze_W_r50_44 stage 3 [0.976, 0.996, 0.999, 1.0]
o1_all_r0_55 stage 0 [0.77, 0.774, 0.751, 0.998]
o1_all_r0_55 stage 1 [0.762, 0.492, 0.992, 0.751]
o1_all_r0_55 stage 2 [0.519, 1.0, 0.485, 0.746]
o1_all_r0_55 stage 3 [1.0, 0.509, 0.745, 0.762]
o1_all_r6.25_55 stage 0 [0.77, 0.774, 0.751, 0.998]
o1_all_r6.25_55 stage 1 [0.765, 0.506, 0.991, 0.971]
o1_all_r6.25_55 stage 2 [0.525, 1.0, 0.727, 0.987]
o1_all_r6.25_55 stage 3 [0.999, 0.99, 0.999, 0.997]
o1_all_r12.5_55 stage 0 [0.77, 0.774, 0.751, 0.998]
o1_all_r12.5_55 stage 1 [0.765, 0.517, 0.991, 0.976]
o1_all_r12.5_55 stage 2 [0.537, 1.0, 0.729, 0.99]
o1_all_r12.5_55 stage 3 [0.999, 0.996, 0.999, 0.998]
o1_all_r25_55 stage 0 [0.77, 0.774, 0.751, 0.998]
o1_all_r25_55 stage 1 [0.766, 0.526, 0.991, 0.977]
o1_all_r25_55 stage 2 [0.544, 0.999, 0.736, 0.993]
o1_all_r25_55 stage 3 [0.998, 0.996, 0.999, 0.999]
o1_all_r50_55 stage 0 [0.77, 0.774, 0.751, 0.998]
o1_all_r50_55 stage 1 [0.768, 0.545, 0.991, 0.979]
o1_all_r50_55 stage 2 [0.645, 0.998, 0.943, 0.994]
o1_all_r50_55 stage 3 [0.994, 0.993, 0.999, 0.996]
o1_freeze_W_r0_55 stage 0 [0.77, 0.774, 0.751, 0.998]
o1_freeze_W_r0_55 stage 1 [0.769, 0.498, 0.982, 0.76]
o1_freeze_W_r0_55 stage 2 [0.525, 1.0, 0.487, 0.799]
o1_freeze_W_r0_55 stage 3 [0.992, 0.504, 0.69, 0.755]
o1_freeze_W_r6.25_55 stage 0 [0.77, 0.774, 0.751, 0.998]
o1_freeze_W_r6.25_55 stage 1 [0.768, 0.504, 0.86, 0.985]
o1_freeze_W_r6.25_55 stage 2 [0.538, 0.998, 0.715, 0.995]
o1_freeze_W_r6.25_55 stage 3 [0.983, 0.802, 0.995, 0.998]
o1_freeze_W_r12.5_55 stage 0 [0.77, 0.774, 0.751, 0.998]
o1_freeze_W_r12.5_55 stage 1 [0.767, 0.505, 0.778, 0.988]
o1_freeze_W_r12.5_55 stage 2 [0.552, 0.998, 0.717, 0.996]
o1_freeze_W_r12.5_55 stage 3 [0.981, 0.85, 0.964, 1.0]
o1_freeze_W_r25_55 stage 0 [0.77, 0.774, 0.751, 0.998]
o1_freeze_W_r25_55 stage 1 [0.767, 0.51, 0.753, 0.988]
o1_freeze_W_r25_55 stage 2 [0.573, 0.996, 0.718, 0.996]
o1_freeze_W_r25_55 stage 3 [0.982, 0.904, 0.968, 1.0]
o1_freeze_W_r50_55 stage 0 [0.77, 0.774, 0.751, 0.998]
o1_freeze_W_r50_55 stage 1 [0.766, 0.511, 0.749, 0.991]
o1_freeze_W_r50_55 stage 2 [0.629, 0.982, 0.723, 0.997]
o1_freeze_W_r50_55 stage 3 [0.983, 0.994, 0.999, 1.0]
