device cpu epochs 65 orders ['o2'] arms ['all', 'freeze_W'] ratios [0, 0.0625, 0.125, 0.25, 0.5]
o2_all_r0_11 stage 0 [0.516, 0.991, 0.522, 0.737]
o2_all_r0_11 stage 1 [0.758, 0.764, 0.753, 1.0]
o2_all_r0_11 stage 2 [0.999, 0.524, 0.754, 0.741]
o2_all_r0_11 stage 3 [0.76, 0.523, 1.0, 0.725]
o2_all_r6.25_11 stage 0 [0.516, 0.991, 0.522, 0.737]
o2_all_r6.25_11 stage 1 [0.754, 0.97, 0.749, 1.0]
o2_all_r6.25_11 stage 2 [0.999, 0.758, 0.754, 1.0]
o2_all_r6.25_11 stage 3 [0.999, 0.786, 1.0, 0.999]
o2_all_r12.5_11 stage 0 [0.516, 0.991, 0.522, 0.737]
o2_all_r12.5_11 stage 1 [0.753, 0.972, 0.747, 1.0]
o2_all_r12.5_11 stage 2 [0.998, 0.76, 0.754, 1.0]
o2_all_r12.5_11 stage 3 [0.999, 0.76, 1.0, 1.0]
o2_all_r25_11 stage 0 [0.516, 0.991, 0.522, 0.737]
o2_all_r25_11 stage 1 [0.751, 0.974, 0.742, 1.0]
o2_all_r25_11 stage 2 [0.998, 0.964, 0.754, 1.0]
o2_all_r25_11 stage 3 [0.999, 0.973, 1.0, 1.0]
o2_all_r50_11 stage 0 [0.516, 0.991, 0.522, 0.737]
o2_all_r50_11 stage 1 [0.746, 0.981, 0.734, 1.0]
o2_all_r50_11 stage 2 [0.999, 0.983, 0.754, 1.0]
o2_all_r50_11 stage 3 [0.999, 0.98, 1.0, 1.0]
o2_freeze_W_r0_11 stage 0 [0.516, 0.991, 0.522, 0.737]
o2_freeze_W_r0_11 stage 1 [0.752, 0.768, 0.75, 1.0]
o2_freeze_W_r0_11 stage 2 [0.996, 0.529, 0.754, 0.801]
o2_freeze_W_r0_11 stage 3 [0.765, 0.523, 1.0, 0.726]
o2_freeze_W_r6.25_11 stage 0 [0.516, 0.991, 0.522, 0.737]
o2_freeze_W_r6.25_11 stage 1 [0.75, 0.972, 0.745, 0.999]
o2_freeze_W_r6.25_11 stage 2 [0.995, 0.746, 0.754, 1.0]
o2_freeze_W_r6.25_11 stage 3 [0.998, 0.755, 1.0, 0.988]
o2_freeze_W_r12.5_11 stage 0 [0.516, 0.991, 0.522, 0.737]
o2_freeze_W_r12.5_11 stage 1 [0.75, 0.976, 0.745, 0.999]
o2_freeze_W_r12.5_11 stage 2 [0.995, 0.757, 0.753, 1.0]
o2_freeze_W_r12.5_11 stage 3 [0.998, 0.758, 1.0, 0.992]
o2_freeze_W_r25_11 stage 0 [0.516, 0.991, 0.522, 0.737]
o2_freeze_W_r25_11 stage 1 [0.75, 0.985, 0.744, 0.999]
o2_freeze_W_r25_11 stage 2 [0.993, 0.942, 0.753, 1.0]
o2_freeze_W_r25_11 stage 3 [0.995, 0.946, 0.999, 0.996]
o2_freeze_W_r50_11 stage 0 [0.516, 0.991, 0.522, 0.737]
o2_freeze_W_r50_11 stage 1 [0.75, 0.985, 0.745, 0.999]
o2_freeze_W_r50_11 stage 2 [0.995, 0.957, 0.753, 1.0]
o2_freeze_W_r50_11 stage 3 [0.995, 0.947, 0.999, 0.996]
o2_all_r0_22 stage 0 [0.498, 0.998, 0.502, 0.75]
o2_all_r0_22 stage 1 [0.731, 0.762, 0.73, 1.0]
o2_all_r0_22 stage 2 [0.998, 0.514, 0.735, 0.743]
o2_all_r0_22 stage 3 [0.735, 0.514, 1.0, 0.743]
o2_all_r6.25_22 stage 0 [0.498, 0.998, 0.502, 0.75]
o2_all_r6.25_22 stage 1 [0.71, 0.997, 0.729, 1.0]
o2_all_r6.25_22 stage 2 [0.999, 0.75, 0.734, 1.0]
o2_all_r6.25_22 stage 3 [1.0, 0.974, 1.0, 1.0]
o2_all_r12.5_22 stage 0 [0.498, 0.998, 0.502, 0.75]
o2_all_r12.5_22 stage 1 [0.691, 0.997, 0.729, 1.0]
o2_all_r12.5_22 stage 2 [0.995, 0.872, 0.733, 1.0]
o2_all_r12.5_22 stage 3 [1.0, 0.987, 0.999, 1.0]
o2_all_r25_22 stage 0 [0.498, 0.998, 0.502, 0.75]
o2_all_r25_22 stage 1 [0.678, 0.998, 0.726, 1.0]
o2_all_r25_22 stage 2 [0.991, 0.977, 0.731, 1.0]
o2_all_r25_22 stage 3 [1.0, 1.0, 0.999, 1.0]
o2_all_r50_22 stage 0 [0.498, 0.998, 0.502, 0.75]
o2_all_r50_22 stage 1 [0.609, 0.998, 0.718, 1.0]
o2_all_r50_22 stage 2 [0.897, 0.998, 0.731, 1.0]
o2_all_r50_22 stage 3 [1.0, 0.999, 0.998, 1.0]
o2_freeze_W_r0_22 stage 0 [0.498, 0.998, 0.502, 0.75]
o2_freeze_W_r0_22 stage 1 [0.724, 0.763, 0.729, 0.999]
o2_freeze_W_r0_22 stage 2 [0.997, 0.515, 0.735, 0.743]
o2_freeze_W_r0_22 stage 3 [0.735, 0.515, 0.999, 0.743]
o2_freeze_W_r6.25_22 stage 0 [0.498, 0.998, 0.502, 0.75]
o2_freeze_W_r6.25_22 stage 1 [0.711, 0.993, 0.728, 0.999]
o2_freeze_W_r6.25_22 stage 2 [0.735, 0.987, 0.731, 1.0]
o2_freeze_W_r6.25_22 stage 3 [0.735, 0.977, 0.733, 0.998]
o2_freeze_W_r12.5_22 stage 0 [0.498, 0.998, 0.502, 0.75]
o2_freeze_W_r12.5_22 stage 1 [0.704, 0.991, 0.728, 0.999]
o2_freeze_W_r12.5_22 stage 2 [0.735, 0.989, 0.731, 0.999]
o2_freeze_W_r12.5_22 stage 3 [0.735, 0.98, 0.733, 0.998]
o2_freeze_W_r25_22 stage 0 [0.498, 0.998, 0.502, 0.75]
o2_freeze_W_r25_22 stage 1 [0.672, 0.993, 0.722, 0.999]
o2_freeze_W_r25_22 stage 2 [0.735, 0.991, 0.729, 0.999]
o2_freeze_W_r25_22 stage 3 [0.735, 0.982, 0.733, 1.0]
o2_freeze_W_r50_22 stage 0 [0.498, 0.998, 0.502, 0.75]
o2_freeze_W_r50_22 stage 1 [0.627, 0.994, 0.714, 0.999]
o2_freeze_W_r50_22 stage 2 [0.734, 0.998, 0.729, 0.999]
o2_freeze_W_r50_22 stage 3 [0.735, 0.986, 0.733, 1.0]
o2_all_r0_33 stage 0 [0.528, 0.999, 0.516, 0.748]
o2_all_r0_33 stage 1 [0.758, 0.757, 0.749, 0.993]
o2_all_r0_33 stage 2 [1.0, 0.521, 0.76, 0.751]
o2_all_r0_33 stage 3 [0.766, 0.521, 0.998, 0.75]
o2_all_r6.25_33 stage 0 [0.528, 0.999, 0.516, 0.748]
o2_all_r6.25_33 stage 1 [0.739, 0.992, 0.747, 0.992]
o2_all_r6.25_33 stage 2 [0.997, 0.76, 0.758, 1.0]
o2_all_r6.25_33 stage 3 [1.0, 0.771, 0.997, 1.0]
o2_all_r12.5_33 stage 0 [0.528, 0.999, 0.516, 0.748]
o2_all_r12.5_33 stage 1 [0.731, 0.993, 0.745, 0.992]
o2_all_r12.5_33 stage 2 [0.997, 0.772, 0.758, 1.0]
o2_all_r12.5_33 stage 3 [0.999, 0.996, 0.996, 1.0]
o2_all_r25_33 stage 0 [0.528, 0.999, 0.516, 0.748]
o2_all_r25_33 stage 1 [0.704, 0.994, 0.732, 0.992]
o2_all_r25_33 stage 2 [0.997, 0.923, 0.757, 0.999]
o2_all_r25_33 stage 3 [0.999, 0.975, 0.996, 1.0]
o2_all_r50_33 stage 0 [0.528, 0.999, 0.516, 0.748]
o2_all_r50_33 stage 1 [0.68, 0.995, 0.723, 0.992]
o2_all_r50_33 stage 2 [0.724, 0.999, 0.757, 0.999]
o2_all_r50_33 stage 3 [0.999, 0.999, 0.996, 1.0]
o2_freeze_W_r0_33 stage 0 [0.528, 0.999, 0.516, 0.748]
o2_freeze_W_r0_33 stage 1 [0.742, 0.763, 0.743, 0.991]
o2_freeze_W_r0_33 stage 2 [0.999, 0.522, 0.759, 0.756]
o2_freeze_W_r0_33 stage 3 [0.768, 0.521, 0.998, 0.752]
o2_freeze_W_r6.25_33 stage 0 [0.528, 0.999, 0.516, 0.748]
o2_freeze_W_r6.25_33 stage 1 [0.733, 0.981, 0.74, 0.99]
o2_freeze_W_r6.25_33 stage 2 [0.997, 0.752, 0.757, 0.993]
o2_freeze_W_r6.25_33 stage 3 [0.994, 0.77, 0.998, 0.967]
o2_freeze_W_r12.5_33 stage 0 [0.528, 0.999, 0.516, 0.748]
o2_freeze_W_r12.5_33 stage 1 [0.729, 0.985, 0.734, 0.99]
o2_freeze_W_r12.5_33 stage 2 [0.869, 0.83, 0.755, 0.998]
o2_freeze_W_r12.5_33 stage 3 [0.992, 0.756, 0.995, 0.976]
o2_freeze_W_r25_33 stage 0 [0.528, 0.999, 0.516, 0.748]
o2_freeze_W_r25_33 stage 1 [0.722, 0.983, 0.729, 0.99]
o2_freeze_W_r25_33 stage 2 [0.767, 0.996, 0.755, 0.999]
o2_freeze_W_r25_33 stage 3 [0.98, 0.977, 0.989, 0.995]
o2_freeze_W_r50_33 stage 0 [0.528, 0.999, 0.516, 0.748]
o2_freeze_W_r50_33 stage 1 [0.699, 0.985, 0.719, 0.989]
o2_freeze_W_r50_33 stage 2 [0.764, 0.999, 0.752, 0.999]
o2_freeze_W_r50_33 stage 3 [0.768, 0.999, 0.758, 0.986]
o2_all_r0_44 stage 0 [0.479, 0.998, 0.502, 0.768]
o2_all_r0_44 stage 1 [0.755, 0.73, 0.755, 0.998]
o2_all_r0_44 stage 2 [0.999, 0.494, 0.759, 0.765]
o2_all_r0_44 stage 3 [0.756, 0.494, 1.0, 0.763]
o2_all_r6.25_44 stage 0 [0.479, 0.998, 0.502, 0.768]
o2_all_r6.25_44 stage 1 [0.755, 0.994, 0.755, 0.998]
o2_all_r6.25_44 stage 2 [1.0, 0.76, 0.758, 0.982]
o2_all_r6.25_44 stage 3 [0.998, 0.987, 0.999, 0.986]
o2_all_r12.5_44 stage 0 [0.479, 0.998, 0.502, 0.768]
o2_all_r12.5_44 stage 1 [0.755, 0.995, 0.755, 0.997]
o2_all_r12.5_44 stage 2 [1.0, 0.763, 0.758, 0.982]
o2_all_r12.5_44 stage 3 [0.998, 0.989, 0.999, 0.993]
o2_all_r25_44 stage 0 [0.479, 0.998, 0.502, 0.768]
o2_all_r25_44 stage 1 [0.754, 0.997, 0.755, 0.997]
o2_all_r25_44 stage 2 [0.997, 0.959, 0.758, 0.982]
o2_all_r25_44 stage 3 [0.998, 0.994, 0.999, 0.993]
o2_all_r50_44 stage 0 [0.479, 0.998, 0.502, 0.768]
o2_all_r50_44 stage 1 [0.753, 0.997, 0.755, 0.998]
o2_all_r50_44 stage 2 [0.996, 0.994, 0.758, 0.985]
o2_all_r50_44 stage 3 [1.0, 0.997, 1.0, 0.999]
o2_freeze_W_r0_44 stage 0 [0.479, 0.998, 0.502, 0.768]
o2_freeze_W_r0_44 stage 1 [0.75, 0.729, 0.752, 0.997]
o2_freeze_W_r0_44 stage 2 [0.996, 0.498, 0.758, 0.774]
o2_freeze_W_r0_44 stage 3 [0.756, 0.494, 1.0, 0.763]
o2_freeze_W_r6.25_44 stage 0 [0.479, 0.998, 0.502, 0.768]
o2_freeze_W_r6.25_44 stage 1 [0.751, 0.99, 0.752, 0.997]
o2_freeze_W_r6.25_44 stage 2 [0.996, 0.91, 0.758, 0.999]
o2_freeze_W_r6.25_44 stage 3 [0.948, 0.817, 1.0, 0.977]
o2_freeze_W_r12.5_44 stage 0 [0.479, 0.998, 0.502, 0.768]
o2_freeze_W_r12.5_44 stage 1 [0.751, 0.99, 0.751, 0.997]
o2_freeze_W_r12.5_44 stage 2 [0.995, 0.982, 0.758, 0.999]
o2_freeze_W_r12.5_44 stage 3 [0.969, 0.99, 1.0, 0.993]
o2_freeze_W_r25_44 stage 0 [0.479, 0.998, 0.502, 0.768]
o2_freeze_W_r25_44 stage 1 [0.749, 0.99, 0.751, 0.997]
o2_freeze_W_r25_44 stage 2 [0.995, 0.993, 0.758, 0.999]
o2_freeze_W_r25_44 stage 3 [0.982, 0.992, 1.0, 0.99]
o2_freeze_W_r50_44 stage 0 [0.479, 0.998, 0.502, 0.768]
o2_freeze_W_r50_44 stage 1 [0.746, 0.994, 0.75, 0.997]
o2_freeze_W_r50_44 stage 2 [0.753, 0.997, 0.754, 0.996]
o2_freeze_W_r50_44 stage 3 [0.897, 0.99, 1.0, 0.978]
o2_all_r0_55 stage 0 [0.517, 1.0, 0.485, 0.748]
o2_all_r0_55 stage 1 [0.767, 0.781, 0.667, 0.997]
o2_all_r0_55 stage 2 [1.0, 0.493, 0.752, 0.763]
o2_all_r0_55 stage 3 [0.77, 0.49, 1.0, 0.756]
o2_all_r6.25_55 stage 0 [0.517, 1.0, 0.485, 0.748]
o2_all_r6.25_55 stage 1 [0.767, 0.988, 0.592, 0.997]
o2_all_r6.25_55 stage 2 [0.997, 0.713, 0.603, 1.0]
o2_all_r6.25_55 stage 3 [0.998, 0.751, 0.999, 1.0]
o2_all_r12.5_55 stage 0 [0.517, 1.0, 0.485, 0.748]
o2_all_r12.5_55 stage 1 [0.764, 0.992, 0.572, 0.997]
o2_all_r12.5_55 stage 2 [0.997, 0.935, 0.507, 1.0]
o2_all_r12.5_55 stage 3 [0.998, 0.945, 0.999, 1.0]
o2_all_r25_55 stage 0 [0.517, 1.0, 0.485, 0.748]
o2_all_r25_55 stage 1 [0.763, 0.992, 0.541, 0.997]
o2_all_r25_55 stage 2 [0.997, 0.982, 0.517, 1.0]
o2_all_r25_55 stage 3 [0.998, 0.976, 0.999, 1.0]
o2_all_r50_55 stage 0 [0.517, 1.0, 0.485, 0.748]
o2_all_r50_55 stage 1 [0.763, 0.994, 0.539, 0.997]
o2_all_r50_55 stage 2 [0.997, 0.983, 0.531, 1.0]
o2_all_r50_55 stage 3 [0.998, 0.97, 0.999, 0.999]
o2_freeze_W_r0_55 stage 0 [0.517, 1.0, 0.485, 0.748]
o2_freeze_W_r0_55 stage 1 [0.76, 0.793, 0.629, 0.997]
o2_freeze_W_r0_55 stage 2 [0.995, 0.515, 0.752, 0.819]
o2_freeze_W_r0_55 stage 3 [0.846, 0.49, 0.999, 0.758]
o2_freeze_W_r6.25_55 stage 0 [0.517, 1.0, 0.485, 0.748]
o2_freeze_W_r6.25_55 stage 1 [0.759, 0.985, 0.605, 0.997]
o2_freeze_W_r6.25_55 stage 2 [0.995, 0.69, 0.745, 0.996]
o2_freeze_W_r6.25_55 stage 3 [0.996, 0.704, 0.999, 0.99]
o2_freeze_W_r12.5_55 stage 0 [0.517, 1.0, 0.485, 0.748]
o2_freeze_W_r12.5_55 stage 1 [0.759, 0.99, 0.605, 0.997]
o2_freeze_W_r12.5_55 stage 2 [0.994, 0.687, 0.735, 0.998]
o2_freeze_W_r12.5_55 stage 3 [0.995, 0.709, 0.999, 0.994]
o2_freeze_W_r25_55 stage 0 [0.517, 1.0, 0.485, 0.748]
o2_freeze_W_r25_55 stage 1 [0.758, 0.992, 0.612, 0.997]
o2_freeze_W_r25_55 stage 2 [0.984, 0.943, 0.685, 1.0]
o2_freeze_W_r25_55 stage 3 [0.996, 0.938, 0.998, 0.996]
o2_freeze_W_r50_55 stage 0 [0.517, 1.0, 0.485, 0.748]
o2_freeze_W_r50_55 stage 1 [0.758, 0.995, 0.614, 0.997]
o2_freeze_W_r50_55 stage 2 [0.988, 0.983, 0.665, 1.0]
o2_freeze_W_r50_55 stage 3 [0.996, 0.952, 0.998, 0.999]
