device cpu epochs 65 orders ['o0'] archs ['flow', 'gru', 'rnn'] ratios [0, 0.0625, 0.125, 0.25]
o0_flow_r0_11 stage 0 [0.999, 0.524, 0.754, 0.725]
o0_flow_r0_11 stage 1 [0.516, 0.995, 0.517, 0.741]
o0_flow_r0_11 stage 2 [0.758, 0.534, 0.998, 0.723]
o0_flow_r0_11 stage 3 [0.758, 0.76, 0.751, 1.0]
o0_flow_r6.25_11 stage 0 [0.999, 0.524, 0.754, 0.725]
o0_flow_r6.25_11 stage 1 [0.894, 0.988, 0.517, 0.736]
o0_flow_r6.25_11 stage 2 [1.0, 0.767, 1.0, 0.727]
o0_flow_r6.25_11 stage 3 [0.985, 0.981, 0.788, 1.0]
o0_flow_r12.5_11 stage 0 [0.999, 0.524, 0.754, 0.725]
o0_flow_r12.5_11 stage 1 [0.941, 0.989, 0.517, 0.74]
o0_flow_r12.5_11 stage 2 [1.0, 0.784, 0.999, 0.733]
o0_flow_r12.5_11 stage 3 [0.989, 0.985, 0.946, 1.0]
o0_flow_r25_11 stage 0 [0.999, 0.524, 0.754, 0.725]
o0_flow_r25_11 stage 1 [0.964, 0.992, 0.515, 0.74]
o0_flow_r25_11 stage 2 [1.0, 0.785, 0.997, 0.74]
o0_flow_r25_11 stage 3 [0.994, 0.992, 0.959, 1.0]
o0_gru_r0_11 stage 0 [0.98, 0.531, 0.75, 0.721]
o0_gru_r0_11 stage 1 [0.519, 0.979, 0.53, 0.724]
o0_gru_r0_11 stage 2 [0.741, 0.498, 0.981, 0.709]
o0_gru_r0_11 stage 3 [0.744, 0.755, 0.748, 0.992]
o0_gru_r6.25_11 stage 0 [0.98, 0.531, 0.75, 0.721]
o0_gru_r6.25_11 stage 1 [0.83, 0.99, 0.524, 0.729]
o0_gru_r6.25_11 stage 2 [0.751, 0.918, 0.989, 0.717]
o0_gru_r6.25_11 stage 3 [0.838, 0.94, 0.843, 0.99]
o0_gru_r12.5_11 stage 0 [0.98, 0.531, 0.75, 0.721]
o0_gru_r12.5_11 stage 1 [0.834, 0.988, 0.52, 0.731]
o0_gru_r12.5_11 stage 2 [0.896, 0.946, 0.991, 0.721]
o0_gru_r12.5_11 stage 3 [0.884, 0.909, 0.872, 0.988]
o0_gru_r25_11 stage 0 [0.98, 0.531, 0.75, 0.721]
o0_gru_r25_11 stage 1 [0.826, 0.988, 0.522, 0.731]
o0_gru_r25_11 stage 2 [0.888, 0.954, 0.99, 0.714]
o0_gru_r25_11 stage 3 [0.854, 0.936, 0.943, 0.985]
o0_rnn_r0_11 stage 0 [0.815, 0.549, 0.773, 0.655]
o0_rnn_r0_11 stage 1 [0.467, 0.95, 0.466, 0.7]
o0_rnn_r0_11 stage 2 [0.526, 0.505, 0.759, 0.497]
o0_rnn_r0_11 stage 3 [0.375, 0.519, 0.492, 0.479]
o0_rnn_r6.25_11 stage 0 [0.815, 0.549, 0.773, 0.655]
o0_rnn_r6.25_11 stage 1 [0.396, 0.909, 0.432, 0.647]
o0_rnn_r6.25_11 stage 2 [0.533, 0.274, 0.688, 0.488]
o0_rnn_r6.25_11 stage 3 [0.675, 0.66, 0.693, 0.933]
o0_rnn_r12.5_11 stage 0 [0.815, 0.549, 0.773, 0.655]
o0_rnn_r12.5_11 stage 1 [0.539, 0.8, 0.456, 0.608]
o0_rnn_r12.5_11 stage 2 [0.614, 0.682, 0.917, 0.683]
o0_rnn_r12.5_11 stage 3 [0.649, 0.736, 0.654, 0.879]
o0_rnn_r25_11 stage 0 [0.815, 0.549, 0.773, 0.655]
o0_rnn_r25_11 stage 1 [0.485, 0.851, 0.589, 0.604]
o0_rnn_r25_11 stage 2 [0.604, 0.644, 0.66, 0.598]
o0_rnn_r25_11 stage 3 [0.492, 0.578, 0.477, 0.775]
o0_flow_r0_22 stage 0 [0.998, 0.515, 0.733, 0.742]
o0_flow_r0_22 stage 1 [0.502, 0.986, 0.508, 0.752]
o0_flow_r0_22 stage 2 [0.735, 0.516, 0.998, 0.743]
o0_flow_r0_22 stage 3 [0.736, 0.604, 0.734, 1.0]
o0_flow_r6.25_22 stage 0 [0.998, 0.515, 0.733, 0.742]
o0_flow_r6.25_22 stage 1 [0.901, 0.983, 0.515, 0.766]
o0_flow_r6.25_22 stage 2 [0.998, 0.631, 0.997, 0.739]
o0_flow_r6.25_22 stage 3 [0.996, 0.984, 0.981, 1.0]
o0_flow_r12.5_22 stage 0 [0.998, 0.515, 0.733, 0.742]
o0_flow_r12.5_22 stage 1 [0.938, 0.983, 0.514, 0.763]
o0_flow_r12.5_22 stage 2 [0.998, 0.791, 0.997, 0.739]
o0_flow_r12.5_22 stage 3 [0.998, 0.994, 0.998, 1.0]
o0_flow_r25_22 stage 0 [0.998, 0.515, 0.733, 0.742]
o0_flow_r25_22 stage 1 [0.932, 0.983, 0.519, 0.765]
o0_flow_r25_22 stage 2 [0.998, 0.984, 0.997, 0.735]
o0_flow_r25_22 stage 3 [0.996, 0.999, 1.0, 1.0]
o0_gru_r0_22 stage 0 [0.959, 0.542, 0.708, 0.718]
o0_gru_r0_22 stage 1 [0.488, 0.986, 0.504, 0.743]
o0_gru_r0_22 stage 2 [0.713, 0.493, 0.984, 0.725]
o0_gru_r0_22 stage 3 [0.712, 0.741, 0.717, 0.98]
o0_gru_r6.25_22 stage 0 [0.959, 0.542, 0.708, 0.718]
o0_gru_r6.25_22 stage 1 [0.867, 0.981, 0.498, 0.737]
o0_gru_r6.25_22 stage 2 [0.85, 0.951, 0.988, 0.729]
o0_gru_r6.25_22 stage 3 [0.891, 0.963, 0.906, 0.987]
o0_gru_r12.5_22 stage 0 [0.959, 0.542, 0.708, 0.718]
o0_gru_r12.5_22 stage 1 [0.918, 0.984, 0.502, 0.748]
o0_gru_r12.5_22 stage 2 [0.925, 0.941, 0.983, 0.732]
o0_gru_r12.5_22 stage 3 [0.928, 0.944, 0.904, 0.986]
o0_gru_r25_22 stage 0 [0.959, 0.542, 0.708, 0.718]
o0_gru_r25_22 stage 1 [0.892, 0.971, 0.518, 0.729]
o0_gru_r25_22 stage 2 [0.897, 0.945, 0.99, 0.728]
o0_gru_r25_22 stage 3 [0.921, 0.97, 0.979, 0.99]
o0_rnn_r0_22 stage 0 [0.498, 0.0, 0.232, 0.239]
o0_rnn_r0_22 stage 1 [0.259, 0.649, 0.265, 0.506]
o0_rnn_r0_22 stage 2 [0.304, 0.521, 0.457, 0.408]
o0_rnn_r0_22 stage 3 [0.299, 0.269, 0.145, 0.148]
o0_rnn_r6.25_22 stage 0 [0.498, 0.0, 0.232, 0.239]
o0_rnn_r6.25_22 stage 1 [0.263, 0.005, 0.123, 0.117]
o0_rnn_r6.25_22 stage 2 [0.237, 0.495, 0.388, 0.381]
o0_rnn_r6.25_22 stage 3 [0.246, 0.0, 0.128, 0.124]
o0_rnn_r12.5_22 stage 0 [0.498, 0.0, 0.232, 0.239]
o0_rnn_r12.5_22 stage 1 [0.493, 0.53, 0.582, 0.432]
o0_rnn_r12.5_22 stage 2 [0.257, 0.615, 0.417, 0.404]
o0_rnn_r12.5_22 stage 3 [0.286, 0.0, 0.146, 0.165]
o0_rnn_r25_22 stage 0 [0.498, 0.0, 0.232, 0.239]
o0_rnn_r25_22 stage 1 [0.354, 0.259, 0.465, 0.342]
o0_rnn_r25_22 stage 2 [0.246, 0.0, 0.128, 0.124]
o0_rnn_r25_22 stage 3 [0.246, 0.0, 0.104, 0.126]
o0_flow_r0_33 stage 0 [0.991, 0.529, 0.754, 0.767]
o0_flow_r0_33 stage 1 [0.676, 0.765, 0.493, 0.504]
o0_flow_r0_33 stage 2 [0.77, 0.526, 0.995, 0.747]
o0_flow_r0_33 stage 3 [0.768, 0.749, 0.761, 1.0]
o0_flow_r6.25_33 stage 0 [0.991, 0.529, 0.754, 0.767]
o0_flow_r6.25_33 stage 1 [0.927, 0.841, 0.526, 0.615]
o0_flow_r6.25_33 stage 2 [0.979, 0.76, 0.997, 0.755]
o0_flow_r6.25_33 stage 3 [0.956, 0.991, 0.98, 0.993]
o0_flow_r12.5_33 stage 0 [0.991, 0.529, 0.754, 0.767]
o0_flow_r12.5_33 stage 1 [0.93, 0.879, 0.558, 0.681]
o0_flow_r12.5_33 stage 2 [0.996, 0.763, 0.998, 0.754]
o0_flow_r12.5_33 stage 3 [0.981, 0.989, 0.985, 0.996]
o0_flow_r25_33 stage 0 [0.991, 0.529, 0.754, 0.767]
o0_flow_r25_33 stage 1 [0.976, 0.859, 0.624, 0.694]
o0_flow_r25_33 stage 2 [0.997, 0.897, 0.995, 0.775]
o0_flow_r25_33 stage 3 [0.997, 0.991, 0.992, 0.996]
o0_gru_r0_33 stage 0 [0.977, 0.542, 0.731, 0.728]
o0_gru_r0_33 stage 1 [0.521, 0.993, 0.515, 0.741]
o0_gru_r0_33 stage 2 [0.746, 0.519, 0.979, 0.741]
o0_gru_r0_33 stage 3 [0.754, 0.741, 0.741, 0.989]
o0_gru_r6.25_33 stage 0 [0.977, 0.542, 0.731, 0.728]
o0_gru_r6.25_33 stage 1 [0.842, 0.989, 0.509, 0.735]
o0_gru_r6.25_33 stage 2 [0.85, 0.688, 0.979, 0.741]
o0_gru_r6.25_33 stage 3 [0.898, 0.854, 0.796, 0.983]
o0_gru_r12.5_33 stage 0 [0.977, 0.542, 0.731, 0.728]
o0_gru_r12.5_33 stage 1 [0.842, 0.996, 0.511, 0.733]
o0_gru_r12.5_33 stage 2 [0.88, 0.822, 0.974, 0.743]
o0_gru_r12.5_33 stage 3 [0.938, 0.903, 0.814, 0.986]
o0_gru_r25_33 stage 0 [0.977, 0.542, 0.731, 0.728]
o0_gru_r25_33 stage 1 [0.867, 0.993, 0.543, 0.757]
o0_gru_r25_33 stage 2 [0.953, 0.85, 0.982, 0.741]
o0_gru_r25_33 stage 3 [0.925, 0.957, 0.802, 0.981]
o0_rnn_r0_33 stage 0 [0.604, 0.314, 0.484, 0.486]
o0_rnn_r0_33 stage 1 [0.518, 0.793, 0.72, 0.524]
o0_rnn_r0_33 stage 2 [0.525, 0.526, 0.697, 0.502]
o0_rnn_r0_33 stage 3 [0.367, 0.488, 0.499, 0.508]
o0_rnn_r6.25_33 stage 0 [0.604, 0.314, 0.484, 0.486]
o0_rnn_r6.25_33 stage 1 [0.275, 0.486, 0.395, 0.356]
o0_rnn_r6.25_33 stage 2 [0.253, 0.267, 0.358, 0.382]
o0_rnn_r6.25_33 stage 3 [0.272, 0.246, 0.221, 0.399]
o0_rnn_r12.5_33 stage 0 [0.604, 0.314, 0.484, 0.486]
o0_rnn_r12.5_33 stage 1 [0.595, 0.623, 0.53, 0.402]
o0_rnn_r12.5_33 stage 2 [0.468, 0.718, 0.715, 0.491]
o0_rnn_r12.5_33 stage 3 [0.417, 0.621, 0.712, 0.324]
o0_rnn_r25_33 stage 0 [0.604, 0.314, 0.484, 0.486]
o0_rnn_r25_33 stage 1 [0.683, 0.866, 0.541, 0.753]
o0_rnn_r25_33 stage 2 [0.839, 0.842, 0.867, 0.726]
o0_rnn_r25_33 stage 3 [0.92, 0.937, 0.908, 0.978]
o0_flow_r0_44 stage 0 [0.999, 0.495, 0.754, 0.761]
o0_flow_r0_44 stage 1 [0.507, 0.991, 0.517, 0.774]
o0_flow_r0_44 stage 2 [0.997, 0.507, 0.765, 0.765]
o0_flow_r0_44 stage 3 [0.756, 0.729, 0.758, 1.0]
o0_flow_r6.25_44 stage 0 [0.999, 0.495, 0.754, 0.761]
o0_flow_r6.25_44 stage 1 [0.933, 0.991, 0.518, 0.774]
o0_flow_r6.25_44 stage 2 [0.756, 0.947, 0.998, 0.755]
o0_flow_r6.25_44 stage 3 [1.0, 0.986, 0.757, 0.999]
o0_flow_r12.5_44 stage 0 [0.999, 0.495, 0.754, 0.761]
o0_flow_r12.5_44 stage 1 [0.972, 0.991, 0.521, 0.775]
o0_flow_r12.5_44 stage 2 [0.756, 0.965, 0.999, 0.748]
o0_flow_r12.5_44 stage 3 [1.0, 0.991, 0.991, 0.999]
o0_flow_r25_44 stage 0 [0.999, 0.495, 0.754, 0.761]
o0_flow_r25_44 stage 1 [0.974, 0.991, 0.529, 0.776]
o0_flow_r25_44 stage 2 [0.973, 0.987, 0.999, 0.746]
o0_flow_r25_44 stage 3 [1.0, 0.989, 0.996, 0.999]
o0_gru_r0_44 stage 0 [0.985, 0.505, 0.745, 0.743]
o0_gru_r0_44 stage 1 [0.462, 0.982, 0.487, 0.743]
o0_gru_r0_44 stage 2 [0.73, 0.479, 0.984, 0.735]
o0_gru_r0_44 stage 3 [0.748, 0.721, 0.755, 0.994]
o0_gru_r6.25_44 stage 0 [0.985, 0.505, 0.745, 0.743]
o0_gru_r6.25_44 stage 1 [0.81, 0.979, 0.487, 0.742]
o0_gru_r6.25_44 stage 2 [0.794, 0.874, 0.995, 0.751]
o0_gru_r6.25_44 stage 3 [0.851, 0.905, 0.98, 0.991]
o0_gru_r12.5_44 stage 0 [0.985, 0.505, 0.745, 0.743]
o0_gru_r12.5_44 stage 1 [0.817, 0.986, 0.489, 0.746]
o0_gru_r12.5_44 stage 2 [0.779, 0.938, 0.984, 0.75]
o0_gru_r12.5_44 stage 3 [0.82, 0.96, 0.984, 0.991]
o0_gru_r25_44 stage 0 [0.985, 0.505, 0.745, 0.743]
o0_gru_r25_44 stage 1 [0.823, 0.991, 0.536, 0.769]
o0_gru_r25_44 stage 2 [0.733, 0.927, 0.978, 0.749]
o0_gru_r25_44 stage 3 [0.84, 0.967, 0.976, 0.994]
o0_rnn_r0_44 stage 0 [0.175, 0.396, 0.212, 0.308]
o0_rnn_r0_44 stage 1 [0.479, 0.761, 0.711, 0.579]
o0_rnn_r0_44 stage 2 [0.274, 0.254, 0.121, 0.148]
o0_rnn_r0_44 stage 3 [0.239, 0.498, 0.364, 0.378]
o0_rnn_r6.25_44 stage 0 [0.175, 0.396, 0.212, 0.308]
o0_rnn_r6.25_44 stage 1 [0.449, 0.666, 0.658, 0.556]
o0_rnn_r6.25_44 stage 2 [0.356, 0.62, 0.671, 0.536]
o0_rnn_r6.25_44 stage 3 [0.267, 0.0, 0.238, 0.218]
o0_rnn_r12.5_44 stage 0 [0.175, 0.396, 0.212, 0.308]
o0_rnn_r12.5_44 stage 1 [0.446, 0.74, 0.723, 0.553]
o0_rnn_r12.5_44 stage 2 [0.482, 0.715, 0.691, 0.535]
o0_rnn_r12.5_44 stage 3 [0.428, 0.612, 0.566, 0.534]
o0_rnn_r25_44 stage 0 [0.175, 0.396, 0.212, 0.308]
o0_rnn_r25_44 stage 1 [0.455, 0.728, 0.706, 0.548]
o0_rnn_r25_44 stage 2 [0.237, 0.0, 0.129, 0.111]
o0_rnn_r25_44 stage 3 [0.242, 0.504, 0.379, 0.394]
o0_flow_r0_55 stage 0 [0.999, 0.493, 0.751, 0.756]
o0_flow_r0_55 stage 1 [0.524, 0.996, 0.487, 0.746]
o0_flow_r0_55 stage 2 [0.77, 0.492, 0.999, 0.753]
o0_flow_r0_55 stage 3 [0.77, 0.774, 0.752, 1.0]
o0_flow_r6.25_55 stage 0 [0.999, 0.493, 0.751, 0.756]
o0_flow_r6.25_55 stage 1 [0.973, 0.994, 0.489, 0.743]
o0_flow_r6.25_55 stage 2 [1.0, 0.911, 0.999, 0.752]
o0_flow_r6.25_55 stage 3 [1.0, 0.975, 0.997, 0.997]
o0_flow_r12.5_55 stage 0 [0.999, 0.493, 0.751, 0.756]
o0_flow_r12.5_55 stage 1 [0.979, 0.996, 0.489, 0.74]
o0_flow_r12.5_55 stage 2 [1.0, 0.932, 0.999, 0.752]
o0_flow_r12.5_55 stage 3 [1.0, 0.991, 0.997, 0.997]
o0_flow_r25_55 stage 0 [0.999, 0.493, 0.751, 0.756]
o0_flow_r25_55 stage 1 [0.981, 0.994, 0.489, 0.746]
o0_flow_r25_55 stage 2 [1.0, 0.949, 0.999, 0.749]
o0_flow_r25_55 stage 3 [1.0, 0.99, 0.998, 0.997]
o0_gru_r0_55 stage 0 [0.928, 0.52, 0.723, 0.695]
o0_gru_r0_55 stage 1 [0.505, 0.991, 0.49, 0.727]
o0_gru_r0_55 stage 2 [0.747, 0.477, 0.989, 0.744]
o0_gru_r0_55 stage 3 [0.751, 0.75, 0.743, 0.971]
o0_gru_r6.25_55 stage 0 [0.928, 0.52, 0.723, 0.695]
o0_gru_r6.25_55 stage 1 [0.859, 0.993, 0.49, 0.733]
o0_gru_r6.25_55 stage 2 [0.938, 0.791, 0.985, 0.733]
o0_gru_r6.25_55 stage 3 [0.896, 0.907, 0.856, 0.978]
o0_gru_r12.5_55 stage 0 [0.928, 0.52, 0.723, 0.695]
o0_gru_r12.5_55 stage 1 [0.859, 0.993, 0.493, 0.732]
o0_gru_r12.5_55 stage 2 [0.874, 0.808, 0.984, 0.731]
o0_gru_r12.5_55 stage 3 [0.904, 0.906, 0.919, 0.983]
o0_gru_r25_55 stage 0 [0.928, 0.52, 0.723, 0.695]
o0_gru_r25_55 stage 1 [0.918, 0.992, 0.49, 0.744]
o0_gru_r25_55 stage 2 [0.943, 0.838, 0.986, 0.739]
o0_gru_r25_55 stage 3 [0.904, 0.924, 0.973, 0.981]
o0_rnn_r0_55 stage 0 [0.749, 0.408, 0.6, 0.626]
o0_rnn_r0_55 stage 1 [0.509, 0.963, 0.493, 0.706]
o0_rnn_r0_55 stage 2 [0.705, 0.471, 0.95, 0.717]
o0_rnn_r0_55 stage 3 [0.73, 0.717, 0.723, 0.924]
o0_rnn_r6.25_55 stage 0 [0.749, 0.408, 0.6, 0.626]
o0_rnn_r6.25_55 stage 1 [0.404, 0.75, 0.472, 0.474]
o0_rnn_r6.25_55 stage 2 [0.483, 0.698, 0.725, 0.498]
o0_rnn_r6.25_55 stage 3 [0.396, 0.14, 0.506, 0.379]
o0_rnn_r12.5_55 stage 0 [0.749, 0.408, 0.6, 0.626]
o0_rnn_r12.5_55 stage 1 [0.463, 0.819, 0.542, 0.682]
o0_rnn_r12.5_55 stage 2 [0.468, 0.669, 0.678, 0.497]
o0_rnn_r12.5_55 stage 3 [0.291, 0.526, 0.365, 0.358]
o0_rnn_r25_55 stage 0 [0.749, 0.408, 0.6, 0.626]
o0_rnn_r25_55 stage 1 [0.498, 0.598, 0.391, 0.483]
o0_rnn_r25_55 stage 2 [0.621, 0.489, 0.832, 0.611]
o0_rnn_r25_55 stage 3 [0.642, 0.657, 0.626, 0.845]
