device cpu epochs 65 orders ['o1'] archs ['flow', 'gru', 'rnn'] ratios [0, 0.0625, 0.125, 0.25]
o1_flow_r0_11 stage 0 [0.756, 0.763, 0.754, 1.0]
o1_flow_r0_11 stage 1 [0.756, 0.523, 0.998, 0.725]
o1_flow_r0_11 stage 2 [0.519, 0.998, 0.513, 0.637]
o1_flow_r0_11 stage 3 [0.998, 0.541, 0.754, 0.725]
o1_flow_r6.25_11 stage 0 [0.756, 0.763, 0.754, 1.0]
o1_flow_r6.25_11 stage 1 [0.761, 0.527, 0.998, 0.976]
o1_flow_r6.25_11 stage 2 [0.52, 0.997, 0.964, 0.999]
o1_flow_r6.25_11 stage 3 [0.998, 0.931, 1.0, 1.0]
o1_flow_r12.5_11 stage 0 [0.756, 0.763, 0.754, 1.0]
o1_flow_r12.5_11 stage 1 [0.775, 0.528, 0.998, 0.98]
o1_flow_r12.5_11 stage 2 [0.527, 0.998, 0.961, 0.999]
o1_flow_r12.5_11 stage 3 [0.998, 0.968, 1.0, 1.0]
o1_flow_r25_11 stage 0 [0.756, 0.763, 0.754, 1.0]
o1_flow_r25_11 stage 1 [0.801, 0.53, 0.998, 0.985]
o1_flow_r25_11 stage 2 [0.524, 0.999, 0.981, 1.0]
o1_flow_r25_11 stage 3 [0.998, 0.959, 1.0, 1.0]
o1_gru_r0_11 stage 0 [0.722, 0.754, 0.739, 0.973]
o1_gru_r0_11 stage 1 [0.73, 0.518, 0.992, 0.702]
o1_gru_r0_11 stage 2 [0.509, 0.979, 0.534, 0.705]
o1_gru_r0_11 stage 3 [0.986, 0.516, 0.737, 0.718]
o1_gru_r6.25_11 stage 0 [0.722, 0.754, 0.739, 0.973]
o1_gru_r6.25_11 stage 1 [0.727, 0.522, 0.994, 0.788]
o1_gru_r6.25_11 stage 2 [0.504, 0.99, 0.943, 0.908]
o1_gru_r6.25_11 stage 3 [0.979, 0.939, 0.844, 0.911]
o1_gru_r12.5_11 stage 0 [0.722, 0.754, 0.739, 0.973]
o1_gru_r12.5_11 stage 1 [0.731, 0.526, 0.993, 0.898]
o1_gru_r12.5_11 stage 2 [0.565, 0.988, 0.832, 0.828]
o1_gru_r12.5_11 stage 3 [0.986, 0.924, 0.914, 0.905]
o1_gru_r25_11 stage 0 [0.722, 0.754, 0.739, 0.973]
o1_gru_r25_11 stage 1 [0.74, 0.517, 0.979, 0.937]
o1_gru_r25_11 stage 2 [0.587, 0.988, 0.853, 0.863]
o1_gru_r25_11 stage 3 [0.984, 0.952, 0.856, 0.959]
o1_rnn_r0_11 stage 0 [0.337, 0.57, 0.44, 0.529]
o1_rnn_r0_11 stage 1 [0.271, 0.5, 0.391, 0.385]
o1_rnn_r0_11 stage 2 [0.245, 0.5, 0.367, 0.362]
o1_rnn_r0_11 stage 3 [0.229, 0.255, 0.124, 0.101]
o1_rnn_r6.25_11 stage 0 [0.337, 0.57, 0.44, 0.529]
o1_rnn_r6.25_11 stage 1 [0.48, 0.707, 0.64, 0.485]
o1_rnn_r6.25_11 stage 2 [0.425, 0.71, 0.528, 0.484]
o1_rnn_r6.25_11 stage 3 [0.494, 0.709, 0.663, 0.447]
o1_rnn_r12.5_11 stage 0 [0.337, 0.57, 0.44, 0.529]
o1_rnn_r12.5_11 stage 1 [0.5, 0.523, 0.753, 0.356]
o1_rnn_r12.5_11 stage 2 [0.457, 0.723, 0.594, 0.422]
o1_rnn_r12.5_11 stage 3 [0.524, 0.491, 0.538, 0.234]
o1_rnn_r25_11 stage 0 [0.337, 0.57, 0.44, 0.529]
o1_rnn_r25_11 stage 1 [0.456, 0.537, 0.607, 0.458]
o1_rnn_r25_11 stage 2 [0.422, 0.644, 0.387, 0.427]
o1_rnn_r25_11 stage 3 [0.522, 0.674, 0.484, 0.477]
o1_flow_r0_22 stage 0 [0.735, 0.755, 0.734, 1.0]
o1_flow_r0_22 stage 1 [0.73, 0.519, 0.993, 0.737]
o1_flow_r0_22 stage 2 [0.499, 1.0, 0.502, 0.751]
o1_flow_r0_22 stage 3 [0.997, 0.52, 0.735, 0.745]
o1_flow_r6.25_22 stage 0 [0.735, 0.755, 0.734, 1.0]
o1_flow_r6.25_22 stage 1 [0.733, 0.521, 0.996, 0.959]
o1_flow_r6.25_22 stage 2 [0.513, 0.998, 0.93, 0.998]
o1_flow_r6.25_22 stage 3 [0.998, 0.993, 1.0, 1.0]
o1_flow_r12.5_22 stage 0 [0.735, 0.755, 0.734, 1.0]
o1_flow_r12.5_22 stage 1 [0.734, 0.524, 0.996, 0.991]
o1_flow_r12.5_22 stage 2 [0.54, 0.998, 0.978, 0.999]
o1_flow_r12.5_22 stage 3 [0.998, 0.998, 1.0, 1.0]
o1_flow_r25_22 stage 0 [0.735, 0.755, 0.734, 1.0]
o1_flow_r25_22 stage 1 [0.734, 0.523, 0.996, 0.994]
o1_flow_r25_22 stage 2 [0.646, 0.997, 0.985, 0.999]
o1_flow_r25_22 stage 3 [0.998, 0.998, 1.0, 1.0]
o1_gru_r0_22 stage 0 [0.684, 0.746, 0.687, 0.977]
o1_gru_r0_22 stage 1 [0.72, 0.513, 0.991, 0.729]
o1_gru_r0_22 stage 2 [0.486, 0.979, 0.495, 0.736]
o1_gru_r0_22 stage 3 [0.987, 0.491, 0.708, 0.716]
o1_gru_r6.25_22 stage 0 [0.684, 0.746, 0.687, 0.977]
o1_gru_r6.25_22 stage 1 [0.721, 0.507, 0.991, 0.776]
o1_gru_r6.25_22 stage 2 [0.49, 0.983, 0.809, 0.789]
o1_gru_r6.25_22 stage 3 [0.98, 0.939, 0.972, 0.929]
o1_gru_r12.5_22 stage 0 [0.684, 0.746, 0.687, 0.977]
o1_gru_r12.5_22 stage 1 [0.715, 0.502, 0.979, 0.736]
o1_gru_r12.5_22 stage 2 [0.526, 0.985, 0.934, 0.903]
o1_gru_r12.5_22 stage 3 [0.988, 0.969, 0.953, 0.904]
o1_gru_r25_22 stage 0 [0.684, 0.746, 0.687, 0.977]
o1_gru_r25_22 stage 1 [0.705, 0.523, 0.992, 0.79]
o1_gru_r25_22 stage 2 [0.663, 0.981, 0.95, 0.973]
o1_gru_r25_22 stage 3 [0.983, 0.968, 0.979, 0.972]
o1_rnn_r0_22 stage 0 [0.508, 0.749, 0.568, 0.683]
o1_rnn_r0_22 stage 1 [0.473, 0.503, 0.707, 0.522]
o1_rnn_r0_22 stage 2 [0.456, 0.711, 0.691, 0.483]
o1_rnn_r0_22 stage 3 [0.333, 0.298, 0.215, 0.19]
o1_rnn_r6.25_22 stage 0 [0.508, 0.749, 0.568, 0.683]
o1_rnn_r6.25_22 stage 1 [0.349, 0.551, 0.521, 0.39]
o1_rnn_r6.25_22 stage 2 [0.446, 0.717, 0.64, 0.472]
o1_rnn_r6.25_22 stage 3 [0.449, 0.339, 0.533, 0.323]
o1_rnn_r12.5_22 stage 0 [0.508, 0.749, 0.568, 0.683]
o1_rnn_r12.5_22 stage 1 [0.473, 0.56, 0.704, 0.51]
o1_rnn_r12.5_22 stage 2 [0.282, 0.711, 0.19, 0.361]
o1_rnn_r12.5_22 stage 3 [0.437, 0.286, 0.338, 0.242]
o1_rnn_r25_22 stage 0 [0.508, 0.749, 0.568, 0.683]
o1_rnn_r25_22 stage 1 [0.497, 0.574, 0.722, 0.563]
o1_rnn_r25_22 stage 2 [0.282, 0.53, 0.487, 0.408]
o1_rnn_r25_22 stage 3 [0.3, 0.225, 0.529, 0.42]
o1_flow_r0_33 stage 0 [0.76, 0.754, 0.748, 0.995]
o1_flow_r0_33 stage 1 [0.764, 0.524, 0.995, 0.752]
o1_flow_r0_33 stage 2 [0.528, 0.999, 0.516, 0.752]
o1_flow_r0_33 stage 3 [0.999, 0.529, 0.76, 0.756]
o1_flow_r6.25_33 stage 0 [0.76, 0.754, 0.748, 0.995]
o1_flow_r6.25_33 stage 1 [0.766, 0.526, 0.997, 0.968]
o1_flow_r6.25_33 stage 2 [0.531, 0.999, 0.741, 0.981]
o1_flow_r6.25_33 stage 3 [0.999, 0.989, 1.0, 1.0]
o1_flow_r12.5_33 stage 0 [0.76, 0.754, 0.748, 0.995]
o1_flow_r12.5_33 stage 1 [0.769, 0.532, 0.997, 0.961]
o1_flow_r12.5_33 stage 2 [0.53, 0.998, 0.741, 0.986]
o1_flow_r12.5_33 stage 3 [0.999, 0.997, 1.0, 1.0]
o1_flow_r25_33 stage 0 [0.76, 0.754, 0.748, 0.995]
o1_flow_r25_33 stage 1 [0.771, 0.534, 0.994, 0.962]
o1_flow_r25_33 stage 2 [0.532, 0.999, 0.746, 0.993]
o1_flow_r25_33 stage 3 [1.0, 0.999, 1.0, 1.0]
o1_gru_r0_33 stage 0 [0.728, 0.711, 0.738, 0.966]
o1_gru_r0_33 stage 1 [0.751, 0.51, 0.98, 0.742]
o1_gru_r0_33 stage 2 [0.519, 0.984, 0.498, 0.738]
o1_gru_r0_33 stage 3 [0.985, 0.507, 0.742, 0.741]
o1_gru_r6.25_33 stage 0 [0.728, 0.711, 0.738, 0.966]
o1_gru_r6.25_33 stage 1 [0.75, 0.526, 0.973, 0.947]
o1_gru_r6.25_33 stage 2 [0.528, 0.996, 0.759, 0.883]
o1_gru_r6.25_33 stage 3 [0.981, 0.854, 0.973, 0.947]
o1_gru_r12.5_33 stage 0 [0.728, 0.711, 0.738, 0.966]
o1_gru_r12.5_33 stage 1 [0.745, 0.541, 0.981, 0.925]
o1_gru_r12.5_33 stage 2 [0.524, 0.987, 0.729, 0.913]
o1_gru_r12.5_33 stage 3 [0.974, 0.838, 0.947, 0.938]
o1_gru_r25_33 stage 0 [0.728, 0.711, 0.738, 0.966]
o1_gru_r25_33 stage 1 [0.744, 0.512, 0.983, 0.939]
o1_gru_r25_33 stage 2 [0.525, 0.992, 0.915, 0.937]
o1_gru_r25_33 stage 3 [0.979, 0.848, 0.928, 0.967]
o1_rnn_r0_33 stage 0 [0.698, 0.701, 0.694, 0.928]
o1_rnn_r0_33 stage 1 [0.409, 0.496, 0.516, 0.438]
o1_rnn_r0_33 stage 2 [0.271, 0.49, 0.396, 0.362]
o1_rnn_r0_33 stage 3 [0.376, 0.0, 0.241, 0.237]
o1_rnn_r6.25_33 stage 0 [0.698, 0.701, 0.694, 0.928]
o1_rnn_r6.25_33 stage 1 [0.697, 0.541, 0.91, 0.606]
o1_rnn_r6.25_33 stage 2 [0.507, 0.729, 0.654, 0.485]
o1_rnn_r6.25_33 stage 3 [0.462, 0.732, 0.718, 0.536]
o1_rnn_r12.5_33 stage 0 [0.698, 0.701, 0.694, 0.928]
o1_rnn_r12.5_33 stage 1 [0.486, 0.491, 0.785, 0.315]
o1_rnn_r12.5_33 stage 2 [0.478, 0.82, 0.458, 0.648]
o1_rnn_r12.5_33 stage 3 [0.713, 0.641, 0.527, 0.479]
o1_rnn_r25_33 stage 0 [0.698, 0.701, 0.694, 0.928]
o1_rnn_r25_33 stage 1 [0.729, 0.617, 0.828, 0.646]
o1_rnn_r25_33 stage 2 [0.457, 0.891, 0.658, 0.545]
o1_rnn_r25_33 stage 3 [0.466, 0.491, 0.626, 0.471]
o1_flow_r0_44 stage 0 [0.753, 0.729, 0.755, 0.999]
o1_flow_r0_44 stage 1 [0.754, 0.494, 0.999, 0.763]
o1_flow_r0_44 stage 2 [0.48, 0.998, 0.502, 0.768]
o1_flow_r0_44 stage 3 [0.998, 0.505, 0.758, 0.771]
o1_flow_r6.25_44 stage 0 [0.753, 0.729, 0.755, 0.999]
o1_flow_r6.25_44 stage 1 [0.753, 0.499, 0.999, 0.972]
o1_flow_r6.25_44 stage 2 [0.481, 0.996, 0.735, 0.981]
o1_flow_r6.25_44 stage 3 [0.997, 0.984, 0.999, 0.992]
o1_flow_r12.5_44 stage 0 [0.753, 0.729, 0.755, 0.999]
o1_flow_r12.5_44 stage 1 [0.754, 0.507, 0.999, 0.985]
o1_flow_r12.5_44 stage 2 [0.481, 0.996, 0.758, 0.996]
o1_flow_r12.5_44 stage 3 [0.997, 0.992, 1.0, 1.0]
o1_flow_r25_44 stage 0 [0.753, 0.729, 0.755, 0.999]
o1_flow_r25_44 stage 1 [0.756, 0.519, 0.999, 0.99]
o1_flow_r25_44 stage 2 [0.565, 0.994, 0.971, 0.999]
o1_flow_r25_44 stage 3 [0.997, 0.994, 1.0, 0.999]
o1_gru_r0_44 stage 0 [0.736, 0.726, 0.745, 0.988]
o1_gru_r0_44 stage 1 [0.732, 0.492, 0.98, 0.748]
o1_gru_r0_44 stage 2 [0.476, 0.991, 0.501, 0.762]
o1_gru_r0_44 stage 3 [0.993, 0.494, 0.75, 0.76]
o1_gru_r6.25_44 stage 0 [0.736, 0.726, 0.745, 0.988]
o1_gru_r6.25_44 stage 1 [0.744, 0.486, 0.986, 0.943]
o1_gru_r6.25_44 stage 2 [0.479, 0.995, 0.969, 0.96]
o1_gru_r6.25_44 stage 3 [0.985, 0.972, 0.969, 0.974]
o1_gru_r12.5_44 stage 0 [0.736, 0.726, 0.745, 0.988]
o1_gru_r12.5_44 stage 1 [0.744, 0.484, 0.982, 0.943]
o1_gru_r12.5_44 stage 2 [0.481, 0.992, 0.974, 0.97]
o1_gru_r12.5_44 stage 3 [0.985, 0.979, 0.949, 0.938]
o1_gru_r25_44 stage 0 [0.736, 0.726, 0.745, 0.988]
o1_gru_r25_44 stage 1 [0.725, 0.469, 0.972, 0.937]
o1_gru_r25_44 stage 2 [0.543, 0.989, 0.979, 0.966]
o1_gru_r25_44 stage 3 [0.987, 0.957, 0.962, 0.967]
o1_rnn_r0_44 stage 0 [0.279, 0.0, 0.22, 0.173]
o1_rnn_r0_44 stage 1 [0.352, 0.583, 0.505, 0.446]
o1_rnn_r0_44 stage 2 [0.237, 0.496, 0.364, 0.374]
o1_rnn_r0_44 stage 3 [0.237, 0.496, 0.364, 0.374]
o1_rnn_r6.25_44 stage 0 [0.279, 0.0, 0.22, 0.173]
o1_rnn_r6.25_44 stage 1 [0.378, 0.614, 0.521, 0.485]
o1_rnn_r6.25_44 stage 2 [0.237, 0.496, 0.364, 0.374]
o1_rnn_r6.25_44 stage 3 [0.276, 0.258, 0.377, 0.372]
o1_rnn_r12.5_44 stage 0 [0.279, 0.0, 0.22, 0.173]
o1_rnn_r12.5_44 stage 1 [0.456, 0.766, 0.686, 0.531]
o1_rnn_r12.5_44 stage 2 [0.25, 0.231, 0.371, 0.374]
o1_rnn_r12.5_44 stage 3 [0.271, 0.0, 0.129, 0.111]
o1_rnn_r25_44 stage 0 [0.279, 0.0, 0.22, 0.173]
o1_rnn_r25_44 stage 1 [0.332, 0.09, 0.187, 0.179]
o1_rnn_r25_44 stage 2 [0.242, 0.504, 0.379, 0.394]
o1_rnn_r25_44 stage 3 [0.249, 0.0, 0.128, 0.121]
o1_flow_r0_55 stage 0 [0.77, 0.774, 0.751, 0.998]
o1_flow_r0_55 stage 1 [0.762, 0.492, 0.992, 0.751]
o1_flow_r0_55 stage 2 [0.519, 1.0, 0.485, 0.746]
o1_flow_r0_55 stage 3 [1.0, 0.509, 0.745, 0.762]
o1_flow_r6.25_55 stage 0 [0.77, 0.774, 0.751, 0.998]
o1_flow_r6.25_55 stage 1 [0.765, 0.506, 0.991, 0.971]
o1_flow_r6.25_55 stage 2 [0.525, 1.0, 0.727, 0.987]
o1_flow_r6.25_55 stage 3 [0.999, 0.99, 0.999, 0.997]
o1_flow_r12.5_55 stage 0 [0.77, 0.774, 0.751, 0.998]
o1_flow_r12.5_55 stage 1 [0.765, 0.517, 0.991, 0.976]
o1_flow_r12.5_55 stage 2 [0.537, 1.0, 0.729, 0.99]
o1_flow_r12.5_55 stage 3 [0.999, 0.996, 0.999, 0.998]
o1_flow_r25_55 stage 0 [0.77, 0.774, 0.751, 0.998]
o1_flow_r25_55 stage 1 [0.766, 0.526, 0.991, 0.977]
o1_flow_r25_55 stage 2 [0.544, 0.999, 0.736, 0.993]
o1_flow_r25_55 stage 3 [0.998, 0.996, 0.999, 0.999]
o1_gru_r0_55 stage 0 [0.693, 0.728, 0.708, 0.944]
o1_gru_r0_55 stage 1 [0.715, 0.485, 0.981, 0.74]
o1_gru_r0_55 stage 2 [0.512, 0.994, 0.484, 0.735]
o1_gru_r0_55 stage 3 [0.979, 0.471, 0.735, 0.729]
o1_gru_r6.25_55 stage 0 [0.693, 0.728, 0.708, 0.944]
o1_gru_r6.25_55 stage 1 [0.709, 0.495, 0.981, 0.843]
o1_gru_r6.25_55 stage 2 [0.514, 0.989, 0.821, 0.838]
o1_gru_r6.25_55 stage 3 [0.981, 0.783, 0.911, 0.871]
o1_gru_r12.5_55 stage 0 [0.693, 0.728, 0.708, 0.944]
o1_gru_r12.5_55 stage 1 [0.711, 0.519, 0.979, 0.8]
o1_gru_r12.5_55 stage 2 [0.514, 0.992, 0.886, 0.86]
o1_gru_r12.5_55 stage 3 [0.981, 0.952, 0.947, 0.883]
o1_gru_r25_55 stage 0 [0.693, 0.728, 0.708, 0.944]
o1_gru_r25_55 stage 1 [0.709, 0.516, 0.978, 0.822]
o1_gru_r25_55 stage 2 [0.515, 0.991, 0.946, 0.852]
o1_gru_r25_55 stage 3 [0.978, 0.938, 0.945, 0.897]
o1_rnn_r0_55 stage 0 [0.57, 0.742, 0.614, 0.741]
o1_rnn_r0_55 stage 1 [0.497, 0.68, 0.721, 0.491]
o1_rnn_r0_55 stage 2 [0.49, 0.649, 0.539, 0.476]
o1_rnn_r0_55 stage 3 [0.447, 0.512, 0.418, 0.32]
o1_rnn_r6.25_55 stage 0 [0.57, 0.742, 0.614, 0.741]
o1_rnn_r6.25_55 stage 1 [0.568, 0.654, 0.759, 0.58]
o1_rnn_r6.25_55 stage 2 [0.464, 0.735, 0.512, 0.534]
o1_rnn_r6.25_55 stage 3 [0.53, 0.648, 0.7, 0.516]
o1_rnn_r12.5_55 stage 0 [0.57, 0.742, 0.614, 0.741]
o1_rnn_r12.5_55 stage 1 [0.524, 0.497, 0.786, 0.555]
o1_rnn_r12.5_55 stage 2 [0.514, 0.697, 0.589, 0.634]
o1_rnn_r12.5_55 stage 3 [0.271, 0.675, 0.444, 0.395]
o1_rnn_r25_55 stage 0 [0.57, 0.742, 0.614, 0.741]
o1_rnn_r25_55 stage 1 [0.522, 0.687, 0.739, 0.51]
o1_rnn_r25_55 stage 2 [0.501, 0.713, 0.606, 0.527]
o1_rnn_r25_55 stage 3 [0.541, 0.582, 0.535, 0.515]
