device cpu epochs 65 orders ['o2'] archs ['flow', 'gru', 'rnn'] ratios [0, 0.0625, 0.125, 0.25]
o2_flow_r0_11 stage 0 [0.516, 0.991, 0.522, 0.737]
o2_flow_r0_11 stage 1 [0.758, 0.764, 0.753, 1.0]
o2_flow_r0_11 stage 2 [0.999, 0.524, 0.754, 0.741]
o2_flow_r0_11 stage 3 [0.76, 0.523, 1.0, 0.725]
o2_flow_r6.25_11 stage 0 [0.516, 0.991, 0.522, 0.737]
o2_flow_r6.25_11 stage 1 [0.754, 0.97, 0.749, 1.0]
o2_flow_r6.25_11 stage 2 [0.999, 0.758, 0.754, 1.0]
o2_flow_r6.25_11 stage 3 [0.999, 0.786, 1.0, 0.999]
o2_flow_r12.5_11 stage 0 [0.516, 0.991, 0.522, 0.737]
o2_flow_r12.5_11 stage 1 [0.753, 0.972, 0.747, 1.0]
o2_flow_r12.5_11 stage 2 [0.998, 0.76, 0.754, 1.0]
o2_flow_r12.5_11 stage 3 [0.999, 0.76, 1.0, 1.0]
o2_flow_r25_11 stage 0 [0.516, 0.991, 0.522, 0.737]
o2_flow_r25_11 stage 1 [0.751, 0.974, 0.742, 1.0]
o2_flow_r25_11 stage 2 [0.998, 0.964, 0.754, 1.0]
o2_flow_r25_11 stage 3 [0.999, 0.973, 1.0, 1.0]
o2_gru_r0_11 stage 0 [0.506, 0.96, 0.538, 0.69]
o2_gru_r0_11 stage 1 [0.745, 0.75, 0.738, 0.989]
o2_gru_r0_11 stage 2 [0.984, 0.52, 0.746, 0.722]
o2_gru_r0_11 stage 3 [0.75, 0.513, 0.997, 0.724]
o2_gru_r6.25_11 stage 0 [0.506, 0.96, 0.538, 0.69]
o2_gru_r6.25_11 stage 1 [0.726, 0.896, 0.727, 0.985]
o2_gru_r6.25_11 stage 2 [0.982, 0.871, 0.752, 0.95]
o2_gru_r6.25_11 stage 3 [0.832, 0.895, 0.991, 0.937]
o2_gru_r12.5_11 stage 0 [0.506, 0.96, 0.538, 0.69]
o2_gru_r12.5_11 stage 1 [0.728, 0.9, 0.728, 0.986]
o2_gru_r12.5_11 stage 2 [0.981, 0.882, 0.743, 0.926]
o2_gru_r12.5_11 stage 3 [0.834, 0.863, 0.996, 0.948]
o2_gru_r25_11 stage 0 [0.506, 0.96, 0.538, 0.69]
o2_gru_r25_11 stage 1 [0.724, 0.908, 0.701, 0.98]
o2_gru_r25_11 stage 2 [0.981, 0.837, 0.744, 0.883]
o2_gru_r25_11 stage 3 [0.878, 0.83, 0.982, 0.918]
o2_rnn_r0_11 stage 0 [0.532, 0.766, 0.619, 0.607]
o2_rnn_r0_11 stage 1 [0.271, 0.501, 0.391, 0.385]
o2_rnn_r0_11 stage 2 [0.229, 0.255, 0.124, 0.101]
o2_rnn_r0_11 stage 3 [0.272, 0.263, 0.395, 0.388]
o2_rnn_r6.25_11 stage 0 [0.532, 0.766, 0.619, 0.607]
o2_rnn_r6.25_11 stage 1 [0.469, 0.334, 0.493, 0.654]
o2_rnn_r6.25_11 stage 2 [0.516, 0.597, 0.705, 0.513]
o2_rnn_r6.25_11 stage 3 [0.438, 0.757, 0.593, 0.413]
o2_rnn_r12.5_11 stage 0 [0.532, 0.766, 0.619, 0.607]
o2_rnn_r12.5_11 stage 1 [0.51, 0.759, 0.587, 0.639]
o2_rnn_r12.5_11 stage 2 [0.309, 0.608, 0.518, 0.419]
o2_rnn_r12.5_11 stage 3 [0.242, 0.607, 0.395, 0.385]
o2_rnn_r25_11 stage 0 [0.532, 0.766, 0.619, 0.607]
o2_rnn_r25_11 stage 1 [0.287, 0.512, 0.423, 0.399]
o2_rnn_r25_11 stage 2 [0.343, 0.604, 0.44, 0.298]
o2_rnn_r25_11 stage 3 [0.242, 0.237, 0.123, 0.422]
o2_flow_r0_22 stage 0 [0.498, 0.998, 0.502, 0.75]
o2_flow_r0_22 stage 1 [0.731, 0.762, 0.73, 1.0]
o2_flow_r0_22 stage 2 [0.998, 0.514, 0.735, 0.743]
o2_flow_r0_22 stage 3 [0.735, 0.514, 1.0, 0.743]
o2_flow_r6.25_22 stage 0 [0.498, 0.998, 0.502, 0.75]
o2_flow_r6.25_22 stage 1 [0.71, 0.997, 0.729, 1.0]
o2_flow_r6.25_22 stage 2 [0.999, 0.75, 0.734, 1.0]
o2_flow_r6.25_22 stage 3 [1.0, 0.974, 1.0, 1.0]
o2_flow_r12.5_22 stage 0 [0.498, 0.998, 0.502, 0.75]
o2_flow_r12.5_22 stage 1 [0.691, 0.997, 0.729, 1.0]
o2_flow_r12.5_22 stage 2 [0.995, 0.872, 0.733, 1.0]
o2_flow_r12.5_22 stage 3 [1.0, 0.987, 0.999, 1.0]
o2_flow_r25_22 stage 0 [0.498, 0.998, 0.502, 0.75]
o2_flow_r25_22 stage 1 [0.678, 0.998, 0.726, 1.0]
o2_flow_r25_22 stage 2 [0.991, 0.977, 0.731, 1.0]
o2_flow_r25_22 stage 3 [1.0, 1.0, 0.999, 1.0]
o2_gru_r0_22 stage 0 [0.486, 0.969, 0.486, 0.724]
o2_gru_r0_22 stage 1 [0.717, 0.717, 0.704, 0.985]
o2_gru_r0_22 stage 2 [0.989, 0.469, 0.718, 0.726]
o2_gru_r0_22 stage 3 [0.723, 0.497, 0.993, 0.729]
o2_gru_r6.25_22 stage 0 [0.486, 0.969, 0.486, 0.724]
o2_gru_r6.25_22 stage 1 [0.714, 0.964, 0.705, 0.988]
o2_gru_r6.25_22 stage 2 [0.982, 0.968, 0.713, 0.891]
o2_gru_r6.25_22 stage 3 [0.849, 0.971, 0.984, 0.875]
o2_gru_r12.5_22 stage 0 [0.486, 0.969, 0.486, 0.724]
o2_gru_r12.5_22 stage 1 [0.703, 0.954, 0.702, 0.979]
o2_gru_r12.5_22 stage 2 [0.99, 0.942, 0.719, 0.905]
o2_gru_r12.5_22 stage 3 [0.938, 0.968, 0.992, 0.887]
o2_gru_r25_22 stage 0 [0.486, 0.969, 0.486, 0.724]
o2_gru_r25_22 stage 1 [0.702, 0.964, 0.701, 0.992]
o2_gru_r25_22 stage 2 [0.985, 0.979, 0.711, 0.914]
o2_gru_r25_22 stage 3 [0.901, 0.978, 0.99, 0.917]
o2_rnn_r0_22 stage 0 [0.486, 0.918, 0.49, 0.727]
o2_rnn_r0_22 stage 1 [0.648, 0.686, 0.632, 0.894]
o2_rnn_r0_22 stage 2 [0.823, 0.396, 0.613, 0.593]
o2_rnn_r0_22 stage 3 [0.689, 0.511, 0.947, 0.73]
o2_rnn_r6.25_22 stage 0 [0.486, 0.918, 0.49, 0.727]
o2_rnn_r6.25_22 stage 1 [0.705, 0.812, 0.681, 0.956]
o2_rnn_r6.25_22 stage 2 [0.972, 0.534, 0.716, 0.737]
o2_rnn_r6.25_22 stage 3 [0.66, 0.669, 0.922, 0.658]
o2_rnn_r12.5_22 stage 0 [0.486, 0.918, 0.49, 0.727]
o2_rnn_r12.5_22 stage 1 [0.497, 0.741, 0.502, 0.698]
o2_rnn_r12.5_22 stage 2 [0.554, 0.518, 0.337, 0.497]
o2_rnn_r12.5_22 stage 3 [0.499, 0.512, 0.891, 0.703]
o2_rnn_r25_22 stage 0 [0.486, 0.918, 0.49, 0.727]
o2_rnn_r25_22 stage 1 [0.659, 0.836, 0.645, 0.917]
o2_rnn_r25_22 stage 2 [0.944, 0.851, 0.72, 0.697]
o2_rnn_r25_22 stage 3 [0.548, 0.822, 0.855, 0.634]
o2_flow_r0_33 stage 0 [0.528, 0.999, 0.516, 0.748]
o2_flow_r0_33 stage 1 [0.758, 0.757, 0.749, 0.993]
o2_flow_r0_33 stage 2 [1.0, 0.521, 0.76, 0.751]
o2_flow_r0_33 stage 3 [0.766, 0.521, 0.998, 0.75]
o2_flow_r6.25_33 stage 0 [0.528, 0.999, 0.516, 0.748]
o2_flow_r6.25_33 stage 1 [0.739, 0.992, 0.747, 0.992]
o2_flow_r6.25_33 stage 2 [0.997, 0.76, 0.758, 1.0]
o2_flow_r6.25_33 stage 3 [1.0, 0.771, 0.997, 1.0]
o2_flow_r12.5_33 stage 0 [0.528, 0.999, 0.516, 0.748]
o2_flow_r12.5_33 stage 1 [0.731, 0.993, 0.745, 0.992]
o2_flow_r12.5_33 stage 2 [0.997, 0.772, 0.758, 1.0]
o2_flow_r12.5_33 stage 3 [0.999, 0.996, 0.996, 1.0]
o2_flow_r25_33 stage 0 [0.528, 0.999, 0.516, 0.748]
o2_flow_r25_33 stage 1 [0.704, 0.994, 0.732, 0.992]
o2_flow_r25_33 stage 2 [0.997, 0.923, 0.757, 0.999]
o2_flow_r25_33 stage 3 [0.999, 0.975, 0.996, 1.0]
o2_gru_r0_33 stage 0 [0.515, 0.982, 0.503, 0.701]
o2_gru_r0_33 stage 1 [0.748, 0.726, 0.747, 0.986]
o2_gru_r0_33 stage 2 [0.981, 0.501, 0.743, 0.738]
o2_gru_r0_33 stage 3 [0.744, 0.501, 0.967, 0.74]
o2_gru_r6.25_33 stage 0 [0.515, 0.982, 0.503, 0.701]
o2_gru_r6.25_33 stage 1 [0.743, 0.96, 0.743, 0.965]
o2_gru_r6.25_33 stage 2 [0.979, 0.961, 0.745, 0.947]
o2_gru_r6.25_33 stage 3 [0.973, 0.968, 0.984, 0.931]
o2_gru_r12.5_33 stage 0 [0.515, 0.982, 0.503, 0.701]
o2_gru_r12.5_33 stage 1 [0.696, 0.957, 0.713, 0.979]
o2_gru_r12.5_33 stage 2 [0.971, 0.956, 0.744, 0.941]
o2_gru_r12.5_33 stage 3 [0.976, 0.973, 0.984, 0.968]
o2_gru_r25_33 stage 0 [0.515, 0.982, 0.503, 0.701]
o2_gru_r25_33 stage 1 [0.744, 0.943, 0.743, 0.979]
o2_gru_r25_33 stage 2 [0.973, 0.954, 0.748, 0.92]
o2_gru_r25_33 stage 3 [0.97, 0.969, 0.982, 0.938]
o2_rnn_r0_33 stage 0 [0.528, 0.764, 0.713, 0.542]
o2_rnn_r0_33 stage 1 [0.265, 0.131, 0.245, 0.279]
o2_rnn_r0_33 stage 2 [0.458, 0.054, 0.231, 0.24]
o2_rnn_r0_33 stage 3 [0.446, 0.431, 0.641, 0.454]
o2_rnn_r6.25_33 stage 0 [0.528, 0.764, 0.713, 0.542]
o2_rnn_r6.25_33 stage 1 [0.482, 0.754, 0.588, 0.567]
o2_rnn_r6.25_33 stage 2 [0.427, 0.438, 0.28, 0.243]
o2_rnn_r6.25_33 stage 3 [0.526, 0.763, 0.668, 0.482]
o2_rnn_r12.5_33 stage 0 [0.528, 0.764, 0.713, 0.542]
o2_rnn_r12.5_33 stage 1 [0.434, 0.545, 0.516, 0.33]
o2_rnn_r12.5_33 stage 2 [0.249, 0.251, 0.15, 0.128]
o2_rnn_r12.5_33 stage 3 [0.253, 0.0, 0.357, 0.126]
o2_rnn_r25_33 stage 0 [0.528, 0.764, 0.713, 0.542]
o2_rnn_r25_33 stage 1 [0.324, 0.466, 0.344, 0.413]
o2_rnn_r25_33 stage 2 [0.274, 0.608, 0.257, 0.139]
o2_rnn_r25_33 stage 3 [0.27, 0.746, 0.542, 0.362]
o2_flow_r0_44 stage 0 [0.479, 0.998, 0.502, 0.768]
o2_flow_r0_44 stage 1 [0.755, 0.73, 0.755, 0.998]
o2_flow_r0_44 stage 2 [0.999, 0.494, 0.759, 0.765]
o2_flow_r0_44 stage 3 [0.756, 0.494, 1.0, 0.763]
o2_flow_r6.25_44 stage 0 [0.479, 0.998, 0.502, 0.768]
o2_flow_r6.25_44 stage 1 [0.755, 0.994, 0.755, 0.998]
o2_flow_r6.25_44 stage 2 [1.0, 0.76, 0.758, 0.982]
o2_flow_r6.25_44 stage 3 [0.998, 0.987, 0.999, 0.986]
o2_flow_r12.5_44 stage 0 [0.479, 0.998, 0.502, 0.768]
o2_flow_r12.5_44 stage 1 [0.755, 0.995, 0.755, 0.997]
o2_flow_r12.5_44 stage 2 [1.0, 0.763, 0.758, 0.982]
o2_flow_r12.5_44 stage 3 [0.998, 0.989, 0.999, 0.993]
o2_flow_r25_44 stage 0 [0.479, 0.998, 0.502, 0.768]
o2_flow_r25_44 stage 1 [0.754, 0.997, 0.755, 0.997]
o2_flow_r25_44 stage 2 [0.997, 0.959, 0.758, 0.982]
o2_flow_r25_44 stage 3 [0.998, 0.994, 0.999, 0.993]
o2_gru_r0_44 stage 0 [0.472, 0.98, 0.518, 0.742]
o2_gru_r0_44 stage 1 [0.739, 0.701, 0.745, 0.99]
o2_gru_r0_44 stage 2 [0.964, 0.466, 0.731, 0.747]
o2_gru_r0_44 stage 3 [0.745, 0.477, 0.988, 0.754]
o2_gru_r6.25_44 stage 0 [0.472, 0.98, 0.518, 0.742]
o2_gru_r6.25_44 stage 1 [0.729, 0.949, 0.733, 0.989]
o2_gru_r6.25_44 stage 2 [0.979, 0.958, 0.737, 0.982]
o2_gru_r6.25_44 stage 3 [0.803, 0.915, 0.988, 0.947]
o2_gru_r12.5_44 stage 0 [0.472, 0.98, 0.518, 0.742]
o2_gru_r12.5_44 stage 1 [0.723, 0.953, 0.729, 0.987]
o2_gru_r12.5_44 stage 2 [0.98, 0.942, 0.731, 0.935]
o2_gru_r12.5_44 stage 3 [0.698, 0.897, 0.989, 0.934]
o2_gru_r25_44 stage 0 [0.472, 0.98, 0.518, 0.742]
o2_gru_r25_44 stage 1 [0.725, 0.944, 0.733, 0.992]
o2_gru_r25_44 stage 2 [0.976, 0.94, 0.728, 0.959]
o2_gru_r25_44 stage 3 [0.703, 0.925, 0.987, 0.953]
o2_rnn_r0_44 stage 0 [0.465, 0.763, 0.674, 0.59]
o2_rnn_r0_44 stage 1 [0.453, 0.722, 0.526, 0.602]
o2_rnn_r0_44 stage 2 [0.454, 0.76, 0.638, 0.606]
o2_rnn_r0_44 stage 3 [0.315, 0.304, 0.431, 0.456]
o2_rnn_r6.25_44 stage 0 [0.465, 0.763, 0.674, 0.59]
o2_rnn_r6.25_44 stage 1 [0.422, 0.569, 0.39, 0.584]
o2_rnn_r6.25_44 stage 2 [0.24, 0.496, 0.367, 0.375]
o2_rnn_r6.25_44 stage 3 [0.265, 0.239, 0.142, 0.135]
o2_rnn_r12.5_44 stage 0 [0.465, 0.763, 0.674, 0.59]
o2_rnn_r12.5_44 stage 1 [0.533, 0.679, 0.662, 0.732]
o2_rnn_r12.5_44 stage 2 [0.554, 0.497, 0.646, 0.382]
o2_rnn_r12.5_44 stage 3 [0.502, 0.567, 0.778, 0.488]
o2_rnn_r25_44 stage 0 [0.465, 0.763, 0.674, 0.59]
o2_rnn_r25_44 stage 1 [0.464, 0.765, 0.635, 0.514]
o2_rnn_r25_44 stage 2 [0.46, 0.642, 0.656, 0.531]
o2_rnn_r25_44 stage 3 [0.308, 0.51, 0.411, 0.405]
o2_flow_r0_55 stage 0 [0.517, 1.0, 0.485, 0.748]
o2_flow_r0_55 stage 1 [0.767, 0.781, 0.667, 0.997]
o2_flow_r0_55 stage 2 [1.0, 0.493, 0.752, 0.763]
o2_flow_r0_55 stage 3 [0.77, 0.49, 1.0, 0.756]
o2_flow_r6.25_55 stage 0 [0.517, 1.0, 0.485, 0.748]
o2_flow_r6.25_55 stage 1 [0.767, 0.988, 0.592, 0.997]
o2_flow_r6.25_55 stage 2 [0.997, 0.713, 0.603, 1.0]
o2_flow_r6.25_55 stage 3 [0.998, 0.751, 0.999, 1.0]
o2_flow_r12.5_55 stage 0 [0.517, 1.0, 0.485, 0.748]
o2_flow_r12.5_55 stage 1 [0.764, 0.992, 0.572, 0.997]
o2_flow_r12.5_55 stage 2 [0.997, 0.935, 0.507, 1.0]
o2_flow_r12.5_55 stage 3 [0.998, 0.945, 0.999, 1.0]
o2_flow_r25_55 stage 0 [0.517, 1.0, 0.485, 0.748]
o2_flow_r25_55 stage 1 [0.763, 0.992, 0.541, 0.997]
o2_flow_r25_55 stage 2 [0.997, 0.982, 0.517, 1.0]
o2_flow_r25_55 stage 3 [0.998, 0.976, 0.999, 1.0]
o2_gru_r0_55 stage 0 [0.516, 0.99, 0.486, 0.709]
o2_gru_r0_55 stage 1 [0.723, 0.727, 0.738, 0.984]
o2_gru_r0_55 stage 2 [0.979, 0.479, 0.746, 0.744]
o2_gru_r0_55 stage 3 [0.745, 0.486, 0.986, 0.743]
o2_gru_r6.25_55 stage 0 [0.516, 0.99, 0.486, 0.709]
o2_gru_r6.25_55 stage 1 [0.744, 0.926, 0.745, 0.979]
o2_gru_r6.25_55 stage 2 [0.981, 0.81, 0.752, 0.927]
o2_gru_r6.25_55 stage 3 [0.882, 0.844, 0.993, 0.931]
o2_gru_r12.5_55 stage 0 [0.516, 0.99, 0.486, 0.709]
o2_gru_r12.5_55 stage 1 [0.751, 0.927, 0.737, 0.981]
o2_gru_r12.5_55 stage 2 [0.976, 0.872, 0.751, 0.885]
o2_gru_r12.5_55 stage 3 [0.926, 0.912, 0.99, 0.896]
o2_gru_r25_55 stage 0 [0.516, 0.99, 0.486, 0.709]
o2_gru_r25_55 stage 1 [0.745, 0.922, 0.732, 0.975]
o2_gru_r25_55 stage 2 [0.971, 0.927, 0.751, 0.921]
o2_gru_r25_55 stage 3 [0.904, 0.898, 0.986, 0.888]
o2_rnn_r0_55 stage 0 [0.499, 0.916, 0.523, 0.678]
o2_rnn_r0_55 stage 1 [0.717, 0.728, 0.703, 0.917]
o2_rnn_r0_55 stage 2 [0.951, 0.459, 0.713, 0.688]
o2_rnn_r0_55 stage 3 [0.749, 0.483, 0.987, 0.725]
o2_rnn_r6.25_55 stage 0 [0.499, 0.916, 0.523, 0.678]
o2_rnn_r6.25_55 stage 1 [0.73, 0.577, 0.731, 0.961]
o2_rnn_r6.25_55 stage 2 [0.967, 0.517, 0.725, 0.703]
o2_rnn_r6.25_55 stage 3 [0.515, 0.483, 0.915, 0.633]
o2_rnn_r12.5_55 stage 0 [0.499, 0.916, 0.523, 0.678]
o2_rnn_r12.5_55 stage 1 [0.695, 0.696, 0.726, 0.936]
o2_rnn_r12.5_55 stage 2 [0.942, 0.562, 0.721, 0.699]
o2_rnn_r12.5_55 stage 3 [0.721, 0.573, 0.934, 0.719]
o2_rnn_r25_55 stage 0 [0.499, 0.916, 0.523, 0.678]
o2_rnn_r25_55 stage 1 [0.55, 0.812, 0.515, 0.708]
o2_rnn_r25_55 stage 2 [0.894, 0.548, 0.713, 0.652]
o2_rnn_r25_55 stage 3 [0.695, 0.652, 0.792, 0.531]
