truncated ratio=0 seed=11 stage=1 pairs=5
truncated ratio=0 seed=11 stage=2 pairs=20
truncated ratio=0 seed=11 stage=3 pairs=50
truncated ratio=0 seed=22 stage=1 pairs=55
truncated ratio=0 seed=22 stage=2 pairs=70
truncated ratio=0 seed=22 stage=3 pairs=100
truncated ratio=0 seed=33 stage=1 pairs=105
truncated ratio=0 seed=33 stage=2 pairs=120
truncated ratio=0 seed=33 stage=3 pairs=150
truncated ratio=0 seed=44 stage=1 pairs=155
truncated ratio=0 seed=44 stage=2 pairs=170
truncated ratio=0 seed=44 stage=3 pairs=200
truncated ratio=0 seed=55 stage=1 pairs=205
truncated ratio=0 seed=55 stage=2 pairs=220
truncated ratio=0 seed=55 stage=3 pairs=250
truncated ratio=12.5 seed=11 stage=1 pairs=255
truncated ratio=12.5 seed=11 stage=2 pairs=270
truncated ratio=12.5 seed=11 stage=3 pairs=300
truncated ratio=12.5 seed=22 stage=1 pairs=305
truncated ratio=12.5 seed=22 stage=2 pairs=320
truncated ratio=12.5 seed=22 stage=3 pairs=350
truncated ratio=12.5 seed=33 stage=1 pairs=355
truncated ratio=12.5 seed=33 stage=2 pairs=370
truncated ratio=12.5 seed=33 stage=3 pairs=400
truncated ratio=12.5 seed=44 stage=1 pairs=405
truncated ratio=12.5 seed=44 stage=2 pairs=420
truncated ratio=12.5 seed=44 stage=3 pairs=450
truncated ratio=12.5 seed=55 stage=1 pairs=455
truncated ratio=12.5 seed=55 stage=2 pairs=470
truncated ratio=12.5 seed=55 stage=3 pairs=500
full ratio=0 seed=11 stage=1 pairs=505
full ratio=0 seed=11 stage=2 pairs=520
full ratio=0 seed=11 stage=3 pairs=550
full ratio=0 seed=22 stage=1 pairs=555
full ratio=0 seed=22 stage=2 pairs=570
full ratio=0 seed=22 stage=3 pairs=600
full ratio=0 seed=33 stage=1 pairs=605
full ratio=0 seed=33 stage=2 pairs=620
full ratio=0 seed=33 stage=3 pairs=650
full ratio=0 seed=44 stage=1 pairs=655
full ratio=0 seed=44 stage=2 pairs=670
full ratio=0 seed=44 stage=3 pairs=700
full ratio=0 seed=55 stage=1 pairs=705
full ratio=0 seed=55 stage=2 pairs=720
full ratio=0 seed=55 stage=3 pairs=750
full ratio=12.5 seed=11 stage=1 pairs=755
full ratio=12.5 seed=11 stage=2 pairs=770
full ratio=12.5 seed=11 stage=3 pairs=800
full ratio=12.5 seed=22 stage=1 pairs=805
full ratio=12.5 seed=22 stage=2 pairs=820
full ratio=12.5 seed=22 stage=3 pairs=850
full ratio=12.5 seed=33 stage=1 pairs=855
full ratio=12.5 seed=33 stage=2 pairs=870
full ratio=12.5 seed=33 stage=3 pairs=900
full ratio=12.5 seed=44 stage=1 pairs=905
full ratio=12.5 seed=44 stage=2 pairs=920
full ratio=12.5 seed=44 stage=3 pairs=950
full ratio=12.5 seed=55 stage=1 pairs=955
full ratio=12.5 seed=55 stage=2 pairs=970
full ratio=12.5 seed=55 stage=3 pairs=1000
wrote conflict.json records 1000 in 27.3 s
