device cpu epochs 65 orders ['o0'] archs ['flow'] ratios [0.125] buffer_per_task 1
o0_flow_r12.5_m1_11 stage 0 [0.999, 0.524, 0.754, 0.725]
o0_flow_r12.5_m1_11 stage 1 [0.748, 0.995, 0.523, 0.741]
o0_flow_r12.5_m1_11 stage 2 [0.755, 0.76, 0.965, 0.704]
o0_flow_r12.5_m1_11 stage 3 [0.753, 0.797, 0.754, 1.0]
o0_flow_r12.5_m1_22 stage 0 [0.998, 0.515, 0.733, 0.742]
o0_flow_r12.5_m1_22 stage 1 [0.5, 0.987, 0.508, 0.756]
o0_flow_r12.5_m1_22 stage 2 [0.735, 0.533, 0.998, 0.745]
o0_flow_r12.5_m1_22 stage 3 [0.735, 0.76, 0.734, 1.0]
o0_flow_r12.5_m1_33 stage 0 [0.991, 0.529, 0.754, 0.767]
o0_flow_r12.5_m1_33 stage 1 [0.645, 0.765, 0.493, 0.501]
o0_flow_r12.5_m1_33 stage 2 [0.78, 0.526, 0.994, 0.746]
o0_flow_r12.5_m1_33 stage 3 [0.632, 0.747, 0.776, 0.998]
o0_flow_r12.5_m1_44 stage 0 [0.999, 0.495, 0.754, 0.761]
o0_flow_r12.5_m1_44 stage 1 [0.739, 0.991, 0.521, 0.776]
o0_flow_r12.5_m1_44 stage 2 [0.759, 0.631, 0.989, 0.764]
o0_flow_r12.5_m1_44 stage 3 [0.756, 0.73, 0.758, 1.0]
o0_flow_r12.5_m1_55 stage 0 [0.999, 0.493, 0.751, 0.756]
o0_flow_r12.5_m1_55 stage 1 [0.744, 0.995, 0.488, 0.751]
o0_flow_r12.5_m1_55 stage 2 [0.77, 0.492, 0.999, 0.753]
o0_flow_r12.5_m1_55 stage 3 [0.77, 0.494, 0.752, 1.0]
