device cpu epochs 65 orders ['o0'] archs ['flow'] ratios [0.125] buffer_per_task 16
o0_flow_r12.5_m16_11 stage 0 [0.999, 0.524, 0.754, 0.725]
o0_flow_r12.5_m16_11 stage 1 [0.854, 0.991, 0.522, 0.736]
o0_flow_r12.5_m16_11 stage 2 [0.999, 0.837, 1.0, 0.738]
o0_flow_r12.5_m16_11 stage 3 [0.989, 0.994, 0.936, 1.0]
o0_flow_r12.5_m16_22 stage 0 [0.998, 0.515, 0.733, 0.742]
o0_flow_r12.5_m16_22 stage 1 [0.853, 0.981, 0.516, 0.766]
o0_flow_r12.5_m16_22 stage 2 [0.996, 0.536, 0.997, 0.743]
o0_flow_r12.5_m16_22 stage 3 [0.991, 0.993, 0.983, 1.0]
o0_flow_r12.5_m16_33 stage 0 [0.991, 0.529, 0.754, 0.767]
o0_flow_r12.5_m16_33 stage 1 [0.85, 0.858, 0.526, 0.627]
o0_flow_r12.5_m16_33 stage 2 [0.976, 0.739, 0.995, 0.751]
o0_flow_r12.5_m16_33 stage 3 [0.826, 0.986, 0.981, 0.995]
o0_flow_r12.5_m16_44 stage 0 [0.999, 0.495, 0.754, 0.761]
o0_flow_r12.5_m16_44 stage 1 [0.743, 0.991, 0.518, 0.775]
o0_flow_r12.5_m16_44 stage 2 [0.784, 0.986, 0.995, 0.753]
o0_flow_r12.5_m16_44 stage 3 [0.756, 0.991, 0.898, 0.999]
o0_flow_r12.5_m16_55 stage 0 [0.999, 0.493, 0.751, 0.756]
o0_flow_r12.5_m16_55 stage 1 [0.981, 0.996, 0.489, 0.741]
o0_flow_r12.5_m16_55 stage 2 [1.0, 0.924, 0.999, 0.752]
o0_flow_r12.5_m16_55 stage 3 [1.0, 0.99, 0.997, 0.997]
