device cpu epochs 65 orders ['o0'] archs ['flow'] ratios [0.125] buffer_per_task 2
o0_flow_r12.5_m2_11 stage 0 [0.999, 0.524, 0.754, 0.725]
o0_flow_r12.5_m2_11 stage 1 [0.748, 0.995, 0.524, 0.74]
o0_flow_r12.5_m2_11 stage 2 [0.754, 0.761, 0.999, 0.723]
o0_flow_r12.5_m2_11 stage 3 [0.754, 0.766, 0.903, 1.0]
o0_flow_r12.5_m2_22 stage 0 [0.998, 0.515, 0.733, 0.742]
o0_flow_r12.5_m2_22 stage 1 [0.626, 0.984, 0.515, 0.759]
o0_flow_r12.5_m2_22 stage 2 [0.736, 0.517, 0.998, 0.743]
o0_flow_r12.5_m2_22 stage 3 [0.736, 0.76, 0.734, 1.0]
o0_flow_r12.5_m2_33 stage 0 [0.991, 0.529, 0.754, 0.767]
o0_flow_r12.5_m2_33 stage 1 [0.732, 0.773, 0.511, 0.503]
o0_flow_r12.5_m2_33 stage 2 [0.907, 0.638, 0.991, 0.74]
o0_flow_r12.5_m2_33 stage 3 [0.59, 0.852, 0.762, 0.998]
o0_flow_r12.5_m2_44 stage 0 [0.999, 0.495, 0.754, 0.761]
o0_flow_r12.5_m2_44 stage 1 [0.738, 0.991, 0.519, 0.775]
o0_flow_r12.5_m2_44 stage 2 [0.756, 0.505, 0.993, 0.764]
o0_flow_r12.5_m2_44 stage 3 [0.756, 0.728, 0.758, 1.0]
o0_flow_r12.5_m2_55 stage 0 [0.999, 0.493, 0.751, 0.756]
o0_flow_r12.5_m2_55 stage 1 [0.947, 0.995, 0.488, 0.742]
o0_flow_r12.5_m2_55 stage 2 [1.0, 0.494, 0.999, 0.753]
o0_flow_r12.5_m2_55 stage 3 [0.995, 0.616, 0.752, 1.0]
