device cpu epochs 65 orders ['o0'] archs ['flow'] ratios [0.125] buffer_per_task 32
o0_flow_r12.5_m32_11 stage 0 [0.999, 0.524, 0.754, 0.725]
o0_flow_r12.5_m32_11 stage 1 [0.941, 0.989, 0.517, 0.74]
o0_flow_r12.5_m32_11 stage 2 [1.0, 0.784, 0.999, 0.733]
o0_flow_r12.5_m32_11 stage 3 [0.989, 0.985, 0.946, 1.0]
o0_flow_r12.5_m32_22 stage 0 [0.998, 0.515, 0.733, 0.742]
o0_flow_r12.5_m32_22 stage 1 [0.938, 0.983, 0.514, 0.763]
o0_flow_r12.5_m32_22 stage 2 [0.998, 0.791, 0.997, 0.739]
o0_flow_r12.5_m32_22 stage 3 [0.998, 0.994, 0.998, 1.0]
o0_flow_r12.5_m32_33 stage 0 [0.991, 0.529, 0.754, 0.767]
o0_flow_r12.5_m32_33 stage 1 [0.93, 0.879, 0.558, 0.681]
o0_flow_r12.5_m32_33 stage 2 [0.996, 0.763, 0.998, 0.754]
o0_flow_r12.5_m32_33 stage 3 [0.981, 0.989, 0.985, 0.996]
o0_flow_r12.5_m32_44 stage 0 [0.999, 0.495, 0.754, 0.761]
o0_flow_r12.5_m32_44 stage 1 [0.972, 0.991, 0.521, 0.775]
o0_flow_r12.5_m32_44 stage 2 [0.756, 0.965, 0.999, 0.748]
o0_flow_r12.5_m32_44 stage 3 [1.0, 0.991, 0.991, 0.999]
o0_flow_r12.5_m32_55 stage 0 [0.999, 0.493, 0.751, 0.756]
o0_flow_r12.5_m32_55 stage 1 [0.979, 0.996, 0.489, 0.74]
o0_flow_r12.5_m32_55 stage 2 [1.0, 0.932, 0.999, 0.752]
o0_flow_r12.5_m32_55 stage 3 [1.0, 0.991, 0.997, 0.997]
