device cpu epochs 65 orders ['o0'] archs ['flow'] ratios [0.125] buffer_per_task 4
o0_flow_r12.5_m4_11 stage 0 [0.999, 0.524, 0.754, 0.725]
o0_flow_r12.5_m4_11 stage 1 [0.746, 0.993, 0.526, 0.738]
o0_flow_r12.5_m4_11 stage 2 [0.752, 0.81, 0.998, 0.731]
o0_flow_r12.5_m4_11 stage 3 [0.754, 0.99, 0.869, 1.0]
o0_flow_r12.5_m4_22 stage 0 [0.998, 0.515, 0.733, 0.742]
o0_flow_r12.5_m4_22 stage 1 [0.72, 0.983, 0.515, 0.759]
o0_flow_r12.5_m4_22 stage 2 [0.997, 0.519, 0.998, 0.743]
o0_flow_r12.5_m4_22 stage 3 [0.988, 0.76, 0.734, 1.0]
o0_flow_r12.5_m4_33 stage 0 [0.991, 0.529, 0.754, 0.767]
o0_flow_r12.5_m4_33 stage 1 [0.76, 0.771, 0.516, 0.51]
o0_flow_r12.5_m4_33 stage 2 [0.856, 0.646, 0.991, 0.74]
o0_flow_r12.5_m4_33 stage 3 [0.695, 0.841, 0.762, 0.998]
o0_flow_r12.5_m4_44 stage 0 [0.999, 0.495, 0.754, 0.761]
o0_flow_r12.5_m4_44 stage 1 [0.739, 0.991, 0.52, 0.775]
o0_flow_r12.5_m4_44 stage 2 [0.756, 0.766, 0.999, 0.752]
o0_flow_r12.5_m4_44 stage 3 [0.756, 0.922, 0.76, 0.999]
o0_flow_r12.5_m4_55 stage 0 [0.999, 0.493, 0.751, 0.756]
o0_flow_r12.5_m4_55 stage 1 [0.968, 0.996, 0.489, 0.723]
o0_flow_r12.5_m4_55 stage 2 [1.0, 0.579, 0.999, 0.752]
o0_flow_r12.5_m4_55 stage 3 [1.0, 0.88, 0.997, 0.997]
