device cpu epochs 65 orders ['o0'] archs ['flow'] ratios [0.125] buffer_per_task 8
o0_flow_r12.5_m8_11 stage 0 [0.999, 0.524, 0.754, 0.725]
o0_flow_r12.5_m8_11 stage 1 [0.872, 0.988, 0.519, 0.738]
o0_flow_r12.5_m8_11 stage 2 [0.999, 0.76, 0.999, 0.726]
o0_flow_r12.5_m8_11 stage 3 [0.998, 0.994, 0.939, 1.0]
o0_flow_r12.5_m8_22 stage 0 [0.998, 0.515, 0.733, 0.742]
o0_flow_r12.5_m8_22 stage 1 [0.839, 0.981, 0.517, 0.766]
o0_flow_r12.5_m8_22 stage 2 [0.996, 0.574, 0.997, 0.742]
o0_flow_r12.5_m8_22 stage 3 [0.991, 0.936, 0.734, 1.0]
o0_flow_r12.5_m8_33 stage 0 [0.991, 0.529, 0.754, 0.767]
o0_flow_r12.5_m8_33 stage 1 [0.722, 0.769, 0.507, 0.507]
o0_flow_r12.5_m8_33 stage 2 [0.951, 0.694, 0.991, 0.743]
o0_flow_r12.5_m8_33 stage 3 [0.71, 0.839, 0.96, 0.992]
o0_flow_r12.5_m8_44 stage 0 [0.999, 0.495, 0.754, 0.761]
o0_flow_r12.5_m8_44 stage 1 [0.742, 0.991, 0.52, 0.775]
o0_flow_r12.5_m8_44 stage 2 [0.866, 0.989, 0.974, 0.754]
o0_flow_r12.5_m8_44 stage 3 [0.756, 0.992, 0.98, 0.999]
o0_flow_r12.5_m8_55 stage 0 [0.999, 0.493, 0.751, 0.756]
o0_flow_r12.5_m8_55 stage 1 [0.966, 0.996, 0.488, 0.729]
o0_flow_r12.5_m8_55 stage 2 [1.0, 0.849, 0.999, 0.753]
o0_flow_r12.5_m8_55 stage 3 [1.0, 0.912, 0.994, 0.997]
