rebase T=80 jobs=60 epochs=500 out=/mnt/d/betterNN/flow_mvp_v26/results/rebase_80
rebase_single_T80_t0_11: test@500=0.9580078125 191s
rebase_single_T80_t0_44: test@500=0.9775390625 195s
rebase_single_T80_t0_33: test@500=0.9404296875 197s
rebase_single_T80_t0_22: test@500=0.9970703125 199s
rebase_single_T80_t0_55: test@500=0.99609375 204s
rebase_single_T80_t1_11: test@500=0.953125 202s
rebase_single_T80_t1_33: test@500=0.99609375 206s
rebase_single_T80_t1_22: test@500=0.7587890625 209s
rebase_single_T80_t1_55: test@500=0.9697265625 202s
rebase_single_T80_t1_44: test@500=0.9931640625 205s
rebase_single_T80_t2_22: test@500=0.7841796875 203s
rebase_single_T80_t2_11: test@500=0.994140625 204s
rebase_single_T80_t2_44: test@500=0.9931640625 200s
rebase_single_T80_t2_33: test@500=0.98046875 202s
rebase_single_T80_t2_55: test@500=0.94140625 201s
rebase_single_T80_t3_11: test@500=0.9990234375 200s
rebase_single_T80_t3_33: test@500=0.9853515625 209s
rebase_single_T80_t3_22: test@500=0.94140625 215s
rebase_single_T80_t3_44: test@500=0.9951171875 220s
rebase_single_T80_t3_55: test@500=0.978515625 220s
rebase_burst5_T80_t0_11: test@500=0.98046875 261s
rebase_burst5_T80_t0_22: test@500=0.9794921875 262s
rebase_burst5_T80_t0_44: test@500=0.9853515625 258s
rebase_burst5_T80_t0_33: test@500=0.9775390625 260s
rebase_burst5_T80_t0_55: test@500=0.9931640625 272s
rebase_burst5_T80_t1_11: test@500=0.982421875 271s
rebase_burst5_T80_t1_22: test@500=0.994140625 274s
rebase_burst5_T80_t1_33: test@500=0.998046875 278s
rebase_burst5_T80_t1_44: test@500=0.9970703125 269s
rebase_burst5_T80_t1_55: test@500=0.9951171875 270s
rebase_burst5_T80_t2_11: test@500=0.998046875 268s
rebase_burst5_T80_t2_22: test@500=0.7451171875 267s
rebase_burst5_T80_t2_33: test@500=0.994140625 266s
rebase_burst5_T80_t2_44: test@500=0.9677734375 268s
rebase_burst5_T80_t3_11: test@500=0.9931640625 261s
rebase_burst5_T80_t2_55: test@500=0.9951171875 266s
rebase_burst5_T80_t3_22: test@500=0.98046875 249s
rebase_burst5_T80_t3_33: test@500=0.9921875 249s
rebase_burst5_T80_t3_44: test@500=0.97265625 247s
rebase_burst5_T80_t3_55: test@500=0.990234375 250s
rebase_decay-slow_T80_t0_11: test@500=0.986328125 250s
rebase_decay-slow_T80_t0_22: test@500=0.9853515625 248s
rebase_decay-slow_T80_t0_33: test@500=0.9541015625 244s
rebase_decay-slow_T80_t0_44: test@500=0.98828125 246s
rebase_decay-slow_T80_t0_55: test@500=0.9765625 231s
rebase_decay-slow_T80_t1_11: test@500=0.9833984375 231s
rebase_decay-slow_T80_t1_22: test@500=0.9814453125 229s
rebase_decay-slow_T80_t1_33: test@500=0.994140625 228s
rebase_decay-slow_T80_t1_44: test@500=0.99609375 235s
rebase_decay-slow_T80_t2_11: test@500=0.998046875 238s
rebase_decay-slow_T80_t1_55: test@500=0.9951171875 241s
rebase_decay-slow_T80_t2_22: test@500=0.7333984375 239s
rebase_decay-slow_T80_t2_33: test@500=0.994140625 244s
rebase_decay-slow_T80_t2_55: test@500=0.99609375 238s
rebase_decay-slow_T80_t2_44: test@500=0.9921875 242s
rebase_decay-slow_T80_t3_11: test@500=1.0 236s
rebase_decay-slow_T80_t3_22: test@500=0.9521484375 244s
rebase_decay-slow_T80_t3_33: test@500=0.9931640625 241s
rebase_decay-slow_T80_t3_44: test@500=0.9560546875 240s
rebase_decay-slow_T80_t3_55: test@500=0.984375 244s
all 60 jobs in 3542 s
