rebase T=160 jobs=60 epochs=500 out=/mnt/d/betterNN/flow_mvp_v26/results/rebase_160
rebase_single_T160_t0_22: test@500=0.681640625 394s
rebase_single_T160_t0_33: test@500=0.9013671875 394s
rebase_single_T160_t0_11: test@500=0.98046875 396s
rebase_single_T160_t0_44: test@500=0.9951171875 379s
rebase_single_T160_t0_55: test@500=0.97265625 386s
rebase_single_T160_t1_11: test@500=0.998046875 385s
rebase_single_T160_t1_22: test@500=0.7431640625 447s
rebase_single_T160_t1_33: test@500=0.73828125 451s
rebase_single_T160_t1_44: test@500=0.9931640625 460s
rebase_single_T160_t1_55: test@500=0.787109375 507s
rebase_single_T160_t2_11: test@500=0.7548828125 504s
rebase_single_T160_t2_22: test@500=0.7626953125 504s
rebase_single_T160_t2_33: test@500=0.9052734375 493s
rebase_single_T160_t2_44: test@500=0.8095703125 498s
rebase_single_T160_t2_55: test@500=0.7763671875 494s
rebase_single_T160_t3_11: test@500=0.8212890625 451s
rebase_single_T160_t3_22: test@500=0.765625 454s
rebase_single_T160_t3_33: test@500=0.755859375 451s
rebase_single_T160_t3_44: test@500=0.8125 444s
rebase_single_T160_t3_55: test@500=0.984375 442s
rebase_burst5_T160_t0_11: test@500=0.994140625 452s
rebase_burst5_T160_t0_22: test@500=0.9853515625 446s
rebase_burst5_T160_t0_33: test@500=0.990234375 452s
rebase_burst5_T160_t0_44: test@500=0.9853515625 449s
rebase_burst5_T160_t0_55: test@500=0.9814453125 441s
rebase_burst5_T160_t1_11: test@500=0.9853515625 434s
rebase_burst5_T160_t1_22: test@500=0.9912109375 432s
rebase_burst5_T160_t1_33: test@500=0.990234375 408s
rebase_burst5_T160_t1_44: test@500=0.9951171875 408s
rebase_burst5_T160_t1_55: test@500=0.998046875 417s
rebase_burst5_T160_t2_11: test@500=0.9970703125 421s
rebase_burst5_T160_t2_22: test@500=0.9921875 424s
rebase_burst5_T160_t2_33: test@500=0.9931640625 426s
rebase_burst5_T160_t2_44: test@500=0.9765625 409s
rebase_burst5_T160_t2_55: test@500=0.9931640625 402s
rebase_burst5_T160_t3_11: test@500=0.998046875 402s
rebase_burst5_T160_t3_22: test@500=0.9873046875 419s
rebase_burst5_T160_t3_33: test@500=0.9853515625 421s
rebase_burst5_T160_t3_44: test@500=0.9931640625 419s
rebase_burst5_T160_t3_55: test@500=0.9462890625 502s
rebase_decay-slow_T160_t2_33: test@500=0.9931640625 504s
rebase_decay-slow_T160_t2_44: test@500=0.9833984375 504s
rebase_decay-slow_T160_t3_11: test@500=0.9931640625 466s
rebase_decay-slow_T160_t3_22: test@500=0.998046875 461s
rebase_decay-slow_T160_t3_33: test@500=0.966796875 460s
rebase_decay-slow_T160_t3_44: test@500=0.9921875 324s
rebase_decay-slow_T160_t3_55: test@500=0.97265625 322s
all 60 jobs in 6958 s
