jobs 30 out /mnt/d/betterNN/flow_mvp_v23/results/control
sustained_xor_T80_K5_11: acc=0.862 (y0 0.862/y1 1.000) 671s
sustained_xor_T80_K5_33: acc=0.904 (y0 0.904/y1 1.000) 671s
sustained_xor_T80_K5_22: acc=0.999 (y0 0.999/y1 1.000) 672s
sustained_xor_T80_K5_44: acc=0.874 (y0 0.874/y1 1.000) 507s
sustained_xor_T80_K5_55: acc=0.938 (y0 0.938/y1 1.000) 510s
sustained_xor_T80_K20_11: acc=1.000 (y0 1.000/y1 1.000) 539s
sustained_xor_T80_K20_22: acc=0.999 (y0 0.999/y1 1.000) 361s
sustained_xor_T80_K20_33: acc=1.000 (y0 1.000/y1 1.000) 361s
sustained_xor_T80_K20_44: acc=0.998 (y0 0.998/y1 1.000) 354s
sustained_xor_T80_Kfull_11: acc=1.000 (y0 1.000/y1 1.000) 279s
sustained_xor_T80_Kfull_22: acc=1.000 (y0 1.000/y1 1.000) 278s
sustained_xor_T80_K20_55: acc=0.999 (y0 0.999/y1 1.000) 372s
sustained_xor_T80_Kfull_33: acc=1.000 (y0 1.000/y1 1.000) 255s
sustained_xor_T80_Kfull_44: acc=1.000 (y0 1.000/y1 1.000) 260s
sustained_xor_T80_Kfull_55: acc=1.000 (y0 1.000/y1 1.000) 252s
sustained_xorsw_T80_K5_11: acc=1.000 (y0 1.000/y1 1.000) 310s
sustained_xorsw_T80_K5_22: acc=1.000 (y0 1.000/y1 1.000) 311s
sustained_xorsw_T80_K5_33: acc=0.886 (y0 0.886/y1 1.000) 310s
sustained_xorsw_T80_K5_44: acc=0.809 (y0 0.809/y1 1.000) 308s
sustained_xorsw_T80_K5_55: acc=1.000 (y0 1.000/y1 1.000) 314s
sustained_xorsw_T80_K20_11: acc=1.000 (y0 1.000/y1 1.000) 336s
sustained_xorsw_T80_K20_22: acc=0.865 (y0 0.865/y1 1.000) 343s
sustained_xorsw_T80_K20_33: acc=1.000 (y0 1.000/y1 1.000) 337s
sustained_xorsw_T80_K20_44: acc=1.000 (y0 1.000/y1 1.000) 340s
sustained_xorsw_T80_Kfull_11: acc=1.000 (y0 1.000/y1 1.000) 245s
sustained_xorsw_T80_K20_55: acc=1.000 (y0 1.000/y1 1.000) 341s
sustained_xorsw_T80_Kfull_22: acc=1.000 (y0 1.000/y1 1.000) 248s
sustained_xorsw_T80_Kfull_33: acc=1.000 (y0 1.000/y1 1.000) 240s
sustained_xorsw_T80_Kfull_44: acc=1.000 (y0 1.000/y1 1.000) 235s
sustained_xorsw_T80_Kfull_55: acc=1.000 (y0 1.000/y1 1.000) 233s
all 30 jobs in 3628.6 s
