jobs 110 out /mnt/d/betterNN/flow_mvp_v23/results/main
transient_xor_T20_K5_33: acc=0.779 (y0 0.779/y1 1.000) 151s
transient_xor_T20_K5_22: acc=0.724 (y0 0.724/y1 1.000) 153s
transient_xor_T20_K5_55: acc=0.740 (y0 0.740/y1 1.000) 154s
transient_xor_T20_K5_44: acc=0.755 (y0 0.755/y1 1.000) 156s
transient_xor_T20_K5_11: acc=0.750 (y0 0.750/y1 1.000) 157s
transient_xor_T20_K10_11: acc=0.999 (y0 1.000/y1 0.999) 170s
transient_xor_T20_Kfull_11: acc=0.996 (y0 0.996/y1 1.000) 107s
transient_xor_T20_Kfull_22: acc=0.780 (y0 0.780/y1 1.000) 109s
transient_xor_T20_K10_33: acc=0.998 (y0 0.998/y1 1.000) 164s
transient_xor_T20_K10_22: acc=0.997 (y0 0.997/y1 1.000) 167s
transient_xor_T20_K10_44: acc=1.000 (y0 1.000/y1 1.000) 166s
transient_xor_T20_K10_55: acc=1.000 (y0 1.000/y1 1.000) 166s
transient_xor_T20_Kfull_33: acc=0.999 (y0 0.999/y1 1.000) 113s
transient_xor_T20_Kfull_44: acc=1.000 (y0 1.000/y1 1.000) 114s
transient_xor_T20_Kfull_55: acc=0.999 (y0 0.999/y1 1.000) 117s
transient_xor_T40_K5_11: acc=1.000 (y0 1.000/y1 1.000) 307s
transient_xor_T40_K5_22: acc=1.000 (y0 1.000/y1 1.000) 309s
transient_xor_T40_K5_33: acc=1.000 (y0 1.000/y1 1.000) 308s
transient_xor_T40_K5_44: acc=1.000 (y0 1.000/y1 1.000) 310s
transient_xor_T40_K5_55: acc=1.000 (y0 1.000/y1 1.000) 315s
transient_xor_T40_K10_11: acc=0.805 (y0 0.805/y1 1.000) 319s
transient_xor_T40_K10_22: acc=0.753 (y0 0.753/y1 0.999) 327s
transient_xor_T40_K10_44: acc=1.000 (y0 1.000/y1 1.000) 330s
transient_xor_T40_K10_33: acc=0.734 (y0 0.734/y1 1.000) 333s
transient_xor_T40_K10_55: acc=1.000 (y0 1.000/y1 1.000) 320s
transient_xor_T40_K20_11: acc=0.999 (y0 0.999/y1 1.000) 352s
transient_xor_T40_K20_22: acc=0.999 (y0 1.000/y1 0.999) 345s
transient_xor_T40_Kfull_11: acc=1.000 (y0 1.000/y1 1.000) 222s
transient_xor_T40_Kfull_22: acc=0.798 (y0 0.798/y1 1.000) 218s
transient_xor_T40_K20_33: acc=1.000 (y0 1.000/y1 1.000) 328s
transient_xor_T40_K20_44: acc=1.000 (y0 1.000/y1 1.000) 329s
transient_xor_T40_K20_55: acc=1.000 (y0 1.000/y1 1.000) 334s
transient_xor_T40_Kfull_33: acc=0.816 (y0 0.816/y1 1.000) 221s
transient_xor_T40_Kfull_44: acc=1.000 (y0 1.000/y1 1.000) 222s
transient_xor_T40_Kfull_55: acc=0.946 (y0 0.946/y1 1.000) 228s
transient_xor_T80_K5_11: acc=0.479 (y0 0.479/y1 1.000) 560s
transient_xor_T80_K5_22: acc=1.000 (y0 1.000/y1 1.000) 564s
transient_xor_T80_K5_33: acc=0.877 (y0 0.877/y1 1.000) 566s
transient_xor_T80_K5_44: acc=1.000 (y0 1.000/y1 1.000) 546s
transient_xor_T80_K5_55: acc=0.527 (y0 0.820/y1 0.652) 550s
transient_xor_T80_K10_11: acc=0.812 (y0 0.812/y1 1.000) 581s
transient_xor_T80_K10_22: acc=0.933 (y0 0.933/y1 1.000) 579s
transient_xor_T80_K10_33: acc=1.000 (y0 1.000/y1 1.000) 583s
transient_xor_T80_K10_55: acc=1.000 (y0 1.000/y1 1.000) 576s
transient_xor_T80_K10_44: acc=1.000 (y0 1.000/y1 1.000) 586s
transient_xor_T80_K20_11: acc=1.000 (y0 1.000/y1 1.000) 604s
transient_xor_T80_K20_22: acc=0.729 (y0 0.729/y1 1.000) 607s
transient_xor_T80_Kfull_11: acc=0.998 (y0 0.998/y1 1.000) 444s
transient_xor_T80_K20_33: acc=1.000 (y0 1.000/y1 1.000) 599s
transient_xor_T80_K20_55: acc=1.000 (y0 1.000/y1 1.000) 587s
transient_xor_T80_K20_44: acc=1.000 (y0 1.000/y1 1.000) 597s
transient_xor_T80_Kfull_22: acc=0.997 (y0 0.997/y1 1.000) 437s
transient_xor_T80_Kfull_33: acc=0.816 (y0 0.816/y1 1.000) 443s
transient_xorsw_T20_K5_11: acc=1.000 (y0 1.000/y1 1.000) 151s
transient_xorsw_T20_K5_22: acc=1.000 (y0 1.000/y1 1.000) 153s
transient_xorsw_T20_K5_33: acc=1.000 (y0 1.000/y1 1.000) 153s
transient_xorsw_T20_K5_44: acc=1.000 (y0 1.000/y1 1.000) 156s
transient_xorsw_T20_K5_55: acc=1.000 (y0 1.000/y1 1.000) 150s
transient_xor_T80_Kfull_44: acc=1.000 (y0 1.000/y1 1.000) 451s
transient_xorsw_T20_K10_11: acc=1.000 (y0 1.000/y1 1.000) 167s
transient_xorsw_T20_K10_22: acc=0.999 (y0 0.999/y1 1.000) 164s
transient_xorsw_T20_K10_33: acc=1.000 (y0 1.000/y1 1.000) 164s
transient_xorsw_T20_Kfull_11: acc=1.000 (y0 1.000/y1 1.000) 108s
transient_xor_T80_Kfull_55: acc=0.749 (y0 0.749/y1 1.000) 446s
transient_xorsw_T20_Kfull_22: acc=0.998 (y0 0.998/y1 1.000) 110s
transient_xorsw_T20_K10_44: acc=1.000 (y0 1.000/y1 1.000) 162s
transient_xorsw_T20_K10_55: acc=1.000 (y0 1.000/y1 1.000) 163s
transient_xorsw_T20_Kfull_33: acc=1.000 (y0 1.000/y1 1.000) 122s
transient_xorsw_T20_Kfull_44: acc=1.000 (y0 1.000/y1 1.000) 121s
transient_xorsw_T20_Kfull_55: acc=1.000 (y0 1.000/y1 1.000) 125s
transient_xorsw_T40_K5_11: acc=1.000 (y0 1.000/y1 1.000) 303s
transient_xorsw_T40_K5_22: acc=0.999 (y0 1.000/y1 0.999) 295s
transient_xorsw_T40_K5_33: acc=1.000 (y0 1.000/y1 1.000) 299s
transient_xorsw_T40_K5_44: acc=1.000 (y0 1.000/y1 1.000) 292s
transient_xorsw_T40_K5_55: acc=1.000 (y0 1.000/y1 1.000) 292s
transient_xorsw_T40_K10_11: acc=1.000 (y0 1.000/y1 1.000) 307s
transient_xorsw_T40_K10_22: acc=1.000 (y0 1.000/y1 1.000) 298s
transient_xorsw_T40_K10_33: acc=1.000 (y0 1.000/y1 1.000) 297s
transient_xorsw_T40_K10_44: acc=0.994 (y0 0.994/y1 1.000) 297s
transient_xorsw_T40_K10_55: acc=1.000 (y0 1.000/y1 1.000) 295s
transient_xorsw_T40_K20_11: acc=1.000 (y0 1.000/y1 1.000) 326s
transient_xorsw_T40_K20_22: acc=0.997 (y0 0.997/y1 1.000) 324s
transient_xorsw_T40_Kfull_11: acc=0.999 (y0 0.999/y1 1.000) 214s
transient_xorsw_T40_K20_33: acc=1.000 (y0 1.000/y1 1.000) 325s
transient_xorsw_T40_K20_44: acc=1.000 (y0 1.000/y1 1.000) 322s
transient_xorsw_T40_Kfull_22: acc=0.999 (y0 0.999/y1 1.000) 217s
transient_xorsw_T40_K20_55: acc=1.000 (y0 1.000/y1 1.000) 324s
transient_xorsw_T40_Kfull_33: acc=1.000 (y0 1.000/y1 1.000) 215s
transient_xorsw_T40_Kfull_44: acc=1.000 (y0 1.000/y1 1.000) 212s
transient_xorsw_T40_Kfull_55: acc=1.000 (y0 1.000/y1 1.000) 212s
transient_xorsw_T80_K5_11: acc=0.998 (y0 0.998/y1 1.000) 540s
transient_xorsw_T80_K5_22: acc=0.997 (y0 0.997/y1 0.999) 548s
transient_xorsw_T80_K5_33: acc=0.571 (y0 0.909/y1 0.660) 541s
transient_xorsw_T80_K5_44: acc=1.000 (y0 1.000/y1 1.000) 546s
transient_xorsw_T80_K5_55: acc=1.000 (y0 1.000/y1 1.000) 547s
transient_xorsw_T80_K10_11: acc=1.000 (y0 1.000/y1 1.000) 553s
transient_xorsw_T80_K10_22: acc=0.996 (y0 0.997/y1 0.999) 549s
transient_xorsw_T80_K10_44: acc=1.000 (y0 1.000/y1 1.000) 550s
transient_xorsw_T80_K10_33: acc=0.750 (y0 0.750/y1 1.000) 555s
transient_xorsw_T80_K10_55: acc=0.704 (y0 0.857/y1 0.841) 563s
transient_xorsw_T80_K20_11: acc=1.000 (y0 1.000/y1 1.000) 563s
transient_xorsw_T80_K20_22: acc=0.999 (y0 0.999/y1 1.000) 549s
transient_xorsw_T80_Kfull_11: acc=0.999 (y0 0.999/y1 1.000) 369s
transient_xorsw_T80_K20_33: acc=1.000 (y0 1.000/y1 1.000) 512s
transient_xorsw_T80_K20_44: acc=1.000 (y0 1.000/y1 1.000) 498s
transient_xorsw_T80_K20_55: acc=1.000 (y0 1.000/y1 1.000) 513s
transient_xorsw_T80_Kfull_22: acc=0.999 (y0 0.999/y1 1.000) 350s
transient_xorsw_T80_Kfull_33: acc=1.000 (y0 1.000/y1 1.000) 353s
transient_xorsw_T80_Kfull_44: acc=1.000 (y0 1.000/y1 1.000) 270s
transient_xorsw_T80_Kfull_55: acc=1.000 (y0 1.000/y1 1.000) 232s
all 110 jobs in 6238.7 s
