device cpu models ['flowv2'] ratios [0, 0.125] orders ['o0', 'o1', 'o2']
o0_flowv2_r0_22 stage 0 [0.998, 0.515, 0.733, 0.742] len40 0.748
o0_flowv2_r0_22 stage 1 [0.5, 0.988, 0.502, 0.75] len40 0.688
o0_flowv2_r0_22 stage 2 [0.733, 0.516, 0.998, 0.74] len40 0.748
o0_flowv2_r0_22 stage 3 [0.736, 0.759, 0.734, 1.0] len40 0.808
o0_flowv2_r12.5_22 stage 0 [0.998, 0.515, 0.733, 0.742] len40 0.748
o0_flowv2_r12.5_22 stage 1 [0.941, 0.995, 0.512, 0.758] len40 0.812
o0_flowv2_r12.5_22 stage 2 [0.999, 0.905, 0.997, 0.73] len40 0.883
o0_flowv2_r12.5_22 stage 3 [0.999, 0.999, 0.999, 1.0] len40 1.0
o0_flowv2_r0_33 stage 0 [0.991, 0.527, 0.754, 0.765] len40 0.762
o0_flowv2_r0_33 stage 1 [0.696, 0.764, 0.497, 0.499] len40 0.54
o0_flowv2_r0_33 stage 2 [0.771, 0.526, 0.997, 0.754] len40 0.758
o0_flowv2_r0_33 stage 3 [0.768, 0.749, 0.763, 0.999] len40 0.819
o0_flowv2_r12.5_33 stage 0 [0.991, 0.527, 0.754, 0.765] len40 0.762
o0_flowv2_r12.5_33 stage 1 [0.932, 0.838, 0.57, 0.681] len40 0.895
o0_flowv2_r12.5_33 stage 2 [0.99, 0.773, 0.997, 0.754] len40 0.85
o0_flowv2_r12.5_33 stage 3 [0.957, 0.99, 0.99, 0.997] len40 0.996
o0_flowv2_r0_44 stage 0 [0.998, 0.495, 0.753, 0.761] len40 0.754
o0_flowv2_r0_44 stage 1 [0.494, 0.991, 0.514, 0.775] len40 0.687
o0_flowv2_r0_44 stage 2 [0.755, 0.493, 0.997, 0.76] len40 0.753
o0_flowv2_r0_44 stage 3 [0.756, 0.729, 0.757, 1.0] len40 0.811
o0_flowv2_r12.5_44 stage 0 [0.998, 0.495, 0.753, 0.761] len40 0.754
o0_flowv2_r12.5_44 stage 1 [0.963, 0.991, 0.521, 0.777] len40 0.817
o0_flowv2_r12.5_44 stage 2 [0.756, 0.956, 1.0, 0.759] len40 0.88
o0_flowv2_r12.5_44 stage 3 [1.0, 0.987, 0.994, 0.999] len40 1.0
o0_flowv2_r0_55 stage 0 [0.999, 0.493, 0.751, 0.756] len40 0.75
o0_flowv2_r0_55 stage 1 [0.523, 0.992, 0.487, 0.748] len40 0.688
o0_flowv2_r0_55 stage 2 [0.77, 0.492, 0.999, 0.753] len40 0.754
o0_flowv2_r0_55 stage 3 [0.77, 0.774, 0.752, 1.0] len40 0.824
o0_flowv2_r12.5_55 stage 0 [0.999, 0.493, 0.751, 0.756] len40 0.75
o0_flowv2_r12.5_55 stage 1 [0.971, 0.992, 0.488, 0.746] len40 0.809
o0_flowv2_r12.5_55 stage 2 [1.0, 0.948, 0.999, 0.753] len40 0.903
o0_flowv2_r12.5_55 stage 3 [1.0, 0.99, 0.997, 0.997] len40 0.995
o1_flowv2_r0_11 stage 0 [0.756, 0.763, 0.753, 1.0] len40 0.819
o1_flowv2_r0_11 stage 1 [0.757, 0.525, 0.998, 0.725] len40 0.748
o1_flowv2_r0_11 stage 2 [0.517, 0.999, 0.512, 0.689] len40 0.694
o1_flowv2_r0_11 stage 3 [0.998, 0.536, 0.754, 0.725] len40 0.75
o1_flowv2_r12.5_11 stage 0 [0.756, 0.763, 0.753, 1.0] len40 0.819
o1_flowv2_r12.5_11 stage 1 [0.771, 0.528, 0.998, 0.983] len40 0.889
o1_flowv2_r12.5_11 stage 2 [0.519, 0.999, 0.988, 1.0] len40 0.879
o1_flowv2_r12.5_11 stage 3 [0.998, 0.966, 1.0, 1.0] len40 1.0
o1_flowv2_r0_22 stage 0 [0.735, 0.756, 0.734, 1.0] len40 0.807
o1_flowv2_r0_22 stage 1 [0.729, 0.519, 0.993, 0.734] len40 0.747
o1_flowv2_r0_22 stage 2 [0.499, 0.999, 0.502, 0.751] len40 0.688
o1_flowv2_r0_22 stage 3 [0.999, 0.519, 0.734, 0.743] len40 0.748
o1_flowv2_r12.5_22 stage 0 [0.735, 0.756, 0.734, 1.0] len40 0.807
o1_flowv2_r12.5_22 stage 1 [0.735, 0.523, 0.996, 0.991] len40 0.812
o1_flowv2_r12.5_22 stage 2 [0.584, 0.998, 0.979, 1.0] len40 0.931
o1_flowv2_r12.5_22 stage 3 [0.998, 0.998, 1.0, 1.0] len40 1.0
o1_flowv2_r0_33 stage 0 [0.761, 0.754, 0.748, 0.995] len40 0.818
o1_flowv2_r0_33 stage 1 [0.766, 0.524, 0.996, 0.751] len40 0.759
o1_flowv2_r0_33 stage 2 [0.53, 0.999, 0.516, 0.751] len40 0.726
o1_flowv2_r0_33 stage 3 [0.999, 0.527, 0.761, 0.753] len40 0.758
o1_flowv2_r12.5_33 stage 0 [0.761, 0.754, 0.748, 0.995] len40 0.818
o1_flowv2_r12.5_33 stage 1 [0.767, 0.531, 0.997, 0.96] len40 0.817
o1_flowv2_r12.5_33 stage 2 [0.53, 0.998, 0.741, 0.981] len40 0.795
o1_flowv2_r12.5_33 stage 3 [0.999, 0.998, 1.0, 1.0] len40 1.0
o1_flowv2_r0_44 stage 0 [0.753, 0.729, 0.754, 0.999] len40 0.81
o1_flowv2_r0_44 stage 1 [0.754, 0.495, 0.999, 0.762] len40 0.753
o1_flowv2_r0_44 stage 2 [0.48, 0.997, 0.502, 0.768] len40 0.687
o1_flowv2_r0_44 stage 3 [0.996, 0.506, 0.758, 0.767] len40 0.754
o1_flowv2_r12.5_44 stage 0 [0.753, 0.729, 0.754, 0.999] len40 0.81
o1_flowv2_r12.5_44 stage 1 [0.754, 0.507, 0.999, 0.984] len40 0.812
o1_flowv2_r12.5_44 stage 2 [0.483, 0.996, 0.784, 0.996] len40 0.795
o1_flowv2_r12.5_44 stage 3 [0.997, 0.99, 0.994, 0.995] len40 0.923
o1_flowv2_r0_55 stage 0 [0.77, 0.774, 0.751, 0.998] len40 0.824
o1_flowv2_r0_55 stage 1 [0.767, 0.494, 0.993, 0.753] len40 0.751
o1_flowv2_r0_55 stage 2 [0.519, 1.0, 0.484, 0.748] len40 0.688
o1_flowv2_r0_55 stage 3 [1.0, 0.521, 0.751, 0.756] len40 0.75
o1_flowv2_r12.5_55 stage 0 [0.77, 0.774, 0.751, 0.998] len40 0.824
o1_flowv2_r12.5_55 stage 1 [0.769, 0.517, 0.993, 0.976] len40 0.819
o1_flowv2_r12.5_55 stage 2 [0.526, 1.0, 0.972, 0.997] len40 0.879
o1_flowv2_r12.5_55 stage 3 [1.0, 1.0, 1.0, 0.998] len40 1.0
o2_flowv2_r0_11 stage 0 [0.517, 0.99, 0.525, 0.728] len40 0.694
o2_flowv2_r0_11 stage 1 [0.758, 0.764, 0.753, 1.0] len40 0.819
o2_flowv2_r0_11 stage 2 [0.999, 0.525, 0.754, 0.731] len40 0.75
o2_flowv2_r0_11 stage 3 [0.76, 0.523, 1.0, 0.725] len40 0.752
o2_flowv2_r12.5_11 stage 0 [0.517, 0.99, 0.525, 0.728] len40 0.694
o2_flowv2_r12.5_11 stage 1 [0.75, 0.95, 0.738, 0.999] len40 0.836
o2_flowv2_r12.5_11 stage 2 [0.997, 0.757, 0.754, 1.0] len40 0.879
o2_flowv2_r12.5_11 stage 3 [0.999, 0.995, 1.0, 1.0] len40 1.0
o2_flowv2_r0_22 stage 0 [0.498, 0.998, 0.502, 0.75] len40 0.688
o2_flowv2_r0_22 stage 1 [0.729, 0.762, 0.73, 1.0] len40 0.808
o2_flowv2_r0_22 stage 2 [0.998, 0.514, 0.735, 0.743] len40 0.748
o2_flowv2_r0_22 stage 3 [0.735, 0.514, 1.0, 0.743] len40 0.748
o2_flowv2_r12.5_22 stage 0 [0.498, 0.998, 0.502, 0.75] len40 0.688
o2_flowv2_r12.5_22 stage 1 [0.683, 0.998, 0.727, 1.0] len40 0.867
o2_flowv2_r12.5_22 stage 2 [0.998, 0.986, 0.73, 0.999] len40 0.872
o2_flowv2_r12.5_22 stage 3 [1.0, 0.999, 0.998, 1.0] len40 1.0
o2_flowv2_r0_33 stage 0 [0.528, 0.999, 0.516, 0.748] len40 0.698
o2_flowv2_r0_33 stage 1 [0.759, 0.758, 0.75, 0.994] len40 0.819
o2_flowv2_r0_33 stage 2 [1.0, 0.521, 0.759, 0.752] len40 0.758
o2_flowv2_r0_33 stage 3 [0.768, 0.521, 0.998, 0.75] len40 0.76
o2_flowv2_r12.5_33 stage 0 [0.528, 0.999, 0.516, 0.748] len40 0.698
o2_flowv2_r12.5_33 stage 1 [0.733, 0.995, 0.745, 0.992] len40 0.882
o2_flowv2_r12.5_33 stage 2 [0.997, 0.779, 0.758, 1.0] len40 0.874
o2_flowv2_r12.5_33 stage 3 [0.999, 0.995, 0.996, 0.999] len40 0.989
o2_flowv2_r0_44 stage 0 [0.479, 0.998, 0.502, 0.768] len40 0.687
o2_flowv2_r0_44 stage 1 [0.755, 0.73, 0.755, 0.998] len40 0.811
o2_flowv2_r0_44 stage 2 [0.999, 0.494, 0.759, 0.765] len40 0.754
o2_flowv2_r0_44 stage 3 [0.756, 0.494, 1.0, 0.763] len40 0.753
o2_flowv2_r12.5_44 stage 0 [0.479, 0.998, 0.502, 0.768] len40 0.687
o2_flowv2_r12.5_44 stage 1 [0.754, 0.995, 0.755, 0.997] len40 0.878
o2_flowv2_r12.5_44 stage 2 [1.0, 0.762, 0.758, 0.985] len40 0.88
o2_flowv2_r12.5_44 stage 3 [0.998, 0.989, 0.999, 0.993] len40 1.0
o2_flowv2_r0_55 stage 0 [0.517, 1.0, 0.485, 0.748] len40 0.688
o2_flowv2_r0_55 stage 1 [0.767, 0.778, 0.69, 0.997] len40 0.824
o2_flowv2_r0_55 stage 2 [1.0, 0.493, 0.753, 0.763] len40 0.75
o2_flowv2_r0_55 stage 3 [0.77, 0.49, 1.0, 0.756] len40 0.754
o2_flowv2_r12.5_55 stage 0 [0.517, 1.0, 0.485, 0.748] len40 0.688
o2_flowv2_r12.5_55 stage 1 [0.767, 0.992, 0.551, 0.997] len40 0.858
o2_flowv2_r12.5_55 stage 2 [0.997, 0.939, 0.541, 1.0] len40 0.885
o2_flowv2_r12.5_55 stage 3 [0.998, 0.97, 0.999, 1.0] len40 0.986
