device cpu models ['iter'] ratios [0, 0.125] orders ['o0', 'o1', 'o2']
o0_iter_r0_11 stage 0 [0.998, 0.526, 0.755, 0.725] len40 0.673
o0_iter_r0_11 stage 1 [0.721, 0.771, 0.479, 0.473] len40 0.297
o0_iter_r0_11 stage 2 [0.758, 0.586, 0.997, 0.718] len40 0.617
o0_iter_r0_11 stage 3 [0.757, 0.762, 0.753, 0.997] len40 0.603
o0_iter_r12.5_11 stage 0 [0.998, 0.526, 0.755, 0.725] len40 0.673
o0_iter_r12.5_11 stage 1 [0.923, 0.757, 0.495, 0.479] len40 0.632
o0_iter_r12.5_11 stage 2 [0.891, 0.73, 0.995, 0.72] len40 0.729
o0_iter_r12.5_11 stage 3 [0.902, 0.853, 0.926, 0.996] len40 0.748
o0_iter_r0_22 stage 0 [0.983, 0.517, 0.73, 0.735] len40 0.64
o0_iter_r0_22 stage 1 [0.628, 0.88, 0.623, 0.889] len40 0.646
o0_iter_r0_22 stage 2 [0.732, 0.515, 0.998, 0.742] len40 0.671
o0_iter_r0_22 stage 3 [0.731, 0.662, 0.716, 0.993] len40 0.669
o0_iter_r12.5_22 stage 0 [0.983, 0.517, 0.73, 0.735] len40 0.64
o0_iter_r12.5_22 stage 1 [0.921, 0.753, 0.716, 0.946] len40 0.779
o0_iter_r12.5_22 stage 2 [0.974, 0.702, 0.983, 0.74] len40 0.672
o0_iter_r12.5_22 stage 3 [0.938, 0.753, 0.921, 0.998] len40 0.627
o0_iter_r0_33 stage 0 [0.979, 0.535, 0.756, 0.767] len40 0.605
o0_iter_r0_33 stage 1 [0.616, 0.857, 0.509, 0.594] len40 0.549
o0_iter_r0_33 stage 2 [0.762, 0.528, 0.994, 0.745] len40 0.404
o0_iter_r0_33 stage 3 [0.76, 0.755, 0.762, 0.994] len40 0.675
o0_iter_r12.5_33 stage 0 [0.979, 0.535, 0.756, 0.767] len40 0.605
o0_iter_r12.5_33 stage 1 [0.872, 0.763, 0.526, 0.521] len40 0.6
o0_iter_r12.5_33 stage 2 [0.941, 0.761, 0.981, 0.729] len40 0.721
o0_iter_r12.5_33 stage 3 [0.895, 0.936, 0.96, 0.997] len40 0.775
o0_iter_r0_44 stage 0 [0.994, 0.495, 0.755, 0.762] len40 0.661
o0_iter_r0_44 stage 1 [0.693, 0.799, 0.698, 0.94] len40 0.318
o0_iter_r0_44 stage 2 [0.731, 0.504, 0.98, 0.749] len40 0.656
o0_iter_r0_44 stage 3 [0.752, 0.711, 0.753, 0.991] len40 0.733
o0_iter_r12.5_44 stage 0 [0.994, 0.495, 0.755, 0.762] len40 0.661
o0_iter_r12.5_44 stage 1 [0.819, 0.745, 0.739, 0.976] len40 0.663
o0_iter_r12.5_44 stage 2 [0.891, 0.674, 0.985, 0.769] len40 0.671
o0_iter_r12.5_44 stage 3 [0.86, 0.729, 0.904, 0.999] len40 0.739
o0_iter_r0_55 stage 0 [0.994, 0.495, 0.748, 0.751] len40 0.649
o0_iter_r0_55 stage 1 [0.608, 0.793, 0.463, 0.57] len40 0.301
o0_iter_r0_55 stage 2 [0.76, 0.492, 0.994, 0.748] len40 0.597
o0_iter_r0_55 stage 3 [0.767, 0.771, 0.751, 0.998] len40 0.686
o0_iter_r12.5_55 stage 0 [0.994, 0.495, 0.748, 0.751] len40 0.649
o0_iter_r12.5_55 stage 1 [0.788, 0.777, 0.534, 0.659] len40 0.341
o0_iter_r12.5_55 stage 2 [0.919, 0.533, 0.971, 0.751] len40 0.521
o0_iter_r12.5_55 stage 3 [0.95, 0.768, 0.94, 0.991] len40 0.749
o1_iter_r0_11 stage 0 [0.755, 0.763, 0.752, 1.0] len40 0.813
o1_iter_r0_11 stage 1 [0.744, 0.539, 0.978, 0.72] len40 0.656
o1_iter_r0_11 stage 2 [0.541, 0.992, 0.525, 0.668] len40 0.652
o1_iter_r0_11 stage 3 [0.755, 0.7, 0.509, 0.472] len40 0.619
o1_iter_r12.5_11 stage 0 [0.755, 0.763, 0.752, 1.0] len40 0.813
o1_iter_r12.5_11 stage 1 [0.738, 0.587, 0.977, 0.961] len40 0.757
o1_iter_r12.5_11 stage 2 [0.543, 0.993, 0.785, 0.998] len40 0.788
o1_iter_r12.5_11 stage 3 [0.935, 0.799, 0.981, 0.988] len40 0.833
o1_iter_r0_22 stage 0 [0.735, 0.755, 0.734, 1.0] len40 0.728
o1_iter_r0_22 stage 1 [0.724, 0.524, 0.987, 0.722] len40 0.692
o1_iter_r0_22 stage 2 [0.499, 0.994, 0.507, 0.755] len40 0.657
o1_iter_r0_22 stage 3 [0.979, 0.562, 0.713, 0.747] len40 0.741
o1_iter_r12.5_22 stage 0 [0.735, 0.755, 0.734, 1.0] len40 0.728
o1_iter_r12.5_22 stage 1 [0.725, 0.521, 0.989, 0.975] len40 0.743
o1_iter_r12.5_22 stage 2 [0.522, 0.99, 0.769, 0.988] len40 0.72
o1_iter_r12.5_22 stage 3 [0.986, 0.976, 0.996, 0.991] len40 0.704
o1_iter_r0_33 stage 0 [0.76, 0.754, 0.747, 0.993] len40 0.73
o1_iter_r0_33 stage 1 [0.761, 0.527, 0.99, 0.749] len40 0.708
o1_iter_r0_33 stage 2 [0.529, 0.998, 0.517, 0.747] len40 0.666
o1_iter_r0_33 stage 3 [0.985, 0.548, 0.751, 0.757] len40 0.544
o1_iter_r12.5_33 stage 0 [0.76, 0.754, 0.747, 0.993] len40 0.73
o1_iter_r12.5_33 stage 1 [0.76, 0.528, 0.987, 0.966] len40 0.757
o1_iter_r12.5_33 stage 2 [0.536, 0.997, 0.691, 0.938] len40 0.683
o1_iter_r12.5_33 stage 3 [0.987, 0.922, 0.957, 0.989] len40 0.808
o1_iter_r0_44 stage 0 [0.754, 0.729, 0.756, 1.0] len40 0.661
o1_iter_r0_44 stage 1 [0.739, 0.505, 0.985, 0.76] len40 0.688
o1_iter_r0_44 stage 2 [0.481, 0.998, 0.502, 0.768] len40 0.597
o1_iter_r0_44 stage 3 [0.984, 0.509, 0.738, 0.774] len40 0.724
o1_iter_r12.5_44 stage 0 [0.754, 0.729, 0.756, 1.0] len40 0.661
o1_iter_r12.5_44 stage 1 [0.741, 0.505, 0.987, 0.973] len40 0.731
o1_iter_r12.5_44 stage 2 [0.51, 0.993, 0.701, 0.984] len40 0.713
o1_iter_r12.5_44 stage 3 [0.954, 0.965, 0.988, 0.99] len40 0.687
o1_iter_r0_55 stage 0 [0.767, 0.776, 0.75, 0.995] len40 0.817
o1_iter_r0_55 stage 1 [0.757, 0.493, 0.981, 0.75] len40 0.689
o1_iter_r0_55 stage 2 [0.52, 0.999, 0.486, 0.742] len40 0.65
o1_iter_r0_55 stage 3 [0.766, 0.675, 0.488, 0.526] len40 0.624
o1_iter_r12.5_55 stage 0 [0.767, 0.776, 0.75, 0.995] len40 0.817
o1_iter_r12.5_55 stage 1 [0.757, 0.504, 0.981, 0.963] len40 0.766
o1_iter_r12.5_55 stage 2 [0.521, 0.995, 0.711, 0.907] len40 0.699
o1_iter_r12.5_55 stage 3 [0.789, 0.937, 0.739, 0.916] len40 0.677
o2_iter_r0_11 stage 0 [0.517, 0.99, 0.523, 0.724] len40 0.694
o2_iter_r0_11 stage 1 [0.755, 0.77, 0.753, 0.997] len40 0.734
o2_iter_r0_11 stage 2 [0.993, 0.524, 0.754, 0.752] len40 0.716
o2_iter_r0_11 stage 3 [0.752, 0.521, 0.998, 0.721] len40 0.718
o2_iter_r12.5_11 stage 0 [0.517, 0.99, 0.523, 0.724] len40 0.694
o2_iter_r12.5_11 stage 1 [0.737, 0.894, 0.734, 0.997] len40 0.696
o2_iter_r12.5_11 stage 2 [0.953, 0.708, 0.746, 0.994] len40 0.767
o2_iter_r12.5_11 stage 3 [0.956, 0.751, 0.992, 0.931] len40 0.78
o2_iter_r0_22 stage 0 [0.498, 0.998, 0.502, 0.75] len40 0.686
o2_iter_r0_22 stage 1 [0.722, 0.766, 0.729, 0.999] len40 0.726
o2_iter_r0_22 stage 2 [0.564, 0.616, 0.582, 0.869] len40 0.645
o2_iter_r0_22 stage 3 [0.649, 0.504, 0.967, 0.708] len40 0.538
o2_iter_r12.5_22 stage 0 [0.498, 0.998, 0.502, 0.75] len40 0.686
o2_iter_r12.5_22 stage 1 [0.626, 0.981, 0.709, 0.997] len40 0.702
o2_iter_r12.5_22 stage 2 [0.8, 0.879, 0.661, 0.984] len40 0.735
o2_iter_r12.5_22 stage 3 [0.92, 0.971, 0.982, 0.997] len40 0.694
o2_iter_r0_33 stage 0 [0.529, 0.998, 0.517, 0.747] len40 0.676
o2_iter_r0_33 stage 1 [0.757, 0.757, 0.741, 0.99] len40 0.749
o2_iter_r0_33 stage 2 [0.979, 0.51, 0.737, 0.724] len40 0.627
o2_iter_r0_33 stage 3 [0.743, 0.523, 0.993, 0.742] len40 0.666
o2_iter_r12.5_33 stage 0 [0.529, 0.998, 0.517, 0.747] len40 0.676
o2_iter_r12.5_33 stage 1 [0.728, 0.985, 0.742, 0.981] len40 0.787
o2_iter_r12.5_33 stage 2 [0.935, 0.747, 0.744, 0.953] len40 0.677
o2_iter_r12.5_33 stage 3 [0.933, 0.873, 0.984, 0.97] len40 0.698
o2_iter_r0_44 stage 0 [0.479, 0.998, 0.502, 0.768] len40 0.663
o2_iter_r0_44 stage 1 [0.729, 0.69, 0.751, 0.999] len40 0.52
o2_iter_r0_44 stage 2 [0.982, 0.479, 0.736, 0.745] len40 0.693
o2_iter_r0_44 stage 3 [0.702, 0.521, 0.999, 0.747] len40 0.684
o2_iter_r12.5_44 stage 0 [0.479, 0.998, 0.502, 0.768] len40 0.663
o2_iter_r12.5_44 stage 1 [0.746, 0.985, 0.752, 0.997] len40 0.776
o2_iter_r12.5_44 stage 2 [0.845, 0.824, 0.716, 0.986] len40 0.523
o2_iter_r12.5_44 stage 3 [0.811, 0.737, 0.995, 0.96] len40 0.739
o2_iter_r0_55 stage 0 [0.517, 1.0, 0.485, 0.748] len40 0.658
o2_iter_r0_55 stage 1 [0.765, 0.779, 0.695, 0.992] len40 0.784
o2_iter_r0_55 stage 2 [0.956, 0.523, 0.712, 0.755] len40 0.698
o2_iter_r0_55 stage 3 [0.775, 0.492, 0.994, 0.759] len40 0.678
o2_iter_r12.5_55 stage 0 [0.517, 1.0, 0.485, 0.748] len40 0.658
o2_iter_r12.5_55 stage 1 [0.763, 0.973, 0.661, 0.991] len40 0.773
o2_iter_r12.5_55 stage 2 [0.921, 0.71, 0.66, 0.936] len40 0.781
o2_iter_r12.5_55 stage 3 [0.938, 0.938, 0.985, 0.969] len40 0.804
