device cpu models ['linear'] ratios [0, 0.125] orders ['o0', 'o1', 'o2']
o0_linear_r0_11 stage 0 [0.999, 0.526, 0.755, 0.725] len40 0.689
o0_linear_r0_11 stage 1 [0.656, 0.897, 0.533, 0.579] len40 0.451
o0_linear_r0_11 stage 2 [0.768, 0.555, 0.996, 0.722] len40 0.736
o0_linear_r0_11 stage 3 [0.756, 0.762, 0.752, 0.999] len40 0.732
o0_linear_r12.5_11 stage 0 [0.999, 0.526, 0.755, 0.725] len40 0.689
o0_linear_r12.5_11 stage 1 [0.816, 0.852, 0.524, 0.578] len40 0.45
o0_linear_r12.5_11 stage 2 [0.863, 0.749, 0.997, 0.72] len40 0.744
o0_linear_r12.5_11 stage 3 [0.872, 0.927, 0.957, 0.998] len40 0.739
o0_linear_r0_22 stage 0 [0.989, 0.517, 0.729, 0.739] len40 0.662
o0_linear_r0_22 stage 1 [0.643, 0.841, 0.647, 0.916] len40 0.408
o0_linear_r0_22 stage 2 [0.732, 0.514, 0.998, 0.739] len40 0.715
o0_linear_r0_22 stage 3 [0.734, 0.667, 0.729, 0.993] len40 0.733
o0_linear_r12.5_22 stage 0 [0.989, 0.517, 0.729, 0.739] len40 0.662
o0_linear_r12.5_22 stage 1 [0.818, 0.807, 0.669, 0.935] len40 0.374
o0_linear_r12.5_22 stage 2 [0.982, 0.627, 0.995, 0.76] len40 0.652
o0_linear_r12.5_22 stage 3 [0.934, 0.761, 0.944, 0.999] len40 0.601
o0_linear_r0_33 stage 0 [0.979, 0.535, 0.756, 0.765] len40 0.631
o0_linear_r0_33 stage 1 [0.6, 0.915, 0.518, 0.663] len40 0.574
o0_linear_r0_33 stage 2 [0.753, 0.529, 0.963, 0.737] len40 0.635
o0_linear_r0_33 stage 3 [0.763, 0.75, 0.759, 0.993] len40 0.714
o0_linear_r12.5_33 stage 0 [0.979, 0.535, 0.756, 0.765] len40 0.631
o0_linear_r12.5_33 stage 1 [0.888, 0.76, 0.54, 0.523] len40 0.61
o0_linear_r12.5_33 stage 2 [0.936, 0.755, 0.982, 0.724] len40 0.658
o0_linear_r12.5_33 stage 3 [0.901, 0.954, 0.908, 0.996] len40 0.748
o0_linear_r0_44 stage 0 [0.993, 0.494, 0.754, 0.762] len40 0.675
o0_linear_r0_44 stage 1 [0.638, 0.843, 0.666, 0.897] len40 0.603
o0_linear_r0_44 stage 2 [0.772, 0.495, 0.997, 0.761] len40 0.71
o0_linear_r0_44 stage 3 [0.754, 0.729, 0.759, 0.998] len40 0.762
o0_linear_r12.5_44 stage 0 [0.993, 0.494, 0.754, 0.762] len40 0.675
o0_linear_r12.5_44 stage 1 [0.852, 0.739, 0.74, 0.981] len40 0.762
o0_linear_r12.5_44 stage 2 [0.895, 0.58, 0.983, 0.759] len40 0.694
o0_linear_r12.5_44 stage 3 [0.846, 0.731, 0.902, 0.999] len40 0.796
o0_linear_r0_55 stage 0 [0.992, 0.495, 0.747, 0.75] len40 0.638
o0_linear_r0_55 stage 1 [0.688, 0.789, 0.635, 0.84] len40 0.521
o0_linear_r0_55 stage 2 [0.75, 0.453, 0.986, 0.744] len40 0.552
o0_linear_r0_55 stage 3 [0.77, 0.772, 0.753, 0.996] len40 0.821
o0_linear_r12.5_55 stage 0 [0.992, 0.495, 0.747, 0.75] len40 0.638
o0_linear_r12.5_55 stage 1 [0.858, 0.872, 0.585, 0.815] len40 0.295
o0_linear_r12.5_55 stage 2 [0.944, 0.579, 0.961, 0.755] len40 0.715
o0_linear_r12.5_55 stage 3 [0.948, 0.752, 0.966, 0.987] len40 0.762
o1_linear_r0_11 stage 0 [0.755, 0.763, 0.753, 1.0] len40 0.816
o1_linear_r0_11 stage 1 [0.744, 0.538, 0.98, 0.72] len40 0.669
o1_linear_r0_11 stage 2 [0.541, 0.993, 0.519, 0.674] len40 0.652
o1_linear_r0_11 stage 3 [0.762, 0.698, 0.511, 0.479] len40 0.626
o1_linear_r12.5_11 stage 0 [0.755, 0.763, 0.753, 1.0] len40 0.816
o1_linear_r12.5_11 stage 1 [0.739, 0.583, 0.975, 0.961] len40 0.784
o1_linear_r12.5_11 stage 2 [0.561, 0.99, 0.793, 0.998] len40 0.673
o1_linear_r12.5_11 stage 3 [0.959, 0.783, 0.97, 0.996] len40 0.855
o1_linear_r0_22 stage 0 [0.731, 0.751, 0.733, 1.0] len40 0.791
o1_linear_r0_22 stage 1 [0.724, 0.524, 0.987, 0.722] len40 0.726
o1_linear_r0_22 stage 2 [0.5, 0.994, 0.508, 0.755] len40 0.678
o1_linear_r0_22 stage 3 [0.994, 0.525, 0.726, 0.752] len40 0.785
o1_linear_r12.5_22 stage 0 [0.731, 0.751, 0.733, 1.0] len40 0.791
o1_linear_r12.5_22 stage 1 [0.725, 0.521, 0.989, 0.972] len40 0.771
o1_linear_r12.5_22 stage 2 [0.517, 0.988, 0.764, 0.987] len40 0.768
o1_linear_r12.5_22 stage 3 [0.985, 0.966, 0.995, 0.997] len40 0.865
o1_linear_r0_33 stage 0 [0.76, 0.754, 0.747, 0.992] len40 0.693
o1_linear_r0_33 stage 1 [0.761, 0.527, 0.99, 0.749] len40 0.699
o1_linear_r0_33 stage 2 [0.529, 0.998, 0.517, 0.747] len40 0.666
o1_linear_r0_33 stage 3 [0.993, 0.539, 0.755, 0.769] len40 0.592
o1_linear_r12.5_33 stage 0 [0.76, 0.754, 0.747, 0.992] len40 0.693
o1_linear_r12.5_33 stage 1 [0.76, 0.528, 0.988, 0.968] len40 0.762
o1_linear_r12.5_33 stage 2 [0.535, 0.997, 0.717, 0.943] len40 0.724
o1_linear_r12.5_33 stage 3 [0.986, 0.961, 0.962, 0.995] len40 0.852
o1_linear_r0_44 stage 0 [0.755, 0.729, 0.756, 1.0] len40 0.701
o1_linear_r0_44 stage 1 [0.743, 0.502, 0.988, 0.762] len40 0.733
o1_linear_r0_44 stage 2 [0.481, 0.996, 0.503, 0.767] len40 0.685
o1_linear_r0_44 stage 3 [0.999, 0.509, 0.765, 0.778] len40 0.637
o1_linear_r12.5_44 stage 0 [0.755, 0.729, 0.756, 1.0] len40 0.701
o1_linear_r12.5_44 stage 1 [0.742, 0.507, 0.987, 0.97] len40 0.742
o1_linear_r12.5_44 stage 2 [0.501, 0.993, 0.702, 0.984] len40 0.741
o1_linear_r12.5_44 stage 3 [0.971, 0.968, 0.99, 0.997] len40 0.848
o1_linear_r0_55 stage 0 [0.766, 0.776, 0.75, 0.995] len40 0.813
o1_linear_r0_55 stage 1 [0.757, 0.493, 0.985, 0.749] len40 0.681
o1_linear_r0_55 stage 2 [0.519, 0.999, 0.486, 0.742] len40 0.663
o1_linear_r0_55 stage 3 [0.808, 0.662, 0.502, 0.611] len40 0.64
o1_linear_r12.5_55 stage 0 [0.766, 0.776, 0.75, 0.995] len40 0.813
o1_linear_r12.5_55 stage 1 [0.757, 0.501, 0.983, 0.961] len40 0.772
o1_linear_r12.5_55 stage 2 [0.524, 0.996, 0.719, 0.957] len40 0.667
o1_linear_r12.5_55 stage 3 [0.765, 0.949, 0.744, 0.897] len40 0.74
o2_linear_r0_11 stage 0 [0.516, 0.99, 0.523, 0.723] len40 0.694
o2_linear_r0_11 stage 1 [0.755, 0.769, 0.753, 0.997] len40 0.729
o2_linear_r0_11 stage 2 [0.992, 0.529, 0.753, 0.75] len40 0.737
o2_linear_r0_11 stage 3 [0.753, 0.523, 0.999, 0.723] len40 0.716
o2_linear_r12.5_11 stage 0 [0.516, 0.99, 0.523, 0.723] len40 0.694
o2_linear_r12.5_11 stage 1 [0.738, 0.937, 0.734, 0.996] len40 0.721
o2_linear_r12.5_11 stage 2 [0.908, 0.737, 0.733, 0.994] len40 0.795
o2_linear_r12.5_11 stage 3 [0.886, 0.716, 0.978, 0.956] len40 0.774
o2_linear_r0_22 stage 0 [0.498, 0.998, 0.502, 0.75] len40 0.688
o2_linear_r0_22 stage 1 [0.722, 0.766, 0.73, 0.999] len40 0.793
o2_linear_r0_22 stage 2 [0.599, 0.621, 0.606, 0.914] len40 0.672
o2_linear_r0_22 stage 3 [0.706, 0.507, 0.991, 0.737] len40 0.599
o2_linear_r12.5_22 stage 0 [0.498, 0.998, 0.502, 0.75] len40 0.688
o2_linear_r12.5_22 stage 1 [0.611, 0.981, 0.71, 0.997] len40 0.779
o2_linear_r12.5_22 stage 2 [0.758, 0.88, 0.6, 0.99] len40 0.758
o2_linear_r12.5_22 stage 3 [0.896, 0.964, 0.99, 0.993] len40 0.817
o2_linear_r0_33 stage 0 [0.529, 0.998, 0.517, 0.748] len40 0.665
o2_linear_r0_33 stage 1 [0.757, 0.756, 0.742, 0.992] len40 0.677
o2_linear_r0_33 stage 2 [0.942, 0.478, 0.717, 0.731] len40 0.545
o2_linear_r0_33 stage 3 [0.764, 0.525, 0.998, 0.748] len40 0.642
o2_linear_r12.5_33 stage 0 [0.529, 0.998, 0.517, 0.748] len40 0.665
o2_linear_r12.5_33 stage 1 [0.728, 0.986, 0.74, 0.985] len40 0.663
o2_linear_r12.5_33 stage 2 [0.969, 0.717, 0.746, 0.976] len40 0.688
o2_linear_r12.5_33 stage 3 [0.963, 0.7, 0.998, 0.979] len40 0.648
o2_linear_r0_44 stage 0 [0.479, 0.998, 0.502, 0.768] len40 0.687
o2_linear_r0_44 stage 1 [0.732, 0.729, 0.752, 0.999] len40 0.53
o2_linear_r0_44 stage 2 [0.987, 0.486, 0.742, 0.75] len40 0.699
o2_linear_r0_44 stage 3 [0.752, 0.492, 0.997, 0.761] len40 0.72
o2_linear_r12.5_44 stage 0 [0.479, 0.998, 0.502, 0.768] len40 0.687
o2_linear_r12.5_44 stage 1 [0.744, 0.988, 0.752, 0.998] len40 0.577
o2_linear_r12.5_44 stage 2 [0.886, 0.784, 0.721, 0.983] len40 0.61
o2_linear_r12.5_44 stage 3 [0.871, 0.906, 0.988, 0.988] len40 0.701
o2_linear_r0_55 stage 0 [0.517, 1.0, 0.485, 0.748] len40 0.707
o2_linear_r0_55 stage 1 [0.767, 0.778, 0.705, 0.993] len40 0.765
o2_linear_r0_55 stage 2 [0.97, 0.504, 0.726, 0.75] len40 0.693
o2_linear_r0_55 stage 3 [0.782, 0.488, 0.996, 0.756] len40 0.634
o2_linear_r12.5_55 stage 0 [0.517, 1.0, 0.485, 0.748] len40 0.707
o2_linear_r12.5_55 stage 1 [0.765, 0.968, 0.669, 0.991] len40 0.73
o2_linear_r12.5_55 stage 2 [0.928, 0.8, 0.637, 0.938] len40 0.759
o2_linear_r12.5_55 stage 3 [0.951, 0.917, 0.985, 0.972] len40 0.79
