device cpu models ['preroute'] ratios [0, 0.125] orders ['o0', 'o1', 'o2']
o0_preroute_r0_11 stage 0 [0.999, 0.526, 0.755, 0.725] len40 0.746
o0_preroute_r0_11 stage 1 [0.723, 0.746, 0.506, 0.472] len40 0.599
o0_preroute_r0_11 stage 2 [0.76, 0.553, 0.999, 0.722] len40 0.78
o0_preroute_r0_11 stage 3 [0.76, 0.763, 0.753, 0.999] len40 0.658
o0_preroute_r12.5_11 stage 0 [0.999, 0.526, 0.755, 0.725] len40 0.746
o0_preroute_r12.5_11 stage 1 [0.908, 0.746, 0.512, 0.492] len40 0.598
o0_preroute_r12.5_11 stage 2 [0.837, 0.723, 0.998, 0.724] len40 0.819
o0_preroute_r12.5_11 stage 3 [0.791, 0.729, 0.955, 0.992] len40 0.821
o0_preroute_r0_22 stage 0 [0.993, 0.515, 0.729, 0.739] len40 0.745
o0_preroute_r0_22 stage 1 [0.714, 0.766, 0.699, 0.97] len40 0.758
o0_preroute_r0_22 stage 2 [0.734, 0.515, 0.996, 0.74] len40 0.746
o0_preroute_r0_22 stage 3 [0.734, 0.72, 0.719, 0.997] len40 0.804
o0_preroute_r12.5_22 stage 0 [0.993, 0.515, 0.729, 0.739] len40 0.745
o0_preroute_r12.5_22 stage 1 [0.965, 0.764, 0.72, 0.97] len40 0.8
o0_preroute_r12.5_22 stage 2 [0.96, 0.695, 0.962, 0.723] len40 0.848
o0_preroute_r12.5_22 stage 3 [0.936, 0.735, 0.928, 0.987] len40 0.85
o0_preroute_r0_33 stage 0 [0.977, 0.526, 0.751, 0.762] len40 0.693
o0_preroute_r0_33 stage 1 [0.644, 0.763, 0.485, 0.503] len40 0.573
o0_preroute_r0_33 stage 2 [0.743, 0.539, 0.987, 0.738] len40 0.734
o0_preroute_r0_33 stage 3 [0.768, 0.748, 0.76, 0.996] len40 0.818
o0_preroute_r12.5_33 stage 0 [0.977, 0.526, 0.751, 0.762] len40 0.693
o0_preroute_r12.5_33 stage 1 [0.875, 0.758, 0.55, 0.525] len40 0.362
o0_preroute_r12.5_33 stage 2 [0.937, 0.736, 0.981, 0.733] len40 0.819
o0_preroute_r12.5_33 stage 3 [0.95, 0.987, 0.977, 0.997] len40 0.836
o0_preroute_r0_44 stage 0 [0.994, 0.494, 0.755, 0.762] len40 0.749
o0_preroute_r0_44 stage 1 [0.707, 0.781, 0.707, 0.953] len40 0.715
o0_preroute_r0_44 stage 2 [0.754, 0.494, 1.0, 0.761] len40 0.75
o0_preroute_r0_44 stage 3 [0.752, 0.729, 0.752, 0.998] len40 0.81
o0_preroute_r12.5_44 stage 0 [0.994, 0.494, 0.755, 0.762] len40 0.749
o0_preroute_r12.5_44 stage 1 [0.896, 0.742, 0.742, 0.974] len40 0.791
o0_preroute_r12.5_44 stage 2 [0.875, 0.626, 0.985, 0.76] len40 0.734
o0_preroute_r12.5_44 stage 3 [0.971, 0.731, 0.932, 0.999] len40 0.874
o0_preroute_r0_55 stage 0 [0.995, 0.493, 0.748, 0.754] len40 0.748
o0_preroute_r0_55 stage 1 [0.73, 0.777, 0.665, 0.914] len40 0.401
o0_preroute_r0_55 stage 2 [0.763, 0.491, 0.98, 0.745] len40 0.744
o0_preroute_r0_55 stage 3 [0.77, 0.77, 0.753, 0.998] len40 0.824
o0_preroute_r12.5_55 stage 0 [0.995, 0.493, 0.748, 0.754] len40 0.748
o0_preroute_r12.5_55 stage 1 [0.938, 0.774, 0.675, 0.91] len40 0.793
o0_preroute_r12.5_55 stage 2 [0.958, 0.654, 0.967, 0.82] len40 0.781
o0_preroute_r12.5_55 stage 3 [0.965, 0.766, 0.95, 0.989] len40 0.898
o1_preroute_r0_11 stage 0 [0.756, 0.763, 0.753, 1.0] len40 0.819
o1_preroute_r0_11 stage 1 [0.747, 0.537, 0.984, 0.721] len40 0.736
o1_preroute_r0_11 stage 2 [0.545, 0.989, 0.519, 0.668] len40 0.694
o1_preroute_r0_11 stage 3 [0.787, 0.706, 0.537, 0.494] len40 0.627
o1_preroute_r12.5_11 stage 0 [0.756, 0.763, 0.753, 1.0] len40 0.819
o1_preroute_r12.5_11 stage 1 [0.741, 0.581, 0.98, 0.96] len40 0.799
o1_preroute_r12.5_11 stage 2 [0.564, 0.989, 0.785, 0.994] len40 0.816
o1_preroute_r12.5_11 stage 3 [0.975, 0.803, 0.996, 0.989] len40 0.99
o1_preroute_r0_22 stage 0 [0.735, 0.753, 0.733, 1.0] len40 0.791
o1_preroute_r0_22 stage 1 [0.727, 0.52, 0.99, 0.731] len40 0.737
o1_preroute_r0_22 stage 2 [0.5, 0.994, 0.509, 0.753] len40 0.688
o1_preroute_r0_22 stage 3 [0.983, 0.517, 0.717, 0.73] len40 0.719
o1_preroute_r12.5_22 stage 0 [0.735, 0.753, 0.733, 1.0] len40 0.791
o1_preroute_r12.5_22 stage 1 [0.734, 0.516, 0.997, 0.988] len40 0.81
o1_preroute_r12.5_22 stage 2 [0.521, 0.989, 0.762, 0.992] len40 0.81
o1_preroute_r12.5_22 stage 3 [0.98, 0.967, 0.996, 0.996] len40 0.993
o1_preroute_r0_33 stage 0 [0.76, 0.754, 0.747, 0.992] len40 0.802
o1_preroute_r0_33 stage 1 [0.761, 0.527, 0.99, 0.749] len40 0.746
o1_preroute_r0_33 stage 2 [0.529, 0.999, 0.517, 0.747] len40 0.698
o1_preroute_r0_33 stage 3 [0.994, 0.533, 0.76, 0.767] len40 0.769
o1_preroute_r12.5_33 stage 0 [0.76, 0.754, 0.747, 0.992] len40 0.802
o1_preroute_r12.5_33 stage 1 [0.76, 0.53, 0.987, 0.967] len40 0.799
o1_preroute_r12.5_33 stage 2 [0.539, 0.997, 0.727, 0.944] len40 0.754
o1_preroute_r12.5_33 stage 3 [0.99, 0.974, 0.972, 0.987] len40 0.995
o1_preroute_r0_44 stage 0 [0.754, 0.729, 0.757, 0.999] len40 0.81
o1_preroute_r0_44 stage 1 [0.745, 0.502, 0.993, 0.762] len40 0.748
o1_preroute_r0_44 stage 2 [0.482, 0.996, 0.503, 0.767] len40 0.687
o1_preroute_r0_44 stage 3 [0.991, 0.493, 0.771, 0.76] len40 0.777
o1_preroute_r12.5_44 stage 0 [0.754, 0.729, 0.757, 0.999] len40 0.81
o1_preroute_r12.5_44 stage 1 [0.744, 0.503, 0.993, 0.971] len40 0.799
o1_preroute_r12.5_44 stage 2 [0.517, 0.987, 0.691, 0.984] len40 0.778
o1_preroute_r12.5_44 stage 3 [0.974, 0.957, 0.996, 0.994] len40 0.99
o1_preroute_r0_55 stage 0 [0.769, 0.775, 0.75, 0.995] len40 0.815
o1_preroute_r0_55 stage 1 [0.761, 0.492, 0.987, 0.75] len40 0.746
o1_preroute_r0_55 stage 2 [0.519, 0.999, 0.485, 0.742] len40 0.688
o1_preroute_r0_55 stage 3 [0.786, 0.673, 0.515, 0.566] len40 0.689
o1_preroute_r12.5_55 stage 0 [0.769, 0.775, 0.75, 0.995] len40 0.815
o1_preroute_r12.5_55 stage 1 [0.758, 0.505, 0.981, 0.963] len40 0.803
o1_preroute_r12.5_55 stage 2 [0.532, 0.998, 0.724, 0.963] len40 0.804
o1_preroute_r12.5_55 stage 3 [0.921, 0.924, 0.974, 0.912] len40 0.937
o2_preroute_r0_11 stage 0 [0.517, 0.99, 0.523, 0.725] len40 0.694
o2_preroute_r0_11 stage 1 [0.757, 0.765, 0.753, 0.999] len40 0.818
o2_preroute_r0_11 stage 2 [0.927, 0.556, 0.733, 0.742] len40 0.729
o2_preroute_r0_11 stage 3 [0.737, 0.529, 0.995, 0.719] len40 0.742
o2_preroute_r12.5_11 stage 0 [0.517, 0.99, 0.523, 0.725] len40 0.694
o2_preroute_r12.5_11 stage 1 [0.749, 0.966, 0.739, 0.998] len40 0.877
o2_preroute_r12.5_11 stage 2 [0.8, 0.822, 0.679, 0.991] len40 0.824
o2_preroute_r12.5_11 stage 3 [0.913, 0.861, 0.969, 0.963] len40 0.95
o2_preroute_r0_22 stage 0 [0.498, 0.998, 0.502, 0.75] len40 0.688
o2_preroute_r0_22 stage 1 [0.723, 0.764, 0.73, 1.0] len40 0.802
o2_preroute_r0_22 stage 2 [0.971, 0.479, 0.667, 0.678] len40 0.137
o2_preroute_r0_22 stage 3 [0.707, 0.515, 0.994, 0.737] len40 0.65
o2_preroute_r12.5_22 stage 0 [0.498, 0.998, 0.502, 0.75] len40 0.688
o2_preroute_r12.5_22 stage 1 [0.611, 0.981, 0.71, 0.998] len40 0.793
o2_preroute_r12.5_22 stage 2 [0.861, 0.936, 0.655, 0.982] len40 0.807
o2_preroute_r12.5_22 stage 3 [0.897, 0.974, 0.991, 0.997] len40 0.878
o2_preroute_r0_33 stage 0 [0.528, 0.998, 0.517, 0.748] len40 0.698
o2_preroute_r0_33 stage 1 [0.757, 0.758, 0.745, 0.991] len40 0.815
o2_preroute_r0_33 stage 2 [0.992, 0.52, 0.742, 0.744] len40 0.614
o2_preroute_r0_33 stage 3 [0.759, 0.52, 0.998, 0.747] len40 0.503
o2_preroute_r12.5_33 stage 0 [0.528, 0.998, 0.517, 0.748] len40 0.698
o2_preroute_r12.5_33 stage 1 [0.732, 0.986, 0.742, 0.986] len40 0.825
o2_preroute_r12.5_33 stage 2 [0.889, 0.769, 0.744, 0.993] len40 0.815
o2_preroute_r12.5_33 stage 3 [0.956, 0.763, 0.976, 0.946] len40 0.86
o2_preroute_r0_44 stage 0 [0.479, 0.998, 0.502, 0.768] len40 0.687
o2_preroute_r0_44 stage 1 [0.743, 0.729, 0.754, 0.999] len40 0.747
o2_preroute_r0_44 stage 2 [0.992, 0.493, 0.747, 0.759] len40 0.745
o2_preroute_r0_44 stage 3 [0.752, 0.494, 1.0, 0.761] len40 0.579
o2_preroute_r12.5_44 stage 0 [0.479, 0.998, 0.502, 0.768] len40 0.687
o2_preroute_r12.5_44 stage 1 [0.744, 0.989, 0.75, 0.998] len40 0.876
o2_preroute_r12.5_44 stage 2 [0.952, 0.878, 0.703, 0.985] len40 0.801
o2_preroute_r12.5_44 stage 3 [0.799, 0.96, 0.987, 0.976] len40 0.807
o2_preroute_r0_55 stage 0 [0.517, 1.0, 0.485, 0.748] len40 0.688
o2_preroute_r0_55 stage 1 [0.768, 0.776, 0.704, 0.992] len40 0.774
o2_preroute_r0_55 stage 2 [0.985, 0.493, 0.744, 0.761] len40 0.38
o2_preroute_r0_55 stage 3 [0.767, 0.493, 0.995, 0.765] len40 0.741
o2_preroute_r12.5_55 stage 0 [0.517, 1.0, 0.485, 0.748] len40 0.688
o2_preroute_r12.5_55 stage 1 [0.766, 0.97, 0.651, 0.992] len40 0.816
o2_preroute_r12.5_55 stage 2 [0.934, 0.804, 0.628, 0.97] len40 0.611
o2_preroute_r12.5_55 stage 3 [0.973, 0.934, 0.967, 0.98] len40 0.885
