phase chain jobs 30 out /mnt/d/betterNN/flow_mvp_v24/results/chain epochs 500
chain_single_xor_T80_22: acc=1.000 best=1.000 393s
chain_single_xor_T80_44: acc=1.000 best=1.000 393s
chain_single_xorsw_T80_11: acc=0.998 best=1.000 396s
chain_single_xor_T80_55: acc=0.527 best=1.000 397s
chain_single_xor_T80_33: acc=0.877 best=0.852 397s
chain_single_xor_T80_11: acc=0.479 best=1.000 398s
chain_single_xorsw_T80_22: acc=0.997 best=0.996 391s
chain_single_xorsw_T80_33: acc=0.571 best=0.988 392s
chain_single_xorsw_T80_55: acc=1.000 best=1.000 393s
chain_single_xorsw_T80_44: acc=1.000 best=1.000 398s
chain_burst5_xor_T80_22: acc=0.998 best=1.000 398s
chain_burst5_xor_T80_11: acc=1.000 best=1.000 399s
chain_burst5_xor_T80_44: acc=0.857 best=0.992 399s
chain_burst5_xor_T80_33: acc=1.000 best=1.000 402s
chain_burst5_xor_T80_55: acc=0.998 best=1.000 400s
chain_burst5_xorsw_T80_11: acc=0.999 best=1.000 399s
chain_burst5_xorsw_T80_33: acc=0.999 best=1.000 400s
chain_burst5_xorsw_T80_22: acc=0.565 best=1.000 401s
chain_burst5_xorsw_T80_44: acc=1.000 best=1.000 398s
chain_burst5_xorsw_T80_55: acc=1.000 best=1.000 403s
chain_decay-slow_xor_T80_11: acc=0.998 best=1.000 403s
chain_decay-slow_xor_T80_22: acc=0.950 best=0.953 403s
chain_decay-slow_xor_T80_33: acc=1.000 best=1.000 403s
chain_decay-slow_xor_T80_44: acc=0.610 best=0.875 408s
chain_decay-slow_xorsw_T80_11: acc=1.000 best=1.000 396s
chain_decay-slow_xor_T80_55: acc=1.000 best=1.000 403s
chain_decay-slow_xorsw_T80_22: acc=0.996 best=1.000 398s
chain_decay-slow_xorsw_T80_33: acc=0.999 best=1.000 401s
chain_decay-slow_xorsw_T80_44: acc=1.000 best=1.000 400s
chain_decay-slow_xorsw_T80_55: acc=0.999 best=1.000 398s
all 30 jobs in 2003.3 s
