phase delay jobs 400 out /mnt/d/betterNN/flow_mvp_v24/results/delay epochs 65
delay_single_T20_t0_11: acc=0.988 ret_half=4.473 slope=0.1571 8s
delay_single_T20_t0_44: acc=0.991 ret_half=3.296 slope=0.2029 8s
delay_single_T20_t0_22: acc=0.991 ret_half=3.342 slope=0.2088 8s
delay_single_T20_t1_22: acc=0.993 ret_half=2.775 slope=0.1665 8s
delay_single_T20_t1_33: acc=0.995 ret_half=6.305 slope=0.1958 8s
delay_single_T20_t0_33: acc=0.996 ret_half=4.998 slope=0.1811 8s
delay_single_T20_t0_55: acc=0.992 ret_half=3.042 slope=0.1623 9s
delay_single_T20_t1_11: acc=0.981 ret_half=4.324 slope=0.1883 9s
delay_single_T20_t1_55: acc=0.998 ret_half=5.575 slope=0.1853 6s
delay_single_T20_t2_44: acc=0.994 ret_half=5.324 slope=0.1708 7s
delay_single_T20_t2_33: acc=0.996 ret_half=5.575 slope=0.1767 7s
delay_single_T20_t1_44: acc=0.993 ret_half=4.899 slope=0.1847 8s
delay_single_T20_t3_11: acc=1.000 ret_half=2.684 slope=0.1542 7s
delay_single_T20_t2_22: acc=0.995 ret_half=6.377 slope=0.1913 8s
delay_single_T20_t2_11: acc=0.998 ret_half=5.756 slope=0.1671 8s
delay_single_T20_t2_55: acc=0.994 ret_half=5.447 slope=0.1871 8s
delay_single_T20_t3_22: acc=0.997 ret_half=3.119 slope=0.1437 7s
delay_single_T20_t3_44: acc=0.998 ret_half=3.457 slope=0.1709 7s
delay_single_T20_t3_33: acc=0.987 ret_half=4.412 slope=0.1945 7s
delay_single_T20_t3_55: acc=0.995 ret_half=2.916 slope=0.1505 7s
delay_single_T40_t0_22: acc=0.974 ret_half=3.844 slope=0.1022 13s
delay_single_T40_t0_11: acc=0.899 ret_half=4.402 slope=0.0912 13s
delay_single_T40_t0_33: acc=0.979 ret_half=8.485 slope=0.0991 13s
delay_single_T40_t0_44: acc=0.994 ret_half=8.707 slope=0.0986 13s
delay_single_T40_t1_22: acc=0.977 ret_half=6.629 slope=0.0981 13s
delay_single_T40_t0_55: acc=0.982 ret_half=6.249 slope=0.0819 14s
delay_single_T40_t1_11: acc=0.975 ret_half=14.587 slope=0.0937 13s
delay_single_T40_t1_33: acc=0.994 ret_half=12.103 slope=0.1101 14s
delay_single_T40_t1_44: acc=0.988 ret_half=3.477 slope=0.0896 13s
delay_single_T40_t1_55: acc=0.965 ret_half=3.043 slope=0.0912 13s
delay_single_T40_t2_11: acc=0.999 ret_half=13.888 slope=0.1026 13s
delay_single_T40_t2_22: acc=0.976 ret_half=7.285 slope=0.1157 14s
delay_single_T40_t2_33: acc=0.995 ret_half=13.845 slope=0.1024 11s
delay_single_T40_t2_55: acc=0.886 ret_half=3.812 slope=0.0873 12s
delay_single_T40_t2_44: acc=0.993 ret_half=13.676 slope=0.1027 12s
delay_single_T40_t3_11: acc=0.969 ret_half=1.911 slope=0.0626 12s
delay_single_T40_t3_22: acc=0.994 ret_half=3.198 slope=0.0763 12s
delay_single_T40_t3_44: acc=0.996 ret_half=7.755 slope=0.0895 12s
delay_single_T40_t3_33: acc=0.985 ret_half=13.427 slope=0.0810 13s
delay_single_T40_t3_55: acc=1.000 ret_half=5.617 slope=0.0865 12s
delay_single_T80_t0_11: acc=0.751 ret_half=5.036 slope=0.0445 23s
delay_single_T80_t0_33: acc=0.731 ret_half=3.096 slope=0.0333 23s
delay_single_T80_t0_22: acc=0.603 ret_half=2.646 slope=0.0173 24s
delay_single_T80_t0_44: acc=0.938 ret_half=7.279 slope=0.0494 24s
delay_single_T80_t1_33: acc=0.948 ret_half=2.722 slope=0.0333 23s
delay_single_T80_t0_55: acc=0.926 ret_half=8.765 slope=0.0507 25s
delay_single_T80_t1_11: acc=0.906 ret_half=3.145 slope=0.0355 25s
delay_single_T80_t1_22: acc=0.934 ret_half=8.124 slope=0.0471 26s
delay_single_T80_t1_44: acc=0.925 ret_half=2.862 slope=0.0336 22s
delay_single_T80_t1_55: acc=0.895 ret_half=2.243 slope=0.0275 23s
delay_single_T80_t2_11: acc=0.928 ret_half=9.304 slope=0.0576 23s
delay_single_T80_t2_22: acc=0.861 ret_half=10.492 slope=0.0513 25s
delay_single_T80_t2_33: acc=0.961 ret_half=4.478 slope=0.0472 23s
delay_single_T80_t2_44: acc=0.984 ret_half=13.042 slope=0.0519 23s
delay_single_T80_t2_55: acc=0.920 ret_half=12.691 slope=0.0559 23s
delay_single_T80_t3_11: acc=0.924 ret_half=3.013 slope=0.0266 25s
delay_single_T80_t3_22: acc=0.837 ret_half=1.435 slope=0.0181 23s
delay_single_T80_t3_33: acc=0.958 ret_half=5.910 slope=0.0507 25s
delay_single_T80_t3_44: acc=0.983 ret_half=5.791 slope=0.0421 25s
delay_single_T80_t3_55: acc=0.964 ret_half=3.040 slope=0.0309 24s
delay_single_T160_t0_11: acc=0.523 ret_half=0.377 slope=0.0168 46s
delay_single_T160_t0_22: acc=0.639 ret_half=0.480 slope=0.0180 47s
delay_single_T160_t0_33: acc=0.560 ret_half=0.451 slope=0.0154 47s
delay_single_T160_t0_44: acc=0.493 ret_half=0.406 slope=0.0170 47s
delay_single_T160_t0_55: acc=0.643 ret_half=0.772 slope=0.0257 45s
delay_single_T160_t1_22: acc=0.589 ret_half=0.436 slope=0.0170 46s
delay_single_T160_t1_11: acc=0.730 ret_half=0.408 slope=0.0168 48s
delay_single_T160_t1_33: acc=0.729 ret_half=0.429 slope=0.0150 46s
delay_single_T160_t1_44: acc=0.716 ret_half=0.467 slope=0.0185 47s
delay_single_T160_t2_11: acc=0.717 ret_half=0.755 slope=0.0254 45s
delay_single_T160_t1_55: acc=0.668 ret_half=0.489 slope=0.0202 46s
delay_single_T160_t2_22: acc=0.748 ret_half=37.908 slope=0.0328 49s
delay_single_T160_t2_33: acc=0.716 ret_half=0.854 slope=0.0235 46s
delay_single_T160_t2_55: acc=0.736 ret_half=1.451 slope=0.0314 46s
delay_single_T160_t2_44: acc=0.741 ret_half=1.191 slope=0.0288 48s
delay_burst3_T20_t0_11: acc=0.984 ret_half=3.401 slope=0.1559 8s
delay_single_T160_t3_11: acc=0.681 ret_half=0.271 slope=0.0162 47s
delay_burst3_T20_t0_22: acc=0.995 ret_half=2.024 slope=0.1819 8s
delay_burst3_T20_t0_44: acc=0.994 ret_half=2.691 slope=0.1594 8s
delay_burst3_T20_t0_33: acc=0.995 ret_half=3.372 slope=0.1581 8s
delay_burst3_T20_t0_55: acc=0.962 ret_half=2.133 slope=0.1336 8s
delay_burst3_T20_t1_11: acc=0.986 ret_half=3.220 slope=0.1616 7s
delay_burst3_T20_t1_22: acc=0.988 ret_half=2.464 slope=0.1290 7s
delay_burst3_T20_t1_33: acc=0.994 ret_half=4.232 slope=0.1664 8s
delay_burst3_T20_t1_44: acc=0.996 ret_half=2.891 slope=0.1421 8s
delay_burst3_T20_t1_55: acc=1.000 ret_half=3.414 slope=0.1529 7s
delay_burst3_T20_t2_11: acc=0.998 ret_half=4.196 slope=0.1461 7s
delay_single_T160_t3_22: acc=0.717 ret_half=0.503 slope=0.0197 46s
delay_burst3_T20_t2_33: acc=0.992 ret_half=3.984 slope=0.1510 7s
delay_burst3_T20_t2_22: acc=0.996 ret_half=4.492 slope=0.1680 8s
delay_single_T160_t3_33: acc=0.718 ret_half=0.391 slope=0.0178 45s
delay_single_T160_t3_44: acc=0.773 ret_half=0.318 slope=0.0180 46s
delay_burst3_T20_t2_44: acc=0.990 ret_half=4.014 slope=0.1532 7s
delay_burst3_T20_t2_55: acc=0.993 ret_half=4.252 slope=0.1427 6s
delay_burst3_T20_t3_11: acc=0.995 ret_half=2.036 slope=0.1420 7s
delay_burst3_T20_t3_22: acc=0.996 ret_half=2.540 slope=0.1196 7s
delay_burst3_T20_t3_33: acc=0.989 ret_half=2.947 slope=0.1469 7s
delay_single_T160_t3_55: acc=0.623 ret_half=0.320 slope=0.0188 45s
delay_burst3_T20_t3_55: acc=0.990 ret_half=2.358 slope=0.1506 7s
delay_burst3_T20_t3_44: acc=0.997 ret_half=2.647 slope=0.1404 8s
delay_burst3_T40_t0_11: acc=0.972 ret_half=4.166 slope=0.0770 14s
delay_burst3_T40_t0_22: acc=0.976 ret_half=3.563 slope=0.0835 14s
delay_burst3_T40_t0_44: acc=0.989 ret_half=3.683 slope=0.0719 14s
delay_burst3_T40_t0_55: acc=0.990 ret_half=4.200 slope=0.0808 13s
delay_burst3_T40_t0_33: acc=0.982 ret_half=6.850 slope=0.0756 14s
delay_burst3_T40_t1_33: acc=0.994 ret_half=8.672 slope=0.0805 14s
delay_burst3_T40_t1_22: acc=0.989 ret_half=7.050 slope=0.0749 14s
delay_burst3_T40_t1_11: acc=0.986 ret_half=7.984 slope=0.0746 14s
delay_burst3_T40_t1_44: acc=0.992 ret_half=5.542 slope=0.0771 12s
delay_burst3_T40_t1_55: acc=0.998 ret_half=5.632 slope=0.0793 14s
delay_burst3_T40_t2_22: acc=0.995 ret_half=9.633 slope=0.0868 13s
delay_burst3_T40_t2_11: acc=0.998 ret_half=5.446 slope=0.0854 13s
delay_burst3_T40_t2_33: acc=0.994 ret_half=8.941 slope=0.0789 13s
delay_burst3_T40_t2_44: acc=0.985 ret_half=5.502 slope=0.0880 13s
delay_burst3_T40_t2_55: acc=0.907 ret_half=3.317 slope=0.0782 13s
delay_burst3_T40_t3_11: acc=0.999 ret_half=3.309 slope=0.0446 15s
delay_burst3_T40_t3_22: acc=0.996 ret_half=4.779 slope=0.0545 12s
delay_burst3_T40_t3_33: acc=0.991 ret_half=5.188 slope=0.0732 13s
delay_burst3_T40_t3_44: acc=0.999 ret_half=4.758 slope=0.0688 12s
delay_burst3_T40_t3_55: acc=0.990 ret_half=3.125 slope=0.0625 14s
delay_burst3_T80_t0_11: acc=0.687 ret_half=1.676 slope=0.0244 25s
delay_burst3_T80_t0_33: acc=0.809 ret_half=2.282 slope=0.0250 25s
delay_burst3_T80_t0_22: acc=0.723 ret_half=1.798 slope=0.0105 26s
delay_burst3_T80_t0_44: acc=0.963 ret_half=5.291 slope=0.0378 27s
delay_burst3_T80_t0_55: acc=0.748 ret_half=1.653 slope=0.0104 27s
delay_burst3_T80_t1_11: acc=0.943 ret_half=4.362 slope=0.0367 26s
delay_burst3_T80_t1_22: acc=0.948 ret_half=3.408 slope=0.0322 27s
delay_burst3_T80_t1_33: acc=0.960 ret_half=1.929 slope=0.0248 28s
delay_burst3_T80_t1_44: acc=0.954 ret_half=2.040 slope=0.0254 28s
delay_burst3_T80_t1_55: acc=0.928 ret_half=1.627 slope=0.0202 28s
delay_burst3_T80_t2_11: acc=0.967 ret_half=4.740 slope=0.0445 29s
delay_burst3_T80_t2_22: acc=0.967 ret_half=4.147 slope=0.0400 28s
delay_burst3_T80_t2_33: acc=0.992 ret_half=9.432 slope=0.0447 26s
delay_burst3_T80_t2_44: acc=0.760 ret_half=8.287 slope=0.0418 26s
delay_burst3_T80_t2_55: acc=0.772 ret_half=8.964 slope=0.0422 25s
delay_burst3_T80_t3_11: acc=0.797 ret_half=0.521 slope=0.0056 25s
delay_burst3_T80_t3_22: acc=0.716 ret_half=0.766 slope=0.0207 22s
delay_burst3_T80_t3_33: acc=0.982 ret_half=7.283 slope=0.0424 23s
delay_burst3_T80_t3_44: acc=0.991 ret_half=5.317 slope=0.0367 23s
delay_burst3_T80_t3_55: acc=0.991 ret_half=3.900 slope=0.0335 24s
delay_burst3_T160_t0_11: acc=0.538 ret_half=0.299 slope=0.0113 46s
delay_burst3_T160_t0_22: acc=0.569 ret_half=0.259 slope=0.0087 46s
delay_burst3_T160_t0_33: acc=0.681 ret_half=0.322 slope=0.0078 45s
delay_burst3_T160_t0_44: acc=0.526 ret_half=0.228 slope=0.0094 48s
delay_burst3_T160_t0_55: acc=0.618 ret_half=0.256 slope=0.0112 45s
delay_burst3_T160_t1_22: acc=0.690 ret_half=0.249 slope=0.0082 46s
delay_burst3_T160_t1_11: acc=0.767 ret_half=0.212 slope=0.0106 47s
delay_burst3_T160_t1_33: acc=0.743 ret_half=0.275 slope=0.0068 48s
delay_burst3_T160_t1_55: acc=0.694 ret_half=0.196 slope=0.0075 43s
delay_burst3_T160_t1_44: acc=0.697 ret_half=0.254 slope=0.0101 48s
delay_burst3_T160_t2_11: acc=0.746 ret_half=3.693 slope=0.0292 46s
delay_burst3_T160_t2_22: acc=0.763 ret_half=1.959 slope=0.0294 47s
delay_burst3_T160_t2_33: acc=0.726 ret_half=0.738 slope=0.0192 44s
delay_burst3_T160_t2_55: acc=0.764 ret_half=1.121 slope=0.0246 46s
delay_burst3_T160_t2_44: acc=0.739 ret_half=1.075 slope=0.0251 47s
delay_burst5_T20_t0_11: acc=0.991 ret_half=2.435 slope=0.1398 8s
delay_burst5_T20_t0_22: acc=0.987 ret_half=1.980 slope=0.1475 8s
delay_burst5_T20_t0_33: acc=0.997 ret_half=2.692 slope=0.1490 8s
delay_burst5_T20_t0_44: acc=0.995 ret_half=2.279 slope=0.1368 8s
delay_burst3_T160_t3_11: acc=0.742 ret_half=0.163 slope=0.0061 50s
delay_burst5_T20_t0_55: acc=0.982 ret_half=1.941 slope=0.1115 8s
delay_burst5_T20_t1_11: acc=0.987 ret_half=2.982 slope=0.1554 8s
delay_burst5_T20_t1_22: acc=0.995 ret_half=2.049 slope=0.1341 9s
delay_burst5_T20_t1_33: acc=0.995 ret_half=3.500 slope=0.1544 9s
delay_burst5_T20_t1_44: acc=0.990 ret_half=2.092 slope=0.1340 9s
delay_burst5_T20_t1_55: acc=1.000 ret_half=2.707 slope=0.1356 8s
delay_burst5_T20_t2_11: acc=0.998 ret_half=3.565 slope=0.1462 10s
delay_burst5_T20_t2_22: acc=0.997 ret_half=3.896 slope=0.1636 9s
delay_burst3_T160_t3_22: acc=0.741 ret_half=0.258 slope=0.0112 50s
delay_burst5_T20_t2_33: acc=0.991 ret_half=3.474 slope=0.1467 9s
delay_burst5_T20_t2_44: acc=0.990 ret_half=3.559 slope=0.1484 9s
delay_burst3_T160_t3_33: acc=0.748 ret_half=0.196 slope=0.0146 50s
delay_burst5_T20_t2_55: acc=0.994 ret_half=3.709 slope=0.1537 8s
delay_burst5_T20_t3_11: acc=0.996 ret_half=1.716 slope=0.1091 8s
delay_burst3_T160_t3_44: acc=0.768 ret_half=0.127 slope=0.0104 52s
delay_burst5_T20_t3_22: acc=0.993 ret_half=2.120 slope=0.1114 8s
delay_burst5_T20_t3_33: acc=0.991 ret_half=2.425 slope=0.1369 8s
delay_burst3_T160_t3_55: acc=0.730 ret_half=0.162 slope=0.0083 50s
delay_burst5_T20_t3_44: acc=0.997 ret_half=2.141 slope=0.1284 8s
delay_burst5_T20_t3_55: acc=0.989 ret_half=1.925 slope=0.1309 8s
delay_burst5_T40_t0_11: acc=0.984 ret_half=3.225 slope=0.0648 13s
delay_burst5_T40_t0_22: acc=0.982 ret_half=2.090 slope=0.0593 14s
delay_burst5_T40_t0_33: acc=0.996 ret_half=5.501 slope=0.0704 14s
delay_burst5_T40_t0_44: acc=0.989 ret_half=2.822 slope=0.0641 13s
delay_burst5_T40_t0_55: acc=0.984 ret_half=3.109 slope=0.0526 13s
delay_burst5_T40_t1_11: acc=0.983 ret_half=5.886 slope=0.0714 14s
delay_burst5_T40_t1_22: acc=0.992 ret_half=4.807 slope=0.0663 14s
delay_burst5_T40_t1_33: acc=0.995 ret_half=5.453 slope=0.0761 14s
delay_burst5_T40_t1_44: acc=0.992 ret_half=3.265 slope=0.0662 13s
delay_burst5_T40_t1_55: acc=0.998 ret_half=4.411 slope=0.0725 14s
delay_burst5_T40_t2_11: acc=0.999 ret_half=4.819 slope=0.0752 14s
delay_burst5_T40_t2_22: acc=0.992 ret_half=5.392 slope=0.0839 14s
delay_burst5_T40_t2_33: acc=0.993 ret_half=7.191 slope=0.0714 14s
delay_burst5_T40_t2_44: acc=0.704 ret_half=2.156 slope=0.0335 14s
delay_burst5_T40_t2_55: acc=0.998 ret_half=6.543 slope=0.0762 14s
delay_burst5_T40_t3_11: acc=0.993 ret_half=2.629 slope=0.0411 14s
delay_burst5_T40_t3_22: acc=0.988 ret_half=1.408 slope=0.0436 14s
delay_burst5_T40_t3_44: acc=0.996 ret_half=3.656 slope=0.0631 13s
delay_burst5_T40_t3_33: acc=0.994 ret_half=3.811 slope=0.0657 14s
delay_burst5_T40_t3_55: acc=0.990 ret_half=2.502 slope=0.0557 13s
delay_burst5_T80_t0_44: acc=0.982 ret_half=3.874 slope=0.0346 23s
delay_burst5_T80_t0_11: acc=0.729 ret_half=1.665 slope=0.0233 25s
delay_burst5_T80_t0_33: acc=0.862 ret_half=2.230 slope=0.0212 24s
delay_burst5_T80_t0_22: acc=0.898 ret_half=2.310 slope=0.0199 26s
delay_burst5_T80_t0_55: acc=0.979 ret_half=4.009 slope=0.0343 24s
delay_burst5_T80_t1_11: acc=0.953 ret_half=3.974 slope=0.0337 24s
delay_burst5_T80_t1_33: acc=0.968 ret_half=1.632 slope=0.0218 24s
delay_burst5_T80_t1_22: acc=0.943 ret_half=3.811 slope=0.0329 26s
delay_burst5_T80_t1_44: acc=0.972 ret_half=1.690 slope=0.0222 24s
delay_burst5_T80_t1_55: acc=0.939 ret_half=1.358 slope=0.0177 25s
delay_burst5_T80_t2_11: acc=0.997 ret_half=4.579 slope=0.0397 25s
delay_burst5_T80_t2_22: acc=0.973 ret_half=3.619 slope=0.0372 26s
delay_burst5_T80_t2_33: acc=0.994 ret_half=8.585 slope=0.0385 24s
delay_burst5_T80_t2_44: acc=0.754 ret_half=4.374 slope=0.0345 25s
delay_burst5_T80_t2_55: acc=0.991 ret_half=5.407 slope=0.0385 25s
delay_burst5_T80_t3_11: acc=0.768 ret_half=0.430 slope=0.0062 27s
delay_burst5_T80_t3_22: acc=0.894 ret_half=4.608 slope=0.0167 25s
delay_burst5_T80_t3_33: acc=0.983 ret_half=6.192 slope=0.0370 24s
delay_burst5_T80_t3_44: acc=0.996 ret_half=5.525 slope=0.0327 25s
delay_burst5_T80_t3_55: acc=0.993 ret_half=4.151 slope=0.0320 25s
delay_burst5_T160_t0_11: acc=0.635 ret_half=0.319 slope=0.0117 42s
delay_burst5_T160_t0_22: acc=0.550 ret_half=0.191 slope=0.0041 47s
delay_burst5_T160_t0_33: acc=0.747 ret_half=1.124 slope=0.0166 47s
delay_burst5_T160_t0_44: acc=0.536 ret_half=0.178 slope=0.0060 49s
delay_burst5_T160_t1_11: acc=0.964 ret_half=5.887 slope=0.0165 45s
delay_burst5_T160_t0_55: acc=0.562 ret_half=0.197 slope=0.0052 47s
delay_burst5_T160_t1_22: acc=0.740 ret_half=0.191 slope=0.0041 47s
delay_burst5_T160_t1_33: acc=0.740 ret_half=0.075 slope=0.0030 46s
delay_burst5_T160_t1_44: acc=0.708 ret_half=0.208 slope=0.0071 48s
delay_burst5_T160_t1_55: acc=0.767 ret_half=0.310 slope=0.0050 44s
delay_burst5_T160_t2_11: acc=0.749 ret_half=4.253 slope=0.0247 45s
delay_burst5_T160_t2_22: acc=0.763 ret_half=3.408 slope=0.0273 48s
delay_burst5_T160_t2_33: acc=0.774 ret_half=2.845 slope=0.0245 47s
delay_burst5_T160_t2_55: acc=0.742 ret_half=1.215 slope=0.0215 44s
delay_burst5_T160_t2_44: acc=0.737 ret_half=1.799 slope=0.0253 46s
delay_burst5_T160_t3_11: acc=0.765 ret_half=0.058 slope=0.0041 47s
delay_decay-fast_T20_t0_11: acc=0.993 ret_half=2.826 slope=0.1651 9s
delay_decay-fast_T20_t0_22: acc=0.988 ret_half=2.133 slope=0.1594 8s
delay_decay-fast_T20_t0_33: acc=0.997 ret_half=3.279 slope=0.1769 9s
delay_decay-fast_T20_t0_44: acc=0.989 ret_half=2.463 slope=0.1685 9s
delay_decay-fast_T20_t0_55: acc=0.982 ret_half=2.519 slope=0.1575 9s
delay_decay-fast_T20_t1_11: acc=0.986 ret_half=3.635 slope=0.1873 9s
delay_decay-fast_T20_t1_22: acc=0.993 ret_half=2.334 slope=0.1267 9s
delay_decay-fast_T20_t1_33: acc=0.996 ret_half=3.862 slope=0.1851 8s
delay_decay-fast_T20_t1_44: acc=0.997 ret_half=2.645 slope=0.1676 8s
delay_decay-fast_T20_t1_55: acc=1.000 ret_half=3.207 slope=0.1637 8s
delay_decay-fast_T20_t2_11: acc=0.999 ret_half=4.715 slope=0.1755 8s
delay_burst5_T160_t3_22: acc=0.759 ret_half=0.189 slope=0.0048 47s
delay_decay-fast_T20_t2_22: acc=0.996 ret_half=5.004 slope=0.2030 8s
delay_burst5_T160_t3_33: acc=0.755 ret_half=0.483 slope=0.0099 46s
delay_burst5_T160_t3_44: acc=0.776 ret_half=0.089 slope=0.0057 46s
delay_decay-fast_T20_t2_33: acc=0.993 ret_half=4.580 slope=0.1785 8s
delay_decay-fast_T20_t2_55: acc=0.995 ret_half=4.337 slope=0.1886 7s
delay_decay-fast_T20_t2_44: acc=0.992 ret_half=4.445 slope=0.1825 8s
delay_decay-fast_T20_t3_11: acc=0.996 ret_half=1.953 slope=0.1330 8s
delay_decay-fast_T20_t3_22: acc=0.992 ret_half=2.364 slope=0.1353 8s
delay_decay-fast_T20_t3_33: acc=0.991 ret_half=2.793 slope=0.1644 8s
delay_decay-fast_T20_t3_44: acc=0.997 ret_half=2.367 slope=0.1531 8s
delay_decay-fast_T20_t3_55: acc=0.991 ret_half=2.139 slope=0.1561 8s
delay_burst5_T160_t3_55: acc=0.755 ret_half=0.214 slope=0.0089 49s
delay_decay-fast_T40_t0_11: acc=0.963 ret_half=3.654 slope=0.0764 13s
delay_decay-fast_T40_t0_22: acc=0.981 ret_half=3.584 slope=0.0638 14s
delay_decay-fast_T40_t0_33: acc=0.996 ret_half=6.443 slope=0.0815 14s
delay_decay-fast_T40_t0_44: acc=0.992 ret_half=4.023 slope=0.0718 15s
delay_decay-fast_T40_t0_55: acc=0.883 ret_half=2.213 slope=0.0675 15s
delay_decay-fast_T40_t1_22: acc=0.988 ret_half=6.728 slope=0.0786 13s
delay_decay-fast_T40_t1_11: acc=0.988 ret_half=8.434 slope=0.0778 15s
delay_decay-fast_T40_t1_33: acc=0.996 ret_half=8.979 slope=0.0800 15s
delay_decay-fast_T40_t1_44: acc=0.990 ret_half=4.589 slope=0.0802 13s
delay_decay-fast_T40_t1_55: acc=0.998 ret_half=5.027 slope=0.0815 14s
delay_decay-fast_T40_t2_11: acc=0.997 ret_half=4.436 slope=0.0889 13s
delay_decay-fast_T40_t2_22: acc=0.988 ret_half=7.026 slope=0.0965 13s
delay_decay-fast_T40_t2_33: acc=0.995 ret_half=9.004 slope=0.0865 12s
delay_decay-fast_T40_t2_44: acc=0.989 ret_half=5.839 slope=0.0918 12s
delay_decay-fast_T40_t2_55: acc=0.991 ret_half=4.687 slope=0.0894 12s
delay_decay-fast_T40_t3_11: acc=0.993 ret_half=5.266 slope=0.0572 13s
delay_decay-fast_T40_t3_22: acc=0.944 ret_half=1.322 slope=0.0641 12s
delay_decay-fast_T40_t3_33: acc=0.991 ret_half=4.970 slope=0.0774 12s
delay_decay-fast_T40_t3_44: acc=0.996 ret_half=4.353 slope=0.0732 12s
delay_decay-fast_T40_t3_55: acc=0.985 ret_half=2.581 slope=0.0660 14s
delay_decay-fast_T80_t0_11: acc=0.715 ret_half=1.861 slope=0.0254 26s
delay_decay-fast_T80_t0_22: acc=0.678 ret_half=1.560 slope=0.0102 25s
delay_decay-fast_T80_t0_33: acc=0.809 ret_half=2.197 slope=0.0224 25s
delay_decay-fast_T80_t0_55: acc=0.962 ret_half=4.274 slope=0.0354 23s
delay_decay-fast_T80_t0_44: acc=0.784 ret_half=4.646 slope=0.0386 25s
delay_decay-fast_T80_t1_11: acc=0.937 ret_half=3.062 slope=0.0337 24s
delay_decay-fast_T80_t1_22: acc=0.938 ret_half=2.391 slope=0.0281 25s
delay_decay-fast_T80_t1_33: acc=0.963 ret_half=1.694 slope=0.0255 26s
delay_decay-fast_T80_t1_55: acc=0.929 ret_half=1.362 slope=0.0201 24s
delay_decay-fast_T80_t1_44: acc=0.954 ret_half=1.732 slope=0.0254 25s
delay_decay-fast_T80_t2_11: acc=0.971 ret_half=4.458 slope=0.0449 24s
delay_decay-fast_T80_t2_22: acc=0.969 ret_half=3.723 slope=0.0416 25s
delay_decay-fast_T80_t2_33: acc=0.988 ret_half=6.856 slope=0.0453 27s
delay_decay-fast_T80_t2_44: acc=0.756 ret_half=5.532 slope=0.0405 26s
delay_decay-fast_T80_t2_55: acc=0.769 ret_half=7.776 slope=0.0433 27s
delay_decay-fast_T80_t3_11: acc=0.850 ret_half=1.173 slope=0.0108 26s
delay_decay-fast_T80_t3_33: acc=0.982 ret_half=6.633 slope=0.0427 24s
delay_decay-fast_T80_t3_22: acc=0.772 ret_half=0.558 slope=0.0046 26s
delay_decay-fast_T80_t3_44: acc=0.993 ret_half=5.578 slope=0.0370 25s
delay_decay-fast_T80_t3_55: acc=0.993 ret_half=3.519 slope=0.0349 23s
delay_decay-fast_T160_t0_22: acc=0.564 ret_half=0.206 slope=0.0070 44s
delay_decay-fast_T160_t0_11: acc=0.547 ret_half=0.259 slope=0.0106 48s
delay_decay-fast_T160_t0_33: acc=0.668 ret_half=1.230 slope=0.0198 49s
delay_decay-fast_T160_t0_44: acc=0.526 ret_half=0.187 slope=0.0083 47s
delay_decay-fast_T160_t0_55: acc=0.579 ret_half=0.200 slope=0.0090 48s
delay_decay-fast_T160_t1_11: acc=0.764 ret_half=0.539 slope=0.0231 47s
delay_decay-fast_T160_t1_22: acc=0.706 ret_half=0.202 slope=0.0066 48s
delay_decay-fast_T160_t1_33: acc=0.740 ret_half=0.210 slope=0.0050 46s
delay_decay-fast_T160_t1_44: acc=0.701 ret_half=0.210 slope=0.0092 46s
delay_decay-fast_T160_t1_55: acc=0.711 ret_half=0.188 slope=0.0066 47s
delay_decay-fast_T160_t2_11: acc=0.747 ret_half=3.016 slope=0.0285 47s
delay_decay-fast_T160_t2_22: acc=0.760 ret_half=2.181 slope=0.0298 49s
delay_decay-fast_T160_t2_33: acc=0.738 ret_half=0.721 slope=0.0200 47s
delay_decay-fast_T160_t2_44: acc=0.744 ret_half=1.042 slope=0.0255 48s
delay_decay-fast_T160_t3_11: acc=0.736 ret_half=0.118 slope=0.0055 47s
delay_decay-fast_T160_t2_55: acc=0.738 ret_half=1.027 slope=0.0240 48s
delay_decay-slow_T20_t0_11: acc=0.991 ret_half=2.296 slope=0.1419 8s
delay_decay-slow_T20_t0_22: acc=0.991 ret_half=2.018 slope=0.1466 8s
delay_decay-slow_T20_t0_33: acc=0.997 ret_half=2.716 slope=0.1518 7s
delay_decay-slow_T20_t0_44: acc=0.997 ret_half=2.309 slope=0.1398 9s
delay_decay-slow_T20_t0_55: acc=0.981 ret_half=2.133 slope=0.1220 8s
delay_decay-slow_T20_t1_11: acc=0.994 ret_half=2.922 slope=0.1553 7s
delay_decay-slow_T20_t1_22: acc=0.996 ret_half=2.068 slope=0.1038 7s
delay_decay-slow_T20_t1_33: acc=0.995 ret_half=3.543 slope=0.1571 7s
delay_decay-slow_T20_t1_44: acc=0.996 ret_half=2.227 slope=0.1385 7s
delay_decay-slow_T20_t1_55: acc=1.000 ret_half=2.706 slope=0.1386 7s
delay_decay-fast_T160_t3_22: acc=0.757 ret_half=0.207 slope=0.0097 46s
delay_decay-slow_T20_t2_11: acc=0.998 ret_half=3.665 slope=0.1497 8s
delay_decay-slow_T20_t2_22: acc=0.996 ret_half=4.041 slope=0.1692 8s
delay_decay-slow_T20_t2_33: acc=0.991 ret_half=3.574 slope=0.1506 8s
delay_decay-fast_T160_t3_33: acc=0.752 ret_half=0.109 slope=0.0062 47s
delay_decay-slow_T20_t2_55: acc=0.994 ret_half=3.812 slope=0.1577 7s
delay_decay-slow_T20_t2_44: acc=0.990 ret_half=3.654 slope=0.1525 8s
delay_decay-slow_T20_t3_11: acc=0.991 ret_half=1.721 slope=0.1138 8s
delay_decay-fast_T160_t3_44: acc=0.769 ret_half=0.100 slope=0.0086 45s
delay_decay-slow_T20_t3_22: acc=0.994 ret_half=2.078 slope=0.1116 8s
delay_decay-slow_T20_t3_33: acc=0.990 ret_half=2.432 slope=0.1399 8s
delay_decay-slow_T20_t3_44: acc=0.997 ret_half=2.143 slope=0.1305 8s
delay_decay-fast_T160_t3_55: acc=0.732 ret_half=0.148 slope=0.0067 47s
delay_decay-slow_T20_t3_55: acc=0.989 ret_half=1.937 slope=0.1334 7s
delay_decay-slow_T40_t0_11: acc=0.992 ret_half=3.119 slope=0.0648 12s
delay_decay-slow_T40_t0_22: acc=0.991 ret_half=2.424 slope=0.0667 12s
delay_decay-slow_T40_t0_33: acc=0.993 ret_half=5.377 slope=0.0709 13s
delay_decay-slow_T40_t0_44: acc=0.984 ret_half=3.450 slope=0.0650 13s
delay_decay-slow_T40_t0_55: acc=0.973 ret_half=3.744 slope=0.0533 13s
delay_decay-slow_T40_t1_33: acc=0.994 ret_half=6.339 slope=0.0745 13s
delay_decay-slow_T40_t1_22: acc=0.989 ret_half=4.962 slope=0.0668 13s
delay_decay-slow_T40_t1_11: acc=0.987 ret_half=5.748 slope=0.0718 14s
delay_decay-slow_T40_t1_44: acc=0.993 ret_half=3.959 slope=0.0692 14s
delay_decay-slow_T40_t1_55: acc=0.998 ret_half=4.473 slope=0.0727 14s
delay_decay-slow_T40_t2_22: acc=0.995 ret_half=5.086 slope=0.0896 14s
delay_decay-slow_T40_t2_11: acc=0.999 ret_half=5.761 slope=0.0677 14s
delay_decay-slow_T40_t2_44: acc=0.987 ret_half=6.594 slope=0.0788 13s
delay_decay-slow_T40_t2_33: acc=0.993 ret_half=7.200 slope=0.0738 14s
delay_decay-slow_T40_t3_11: acc=0.998 ret_half=4.223 slope=0.0458 15s
delay_decay-slow_T40_t2_55: acc=0.995 ret_half=6.556 slope=0.0776 15s
delay_decay-slow_T40_t3_22: acc=0.960 ret_half=2.356 slope=0.0524 15s
delay_decay-slow_T40_t3_33: acc=0.994 ret_half=3.887 slope=0.0669 15s
delay_decay-slow_T40_t3_44: acc=0.974 ret_half=1.980 slope=0.0730 15s
delay_decay-slow_T40_t3_55: acc=0.940 ret_half=1.334 slope=0.0225 14s
delay_decay-slow_T80_t0_11: acc=0.809 ret_half=1.783 slope=0.0242 22s
delay_decay-slow_T80_t0_22: acc=0.857 ret_half=2.393 slope=0.0280 24s
delay_decay-slow_T80_t0_44: acc=0.968 ret_half=3.476 slope=0.0339 24s
delay_decay-slow_T80_t0_33: acc=0.894 ret_half=2.201 slope=0.0219 26s
delay_decay-slow_T80_t0_55: acc=0.962 ret_half=2.454 slope=0.0263 22s
delay_decay-slow_T80_t1_11: acc=0.951 ret_half=3.715 slope=0.0333 23s
delay_decay-slow_T80_t1_22: acc=0.941 ret_half=3.549 slope=0.0326 23s
delay_decay-slow_T80_t1_33: acc=0.968 ret_half=1.617 slope=0.0221 24s
delay_decay-slow_T80_t1_44: acc=0.971 ret_half=1.669 slope=0.0224 25s
delay_decay-slow_T80_t1_55: acc=0.939 ret_half=1.339 slope=0.0179 24s
delay_decay-slow_T80_t2_11: acc=0.997 ret_half=4.478 slope=0.0402 26s
delay_decay-slow_T80_t2_22: acc=0.968 ret_half=3.012 slope=0.0362 25s
delay_decay-slow_T80_t2_33: acc=0.994 ret_half=8.346 slope=0.0394 23s
delay_decay-slow_T80_t2_44: acc=0.763 ret_half=5.765 slope=0.0371 23s
delay_decay-slow_T80_t2_55: acc=0.991 ret_half=5.392 slope=0.0388 25s
delay_decay-slow_T80_t3_11: acc=0.768 ret_half=0.448 slope=0.0062 25s
delay_decay-slow_T80_t3_22: acc=0.803 ret_half=7.573 slope=0.0382 23s
delay_decay-slow_T80_t3_33: acc=0.987 ret_half=5.948 slope=0.0378 25s
delay_decay-slow_T80_t3_44: acc=0.994 ret_half=5.597 slope=0.0347 25s
delay_decay-slow_T80_t3_55: acc=0.994 ret_half=3.917 slope=0.0320 26s
delay_decay-slow_T160_t0_11: acc=0.631 ret_half=0.312 slope=0.0114 48s
delay_decay-slow_T160_t0_22: acc=0.551 ret_half=0.191 slope=0.0043 47s
delay_decay-slow_T160_t0_33: acc=0.735 ret_half=1.186 slope=0.0173 46s
delay_decay-slow_T160_t0_44: acc=0.535 ret_half=0.177 slope=0.0062 47s
delay_decay-slow_T160_t0_55: acc=0.552 ret_half=0.194 slope=0.0053 46s
delay_decay-slow_T160_t1_11: acc=0.953 ret_half=5.061 slope=0.0179 46s
delay_decay-slow_T160_t1_22: acc=0.738 ret_half=0.190 slope=0.0042 47s
delay_decay-slow_T160_t1_33: acc=0.745 ret_half=0.061 slope=0.0007 46s
delay_decay-slow_T160_t1_44: acc=0.708 ret_half=0.204 slope=0.0071 46s
delay_decay-slow_T160_t1_55: acc=0.762 ret_half=0.283 slope=0.0049 48s
delay_decay-slow_T160_t2_11: acc=0.749 ret_half=4.203 slope=0.0250 47s
delay_decay-slow_T160_t2_22: acc=0.763 ret_half=3.471 slope=0.0275 46s
delay_decay-slow_T160_t2_33: acc=0.773 ret_half=2.617 slope=0.0247 44s
delay_decay-slow_T160_t2_44: acc=0.739 ret_half=1.732 slope=0.0254 44s
delay_decay-slow_T160_t2_55: acc=0.740 ret_half=1.197 slope=0.0217 45s
delay_decay-slow_T160_t3_11: acc=0.765 ret_half=0.053 slope=0.0033 45s
delay_decay-slow_T160_t3_22: acc=0.756 ret_half=0.191 slope=0.0053 38s
delay_decay-slow_T160_t3_44: acc=0.776 ret_half=0.089 slope=0.0056 35s
delay_decay-slow_T160_t3_33: acc=0.757 ret_half=0.402 slope=0.0110 37s
delay_decay-slow_T160_t3_55: acc=0.751 ret_half=0.209 slope=0.0087 34s
all 400 jobs in 1171.4 s
