phase delay jobs 200 out /mnt/d/betterNN/flow_mvp_v24/results/delay epochs 65
delay_single_T80_t0_33: acc=0.731 ret_half=3.096 probe={'5': 0.809, '40': 0.839, '79': 0.826} 26s
delay_single_T80_t1_33: acc=0.948 ret_half=2.722 probe={'5': 0.848, '40': 0.855, '79': 0.881} 26s
delay_single_T80_t0_11: acc=0.751 ret_half=5.036 probe={'5': 0.887, '40': 0.812, '79': 0.724} 26s
delay_single_T80_t1_22: acc=0.934 ret_half=8.124 probe={'5': 0.844, '40': 0.879, '79': 0.891} 27s
delay_single_T80_t1_11: acc=0.906 ret_half=3.145 probe={'5': 0.869, '40': 0.801, '79': 0.855} 27s
delay_single_T80_t0_44: acc=0.938 ret_half=7.279 probe={'5': 0.846, '40': 0.898, '79': 0.923} 27s
delay_single_T80_t0_22: acc=0.603 ret_half=2.646 probe={'5': 0.86, '40': 0.805, '79': 0.801} 27s
delay_single_T80_t0_55: acc=0.926 ret_half=8.765 probe={'5': 0.808, '40': 0.673, '79': 0.682} 28s
delay_single_T80_t1_44: acc=0.925 ret_half=2.862 probe={'5': 0.762, '40': 0.838, '79': 0.861} 25s
delay_single_T80_t2_11: acc=0.928 ret_half=9.304 probe={'5': 0.862, '40': 0.77, '79': 0.856} 25s
delay_single_T80_t1_55: acc=0.895 ret_half=2.243 probe={'5': 0.836, '40': 0.822, '79': 0.834} 25s
delay_single_T80_t2_22: acc=0.861 ret_half=10.492 probe={'5': 0.798, '40': 0.9, '79': 0.877} 24s
delay_single_T80_t2_55: acc=0.920 ret_half=12.691 probe={'5': 0.854, '40': 0.759, '79': 0.843} 24s
delay_single_T80_t3_11: acc=0.924 ret_half=3.013 probe={'5': 0.75, '40': 0.718, '79': 0.791} 24s
delay_single_T80_t2_44: acc=0.984 ret_half=13.042 probe={'5': 0.852, '40': 0.919, '79': 0.967} 25s
delay_single_T80_t2_33: acc=0.961 ret_half=4.478 probe={'5': 0.858, '40': 0.81, '79': 0.899} 25s
delay_single_T80_t3_22: acc=0.837 ret_half=1.435 probe={'5': 0.765, '40': 0.838, '79': 0.856} 25s
delay_single_T80_t3_55: acc=0.964 ret_half=3.040 probe={'5': 0.881, '40': 0.849, '79': 0.901} 25s
delay_single_T80_t3_33: acc=0.958 ret_half=5.910 probe={'5': 0.865, '40': 0.806, '79': 0.952} 26s
delay_single_T80_t3_44: acc=0.983 ret_half=5.791 probe={'5': 0.886, '40': 0.935, '79': 0.974} 26s
delay_single_T160_t0_11: acc=0.523 ret_half=0.377 probe={'5': 0.703, '80': 0.715, '159': 0.7} 47s
delay_single_T160_t0_22: acc=0.639 ret_half=0.480 probe={'5': 0.72, '80': 0.732, '159': 0.739} 48s
delay_single_T160_t0_44: acc=0.493 ret_half=0.406 probe={'5': 0.728, '80': 0.731, '159': 0.639} 48s
delay_single_T160_t0_33: acc=0.560 ret_half=0.451 probe={'5': 0.725, '80': 0.723, '159': 0.607} 50s
delay_single_T160_t0_55: acc=0.643 ret_half=0.772 probe={'5': 0.678, '80': 0.676, '159': 0.63} 50s
delay_single_T160_t1_11: acc=0.730 ret_half=0.408 probe={'5': 0.723, '80': 0.723, '159': 0.629} 50s
delay_single_T160_t1_33: acc=0.729 ret_half=0.429 probe={'5': 0.746, '80': 0.762, '159': 0.592} 50s
delay_single_T160_t1_22: acc=0.589 ret_half=0.436 probe={'5': 0.719, '80': 0.77, '159': 0.719} 50s
delay_single_T160_t1_55: acc=0.668 ret_half=0.489 probe={'5': 0.721, '80': 0.717, '159': 0.607} 46s
delay_single_T160_t1_44: acc=0.716 ret_half=0.467 probe={'5': 0.736, '80': 0.729, '159': 0.752} 48s
delay_single_T160_t2_11: acc=0.717 ret_half=0.755 probe={'5': 0.719, '80': 0.736, '159': 0.704} 48s
delay_single_T160_t2_22: acc=0.748 ret_half=37.908 probe={'5': 0.729, '80': 0.777, '159': 0.676} 47s
delay_single_T160_t2_44: acc=0.741 ret_half=1.191 probe={'5': 0.729, '80': 0.736, '159': 0.721} 46s
delay_single_T160_t2_55: acc=0.736 ret_half=1.451 probe={'5': 0.721, '80': 0.739, '159': 0.769} 46s
delay_single_T160_t2_33: acc=0.716 ret_half=0.854 probe={'5': 0.757, '80': 0.746, '159': 0.674} 48s
delay_single_T160_t3_11: acc=0.681 ret_half=0.271 probe={'5': 0.729, '80': 0.728, '159': 0.624} 47s
delay_single_T160_t3_22: acc=0.717 ret_half=0.503 probe={'5': 0.686, '80': 0.695, '159': 0.697} 46s
delay_single_T160_t3_44: acc=0.773 ret_half=0.318 probe={'5': 0.721, '80': 0.718, '159': 0.693} 46s
delay_single_T160_t3_33: acc=0.718 ret_half=0.391 probe={'5': 0.729, '80': 0.732, '159': 0.651} 49s
delay_burst3_T80_t0_11: acc=0.687 ret_half=1.676 probe={'5': 0.835, '40': 0.825, '79': 0.757} 25s
delay_single_T160_t3_55: acc=0.623 ret_half=0.320 probe={'5': 0.72, '80': 0.717, '159': 0.683} 48s
delay_burst3_T80_t0_22: acc=0.723 ret_half=1.798 probe={'5': 0.864, '40': 0.888, '79': 0.831} 26s
delay_burst3_T80_t0_44: acc=0.963 ret_half=5.291 probe={'5': 0.849, '40': 0.907, '79': 0.963} 25s
delay_burst3_T80_t0_33: acc=0.809 ret_half=2.282 probe={'5': 0.834, '40': 0.851, '79': 0.873} 26s
delay_burst3_T80_t0_55: acc=0.748 ret_half=1.653 probe={'5': 0.87, '40': 0.883, '79': 0.809} 26s
delay_burst3_T80_t1_11: acc=0.943 ret_half=4.362 probe={'5': 0.842, '40': 0.803, '79': 0.885} 24s
delay_burst3_T80_t1_22: acc=0.948 ret_half=3.408 probe={'5': 0.861, '40': 0.863, '79': 0.908} 25s
delay_burst3_T80_t1_33: acc=0.960 ret_half=1.929 probe={'5': 0.891, '40': 0.857, '79': 0.934} 25s
delay_burst3_T80_t1_44: acc=0.954 ret_half=2.040 probe={'5': 0.82, '40': 0.832, '79': 0.893} 24s
delay_burst3_T80_t1_55: acc=0.928 ret_half=1.627 probe={'5': 0.885, '40': 0.822, '79': 0.846} 25s
delay_burst3_T80_t2_11: acc=0.967 ret_half=4.740 probe={'5': 0.814, '40': 0.806, '79': 0.882} 25s
delay_burst3_T80_t2_22: acc=0.967 ret_half=4.147 probe={'5': 0.829, '40': 0.894, '79': 0.938} 25s
delay_burst3_T80_t2_44: acc=0.760 ret_half=8.287 probe={'5': 0.77, '40': 0.89, '79': 0.88} 25s
delay_burst3_T80_t2_33: acc=0.992 ret_half=9.432 probe={'5': 0.848, '40': 0.825, '79': 0.876} 27s
delay_burst3_T80_t3_22: acc=0.716 ret_half=0.766 probe={'5': 0.83, '40': 0.857, '79': 0.816} 26s
delay_burst3_T80_t2_55: acc=0.772 ret_half=8.964 probe={'5': 0.83, '40': 0.839, '79': 0.819} 27s
delay_burst3_T80_t3_11: acc=0.797 ret_half=0.521 probe={'5': 0.751, '40': 0.823, '79': 0.818} 26s
delay_burst3_T80_t3_44: acc=0.991 ret_half=5.317 probe={'5': 0.837, '40': 0.921, '79': 0.987} 26s
delay_burst3_T80_t3_33: acc=0.982 ret_half=7.283 probe={'5': 0.884, '40': 0.924, '79': 0.992} 27s
delay_burst3_T80_t3_55: acc=0.991 ret_half=3.900 probe={'5': 0.814, '40': 0.906, '79': 0.968} 26s
delay_burst3_T160_t0_11: acc=0.538 ret_half=0.299 probe={'5': 0.666, '80': 0.67, '159': 0.672} 47s
delay_burst3_T160_t0_44: acc=0.526 ret_half=0.228 probe={'5': 0.719, '80': 0.679, '159': 0.689} 48s
delay_burst3_T160_t0_22: acc=0.569 ret_half=0.259 probe={'5': 0.729, '80': 0.69, '159': 0.704} 52s
delay_burst3_T160_t0_33: acc=0.681 ret_half=0.322 probe={'5': 0.688, '80': 0.691, '159': 0.598} 50s
delay_burst3_T160_t0_55: acc=0.618 ret_half=0.256 probe={'5': 0.653, '80': 0.657, '159': 0.648} 50s
delay_burst3_T160_t1_22: acc=0.690 ret_half=0.249 probe={'5': 0.699, '80': 0.689, '159': 0.682} 49s
delay_burst3_T160_t1_33: acc=0.743 ret_half=0.275 probe={'5': 0.727, '80': 0.703, '159': 0.564} 48s
delay_burst3_T160_t1_11: acc=0.767 ret_half=0.212 probe={'5': 0.701, '80': 0.693, '159': 0.65} 49s
delay_burst3_T160_t1_44: acc=0.697 ret_half=0.254 probe={'5': 0.74, '80': 0.758, '159': 0.686} 48s
delay_burst3_T160_t1_55: acc=0.694 ret_half=0.196 probe={'5': 0.676, '80': 0.672, '159': 0.629} 49s
delay_burst3_T160_t2_22: acc=0.763 ret_half=1.959 probe={'5': 0.718, '80': 0.731, '159': 0.697} 48s
delay_burst3_T160_t2_11: acc=0.746 ret_half=3.693 probe={'5': 0.712, '80': 0.712, '159': 0.682} 49s
delay_burst3_T160_t2_33: acc=0.726 ret_half=0.738 probe={'5': 0.728, '80': 0.719, '159': 0.666} 50s
delay_burst3_T160_t2_44: acc=0.739 ret_half=1.075 probe={'5': 0.73, '80': 0.743, '159': 0.812} 50s
delay_burst3_T160_t2_55: acc=0.764 ret_half=1.121 probe={'5': 0.74, '80': 0.719, '159': 0.719} 50s
delay_burst3_T160_t3_11: acc=0.742 ret_half=0.163 probe={'5': 0.716, '80': 0.719, '159': 0.679} 51s
delay_burst5_T80_t0_11: acc=0.729 ret_half=1.665 probe={'5': 0.677, '40': 0.799, '79': 0.779} 25s
delay_burst5_T80_t0_22: acc=0.898 ret_half=2.310 probe={'5': 0.838, '40': 0.856, '79': 0.823} 24s
delay_burst5_T80_t0_33: acc=0.862 ret_half=2.230 probe={'5': 0.833, '40': 0.865, '79': 0.867} 24s
delay_burst5_T80_t0_44: acc=0.982 ret_half=3.874 probe={'5': 0.838, '40': 0.902, '79': 0.973} 24s
delay_burst3_T160_t3_22: acc=0.741 ret_half=0.258 probe={'5': 0.679, '80': 0.686, '159': 0.665} 50s
delay_burst3_T160_t3_33: acc=0.748 ret_half=0.196 probe={'5': 0.73, '80': 0.743, '159': 0.666} 48s
delay_burst3_T160_t3_55: acc=0.730 ret_half=0.162 probe={'5': 0.694, '80': 0.711, '159': 0.703} 48s
delay_burst3_T160_t3_44: acc=0.768 ret_half=0.127 probe={'5': 0.71, '80': 0.714, '159': 0.711} 48s
delay_burst5_T80_t0_55: acc=0.979 ret_half=4.009 probe={'5': 0.826, '40': 0.868, '79': 0.738} 24s
delay_burst5_T80_t1_11: acc=0.953 ret_half=3.974 probe={'5': 0.83, '40': 0.834, '79': 0.865} 26s
delay_burst5_T80_t1_22: acc=0.943 ret_half=3.811 probe={'5': 0.836, '40': 0.869, '79': 0.928} 26s
delay_burst5_T80_t1_33: acc=0.968 ret_half=1.632 probe={'5': 0.883, '40': 0.893, '79': 0.941} 26s
delay_burst5_T80_t1_44: acc=0.972 ret_half=1.690 probe={'5': 0.859, '40': 0.838, '79': 0.91} 26s
delay_burst5_T80_t1_55: acc=0.939 ret_half=1.358 probe={'5': 0.846, '40': 0.814, '79': 0.865} 25s
delay_burst5_T80_t2_11: acc=0.997 ret_half=4.579 probe={'5': 0.77, '40': 0.804, '79': 0.883} 26s
delay_burst5_T80_t2_22: acc=0.973 ret_half=3.619 probe={'5': 0.812, '40': 0.895, '79': 0.923} 27s
delay_burst5_T80_t2_33: acc=0.994 ret_half=8.585 probe={'5': 0.856, '40': 0.854, '79': 0.886} 26s
delay_burst5_T80_t2_44: acc=0.754 ret_half=4.374 probe={'5': 0.741, '40': 0.876, '79': 0.869} 26s
delay_burst5_T80_t2_55: acc=0.991 ret_half=5.407 probe={'5': 0.795, '40': 0.883, '79': 0.976} 25s
delay_burst5_T80_t3_11: acc=0.768 ret_half=0.430 probe={'5': 0.74, '40': 0.807, '79': 0.821} 26s
delay_burst5_T80_t3_22: acc=0.894 ret_half=4.608 probe={'5': 0.82, '40': 0.864, '79': 0.871} 25s
delay_burst5_T80_t3_33: acc=0.983 ret_half=6.192 probe={'5': 0.876, '40': 0.94, '79': 0.99} 24s
delay_burst5_T80_t3_44: acc=0.996 ret_half=5.525 probe={'5': 0.741, '40': 0.97, '79': 0.991} 24s
delay_burst5_T80_t3_55: acc=0.993 ret_half=4.151 probe={'5': 0.834, '40': 0.899, '79': 0.984} 25s
delay_burst5_T160_t0_22: acc=0.550 ret_half=0.191 probe={'5': 0.723, '80': 0.678, '159': 0.684} 47s
delay_burst5_T160_t0_33: acc=0.747 ret_half=1.124 probe={'5': 0.72, '80': 0.697, '159': 0.687} 47s
delay_burst5_T160_t0_11: acc=0.635 ret_half=0.319 probe={'5': 0.677, '80': 0.685, '159': 0.655} 49s
delay_burst5_T160_t0_44: acc=0.536 ret_half=0.178 probe={'5': 0.706, '80': 0.683, '159': 0.673} 48s
delay_burst5_T160_t0_55: acc=0.562 ret_half=0.197 probe={'5': 0.648, '80': 0.647, '159': 0.65} 48s
delay_burst5_T160_t1_11: acc=0.964 ret_half=5.887 probe={'5': 0.727, '80': 0.738, '159': 0.848} 49s
delay_burst5_T160_t1_22: acc=0.740 ret_half=0.191 probe={'5': 0.689, '80': 0.719, '159': 0.652} 49s
delay_burst5_T160_t1_33: acc=0.740 ret_half=0.075 probe={'5': 0.781, '80': 0.748, '159': 0.695} 48s
delay_burst5_T160_t1_44: acc=0.708 ret_half=0.208 probe={'5': 0.715, '80': 0.732, '159': 0.666} 50s
delay_burst5_T160_t2_11: acc=0.749 ret_half=4.253 probe={'5': 0.725, '80': 0.716, '159': 0.706} 50s
delay_burst5_T160_t1_55: acc=0.767 ret_half=0.310 probe={'5': 0.723, '80': 0.701, '159': 0.686} 53s
delay_burst5_T160_t2_22: acc=0.763 ret_half=3.408 probe={'5': 0.728, '80': 0.722, '159': 0.716} 50s
delay_burst5_T160_t2_33: acc=0.774 ret_half=2.845 probe={'5': 0.731, '80': 0.744, '159': 0.812} 48s
delay_burst5_T160_t3_11: acc=0.765 ret_half=0.058 probe={'5': 0.711, '80': 0.688, '159': 0.678} 48s
delay_burst5_T160_t2_44: acc=0.737 ret_half=1.799 probe={'5': 0.721, '80': 0.722, '159': 0.703} 50s
delay_burst5_T160_t2_55: acc=0.742 ret_half=1.215 probe={'5': 0.731, '80': 0.729, '159': 0.8} 49s
delay_decay-fast_T80_t0_11: acc=0.715 ret_half=1.861 probe={'5': 0.705, '40': 0.719, '79': 0.74} 25s
delay_decay-fast_T80_t0_22: acc=0.678 ret_half=1.560 probe={'5': 0.768, '40': 0.851, '79': 0.781} 26s
delay_decay-fast_T80_t0_33: acc=0.809 ret_half=2.197 probe={'5': 0.841, '40': 0.827, '79': 0.833} 25s
delay_decay-fast_T80_t0_44: acc=0.784 ret_half=4.646 probe={'5': 0.796, '40': 0.88, '79': 0.943} 26s
delay_burst5_T160_t3_33: acc=0.755 ret_half=0.483 probe={'5': 0.72, '80': 0.714, '159': 0.709} 47s
delay_burst5_T160_t3_22: acc=0.759 ret_half=0.189 probe={'5': 0.669, '80': 0.679, '159': 0.653} 49s
delay_burst5_T160_t3_44: acc=0.776 ret_half=0.089 probe={'5': 0.709, '80': 0.676, '159': 0.867} 48s
delay_burst5_T160_t3_55: acc=0.755 ret_half=0.214 probe={'5': 0.699, '80': 0.668, '159': 0.7} 49s
delay_decay-fast_T80_t0_55: acc=0.962 ret_half=4.274 probe={'5': 0.669, '40': 0.792, '79': 0.677} 28s
delay_decay-fast_T80_t1_22: acc=0.938 ret_half=2.391 probe={'5': 0.732, '40': 0.832, '79': 0.887} 25s
delay_decay-fast_T80_t1_11: acc=0.937 ret_half=3.062 probe={'5': 0.76, '40': 0.779, '79': 0.836} 26s
delay_decay-fast_T80_t1_33: acc=0.963 ret_half=1.694 probe={'5': 0.883, '40': 0.855, '79': 0.928} 26s
delay_decay-fast_T80_t1_44: acc=0.954 ret_half=1.732 probe={'5': 0.74, '40': 0.82, '79': 0.889} 26s
delay_decay-fast_T80_t1_55: acc=0.929 ret_half=1.362 probe={'5': 0.818, '40': 0.809, '79': 0.844} 25s
delay_decay-fast_T80_t2_11: acc=0.971 ret_half=4.458 probe={'5': 0.738, '40': 0.803, '79': 0.874} 27s
delay_decay-fast_T80_t2_22: acc=0.969 ret_half=3.723 probe={'5': 0.798, '40': 0.887, '79': 0.916} 26s
delay_decay-fast_T80_t2_33: acc=0.988 ret_half=6.856 probe={'5': 0.793, '40': 0.839, '79': 0.918} 26s
delay_decay-fast_T80_t2_44: acc=0.756 ret_half=5.532 probe={'5': 0.752, '40': 0.885, '79': 0.859} 27s
delay_decay-fast_T80_t2_55: acc=0.769 ret_half=7.776 probe={'5': 0.828, '40': 0.833, '79': 0.818} 26s
delay_decay-fast_T80_t3_11: acc=0.850 ret_half=1.173 probe={'5': 0.737, '40': 0.834, '79': 0.843} 26s
delay_decay-fast_T80_t3_33: acc=0.982 ret_half=6.633 probe={'5': 0.747, '40': 0.918, '79': 0.986} 26s
delay_decay-fast_T80_t3_22: acc=0.772 ret_half=0.558 probe={'5': 0.687, '40': 0.808, '79': 0.861} 26s
delay_decay-fast_T80_t3_55: acc=0.993 ret_half=3.519 probe={'5': 0.747, '40': 0.91, '79': 0.973} 25s
delay_decay-fast_T80_t3_44: acc=0.993 ret_half=5.578 probe={'5': 0.72, '40': 0.945, '79': 0.982} 26s
delay_decay-fast_T160_t0_11: acc=0.547 ret_half=0.259 probe={'5': 0.679, '80': 0.672, '159': 0.661} 48s
delay_decay-fast_T160_t0_22: acc=0.564 ret_half=0.206 probe={'5': 0.734, '80': 0.715, '159': 0.693} 48s
delay_decay-fast_T160_t0_33: acc=0.668 ret_half=1.230 probe={'5': 0.734, '80': 0.699, '159': 0.628} 49s
delay_decay-fast_T160_t0_44: acc=0.526 ret_half=0.187 probe={'5': 0.734, '80': 0.7, '159': 0.675} 48s
delay_decay-fast_T160_t0_55: acc=0.579 ret_half=0.200 probe={'5': 0.665, '80': 0.648, '159': 0.643} 48s
delay_decay-fast_T160_t1_11: acc=0.764 ret_half=0.539 probe={'5': 0.752, '80': 0.674, '159': 0.65} 48s
delay_decay-fast_T160_t1_22: acc=0.706 ret_half=0.202 probe={'5': 0.732, '80': 0.699, '159': 0.668} 49s
delay_decay-fast_T160_t1_33: acc=0.740 ret_half=0.210 probe={'5': 0.775, '80': 0.74, '159': 0.582} 49s
delay_decay-fast_T160_t1_44: acc=0.701 ret_half=0.210 probe={'5': 0.742, '80': 0.73, '159': 0.678} 53s
delay_decay-fast_T160_t1_55: acc=0.711 ret_half=0.188 probe={'5': 0.68, '80': 0.676, '159': 0.617} 53s
delay_decay-fast_T160_t2_11: acc=0.747 ret_half=3.016 probe={'5': 0.729, '80': 0.709, '159': 0.677} 53s
delay_decay-fast_T160_t2_22: acc=0.760 ret_half=2.181 probe={'5': 0.753, '80': 0.747, '159': 0.7} 55s
delay_decay-fast_T160_t2_33: acc=0.738 ret_half=0.721 probe={'5': 0.74, '80': 0.739, '159': 0.678} 54s
delay_decay-fast_T160_t2_44: acc=0.744 ret_half=1.042 probe={'5': 0.748, '80': 0.736, '159': 0.744} 53s
delay_decay-fast_T160_t2_55: acc=0.738 ret_half=1.027 probe={'5': 0.734, '80': 0.72, '159': 0.756} 51s
delay_decay-fast_T160_t3_11: acc=0.736 ret_half=0.118 probe={'5': 0.73, '80': 0.717, '159': 0.663} 53s
delay_decay-slow_T80_t0_22: acc=0.857 ret_half=2.393 probe={'5': 0.842, '40': 0.857, '79': 0.846} 24s
delay_decay-slow_T80_t0_11: acc=0.809 ret_half=1.783 probe={'5': 0.712, '40': 0.828, '79': 0.788} 26s
delay_decay-slow_T80_t0_33: acc=0.894 ret_half=2.201 probe={'5': 0.826, '40': 0.869, '79': 0.874} 25s
delay_decay-slow_T80_t0_44: acc=0.968 ret_half=3.476 probe={'5': 0.831, '40': 0.901, '79': 0.955} 26s
delay_decay-fast_T160_t3_22: acc=0.757 ret_half=0.207 probe={'5': 0.678, '80': 0.673, '159': 0.679} 48s
delay_decay-fast_T160_t3_33: acc=0.752 ret_half=0.109 probe={'5': 0.75, '80': 0.734, '159': 0.675} 48s
delay_decay-fast_T160_t3_44: acc=0.769 ret_half=0.100 probe={'5': 0.716, '80': 0.711, '159': 0.702} 50s
delay_decay-fast_T160_t3_55: acc=0.732 ret_half=0.148 probe={'5': 0.705, '80': 0.69, '159': 0.722} 49s
delay_decay-slow_T80_t0_55: acc=0.962 ret_half=2.454 probe={'5': 0.71, '40': 0.827, '79': 0.688} 25s
delay_decay-slow_T80_t1_11: acc=0.951 ret_half=3.715 probe={'5': 0.807, '40': 0.838, '79': 0.873} 26s
delay_decay-slow_T80_t1_22: acc=0.941 ret_half=3.549 probe={'5': 0.738, '40': 0.859, '79': 0.912} 26s
delay_decay-slow_T80_t1_33: acc=0.968 ret_half=1.617 probe={'5': 0.871, '40': 0.887, '79': 0.902} 26s
delay_decay-slow_T80_t1_44: acc=0.971 ret_half=1.669 probe={'5': 0.74, '40': 0.838, '79': 0.908} 27s
delay_decay-slow_T80_t1_55: acc=0.939 ret_half=1.339 probe={'5': 0.826, '40': 0.803, '79': 0.865} 27s
delay_decay-slow_T80_t2_11: acc=0.997 ret_half=4.478 probe={'5': 0.729, '40': 0.809, '79': 0.874} 27s
delay_decay-slow_T80_t2_33: acc=0.994 ret_half=8.346 probe={'5': 0.859, '40': 0.845, '79': 0.88} 26s
delay_decay-slow_T80_t2_22: acc=0.968 ret_half=3.012 probe={'5': 0.845, '40': 0.864, '79': 0.898} 27s
delay_decay-slow_T80_t2_44: acc=0.763 ret_half=5.765 probe={'5': 0.742, '40': 0.877, '79': 0.887} 27s
delay_decay-slow_T80_t2_55: acc=0.991 ret_half=5.392 probe={'5': 0.797, '40': 0.877, '79': 0.975} 27s
delay_decay-slow_T80_t3_11: acc=0.768 ret_half=0.448 probe={'5': 0.724, '40': 0.813, '79': 0.818} 27s
delay_decay-slow_T80_t3_22: acc=0.803 ret_half=7.573 probe={'5': 0.816, '40': 0.886, '79': 0.763} 25s
delay_decay-slow_T80_t3_33: acc=0.987 ret_half=5.948 probe={'5': 0.86, '40': 0.951, '79': 0.996} 24s
delay_decay-slow_T80_t3_55: acc=0.994 ret_half=3.917 probe={'5': 0.731, '40': 0.884, '79': 0.989} 25s
delay_decay-slow_T80_t3_44: acc=0.994 ret_half=5.597 probe={'5': 0.733, '40': 0.971, '79': 0.995} 26s
delay_decay-slow_T160_t0_11: acc=0.631 ret_half=0.312 probe={'5': 0.683, '80': 0.673, '159': 0.655} 49s
delay_decay-slow_T160_t0_22: acc=0.551 ret_half=0.191 probe={'5': 0.732, '80': 0.753, '159': 0.686} 50s
delay_decay-slow_T160_t0_33: acc=0.735 ret_half=1.186 probe={'5': 0.738, '80': 0.695, '159': 0.689} 49s
delay_decay-slow_T160_t0_44: acc=0.535 ret_half=0.177 probe={'5': 0.745, '80': 0.686, '159': 0.674} 52s
delay_decay-slow_T160_t0_55: acc=0.552 ret_half=0.194 probe={'5': 0.659, '80': 0.668, '159': 0.651} 50s
delay_decay-slow_T160_t1_11: acc=0.953 ret_half=5.061 probe={'5': 0.738, '80': 0.82, '159': 0.898} 49s
delay_decay-slow_T160_t1_22: acc=0.738 ret_half=0.190 probe={'5': 0.715, '80': 0.719, '159': 0.652} 48s
delay_decay-slow_T160_t1_33: acc=0.745 ret_half=0.061 probe={'5': 0.762, '80': 0.752, '159': 0.672} 49s
delay_decay-slow_T160_t1_44: acc=0.708 ret_half=0.204 probe={'5': 0.744, '80': 0.736, '159': 0.67} 49s
delay_decay-slow_T160_t2_11: acc=0.749 ret_half=4.203 probe={'5': 0.733, '80': 0.715, '159': 0.705} 46s
delay_decay-slow_T160_t1_55: acc=0.762 ret_half=0.283 probe={'5': 0.672, '80': 0.686, '159': 0.686} 49s
delay_decay-slow_T160_t2_22: acc=0.763 ret_half=3.471 probe={'5': 0.726, '80': 0.72, '159': 0.712} 48s
delay_decay-slow_T160_t2_44: acc=0.739 ret_half=1.732 probe={'5': 0.723, '80': 0.721, '159': 0.703} 50s
delay_decay-slow_T160_t2_33: acc=0.773 ret_half=2.617 probe={'5': 0.753, '80': 0.748, '159': 0.812} 51s
delay_decay-slow_T160_t2_55: acc=0.740 ret_half=1.197 probe={'5': 0.735, '80': 0.73, '159': 0.768} 48s
delay_decay-slow_T160_t3_11: acc=0.765 ret_half=0.053 probe={'5': 0.703, '80': 0.689, '159': 0.685} 49s
delay_decay-slow_T160_t3_22: acc=0.756 ret_half=0.191 probe={'5': 0.693, '80': 0.673, '159': 0.672} 38s
delay_decay-slow_T160_t3_44: acc=0.776 ret_half=0.089 probe={'5': 0.711, '80': 0.674, '159': 0.867} 37s
delay_decay-slow_T160_t3_33: acc=0.757 ret_half=0.402 probe={'5': 0.75, '80': 0.717, '159': 0.707} 39s
delay_decay-slow_T160_t3_55: acc=0.751 ret_half=0.209 probe={'5': 0.7, '80': 0.668, '159': 0.7} 35s
all 200 jobs in 945.0 s
