sched jobs 30 out /mnt/d/betterNN/flow_mvp_v24/results/sched_chain
sched_single_xor_T80_33: acc=0.997 best=1.000 w=A:0.07,c1:0.24,distractor:0.46,B:0.99,c2:1.83,all:0.88,active:0.72 673s
sched_single_xor_T80_22: acc=0.871 best=0.906 w=A:0.56,c1:0.86,distractor:1.16,B:1.42,c2:0.89,all:1.09,active:0.98 674s
sched_single_xorsw_T80_11: acc=0.999 best=1.000 w=A:0.00,c1:0.00,distractor:0.01,B:0.09,c2:1.99,all:0.50,active:0.42 676s
sched_single_xor_T80_11: acc=0.973 best=1.000 w=A:0.81,c1:1.43,distractor:1.80,B:1.93,c2:1.97,all:1.69,active:1.59 680s
sched_single_xor_T80_44: acc=0.747 best=0.754 w=A:0.11,c1:0.65,distractor:1.58,B:1.91,c2:0.03,all:0.95,active:0.86 682s
sched_single_xor_T80_55: acc=0.999 best=1.000 w=A:0.56,c1:0.54,distractor:0.49,B:0.47,c2:0.72,all:0.55,active:0.56 688s
sched_single_xorsw_T80_22: acc=0.998 best=1.000 w=A:0.12,c1:0.19,distractor:0.17,B:0.21,c2:1.80,all:0.55,active:0.50 541s
sched_single_xorsw_T80_33: acc=1.000 best=1.000 w=A:0.25,c1:0.23,distractor:0.20,B:0.18,c2:1.11,all:0.40,active:0.39 550s
sched_single_xorsw_T80_44: acc=1.000 best=1.000 w=A:0.06,c1:0.08,distractor:0.11,B:0.19,c2:1.94,all:0.55,active:0.47 557s
sched_single_xorsw_T80_55: acc=1.000 best=1.000 w=A:0.03,c1:0.08,distractor:0.12,B:0.24,c2:1.99,all:0.59,active:0.49 557s
sched_burst5_xor_T80_11: acc=1.000 best=1.000 w=A:1.99,c1:1.99,distractor:2.00,B:2.00,c2:1.94,all:1.99,active:1.98 570s
sched_burst5_xor_T80_22: acc=0.733 best=0.789 w=A:1.45,c1:1.28,distractor:1.07,B:0.85,c2:0.02,all:0.83,active:0.94 575s
sched_burst5_xor_T80_33: acc=1.000 best=1.000 w=A:0.43,c1:0.70,distractor:1.06,B:1.43,c2:1.88,all:1.23,active:1.10 546s
sched_burst5_xor_T80_44: acc=0.998 best=1.000 w=A:0.29,c1:1.02,distractor:1.60,B:1.89,c2:1.26,all:1.37,active:1.21 548s
sched_burst5_xor_T80_55: acc=1.000 best=1.000 w=A:1.90,c1:1.92,distractor:1.94,B:1.96,c2:1.41,all:1.84,active:1.83 562s
sched_burst5_xorsw_T80_11: acc=0.934 best=1.000 w=A:1.26,c1:1.59,distractor:1.86,B:1.96,c2:2.00,all:1.81,active:1.73 565s
sched_burst5_xorsw_T80_22: acc=1.000 best=0.992 w=A:0.34,c1:0.36,distractor:0.32,B:0.32,c2:1.71,all:0.64,active:0.61 559s
sched_burst5_xorsw_T80_33: acc=1.000 best=1.000 w=A:0.12,c1:0.18,distractor:0.17,B:0.21,c2:1.63,all:0.52,active:0.46 564s
sched_burst5_xorsw_T80_44: acc=1.000 best=1.000 w=A:0.64,c1:0.87,distractor:0.87,B:0.99,c2:1.95,all:1.10,active:1.07 556s
sched_burst5_xorsw_T80_55: acc=0.997 best=1.000 w=A:0.41,c1:0.45,distractor:0.47,B:0.51,c2:1.85,all:0.80,active:0.74 559s
sched_decay-slow_xor_T80_11: acc=0.999 best=1.000 w=A:0.28,c1:1.04,distractor:1.78,B:1.96,c2:1.98,all:1.56,active:1.41 564s
sched_decay-slow_xor_T80_22: acc=0.734 best=0.801 w=A:1.42,c1:1.33,distractor:1.21,B:1.08,c2:0.07,all:0.94,active:1.02 560s
sched_decay-slow_xor_T80_33: acc=1.000 best=1.000 w=A:1.99,c1:1.99,distractor:1.99,B:1.99,c2:1.97,all:1.99,active:1.99 562s
sched_decay-slow_xor_T80_44: acc=1.000 best=1.000 w=A:0.08,c1:0.47,distractor:1.42,B:1.91,c2:1.94,all:1.35,active:1.16 565s
sched_decay-slow_xor_T80_55: acc=0.999 best=1.000 w=A:1.96,c1:1.98,distractor:1.99,B:1.99,c2:1.96,all:1.98,active:1.98 574s
sched_decay-slow_xorsw_T80_11: acc=0.999 best=1.000 w=A:0.01,c1:0.04,distractor:0.04,B:0.08,c2:1.96,all:0.50,active:0.43 577s
sched_decay-slow_xorsw_T80_22: acc=0.998 best=1.000 w=A:0.37,c1:0.40,distractor:0.32,B:0.28,c2:1.80,all:0.65,active:0.63 582s
sched_decay-slow_xorsw_T80_33: acc=0.997 best=1.000 w=A:0.34,c1:0.44,distractor:0.32,B:0.27,c2:1.31,all:0.52,active:0.54 581s
sched_decay-slow_xorsw_T80_44: acc=1.000 best=0.996 w=A:0.79,c1:0.82,distractor:0.70,B:0.62,c2:1.50,all:0.86,active:0.89 577s
sched_decay-slow_xorsw_T80_55: acc=0.999 best=1.000 w=A:0.59,c1:0.63,distractor:0.65,B:0.68,c2:1.83,all:0.93,active:0.88 577s
all 30 jobs in 2970.0 s
