/workspace/scratch/6b2fc80f6468/flow_mvp_v5/run.py:55: UserWarning: Converting a tensor with requires_grad=True to a scalar may lead to unexpected behavior.
Consider using tensor.detach() first. (Triggered internally at /__w/pytorch/pytorch/torch/csrc/autograd/generated/python_variable_methods.cpp:820.)
  opt.zero_grad(set_to_none=True);loss=F.binary_cross_entropy_with_logits(model(train[0][ids],train[1][ids]),train[2][ids]);loss.backward();nn.utils.clip_grad_norm_(model.parameters(),1.);opt.step();total+=float(loss)*len(ids)
frozen_11_0 0.4912 0.3955
frozen_11_10 0.4355 0.3384
frozen_11_5 0.4194 0.3467
slow_11_0 0.562 0.562
slow_11_10 0.5532 0.5063
slow_11_5 0.5547 0.5396
joint_11_0 0.9902 0.9985
joint_11_10 0.9902 0.999
joint_11_5 0.9897 0.999
gru_11_0 0.9663 0.8774
gru_11_10 0.3647 0.2583
gru_11_5 0.3057 0.251
frozen_22_0 0.5669 0.4346
frozen_22_10 0.4282 0.3857
frozen_22_5 0.4194 0.4478
slow_22_0 0.6353 0.54
slow_22_10 0.5073 0.4458
slow_22_5 0.501 0.4473
joint_22_0 0.9927 1.0
joint_22_10 0.9917 0.999
joint_22_5 0.9917 0.9995
gru_22_0 0.6558 0.6382
gru_22_10 0.4956 0.4023
gru_22_5 0.478 0.3755
frozen_33_0 0.6421 0.5664
frozen_33_10 0.5044 0.4248
frozen_33_5 0.4946 0.4263
slow_33_0 0.6641 0.6694
slow_33_10 0.645 0.6343
slow_33_5 0.6523 0.6367
joint_33_0 0.9902 0.9976
joint_33_10 0.9897 0.9966
joint_33_5 0.9878 0.9966
gru_33_0 0.9819 0.5991
gru_33_10 0.3345 0.2632
gru_33_5 0.335 0.3101
