device cpu orders ['o0'] ratios [0, 0.0625, 0.125] epochs 65
o0_flowv2_r0_11 stage 0 [0.999, 0.525, 0.754, 0.725]
o0_flowv2_r0_11 stage 1 [0.516, 0.988, 0.514, 0.679]
o0_flowv2_r0_11 stage 2 [0.76, 0.524, 1.0, 0.725]
o0_flowv2_r0_11 stage 3 [0.76, 0.763, 0.754, 1.0]
o0_flowv2_r6.25_11 stage 0 [0.999, 0.525, 0.754, 0.725]
o0_flowv2_r6.25_11 stage 1 [0.911, 0.99, 0.512, 0.624]
o0_flowv2_r6.25_11 stage 2 [0.999, 0.777, 1.0, 0.725]
o0_flowv2_r6.25_11 stage 3 [0.969, 0.979, 0.765, 1.0]
o0_flowv2_r12.5_11 stage 0 [0.999, 0.525, 0.754, 0.725]
o0_flowv2_r12.5_11 stage 1 [0.964, 0.994, 0.513, 0.644]
o0_flowv2_r12.5_11 stage 2 [1.0, 0.795, 1.0, 0.725]
o0_flowv2_r12.5_11 stage 3 [0.982, 0.981, 0.948, 1.0]
o0_flowv2_r0_22 stage 0 [0.998, 0.515, 0.733, 0.742]
o0_flowv2_r0_22 stage 1 [0.5, 0.988, 0.502, 0.75]
o0_flowv2_r0_22 stage 2 [0.733, 0.516, 0.998, 0.74]
o0_flowv2_r0_22 stage 3 [0.736, 0.759, 0.734, 1.0]
o0_flowv2_r6.25_22 stage 0 [0.998, 0.515, 0.733, 0.742]
o0_flowv2_r6.25_22 stage 1 [0.932, 0.995, 0.511, 0.757]
o0_flowv2_r6.25_22 stage 2 [0.998, 0.553, 0.997, 0.739]
o0_flowv2_r6.25_22 stage 3 [0.997, 0.998, 0.997, 1.0]
o0_flowv2_r12.5_22 stage 0 [0.998, 0.515, 0.733, 0.742]
o0_flowv2_r12.5_22 stage 1 [0.941, 0.995, 0.512, 0.758]
o0_flowv2_r12.5_22 stage 2 [0.999, 0.905, 0.997, 0.73]
o0_flowv2_r12.5_22 stage 3 [0.999, 0.999, 0.999, 1.0]
o0_flowv2_r0_33 stage 0 [0.991, 0.527, 0.754, 0.765]
o0_flowv2_r0_33 stage 1 [0.696, 0.764, 0.497, 0.499]
o0_flowv2_r0_33 stage 2 [0.771, 0.526, 0.997, 0.754]
o0_flowv2_r0_33 stage 3 [0.768, 0.749, 0.763, 0.999]
o0_flowv2_r6.25_33 stage 0 [0.991, 0.527, 0.754, 0.765]
o0_flowv2_r6.25_33 stage 1 [0.934, 0.823, 0.526, 0.589]
o0_flowv2_r6.25_33 stage 2 [0.973, 0.766, 0.997, 0.754]
o0_flowv2_r6.25_33 stage 3 [0.809, 0.985, 0.986, 0.996]
o0_flowv2_r12.5_33 stage 0 [0.991, 0.527, 0.754, 0.765]
o0_flowv2_r12.5_33 stage 1 [0.932, 0.838, 0.57, 0.681]
o0_flowv2_r12.5_33 stage 2 [0.99, 0.773, 0.997, 0.754]
o0_flowv2_r12.5_33 stage 3 [0.957, 0.99, 0.99, 0.997]
o0_flowv2_r0_44 stage 0 [0.998, 0.495, 0.753, 0.761]
o0_flowv2_r0_44 stage 1 [0.494, 0.991, 0.514, 0.775]
o0_flowv2_r0_44 stage 2 [0.755, 0.493, 0.997, 0.76]
o0_flowv2_r0_44 stage 3 [0.756, 0.729, 0.757, 1.0]
o0_flowv2_r6.25_44 stage 0 [0.998, 0.495, 0.753, 0.761]
o0_flowv2_r6.25_44 stage 1 [0.935, 0.991, 0.519, 0.777]
o0_flowv2_r6.25_44 stage 2 [0.756, 0.972, 0.999, 0.759]
o0_flowv2_r6.25_44 stage 3 [1.0, 0.985, 0.754, 0.999]
o0_flowv2_r12.5_44 stage 0 [0.998, 0.495, 0.753, 0.761]
o0_flowv2_r12.5_44 stage 1 [0.963, 0.991, 0.521, 0.777]
o0_flowv2_r12.5_44 stage 2 [0.756, 0.956, 1.0, 0.759]
o0_flowv2_r12.5_44 stage 3 [1.0, 0.987, 0.994, 0.999]
o0_flowv2_r0_55 stage 0 [0.999, 0.493, 0.751, 0.756]
o0_flowv2_r0_55 stage 1 [0.523, 0.992, 0.487, 0.748]
o0_flowv2_r0_55 stage 2 [0.77, 0.492, 0.999, 0.753]
o0_flowv2_r0_55 stage 3 [0.77, 0.774, 0.752, 1.0]
o0_flowv2_r6.25_55 stage 0 [0.999, 0.493, 0.751, 0.756]
o0_flowv2_r6.25_55 stage 1 [0.961, 0.992, 0.488, 0.747]
o0_flowv2_r6.25_55 stage 2 [1.0, 0.915, 0.999, 0.752]
o0_flowv2_r6.25_55 stage 3 [1.0, 0.987, 0.994, 0.997]
o0_flowv2_r12.5_55 stage 0 [0.999, 0.493, 0.751, 0.756]
o0_flowv2_r12.5_55 stage 1 [0.971, 0.992, 0.488, 0.746]
o0_flowv2_r12.5_55 stage 2 [1.0, 0.948, 0.999, 0.753]
o0_flowv2_r12.5_55 stage 3 [1.0, 0.99, 0.997, 0.997]
