device cpu orders ['o1'] ratios [0, 0.0625, 0.125] epochs 65
o1_flowv2_r0_11 stage 0 [0.756, 0.763, 0.753, 1.0]
o1_flowv2_r0_11 stage 1 [0.757, 0.525, 0.998, 0.725]
o1_flowv2_r0_11 stage 2 [0.517, 0.999, 0.512, 0.689]
o1_flowv2_r0_11 stage 3 [0.998, 0.536, 0.754, 0.725]
o1_flowv2_r6.25_11 stage 0 [0.756, 0.763, 0.753, 1.0]
o1_flowv2_r6.25_11 stage 1 [0.761, 0.526, 0.998, 0.978]
o1_flowv2_r6.25_11 stage 2 [0.519, 0.999, 0.986, 1.0]
o1_flowv2_r6.25_11 stage 3 [0.998, 0.914, 1.0, 1.0]
o1_flowv2_r12.5_11 stage 0 [0.756, 0.763, 0.753, 1.0]
o1_flowv2_r12.5_11 stage 1 [0.771, 0.528, 0.998, 0.983]
o1_flowv2_r12.5_11 stage 2 [0.519, 0.999, 0.988, 1.0]
o1_flowv2_r12.5_11 stage 3 [0.998, 0.966, 1.0, 1.0]
o1_flowv2_r0_22 stage 0 [0.735, 0.756, 0.734, 1.0]
o1_flowv2_r0_22 stage 1 [0.729, 0.519, 0.993, 0.734]
o1_flowv2_r0_22 stage 2 [0.499, 0.999, 0.502, 0.751]
o1_flowv2_r0_22 stage 3 [0.999, 0.519, 0.734, 0.743]
o1_flowv2_r6.25_22 stage 0 [0.735, 0.756, 0.734, 1.0]
o1_flowv2_r6.25_22 stage 1 [0.734, 0.521, 0.996, 0.962]
o1_flowv2_r6.25_22 stage 2 [0.525, 0.998, 0.942, 0.999]
o1_flowv2_r6.25_22 stage 3 [0.998, 0.998, 1.0, 1.0]
o1_flowv2_r12.5_22 stage 0 [0.735, 0.756, 0.734, 1.0]
o1_flowv2_r12.5_22 stage 1 [0.735, 0.523, 0.996, 0.991]
o1_flowv2_r12.5_22 stage 2 [0.584, 0.998, 0.979, 1.0]
o1_flowv2_r12.5_22 stage 3 [0.998, 0.998, 1.0, 1.0]
o1_flowv2_r0_33 stage 0 [0.761, 0.754, 0.748, 0.995]
o1_flowv2_r0_33 stage 1 [0.766, 0.524, 0.996, 0.751]
o1_flowv2_r0_33 stage 2 [0.53, 0.999, 0.516, 0.751]
o1_flowv2_r0_33 stage 3 [0.999, 0.527, 0.761, 0.753]
o1_flowv2_r6.25_33 stage 0 [0.761, 0.754, 0.748, 0.995]
o1_flowv2_r6.25_33 stage 1 [0.766, 0.527, 0.997, 0.965]
o1_flowv2_r6.25_33 stage 2 [0.53, 0.998, 0.743, 0.981]
o1_flowv2_r6.25_33 stage 3 [0.999, 0.984, 1.0, 1.0]
o1_flowv2_r12.5_33 stage 0 [0.761, 0.754, 0.748, 0.995]
o1_flowv2_r12.5_33 stage 1 [0.767, 0.531, 0.997, 0.96]
o1_flowv2_r12.5_33 stage 2 [0.53, 0.998, 0.741, 0.981]
o1_flowv2_r12.5_33 stage 3 [0.999, 0.998, 1.0, 1.0]
o1_flowv2_r0_44 stage 0 [0.753, 0.729, 0.754, 0.999]
o1_flowv2_r0_44 stage 1 [0.754, 0.495, 0.999, 0.762]
o1_flowv2_r0_44 stage 2 [0.48, 0.997, 0.502, 0.768]
o1_flowv2_r0_44 stage 3 [0.996, 0.506, 0.758, 0.767]
o1_flowv2_r6.25_44 stage 0 [0.753, 0.729, 0.754, 0.999]
o1_flowv2_r6.25_44 stage 1 [0.754, 0.5, 0.999, 0.975]
o1_flowv2_r6.25_44 stage 2 [0.481, 0.996, 0.737, 0.983]
o1_flowv2_r6.25_44 stage 3 [0.997, 0.978, 0.999, 0.993]
o1_flowv2_r12.5_44 stage 0 [0.753, 0.729, 0.754, 0.999]
o1_flowv2_r12.5_44 stage 1 [0.754, 0.507, 0.999, 0.984]
o1_flowv2_r12.5_44 stage 2 [0.483, 0.996, 0.784, 0.996]
o1_flowv2_r12.5_44 stage 3 [0.997, 0.99, 0.994, 0.995]
o1_flowv2_r0_55 stage 0 [0.77, 0.774, 0.751, 0.998]
o1_flowv2_r0_55 stage 1 [0.767, 0.494, 0.993, 0.753]
o1_flowv2_r0_55 stage 2 [0.519, 1.0, 0.484, 0.748]
o1_flowv2_r0_55 stage 3 [1.0, 0.521, 0.751, 0.756]
o1_flowv2_r6.25_55 stage 0 [0.77, 0.774, 0.751, 0.998]
o1_flowv2_r6.25_55 stage 1 [0.767, 0.509, 0.993, 0.974]
o1_flowv2_r6.25_55 stage 2 [0.524, 1.0, 0.887, 0.997]
o1_flowv2_r6.25_55 stage 3 [0.999, 1.0, 1.0, 0.998]
o1_flowv2_r12.5_55 stage 0 [0.77, 0.774, 0.751, 0.998]
o1_flowv2_r12.5_55 stage 1 [0.769, 0.517, 0.993, 0.976]
o1_flowv2_r12.5_55 stage 2 [0.526, 1.0, 0.972, 0.997]
o1_flowv2_r12.5_55 stage 3 [1.0, 1.0, 1.0, 0.998]
