device cpu orders ['o2'] ratios [0, 0.0625, 0.125] epochs 65
o2_flowv2_r0_11 stage 0 [0.517, 0.99, 0.525, 0.728]
o2_flowv2_r0_11 stage 1 [0.758, 0.764, 0.753, 1.0]
o2_flowv2_r0_11 stage 2 [0.999, 0.525, 0.754, 0.731]
o2_flowv2_r0_11 stage 3 [0.76, 0.523, 1.0, 0.725]
o2_flowv2_r6.25_11 stage 0 [0.517, 0.99, 0.525, 0.728]
o2_flowv2_r6.25_11 stage 1 [0.753, 0.945, 0.746, 1.0]
o2_flowv2_r6.25_11 stage 2 [0.999, 0.748, 0.754, 1.0]
o2_flowv2_r6.25_11 stage 3 [0.999, 0.76, 1.0, 1.0]
o2_flowv2_r12.5_11 stage 0 [0.517, 0.99, 0.525, 0.728]
o2_flowv2_r12.5_11 stage 1 [0.75, 0.95, 0.738, 0.999]
o2_flowv2_r12.5_11 stage 2 [0.997, 0.757, 0.754, 1.0]
o2_flowv2_r12.5_11 stage 3 [0.999, 0.995, 1.0, 1.0]
o2_flowv2_r0_22 stage 0 [0.498, 0.998, 0.502, 0.75]
o2_flowv2_r0_22 stage 1 [0.729, 0.762, 0.73, 1.0]
o2_flowv2_r0_22 stage 2 [0.998, 0.514, 0.735, 0.743]
o2_flowv2_r0_22 stage 3 [0.735, 0.514, 1.0, 0.743]
o2_flowv2_r6.25_22 stage 0 [0.498, 0.998, 0.502, 0.75]
o2_flowv2_r6.25_22 stage 1 [0.703, 0.998, 0.729, 1.0]
o2_flowv2_r6.25_22 stage 2 [0.999, 0.752, 0.733, 1.0]
o2_flowv2_r6.25_22 stage 3 [1.0, 0.986, 0.999, 1.0]
o2_flowv2_r12.5_22 stage 0 [0.498, 0.998, 0.502, 0.75]
o2_flowv2_r12.5_22 stage 1 [0.683, 0.998, 0.727, 1.0]
o2_flowv2_r12.5_22 stage 2 [0.998, 0.986, 0.73, 0.999]
o2_flowv2_r12.5_22 stage 3 [1.0, 0.999, 0.998, 1.0]
o2_flowv2_r0_33 stage 0 [0.528, 0.999, 0.516, 0.748]
o2_flowv2_r0_33 stage 1 [0.759, 0.758, 0.75, 0.994]
o2_flowv2_r0_33 stage 2 [1.0, 0.521, 0.759, 0.752]
o2_flowv2_r0_33 stage 3 [0.768, 0.521, 0.998, 0.75]
o2_flowv2_r6.25_33 stage 0 [0.528, 0.999, 0.516, 0.748]
o2_flowv2_r6.25_33 stage 1 [0.743, 0.994, 0.746, 0.992]
o2_flowv2_r6.25_33 stage 2 [0.998, 0.77, 0.758, 1.0]
o2_flowv2_r6.25_33 stage 3 [1.0, 0.771, 0.997, 1.0]
o2_flowv2_r12.5_33 stage 0 [0.528, 0.999, 0.516, 0.748]
o2_flowv2_r12.5_33 stage 1 [0.733, 0.995, 0.745, 0.992]
o2_flowv2_r12.5_33 stage 2 [0.997, 0.779, 0.758, 1.0]
o2_flowv2_r12.5_33 stage 3 [0.999, 0.995, 0.996, 0.999]
o2_flowv2_r0_44 stage 0 [0.479, 0.998, 0.502, 0.768]
o2_flowv2_r0_44 stage 1 [0.755, 0.73, 0.755, 0.998]
o2_flowv2_r0_44 stage 2 [0.999, 0.494, 0.759, 0.765]
o2_flowv2_r0_44 stage 3 [0.756, 0.494, 1.0, 0.763]
o2_flowv2_r6.25_44 stage 0 [0.479, 0.998, 0.502, 0.768]
o2_flowv2_r6.25_44 stage 1 [0.755, 0.994, 0.754, 0.998]
o2_flowv2_r6.25_44 stage 2 [1.0, 0.759, 0.758, 0.985]
o2_flowv2_r6.25_44 stage 3 [0.994, 0.988, 0.999, 0.991]
o2_flowv2_r12.5_44 stage 0 [0.479, 0.998, 0.502, 0.768]
o2_flowv2_r12.5_44 stage 1 [0.754, 0.995, 0.755, 0.997]
o2_flowv2_r12.5_44 stage 2 [1.0, 0.762, 0.758, 0.985]
o2_flowv2_r12.5_44 stage 3 [0.998, 0.989, 0.999, 0.993]
o2_flowv2_r0_55 stage 0 [0.517, 1.0, 0.485, 0.748]
o2_flowv2_r0_55 stage 1 [0.767, 0.778, 0.69, 0.997]
o2_flowv2_r0_55 stage 2 [1.0, 0.493, 0.753, 0.763]
o2_flowv2_r0_55 stage 3 [0.77, 0.49, 1.0, 0.756]
o2_flowv2_r6.25_55 stage 0 [0.517, 1.0, 0.485, 0.748]
o2_flowv2_r6.25_55 stage 1 [0.767, 0.992, 0.598, 0.997]
o2_flowv2_r6.25_55 stage 2 [1.0, 0.68, 0.743, 1.0]
o2_flowv2_r6.25_55 stage 3 [0.999, 0.683, 0.999, 1.0]
o2_flowv2_r12.5_55 stage 0 [0.517, 1.0, 0.485, 0.748]
o2_flowv2_r12.5_55 stage 1 [0.767, 0.992, 0.551, 0.997]
o2_flowv2_r12.5_55 stage 2 [0.997, 0.939, 0.541, 1.0]
o2_flowv2_r12.5_55 stage 3 [0.998, 0.97, 0.999, 1.0]
