dense_1024_22 stage 0 [0.99, 0.512, 0.494, 0.488]
dense_1024_22 stage 1 [0.781, 0.752, 0.505, 0.44]
dense_1024_22 stage 2 [0.638, 0.5, 0.71, 0.434]
dense_1024_22 stage 3 [0.264, 0.22, 0.322, 0.521]
topk_1024_22 stage 0 [0.939, 0.0, 0.0, 0.239]
topk_1024_22 stage 1 [0.534, 0.983, 0.46, 0.178]
topk_1024_22 stage 2 [0.921, 0.531, 0.756, 0.239]
topk_1024_22 stage 3 [0.507, 0.776, 0.518, 0.754]
dense_1024_33 stage 0 [0.989, 0.52, 0.526, 0.494]
dense_1024_33 stage 1 [0.535, 0.972, 0.507, 0.475]
dense_1024_33 stage 2 [0.53, 0.552, 0.989, 0.497]
dense_1024_33 stage 3 [0.528, 0.528, 0.535, 0.986]
topk_1024_33 stage 0 [0.975, 0.0, 0.021, 0.251]
topk_1024_33 stage 1 [0.533, 0.997, 0.026, 0.251]
topk_1024_33 stage 2 [0.575, 0.987, 0.643, 0.31]
topk_1024_33 stage 3 [0.535, 0.946, 0.696, 0.934]
dense_1024_44 stage 0 [0.993, 0.504, 0.505, 0.53]
dense_1024_44 stage 1 [0.483, 0.99, 0.505, 0.531]
dense_1024_44 stage 2 [0.463, 0.488, 0.992, 0.516]
dense_1024_44 stage 3 [0.479, 0.493, 0.588, 0.996]
topk_1024_44 stage 0 [0.978, 0.212, 0.219, 0.227]
topk_1024_44 stage 1 [0.493, 0.991, 0.321, 0.227]
topk_1024_44 stage 2 [0.509, 0.763, 0.984, 0.401]
topk_1024_44 stage 3 [0.576, 0.762, 0.95, 0.828]
dense_1024_55 stage 0 [0.979, 0.43, 0.475, 0.496]
dense_1024_55 stage 1 [0.341, 0.906, 0.479, 0.32]
dense_1024_55 stage 2 [0.523, 0.494, 0.993, 0.506]
dense_1024_55 stage 3 [0.563, 0.515, 0.661, 0.812]
topk_1024_55 stage 0 [0.964, 0.0, 0.0, 0.239]
topk_1024_55 stage 1 [0.611, 1.0, 0.494, 0.25]
topk_1024_55 stage 2 [0.748, 0.89, 0.444, 0.26]
topk_1024_55 stage 3 [0.62, 0.999, 0.229, 0.764]
