dense_64_11 stage 0 [0.854, 0.582, 0.584, 0.472]
dense_64_11 stage 1 [0.713, 0.786, 0.55, 0.472]
dense_64_11 stage 2 [0.568, 0.662, 0.753, 0.468]
dense_64_11 stage 3 [0.638, 0.554, 0.564, 0.735]
topk_64_11 stage 0 [0.854, 0.582, 0.584, 0.472]
topk_64_11 stage 1 [0.713, 0.786, 0.55, 0.472]
topk_64_11 stage 2 [0.568, 0.662, 0.753, 0.468]
topk_64_11 stage 3 [0.638, 0.554, 0.564, 0.735]
dense_64_22 stage 0 [0.833, 0.589, 0.586, 0.493]
dense_64_22 stage 1 [0.595, 0.922, 0.524, 0.493]
dense_64_22 stage 2 [0.682, 0.642, 0.677, 0.52]
dense_64_22 stage 3 [0.538, 0.684, 0.521, 0.728]
topk_64_22 stage 0 [0.833, 0.589, 0.586, 0.493]
topk_64_22 stage 1 [0.595, 0.922, 0.524, 0.493]
topk_64_22 stage 2 [0.682, 0.642, 0.677, 0.52]
topk_64_22 stage 3 [0.538, 0.684, 0.521, 0.728]
dense_64_33 stage 0 [0.607, 0.698, 0.723, 0.499]
dense_64_33 stage 1 [0.616, 0.84, 0.584, 0.497]
dense_64_33 stage 2 [0.63, 0.627, 0.742, 0.505]
dense_64_33 stage 3 [0.693, 0.492, 0.509, 0.66]
topk_64_33 stage 0 [0.607, 0.698, 0.723, 0.499]
topk_64_33 stage 1 [0.616, 0.84, 0.584, 0.497]
topk_64_33 stage 2 [0.63, 0.627, 0.742, 0.505]
topk_64_33 stage 3 [0.693, 0.492, 0.509, 0.66]
dense_64_44 stage 0 [0.779, 0.6, 0.588, 0.528]
dense_64_44 stage 1 [0.526, 0.968, 0.514, 0.53]
dense_64_44 stage 2 [0.659, 0.748, 0.552, 0.53]
dense_64_44 stage 3 [0.465, 0.709, 0.489, 0.756]
topk_64_44 stage 0 [0.779, 0.6, 0.588, 0.528]
topk_64_44 stage 1 [0.526, 0.968, 0.514, 0.53]
topk_64_44 stage 2 [0.659, 0.748, 0.552, 0.53]
topk_64_44 stage 3 [0.465, 0.709, 0.489, 0.756]
dense_64_55 stage 0 [0.622, 0.673, 0.688, 0.515]
dense_64_55 stage 1 [0.541, 0.973, 0.498, 0.506]
dense_64_55 stage 2 [0.62, 0.806, 0.529, 0.505]
dense_64_55 stage 3 [0.524, 0.77, 0.481, 0.74]
topk_64_55 stage 0 [0.622, 0.673, 0.688, 0.515]
topk_64_55 stage 1 [0.541, 0.973, 0.498, 0.506]
topk_64_55 stage 2 [0.62, 0.806, 0.529, 0.505]
topk_64_55 stage 3 [0.524, 0.77, 0.481, 0.74]
dense_128_11 stage 0 [0.937, 0.542, 0.564, 0.472]
dense_128_11 stage 1 [0.759, 0.742, 0.548, 0.47]
dense_128_11 stage 2 [0.71, 0.551, 0.764, 0.472]
dense_128_11 stage 3 [0.553, 0.575, 0.734, 0.662]
topk_128_11 stage 0 [0.928, 0.551, 0.553, 0.398]
topk_128_11 stage 1 [0.62, 0.943, 0.546, 0.467]
topk_128_11 stage 2 [0.583, 0.727, 0.759, 0.551]
topk_128_11 stage 3 [0.575, 0.693, 0.724, 0.732]
dense_128_22 stage 0 [0.928, 0.543, 0.557, 0.493]
dense_128_22 stage 1 [0.677, 0.821, 0.53, 0.493]
dense_128_22 stage 2 [0.834, 0.65, 0.558, 0.484]
dense_128_22 stage 3 [0.625, 0.624, 0.622, 0.654]
topk_128_22 stage 0 [0.863, 0.572, 0.56, 0.425]
topk_128_22 stage 1 [0.631, 0.943, 0.538, 0.49]
topk_128_22 stage 2 [0.727, 0.664, 0.723, 0.483]
topk_128_22 stage 3 [0.692, 0.658, 0.717, 0.726]
dense_128_33 stage 0 [0.874, 0.583, 0.582, 0.496]
dense_128_33 stage 1 [0.653, 0.843, 0.532, 0.497]
dense_128_33 stage 2 [0.638, 0.701, 0.704, 0.497]
dense_128_33 stage 3 [0.675, 0.537, 0.504, 0.696]
topk_128_33 stage 0 [0.699, 0.468, 0.3, 0.418]
topk_128_33 stage 1 [0.631, 0.992, 0.512, 0.522]
topk_128_33 stage 2 [0.592, 0.897, 0.872, 0.538]
topk_128_33 stage 3 [0.596, 0.897, 0.873, 0.9]
dense_128_44 stage 0 [0.938, 0.545, 0.521, 0.529]
dense_128_44 stage 1 [0.496, 0.989, 0.503, 0.53]
dense_128_44 stage 2 [0.716, 0.722, 0.57, 0.529]
dense_128_44 stage 3 [0.479, 0.7, 0.48, 0.757]
topk_128_44 stage 0 [0.904, 0.543, 0.388, 0.442]
topk_128_44 stage 1 [0.517, 0.992, 0.546, 0.53]
topk_128_44 stage 2 [0.496, 0.95, 0.924, 0.561]
topk_128_44 stage 3 [0.5, 0.958, 0.799, 0.913]
dense_128_55 stage 0 [0.871, 0.574, 0.528, 0.506]
dense_128_55 stage 1 [0.524, 0.989, 0.486, 0.506]
dense_128_55 stage 2 [0.669, 0.799, 0.642, 0.506]
dense_128_55 stage 3 [0.504, 0.739, 0.47, 0.737]
topk_128_55 stage 0 [0.825, 0.581, 0.578, 0.494]
topk_128_55 stage 1 [0.562, 0.995, 0.5, 0.496]
topk_128_55 stage 2 [0.578, 0.872, 0.863, 0.515]
topk_128_55 stage 3 [0.517, 0.94, 0.787, 0.929]
dense_256_11 stage 0 [0.971, 0.53, 0.545, 0.472]
dense_256_11 stage 1 [0.79, 0.712, 0.545, 0.469]
dense_256_11 stage 2 [0.9, 0.602, 0.552, 0.472]
dense_256_11 stage 3 [0.585, 0.674, 0.615, 0.522]
topk_256_11 stage 0 [0.911, 0.343, 0.38, 0.242]
topk_256_11 stage 1 [0.597, 0.988, 0.48, 0.231]
topk_256_11 stage 2 [0.711, 0.777, 0.835, 0.246]
topk_256_11 stage 3 [0.568, 0.82, 0.711, 0.885]
dense_256_22 stage 0 [0.964, 0.532, 0.524, 0.493]
dense_256_22 stage 1 [0.605, 0.881, 0.52, 0.493]
dense_256_22 stage 2 [0.811, 0.646, 0.624, 0.513]
dense_256_22 stage 3 [0.507, 0.597, 0.719, 0.63]
topk_256_22 stage 0 [0.899, 0.46, 0.443, 0.294]
topk_256_22 stage 1 [0.557, 0.992, 0.581, 0.451]
topk_256_22 stage 2 [0.536, 0.955, 0.967, 0.531]
topk_256_22 stage 3 [0.516, 0.989, 0.88, 0.983]
dense_256_33 stage 0 [0.955, 0.553, 0.531, 0.496]
dense_256_33 stage 1 [0.718, 0.772, 0.515, 0.478]
dense_256_33 stage 2 [0.747, 0.551, 0.773, 0.497]
dense_256_33 stage 3 [0.494, 0.532, 0.687, 0.769]
topk_256_33 stage 0 [0.928, 0.166, 0.205, 0.276]
topk_256_33 stage 1 [0.565, 0.997, 0.304, 0.491]
topk_256_33 stage 2 [0.546, 0.788, 0.959, 0.519]
topk_256_33 stage 3 [0.548, 0.909, 0.643, 0.916]
dense_256_44 stage 0 [0.972, 0.523, 0.515, 0.53]
dense_256_44 stage 1 [0.602, 0.868, 0.509, 0.53]
dense_256_44 stage 2 [0.812, 0.698, 0.609, 0.53]
dense_256_44 stage 3 [0.478, 0.619, 0.47, 0.724]
topk_256_44 stage 0 [0.931, 0.315, 0.327, 0.323]
topk_256_44 stage 1 [0.508, 0.994, 0.503, 0.474]
topk_256_44 stage 2 [0.508, 0.96, 0.854, 0.526]
topk_256_44 stage 3 [0.487, 0.891, 0.739, 0.734]
dense_256_55 stage 0 [0.926, 0.523, 0.521, 0.506]
dense_256_55 stage 1 [0.737, 0.769, 0.494, 0.505]
dense_256_55 stage 2 [0.664, 0.604, 0.663, 0.539]
dense_256_55 stage 3 [0.372, 0.545, 0.473, 0.682]
topk_256_55 stage 0 [0.902, 0.407, 0.126, 0.397]
topk_256_55 stage 1 [0.545, 0.996, 0.472, 0.408]
topk_256_55 stage 2 [0.568, 0.72, 0.906, 0.506]
topk_256_55 stage 3 [0.583, 0.938, 0.607, 0.965]
dense_512_11 stage 0 [0.965, 0.517, 0.541, 0.45]
dense_512_11 stage 1 [0.605, 0.591, 0.373, 0.307]
dense_512_11 stage 2 [0.758, 0.529, 0.761, 0.472]
dense_512_11 stage 3 [0.374, 0.363, 0.516, 0.501]
topk_512_11 stage 0 [0.979, 0.333, 0.482, 0.231]
topk_512_11 stage 1 [0.621, 0.997, 0.465, 0.231]
topk_512_11 stage 2 [0.787, 0.799, 0.949, 0.413]
topk_512_11 stage 3 [0.632, 0.882, 0.734, 0.758]
dense_512_22 stage 0 [0.977, 0.518, 0.528, 0.493]
dense_512_22 stage 1 [0.867, 0.638, 0.515, 0.493]
dense_512_22 stage 2 [0.755, 0.614, 0.646, 0.486]
dense_512_22 stage 3 [0.225, 0.269, 0.223, 0.756]
topk_512_22 stage 0 [0.942, 0.0, 0.0, 0.239]
topk_512_22 stage 1 [0.84, 0.983, 0.513, 0.226]
topk_512_22 stage 2 [0.971, 0.861, 0.78, 0.239]
topk_512_22 stage 3 [0.781, 0.751, 0.754, 0.771]
dense_512_33 stage 0 [0.995, 0.524, 0.521, 0.497]
dense_512_33 stage 1 [0.797, 0.732, 0.519, 0.496]
dense_512_33 stage 2 [0.72, 0.564, 0.708, 0.516]
dense_512_33 stage 3 [0.359, 0.608, 0.592, 0.892]
topk_512_33 stage 0 [0.96, 0.0, 0.0, 0.263]
topk_512_33 stage 1 [0.564, 0.997, 0.045, 0.291]
topk_512_33 stage 2 [0.622, 0.98, 0.952, 0.329]
topk_512_33 stage 3 [0.531, 0.996, 0.875, 0.975]
dense_512_44 stage 0 [0.967, 0.477, 0.52, 0.5]
dense_512_44 stage 1 [0.697, 0.724, 0.59, 0.476]
dense_512_44 stage 2 [0.253, 0.263, 0.765, 0.346]
dense_512_44 stage 3 [0.49, 0.354, 0.533, 0.694]
topk_512_44 stage 0 [0.944, 0.504, 0.507, 0.278]
topk_512_44 stage 1 [0.672, 0.988, 0.366, 0.196]
topk_512_44 stage 2 [0.775, 0.76, 0.978, 0.446]
topk_512_44 stage 3 [0.689, 0.697, 0.905, 0.988]
dense_512_55 stage 0 [0.955, 0.473, 0.484, 0.448]
dense_512_55 stage 1 [0.562, 0.559, 0.25, 0.197]
dense_512_55 stage 2 [0.521, 0.508, 0.991, 0.506]
dense_512_55 stage 3 [0.509, 0.485, 0.712, 0.716]
topk_512_55 stage 0 [0.938, 0.106, 0.0, 0.231]
topk_512_55 stage 1 [0.722, 0.99, 0.494, 0.25]
topk_512_55 stage 2 [0.767, 0.746, 0.751, 0.276]
topk_512_55 stage 3 [0.748, 0.722, 0.753, 0.743]
dense_1024_11 stage 0 [0.997, 0.53, 0.513, 0.472]
dense_1024_11 stage 1 [0.581, 0.993, 0.509, 0.47]
dense_1024_11 stage 2 [0.513, 0.517, 1.0, 0.472]
dense_1024_11 stage 3 [0.516, 0.523, 0.512, 0.999]
topk_1024_11 stage 0 [0.978, 0.428, 0.372, 0.254]
topk_1024_11 stage 1 [0.698, 0.998, 0.482, 0.31]
topk_1024_11 stage 2 [0.938, 0.784, 0.757, 0.358]
topk_1024_11 stage 3 [0.521, 0.784, 0.515, 0.716]
dense_1024_22 stage 0 [0.99, 0.512, 0.494, 0.488]
dense_1024_22 stage 1 [0.781, 0.752, 0.505, 0.44]
dense_1024_22 stage 2 [0.638, 0.5, 0.71, 0.434]
