arms ['B', 'B+W', 'B+R', 'B+H', 'B+W+R', 'B+W+H', 'B+R+H', 'All'] ratios [0] epochs 65
/mnt/d/betterNN/flow_mvp_v22/experiment.py:350: UserWarning: Converting a tensor with requires_grad=True to a scalar may lead to unexpected behavior.
Consider using tensor.detach() first. (Triggered internally at /__w/pytorch/pytorch/torch/csrc/autograd/generated/python_variable_methods.cpp:820.)
  'D_B': float((Bcur - B0).norm() / (B0.norm() + 1e-12)),
B+R_o0_r0_88 stage 0 [0.993, 0.51, 0.714, 0.73] O_B 0.937
/mnt/d/betterNN/flow_mvp_v22/experiment.py:350: UserWarning: Converting a tensor with requires_grad=True to a scalar may lead to unexpected behavior.
Consider using tensor.detach() first. (Triggered internally at /__w/pytorch/pytorch/torch/csrc/autograd/generated/python_variable_methods.cpp:820.)
  'D_B': float((Bcur - B0).norm() / (B0.norm() + 1e-12)),
B+R_o0_r0_77 stage 0 [0.987, 0.529, 0.729, 0.737] O_B 0.9833
/mnt/d/betterNN/flow_mvp_v22/experiment.py:350: UserWarning: Converting a tensor with requires_grad=True to a scalar may lead to unexpected behavior.
Consider using tensor.detach() first. (Triggered internally at /__w/pytorch/pytorch/torch/csrc/autograd/generated/python_variable_methods.cpp:820.)
  'D_B': float((Bcur - B0).norm() / (B0.norm() + 1e-12)),
B+R_o0_r0_44 stage 0 [0.993, 0.486, 0.725, 0.757] O_B 0.9575
/mnt/d/betterNN/flow_mvp_v22/experiment.py:350: UserWarning: Converting a tensor with requires_grad=True to a scalar may lead to unexpected behavior.
Consider using tensor.detach() first. (Triggered internally at /__w/pytorch/pytorch/torch/csrc/autograd/generated/python_variable_methods.cpp:820.)
  'D_B': float((Bcur - B0).norm() / (B0.norm() + 1e-12)),
B+R_o0_r0_55 stage 0 [0.977, 0.477, 0.729, 0.738] O_B 0.9691
/mnt/d/betterNN/flow_mvp_v22/experiment.py:350: UserWarning: Converting a tensor with requires_grad=True to a scalar may lead to unexpected behavior.
Consider using tensor.detach() first. (Triggered internally at /__w/pytorch/pytorch/torch/csrc/autograd/generated/python_variable_methods.cpp:820.)
  'D_B': float((Bcur - B0).norm() / (B0.norm() + 1e-12)),
B+R_o0_r0_66 stage 0 [0.988, 0.495, 0.756, 0.712] O_B 0.9474
B+R_o0_r0_88 stage 1 [0.495, 0.983, 0.466, 0.729] O_B 0.9402
B+R_o0_r0_77 stage 1 [0.476, 0.979, 0.517, 0.733] O_B 0.9577
B+R_o0_r0_55 stage 1 [0.518, 0.982, 0.481, 0.746] O_B 0.8703
B+R_o0_r0_66 stage 1 [0.502, 0.996, 0.529, 0.747] O_B 0.9454
B+R_o0_r0_44 stage 1 [0.696, 0.84, 0.544, 0.678] O_B 0.9354
B+R_o0_r0_77 stage 2 [0.725, 0.536, 0.991, 0.73] O_B 0.9524
B+R_o0_r0_88 stage 2 [0.738, 0.523, 0.996, 0.754] O_B 0.8895
B+R_o0_r0_55 stage 2 [0.761, 0.494, 0.991, 0.752] O_B 0.789
B+R_o0_r0_66 stage 2 [0.753, 0.506, 0.998, 0.734] O_B 0.9248
B+R_o0_r0_44 stage 2 [0.725, 0.528, 0.986, 0.744] O_B 0.9333
B+R_o0_r0_77 stage 3 [0.714, 0.73, 0.737, 0.994] O_B 0.9561
B+R_o0_r0_88 stage 3 [0.742, 0.744, 0.714, 0.995] O_B 0.8778
B+R_o0_r0_55 stage 3 [0.764, 0.765, 0.75, 0.99] O_B 0.724
B+R_o0_r0_44 stage 3 [0.747, 0.731, 0.742, 0.996] O_B 0.9611
B+R_o0_r0_66 stage 3 [0.748, 0.771, 0.762, 0.994] O_B 0.9247
B+R_o0_r0_99 stage 0 [0.983, 0.514, 0.726, 0.749] O_B 0.9581
B+R_o0_r0_110 stage 0 [0.989, 0.484, 0.73, 0.738] O_B 0.9573
B+H_o0_r0_11 stage 0 [0.988, 0.521, 0.729, 0.722] O_B 0.9534
B+H_o0_r0_22 stage 0 [0.986, 0.468, 0.702, 0.701] O_B 0.9764
B+H_o0_r0_33 stage 0 [0.992, 0.508, 0.737, 0.742] O_B 0.9436
B+R_o0_r0_99 stage 1 [0.488, 0.993, 0.47, 0.765] O_B 0.9236
B+R_o0_r0_110 stage 1 [0.482, 0.986, 0.473, 0.727] O_B 0.9146
B+H_o0_r0_22 stage 1 [0.502, 0.987, 0.497, 0.747] O_B 0.8971
B+H_o0_r0_11 stage 1 [0.508, 0.988, 0.491, 0.728] O_B 0.9336
B+H_o0_r0_33 stage 1 [0.536, 0.988, 0.522, 0.729] O_B 0.9063
B+R_o0_r0_99 stage 2 [0.739, 0.516, 0.987, 0.74] O_B 0.9491
B+R_o0_r0_110 stage 2 [0.726, 0.571, 0.99, 0.723] O_B 0.8968
B+H_o0_r0_22 stage 2 [0.722, 0.539, 0.996, 0.731] O_B 0.8408
B+H_o0_r0_11 stage 2 [0.757, 0.521, 1.0, 0.724] O_B 0.9172
B+H_o0_r0_33 stage 2 [0.765, 0.528, 0.991, 0.751] O_B 0.8991
B+R_o0_r0_99 stage 3 [0.74, 0.73, 0.741, 0.994] O_B 0.9418
B+R_o0_r0_110 stage 3 [0.73, 0.741, 0.729, 0.996] O_B 0.9167
B+H_o0_r0_22 stage 3 [0.732, 0.749, 0.726, 0.994] O_B 0.8341
B+H_o0_r0_11 stage 3 [0.76, 0.764, 0.752, 1.0] O_B 0.9005
B+H_o0_r0_33 stage 3 [0.767, 0.748, 0.758, 0.996] O_B 0.8805
B+H_o0_r0_44 stage 0 [0.988, 0.494, 0.725, 0.758] O_B 0.9655
B+H_o0_r0_55 stage 0 [0.983, 0.461, 0.708, 0.731] O_B 0.9682
B+H_o0_r0_66 stage 0 [0.99, 0.503, 0.743, 0.71] O_B 0.9514
B+H_o0_r0_77 stage 0 [0.991, 0.513, 0.733, 0.744] O_B 0.9865
B+H_o0_r0_88 stage 0 [0.997, 0.508, 0.717, 0.731] O_B 0.9471
B+H_o0_r0_44 stage 1 [0.47, 0.993, 0.483, 0.765] O_B 0.9542
B+H_o0_r0_55 stage 1 [0.507, 0.991, 0.484, 0.733] O_B 0.8893
B+H_o0_r0_66 stage 1 [0.5, 0.996, 0.528, 0.748] O_B 0.9548
B+H_o0_r0_77 stage 1 [0.479, 0.988, 0.511, 0.741] O_B 0.9648
B+H_o0_r0_88 stage 1 [0.496, 0.985, 0.463, 0.729] O_B 0.9477
B+H_o0_r0_44 stage 2 [0.683, 0.514, 0.962, 0.738] O_B 0.9532
B+H_o0_r0_55 stage 2 [0.755, 0.485, 0.992, 0.746] O_B 0.8228
B+H_o0_r0_66 stage 2 [0.752, 0.506, 0.998, 0.733] O_B 0.9263
B+H_o0_r0_77 stage 2 [0.731, 0.511, 0.991, 0.748] O_B 0.9626
B+H_o0_r0_88 stage 2 [0.741, 0.525, 0.995, 0.761] O_B 0.909
B+H_o0_r0_44 stage 3 [0.739, 0.71, 0.736, 0.995] O_B 0.9611
B+H_o0_r0_55 stage 3 [0.765, 0.768, 0.749, 0.984] O_B 0.809
B+H_o0_r0_66 stage 3 [0.751, 0.77, 0.762, 0.997] O_B 0.9314
B+H_o0_r0_77 stage 3 [0.715, 0.723, 0.735, 0.99] O_B 0.9585
B+H_o0_r0_88 stage 3 [0.742, 0.743, 0.712, 0.993] O_B 0.9052
B+H_o0_r0_99 stage 0 [0.985, 0.509, 0.728, 0.744] O_B 0.9611
B+H_o0_r0_110 stage 0 [0.989, 0.484, 0.736, 0.741] O_B 0.9637
B+W+R_o0_r0_11 stage 0 [0.985, 0.53, 0.733, 0.731] O_B 0.9444
B+W+R_o0_r0_22 stage 0 [0.985, 0.475, 0.699, 0.704] O_B 0.9708
B+W+R_o0_r0_33 stage 0 [0.994, 0.506, 0.728, 0.729] O_B 0.9462
B+H_o0_r0_99 stage 1 [0.497, 0.99, 0.481, 0.78] O_B 0.8932
B+H_o0_r0_110 stage 1 [0.486, 0.993, 0.493, 0.737] O_B 0.9282
B+W+R_o0_r0_11 stage 1 [0.518, 0.988, 0.501, 0.729] O_B 0.9214
B+W+R_o0_r0_22 stage 1 [0.504, 0.989, 0.507, 0.751] O_B 0.9554
B+W+R_o0_r0_33 stage 1 [0.528, 0.995, 0.521, 0.741] O_B 0.9669
B+H_o0_r0_99 stage 2 [0.736, 0.52, 0.992, 0.738] O_B 0.8641
B+H_o0_r0_110 stage 2 [0.747, 0.493, 0.995, 0.755] O_B 0.9217
B+W+R_o0_r0_11 stage 2 [0.755, 0.522, 0.99, 0.716] O_B 0.9129
B+W+R_o0_r0_22 stage 2 [0.722, 0.507, 0.997, 0.731] O_B 0.966
B+W+R_o0_r0_33 stage 2 [0.763, 0.531, 0.996, 0.75] O_B 0.9325
B+H_o0_r0_99 stage 3 [0.743, 0.73, 0.738, 0.994] O_B 0.8448
B+H_o0_r0_110 stage 3 [0.736, 0.738, 0.73, 0.997] O_B 0.8585
B+W+R_o0_r0_11 stage 3 [0.755, 0.761, 0.745, 1.0] O_B 0.8978
B+W+R_o0_r0_22 stage 3 [0.726, 0.757, 0.734, 0.995] O_B 0.9539
B+W+R_o0_r0_33 stage 3 [0.76, 0.753, 0.753, 0.992] O_B 0.9297
B+W+R_o0_r0_44 stage 0 [0.993, 0.49, 0.736, 0.759] O_B 0.9613
B+W+R_o0_r0_55 stage 0 [0.98, 0.477, 0.742, 0.734] O_B 0.9728
B+W+R_o0_r0_66 stage 0 [0.987, 0.487, 0.748, 0.71] O_B 0.9375
B+W+R_o0_r0_77 stage 0 [0.989, 0.507, 0.756, 0.75] O_B 0.9921
B+W+R_o0_r0_88 stage 0 [0.992, 0.514, 0.722, 0.757] O_B 0.96
B+W+R_o0_r0_44 stage 1 [0.491, 0.99, 0.503, 0.768] O_B 0.9437
B+W+R_o0_r0_55 stage 1 [0.503, 0.989, 0.471, 0.72] O_B 0.9522
B+W+R_o0_r0_66 stage 1 [0.525, 0.993, 0.524, 0.745] O_B 0.9432
B+W+R_o0_r0_77 stage 1 [0.478, 0.99, 0.503, 0.731] O_B 0.9814
B+W+R_o0_r0_88 stage 1 [0.499, 0.979, 0.471, 0.729] O_B 0.9476
B+W+R_o0_r0_44 stage 2 [0.744, 0.48, 0.981, 0.753] O_B 0.9502
B+W+R_o0_r0_55 stage 2 [0.761, 0.487, 0.995, 0.745] O_B 0.9383
B+W+R_o0_r0_66 stage 2 [0.717, 0.498, 0.984, 0.723] O_B 0.9538
B+W+R_o0_r0_77 stage 2 [0.732, 0.512, 0.992, 0.744] O_B 0.9786
B+W+R_o0_r0_88 stage 2 [0.732, 0.525, 0.989, 0.75] O_B 0.951
B+W+R_o0_r0_44 stage 3 [0.737, 0.725, 0.739, 0.996] O_B 0.9432
B+W+R_o0_r0_55 stage 3 [0.768, 0.766, 0.752, 0.994] O_B 0.9211
B+W+R_o0_r0_77 stage 3 [0.732, 0.732, 0.745, 0.989] O_B 0.9403
B+W+R_o0_r0_66 stage 3 [0.75, 0.746, 0.761, 0.993] O_B 0.9145
B+W+R_o0_r0_88 stage 3 [0.738, 0.74, 0.714, 0.996] O_B 0.9535
B+W+R_o0_r0_99 stage 0 [0.99, 0.512, 0.729, 0.744] O_B 0.9572
B+W+R_o0_r0_110 stage 0 [0.989, 0.484, 0.735, 0.741] O_B 0.9608
B+W+H_o0_r0_11 stage 0 [0.989, 0.528, 0.723, 0.724] O_B 0.9539
B+W+H_o0_r0_22 stage 0 [0.989, 0.467, 0.696, 0.7] O_B 0.9748
B+W+H_o0_r0_33 stage 0 [0.986, 0.497, 0.722, 0.723] O_B 0.9492
B+W+R_o0_r0_99 stage 1 [0.494, 0.997, 0.468, 0.764] O_B 0.9309
B+W+R_o0_r0_110 stage 1 [0.494, 0.992, 0.482, 0.733] O_B 0.9508
B+W+H_o0_r0_11 stage 1 [0.505, 0.986, 0.49, 0.715] O_B 0.9354
B+W+H_o0_r0_22 stage 1 [0.498, 0.987, 0.494, 0.746] O_B 0.9607
B+W+H_o0_r0_33 stage 1 [0.525, 0.996, 0.522, 0.74] O_B 0.9644
B+W+R_o0_r0_99 stage 2 [0.737, 0.489, 0.989, 0.729] O_B 0.9483
B+W+R_o0_r0_110 stage 2 [0.72, 0.572, 0.99, 0.723] O_B 0.9473
B+W+H_o0_r0_11 stage 2 [0.729, 0.562, 0.958, 0.704] O_B 0.9556
B+W+H_o0_r0_22 stage 2 [0.723, 0.502, 0.992, 0.729] O_B 0.9797
B+W+H_o0_r0_33 stage 2 [0.763, 0.534, 0.986, 0.75] O_B 0.9276
B+W+R_o0_r0_99 stage 3 [0.749, 0.712, 0.741, 0.992] O_B 0.9252
B+W+R_o0_r0_110 stage 3 [0.734, 0.747, 0.732, 0.997] O_B 0.9546
B+W+H_o0_r0_11 stage 3 [0.743, 0.764, 0.739, 0.991] O_B 0.9464
B+W+H_o0_r0_22 stage 3 [0.685, 0.75, 0.732, 0.99] O_B 0.9628
B+W+H_o0_r0_33 stage 3 [0.762, 0.751, 0.757, 0.996] O_B 0.9202
B+W+H_o0_r0_44 stage 0 [0.989, 0.496, 0.738, 0.768] O_B 0.9694
B+W+H_o0_r0_55 stage 0 [0.984, 0.457, 0.714, 0.727] O_B 0.9786
B+W+H_o0_r0_77 stage 0 [0.989, 0.501, 0.748, 0.745] O_B 0.9893
B+W+H_o0_r0_66 stage 0 [0.989, 0.497, 0.74, 0.705] O_B 0.9502
B+W+H_o0_r0_88 stage 0 [0.992, 0.5, 0.719, 0.75] O_B 0.9624
B+W+H_o0_r0_44 stage 1 [0.455, 0.99, 0.472, 0.762] O_B 0.9548
B+W+H_o0_r0_55 stage 1 [0.514, 0.994, 0.483, 0.734] O_B 0.9639
B+W+H_o0_r0_66 stage 1 [0.515, 0.996, 0.524, 0.746] O_B 0.9416
B+W+H_o0_r0_77 stage 1 [0.488, 0.996, 0.517, 0.746] O_B 0.9807
B+W+H_o0_r0_88 stage 1 [0.499, 0.98, 0.468, 0.731] O_B 0.9538
B+W+H_o0_r0_44 stage 2 [0.719, 0.491, 0.987, 0.754] O_B 0.9434
B+W+H_o0_r0_55 stage 2 [0.762, 0.489, 0.994, 0.745] O_B 0.9487
B+W+H_o0_r0_77 stage 2 [0.738, 0.507, 0.993, 0.751] O_B 0.9783
B+W+H_o0_r0_66 stage 2 [0.729, 0.491, 0.974, 0.718] O_B 0.965
B+W+H_o0_r0_88 stage 2 [0.724, 0.506, 0.979, 0.732] O_B 0.9702
B+W+H_o0_r0_44 stage 3 [0.734, 0.722, 0.746, 0.994] O_B 0.9391
B+W+H_o0_r0_55 stage 3 [0.768, 0.774, 0.749, 0.995] O_B 0.9494
B+W+H_o0_r0_77 stage 3 [0.734, 0.732, 0.754, 0.99] O_B 0.9423
B+W+H_o0_r0_66 stage 3 [0.74, 0.741, 0.761, 0.993] O_B 0.9295
B+W+H_o0_r0_88 stage 3 [0.739, 0.721, 0.711, 0.996] O_B 0.9624
B+W+H_o0_r0_99 stage 0 [0.992, 0.507, 0.73, 0.746] O_B 0.9634
B+W+H_o0_r0_110 stage 0 [0.991, 0.487, 0.745, 0.752] O_B 0.9678
B+R+H_o0_r0_11 stage 0 [0.988, 0.526, 0.744, 0.729] O_B 0.9559
B+R+H_o0_r0_22 stage 0 [0.987, 0.464, 0.696, 0.704] O_B 0.9663
B+R+H_o0_r0_33 stage 0 [0.992, 0.503, 0.743, 0.746] O_B 0.9612
B+W+H_o0_r0_99 stage 1 [0.501, 0.997, 0.475, 0.767] O_B 0.9427
B+W+H_o0_r0_110 stage 1 [0.49, 0.995, 0.481, 0.735] O_B 0.9487
B+R+H_o0_r0_11 stage 1 [0.503, 0.99, 0.494, 0.724] O_B 0.9404
B+R+H_o0_r0_22 stage 1 [0.496, 0.99, 0.497, 0.745] O_B 0.9095
B+R+H_o0_r0_33 stage 1 [0.525, 0.988, 0.522, 0.729] O_B 0.984
B+W+H_o0_r0_99 stage 2 [0.73, 0.518, 0.982, 0.734] O_B 0.9592
B+R+H_o0_r0_11 stage 2 [0.757, 0.521, 0.999, 0.725] O_B 0.9316
B+W+H_o0_r0_110 stage 2 [0.737, 0.521, 0.989, 0.747] O_B 0.938
B+R+H_o0_r0_22 stage 2 [0.716, 0.519, 0.996, 0.732] O_B 0.868
B+R+H_o0_r0_33 stage 2 [0.765, 0.532, 0.987, 0.752] O_B 0.956
B+R+H_o0_r0_11 stage 3 [0.753, 0.76, 0.748, 0.998] O_B 0.8987
B+W+H_o0_r0_99 stage 3 [0.722, 0.686, 0.733, 0.989] O_B 0.9442
B+W+H_o0_r0_110 stage 3 [0.736, 0.737, 0.729, 0.998] O_B 0.9393
B+R+H_o0_r0_22 stage 3 [0.726, 0.738, 0.72, 0.995] O_B 0.8531
B+R+H_o0_r0_33 stage 3 [0.764, 0.749, 0.756, 0.993] O_B 0.9344
B+R+H_o0_r0_55 stage 0 [0.98, 0.477, 0.723, 0.729] O_B 0.9641
B+R+H_o0_r0_44 stage 0 [0.995, 0.491, 0.737, 0.76] O_B 0.9594
B+R+H_o0_r0_66 stage 0 [0.987, 0.503, 0.753, 0.715] O_B 0.9461
B+R+H_o0_r0_77 stage 0 [0.988, 0.528, 0.73, 0.739] O_B 0.9856
B+R+H_o0_r0_88 stage 0 [0.992, 0.517, 0.718, 0.729] O_B 0.9406
B+R+H_o0_r0_55 stage 1 [0.507, 0.992, 0.481, 0.741] O_B 0.8823
B+R+H_o0_r0_66 stage 1 [0.502, 0.996, 0.529, 0.749] O_B 0.9443
B+R+H_o0_r0_44 stage 1 [0.483, 0.992, 0.487, 0.721] O_B 0.9757
B+R+H_o0_r0_77 stage 1 [0.478, 0.983, 0.512, 0.737] O_B 0.9596
B+R+H_o0_r0_88 stage 1 [0.494, 0.981, 0.464, 0.728] O_B 0.9358
B+R+H_o0_r0_66 stage 2 [0.752, 0.502, 0.998, 0.732] O_B 0.9259
B+R+H_o0_r0_55 stage 2 [0.759, 0.49, 0.992, 0.747] O_B 0.7987
B+R+H_o0_r0_44 stage 2 [0.744, 0.482, 0.984, 0.75] O_B 0.9568
B+R+H_o0_r0_77 stage 2 [0.73, 0.536, 0.993, 0.735] O_B 0.9657
B+R+H_o0_r0_88 stage 2 [0.744, 0.529, 0.997, 0.759] O_B 0.9004
B+R+H_o0_r0_66 stage 3 [0.749, 0.772, 0.761, 0.994] O_B 0.9253
B+R+H_o0_r0_55 stage 3 [0.766, 0.771, 0.75, 0.995] O_B 0.7427
B+R+H_o0_r0_44 stage 3 [0.755, 0.727, 0.757, 1.0] O_B 0.9506
B+R+H_o0_r0_77 stage 3 [0.721, 0.726, 0.741, 0.988] O_B 0.9553
B+R+H_o0_r0_88 stage 3 [0.74, 0.741, 0.712, 0.996] O_B 0.8857
B+R+H_o0_r0_99 stage 0 [0.986, 0.514, 0.734, 0.75] O_B 0.9574
B+R+H_o0_r0_110 stage 0 [0.988, 0.487, 0.732, 0.739] O_B 0.9591
All_o0_r0_11 stage 0 [0.986, 0.521, 0.739, 0.728] O_B 0.9535
All_o0_r0_22 stage 0 [0.981, 0.468, 0.694, 0.699] O_B 0.9697
All_o0_r0_33 stage 0 [0.986, 0.494, 0.725, 0.719] O_B 0.9468
B+R+H_o0_r0_110 stage 1 [0.484, 0.988, 0.479, 0.736] O_B 0.9157
B+R+H_o0_r0_99 stage 1 [0.489, 0.993, 0.482, 0.764] O_B 0.9119
All_o0_r0_11 stage 1 [0.513, 0.99, 0.498, 0.73] O_B 0.9383
All_o0_r0_22 stage 1 [0.505, 0.991, 0.511, 0.754] O_B 0.9546
All_o0_r0_33 stage 1 [0.525, 0.996, 0.52, 0.74] O_B 0.9636
B+R+H_o0_r0_99 stage 2 [0.744, 0.524, 0.996, 0.747] O_B 0.9406
B+R+H_o0_r0_110 stage 2 [0.725, 0.582, 0.991, 0.723] O_B 0.8743
All_o0_r0_11 stage 2 [0.755, 0.521, 0.994, 0.721] O_B 0.9196
All_o0_r0_22 stage 2 [0.71, 0.502, 0.986, 0.722] O_B 0.9756
All_o0_r0_33 stage 2 [0.762, 0.522, 0.99, 0.743] O_B 0.9254
B+R+H_o0_r0_99 stage 3 [0.743, 0.731, 0.732, 0.992] O_B 0.9395
B+R+H_o0_r0_110 stage 3 [0.729, 0.741, 0.725, 0.996] O_B 0.8934
All_o0_r0_11 stage 3 [0.751, 0.761, 0.747, 0.995] O_B 0.9067
All_o0_r0_22 stage 3 [0.711, 0.748, 0.729, 0.989] O_B 0.9689
All_o0_r0_33 stage 3 [0.761, 0.747, 0.755, 0.993] O_B 0.9232
All_o0_r0_44 stage 0 [0.993, 0.49, 0.74, 0.765] O_B 0.9713
All_o0_r0_55 stage 0 [0.98, 0.47, 0.745, 0.729] O_B 0.9768
All_o0_r0_66 stage 0 [0.989, 0.498, 0.751, 0.71] O_B 0.948
All_o0_r0_77 stage 0 [0.987, 0.501, 0.756, 0.748] O_B 0.9932
All_o0_r0_88 stage 0 [0.992, 0.508, 0.72, 0.753] O_B 0.9624
All_o0_r0_44 stage 1 [0.486, 0.991, 0.501, 0.77] O_B 0.9552
All_o0_r0_55 stage 1 [0.508, 0.99, 0.48, 0.728] O_B 0.957
All_o0_r0_66 stage 1 [0.513, 0.993, 0.527, 0.745] O_B 0.943
All_o0_r0_77 stage 1 [0.483, 0.993, 0.509, 0.738] O_B 0.9759
All_o0_r0_88 stage 1 [0.5, 0.987, 0.465, 0.729] O_B 0.9484
All_o0_r0_44 stage 2 [0.747, 0.467, 0.981, 0.74] O_B 0.9577
All_o0_r0_55 stage 2 [0.764, 0.488, 0.995, 0.745] O_B 0.939
All_o0_r0_66 stage 2 [0.708, 0.493, 0.977, 0.721] O_B 0.9679
All_o0_r0_77 stage 2 [0.732, 0.51, 0.985, 0.743] O_B 0.9847
All_o0_r0_88 stage 2 [0.723, 0.538, 0.982, 0.743] O_B 0.9654
All_o0_r0_44 stage 3 [0.73, 0.724, 0.729, 0.996] O_B 0.9529
All_o0_r0_55 stage 3 [0.767, 0.766, 0.751, 0.995] O_B 0.9394
All_o0_r0_66 stage 3 [0.749, 0.706, 0.76, 0.994] O_B 0.9342
All_o0_r0_77 stage 3 [0.738, 0.74, 0.751, 0.988] O_B 0.9736
All_o0_r0_88 stage 3 [0.737, 0.739, 0.717, 0.996] O_B 0.9641
All_o0_r0_110 stage 0 [0.992, 0.484, 0.736, 0.742] O_B 0.9652
All_o0_r0_99 stage 0 [0.987, 0.517, 0.729, 0.759] O_B 0.9606
All_o0_r0_99 stage 1 [0.479, 0.995, 0.47, 0.757] O_B 0.9381
All_o0_r0_110 stage 1 [0.487, 0.995, 0.488, 0.739] O_B 0.9477
All_o0_r0_99 stage 2 [0.734, 0.521, 0.987, 0.733] O_B 0.9545
All_o0_r0_110 stage 2 [0.73, 0.533, 0.992, 0.727] O_B 0.9382
All_o0_r0_99 stage 3 [0.74, 0.686, 0.735, 0.994] O_B 0.9417
All_o0_r0_110 stage 3 [0.735, 0.743, 0.729, 0.994] O_B 0.9433
all 80 jobs in 1336.1 s
