arms ['B', 'B+W', 'B+R', 'B+H', 'B+W+R', 'B+W+H', 'B+R+H', 'All'] ratios [0.125] epochs 65
/mnt/d/betterNN/flow_mvp_v22/experiment.py:350: UserWarning: Converting a tensor with requires_grad=True to a scalar may lead to unexpected behavior.
Consider using tensor.detach() first. (Triggered internally at /__w/pytorch/pytorch/torch/csrc/autograd/generated/python_variable_methods.cpp:820.)
  'D_B': float((Bcur - B0).norm() / (B0.norm() + 1e-12)),
B+R_o1_r12.5_44 stage 0 [0.72, 0.729, 0.74, 0.995] O_B 0.9609
/mnt/d/betterNN/flow_mvp_v22/experiment.py:350: UserWarning: Converting a tensor with requires_grad=True to a scalar may lead to unexpected behavior.
Consider using tensor.detach() first. (Triggered internally at /__w/pytorch/pytorch/torch/csrc/autograd/generated/python_variable_methods.cpp:820.)
  'D_B': float((Bcur - B0).norm() / (B0.norm() + 1e-12)),
B+R_o2_r12.5_44 stage 0 [0.461, 0.993, 0.478, 0.767] O_B 0.943
/mnt/d/betterNN/flow_mvp_v22/experiment.py:350: UserWarning: Converting a tensor with requires_grad=True to a scalar may lead to unexpected behavior.
Consider using tensor.detach() first. (Triggered internally at /__w/pytorch/pytorch/torch/csrc/autograd/generated/python_variable_methods.cpp:820.)
  'D_B': float((Bcur - B0).norm() / (B0.norm() + 1e-12)),
B+R_o1_r12.5_33 stage 0 [0.752, 0.747, 0.735, 0.981] O_B 0.9743
/mnt/d/betterNN/flow_mvp_v22/experiment.py:350: UserWarning: Converting a tensor with requires_grad=True to a scalar may lead to unexpected behavior.
Consider using tensor.detach() first. (Triggered internally at /__w/pytorch/pytorch/torch/csrc/autograd/generated/python_variable_methods.cpp:820.)
  'D_B': float((Bcur - B0).norm() / (B0.norm() + 1e-12)),
B+R_o2_r12.5_33 stage 0 [0.525, 0.997, 0.512, 0.743] O_B 0.948
/mnt/d/betterNN/flow_mvp_v22/experiment.py:350: UserWarning: Converting a tensor with requires_grad=True to a scalar may lead to unexpected behavior.
Consider using tensor.detach() first. (Triggered internally at /__w/pytorch/pytorch/torch/csrc/autograd/generated/python_variable_methods.cpp:820.)
  'D_B': float((Bcur - B0).norm() / (B0.norm() + 1e-12)),
B+R_o1_r12.5_55 stage 0 [0.741, 0.776, 0.745, 0.989] O_B 0.9688
B+R_o2_r12.5_44 stage 1 [0.734, 0.969, 0.748, 0.995] O_B 0.9304
B+R_o1_r12.5_44 stage 1 [0.755, 0.507, 0.991, 0.93] O_B 0.9443
B+R_o1_r12.5_33 stage 1 [0.777, 0.543, 0.984, 0.895] O_B 0.931
B+R_o1_r12.5_55 stage 1 [0.821, 0.51, 0.991, 0.88] O_B 0.958
B+R_o2_r12.5_33 stage 1 [0.703, 0.965, 0.723, 0.979] O_B 0.8873
B+R_o1_r12.5_33 stage 2 [0.528, 0.991, 0.747, 0.864] O_B 0.9288
B+R_o1_r12.5_55 stage 2 [0.521, 0.989, 0.751, 0.956] O_B 0.9411
B+R_o2_r12.5_33 stage 2 [0.795, 0.903, 0.745, 0.903] O_B 0.9038
B+R_o1_r12.5_44 stage 2 [0.502, 0.983, 0.719, 0.959] O_B 0.9313
B+R_o2_r12.5_44 stage 2 [0.988, 0.749, 0.746, 0.973] O_B 0.919
B+R_o1_r12.5_33 stage 3 [0.979, 0.928, 0.945, 0.935] O_B 0.9299
B+R_o1_r12.5_55 stage 3 [0.977, 0.917, 0.963, 0.946] O_B 0.8451
B+R_o1_r12.5_44 stage 3 [0.986, 0.722, 0.948, 0.982] O_B 0.8685
B+R_o2_r12.5_33 stage 3 [0.955, 0.804, 0.983, 0.933] O_B 0.8553
B+R_o2_r12.5_44 stage 3 [0.963, 0.953, 0.982, 0.966] O_B 0.9021
B+R_o2_r12.5_55 stage 0 [0.507, 0.995, 0.486, 0.738] O_B 0.9271
B+R_o2_r12.5_66 stage 0 [0.491, 0.991, 0.52, 0.743] O_B 0.955
B+R_o1_r12.5_77 stage 0 [0.73, 0.735, 0.754, 0.995] O_B 0.9758
B+R_o1_r12.5_66 stage 0 [0.733, 0.76, 0.739, 0.998] O_B 0.9518
B+R_o2_r12.5_77 stage 0 [0.493, 0.998, 0.513, 0.744] O_B 0.9201
B+R_o2_r12.5_55 stage 1 [0.756, 0.962, 0.673, 0.991] O_B 0.9001
B+R_o2_r12.5_66 stage 1 [0.732, 0.965, 0.733, 0.99] O_B 0.9114
B+R_o1_r12.5_66 stage 1 [0.763, 0.517, 0.983, 0.879] O_B 0.8872
B+R_o1_r12.5_77 stage 1 [0.715, 0.499, 0.979, 0.939] O_B 0.9679
B+R_o2_r12.5_77 stage 1 [0.71, 0.968, 0.742, 0.994] O_B 0.8753
B+R_o2_r12.5_55 stage 2 [0.992, 0.653, 0.75, 0.989] O_B 0.8776
B+R_o1_r12.5_66 stage 2 [0.518, 0.988, 0.735, 0.915] O_B 0.8639
B+R_o2_r12.5_66 stage 2 [0.98, 0.905, 0.743, 0.941] O_B 0.8772
B+R_o1_r12.5_77 stage 2 [0.502, 0.977, 0.746, 0.749] O_B 0.9332
B+R_o2_r12.5_77 stage 2 [0.99, 0.748, 0.741, 0.993] O_B 0.8839
B+R_o2_r12.5_55 stage 3 [0.986, 0.955, 0.996, 0.984] O_B 0.8437
B+R_o1_r12.5_66 stage 3 [0.979, 0.803, 0.942, 0.96] O_B 0.8163
B+R_o1_r12.5_77 stage 3 [0.982, 0.722, 0.977, 0.976] O_B 0.8796
B+R_o2_r12.5_66 stage 3 [0.973, 0.947, 0.992, 0.973] O_B 0.8139
B+R_o2_r12.5_77 stage 3 [0.983, 0.988, 0.991, 0.979] O_B 0.8797
B+R_o2_r12.5_88 stage 0 [0.487, 0.986, 0.463, 0.74] O_B 0.9654
B+R_o1_r12.5_88 stage 0 [0.74, 0.745, 0.711, 0.997] O_B 0.9906
B+R_o1_r12.5_99 stage 0 [0.711, 0.716, 0.717, 0.987] O_B 0.9655
B+R_o2_r12.5_99 stage 0 [0.473, 0.994, 0.467, 0.753] O_B 0.9686
B+R_o1_r12.5_110 stage 0 [0.733, 0.743, 0.705, 0.994] O_B 0.971
B+R_o1_r12.5_99 stage 1 [0.734, 0.56, 0.986, 0.951] O_B 0.9159
B+R_o2_r12.5_88 stage 1 [0.617, 0.933, 0.635, 0.997] O_B 0.9339
B+R_o1_r12.5_88 stage 1 [0.724, 0.494, 0.983, 0.88] O_B 0.9289
B+R_o2_r12.5_99 stage 1 [0.69, 0.915, 0.694, 0.991] O_B 0.9406
B+R_o1_r12.5_110 stage 1 [0.867, 0.49, 0.982, 0.942] O_B 0.9484
B+R_o2_r12.5_88 stage 2 [0.957, 0.753, 0.752, 0.774] O_B 0.9582
B+R_o1_r12.5_99 stage 2 [0.488, 0.996, 0.73, 0.981] O_B 0.8625
B+R_o1_r12.5_88 stage 2 [0.516, 0.976, 0.733, 0.967] O_B 0.8979
B+R_o2_r12.5_99 stage 2 [0.985, 0.696, 0.719, 0.979] O_B 0.8955
B+R_o1_r12.5_110 stage 2 [0.494, 0.992, 0.736, 0.975] O_B 0.9238
B+R_o2_r12.5_88 stage 3 [0.908, 0.772, 0.99, 0.906] O_B 0.9837
B+R_o1_r12.5_99 stage 3 [0.983, 0.875, 0.959, 0.98] O_B 0.8073
B+R_o1_r12.5_88 stage 3 [0.999, 0.944, 0.969, 0.954] O_B 0.8577
B+R_o2_r12.5_99 stage 3 [0.968, 0.706, 0.994, 0.979] O_B 0.8542
B+R_o1_r12.5_110 stage 3 [0.978, 0.92, 0.959, 0.971] O_B 0.8432
B+R_o2_r12.5_110 stage 0 [0.486, 0.995, 0.486, 0.743] O_B 0.9453
B+H_o1_r12.5_11 stage 0 [0.739, 0.762, 0.743, 0.993] O_B 0.9633
B+H_o2_r12.5_11 stage 0 [0.498, 0.993, 0.481, 0.733] O_B 0.9531
B+H_o1_r12.5_22 stage 0 [0.685, 0.714, 0.711, 0.989] O_B 0.9687
B+H_o2_r12.5_22 stage 0 [0.495, 0.99, 0.492, 0.741] O_B 0.9123
B+R_o2_r12.5_110 stage 1 [0.665, 0.968, 0.56, 0.992] O_B 0.9365
B+H_o1_r12.5_11 stage 1 [0.753, 0.548, 0.989, 0.945] O_B 0.9061
B+H_o2_r12.5_22 stage 1 [0.694, 0.962, 0.724, 0.994] O_B 0.8787
B+H_o2_r12.5_11 stage 1 [0.742, 0.937, 0.741, 0.996] O_B 0.9286
B+H_o1_r12.5_22 stage 1 [0.706, 0.502, 0.994, 0.769] O_B 0.9207
B+R_o2_r12.5_110 stage 2 [0.785, 0.885, 0.724, 0.986] O_B 0.9361
B+H_o1_r12.5_11 stage 2 [0.52, 0.978, 0.739, 0.974] O_B 0.8752
B+H_o2_r12.5_22 stage 2 [0.991, 0.748, 0.718, 0.982] O_B 0.8251
B+H_o2_r12.5_11 stage 2 [0.99, 0.71, 0.746, 0.975] O_B 0.8984
B+H_o1_r12.5_22 stage 2 [0.513, 0.957, 0.749, 0.924] O_B 0.913
B+R_o2_r12.5_110 stage 3 [0.967, 0.948, 0.988, 0.963] O_B 0.9126
B+H_o1_r12.5_11 stage 3 [0.967, 0.731, 0.949, 0.971] O_B 0.7899
B+H_o2_r12.5_11 stage 3 [0.988, 0.969, 0.997, 0.972] O_B 0.8496
B+H_o2_r12.5_22 stage 3 [0.994, 0.938, 0.994, 0.984] O_B 0.783
B+H_o1_r12.5_22 stage 3 [0.986, 0.734, 0.976, 0.988] O_B 0.849
B+H_o1_r12.5_33 stage 0 [0.754, 0.753, 0.722, 0.978] O_B 0.9396
B+H_o2_r12.5_33 stage 0 [0.526, 0.997, 0.515, 0.747] O_B 0.9468
B+H_o1_r12.5_55 stage 0 [0.733, 0.776, 0.733, 0.991] O_B 0.9677
B+H_o1_r12.5_44 stage 0 [0.717, 0.725, 0.741, 0.988] O_B 0.9695
B+H_o2_r12.5_44 stage 0 [0.465, 0.995, 0.484, 0.766] O_B 0.9448
B+H_o1_r12.5_33 stage 1 [0.758, 0.536, 0.983, 0.896] O_B 0.9182
B+H_o2_r12.5_33 stage 1 [0.692, 0.982, 0.714, 0.978] O_B 0.8815
B+H_o2_r12.5_44 stage 1 [0.736, 0.965, 0.732, 0.994] O_B 0.936
B+H_o1_r12.5_44 stage 1 [0.755, 0.516, 0.986, 0.937] O_B 0.9605
B+H_o1_r12.5_55 stage 1 [0.769, 0.504, 0.99, 0.896] O_B 0.939
B+H_o1_r12.5_33 stage 2 [0.538, 0.993, 0.736, 0.923] O_B 0.8518
B+H_o2_r12.5_33 stage 2 [0.796, 0.736, 0.747, 0.915] O_B 0.8841
B+H_o2_r12.5_44 stage 2 [0.983, 0.751, 0.746, 0.959] O_B 0.9235
B+H_o1_r12.5_44 stage 2 [0.49, 0.987, 0.715, 0.963] O_B 0.9398
B+H_o1_r12.5_55 stage 2 [0.525, 0.991, 0.72, 0.977] O_B 0.9271
B+H_o1_r12.5_33 stage 3 [0.994, 0.986, 0.993, 0.987] O_B 0.7802
B+H_o2_r12.5_44 stage 3 [0.961, 0.758, 0.983, 0.962] O_B 0.8979
B+H_o2_r12.5_33 stage 3 [0.97, 0.848, 0.986, 0.916] O_B 0.8392
B+H_o1_r12.5_44 stage 3 [0.979, 0.708, 0.952, 0.976] O_B 0.8935
B+H_o1_r12.5_55 stage 3 [0.983, 0.643, 0.986, 0.986] O_B 0.8714
B+H_o2_r12.5_55 stage 0 [0.507, 0.996, 0.486, 0.742] O_B 0.9232
B+H_o1_r12.5_66 stage 0 [0.742, 0.755, 0.741, 0.995] O_B 0.9604
B+H_o2_r12.5_66 stage 0 [0.489, 0.991, 0.52, 0.742] O_B 0.9605
B+H_o1_r12.5_77 stage 0 [0.738, 0.735, 0.737, 0.995] O_B 0.9728
B+H_o2_r12.5_77 stage 0 [0.492, 0.992, 0.513, 0.745] O_B 0.9278
B+H_o2_r12.5_55 stage 1 [0.761, 0.943, 0.653, 0.995] O_B 0.9021
B+H_o1_r12.5_66 stage 1 [0.746, 0.511, 0.987, 0.867] O_B 0.9329
B+H_o2_r12.5_66 stage 1 [0.729, 0.971, 0.734, 0.992] O_B 0.9042
B+H_o1_r12.5_77 stage 1 [0.732, 0.496, 0.983, 0.812] O_B 0.9834
B+H_o2_r12.5_77 stage 1 [0.713, 0.972, 0.746, 0.994] O_B 0.8721
B+H_o2_r12.5_55 stage 2 [0.989, 0.695, 0.754, 0.974] O_B 0.8925
B+H_o1_r12.5_66 stage 2 [0.512, 0.988, 0.75, 0.936] O_B 0.9176
B+H_o2_r12.5_66 stage 2 [0.989, 0.939, 0.76, 0.991] O_B 0.8429
B+H_o1_r12.5_77 stage 2 [0.493, 0.988, 0.74, 0.786] O_B 0.9693
B+H_o2_r12.5_77 stage 2 [0.984, 0.758, 0.739, 0.992] O_B 0.8833
B+H_o2_r12.5_55 stage 3 [0.993, 0.962, 1.0, 0.964] O_B 0.8652
B+H_o1_r12.5_66 stage 3 [0.987, 0.767, 0.994, 0.976] O_B 0.8428
B+H_o2_r12.5_66 stage 3 [0.992, 0.958, 0.997, 0.988] O_B 0.7582
B+H_o1_r12.5_77 stage 3 [0.984, 0.736, 0.974, 0.977] O_B 0.9561
B+H_o2_r12.5_77 stage 3 [0.979, 0.994, 0.995, 0.979] O_B 0.8813
B+H_o1_r12.5_88 stage 0 [0.736, 0.722, 0.709, 0.993] O_B 0.9879
B+H_o2_r12.5_88 stage 0 [0.494, 0.985, 0.468, 0.738] O_B 0.9667
B+H_o1_r12.5_99 stage 0 [0.707, 0.703, 0.703, 0.989] O_B 0.9666
B+H_o2_r12.5_99 stage 0 [0.48, 0.993, 0.471, 0.747] O_B 0.9657
B+H_o1_r12.5_110 stage 0 [0.73, 0.741, 0.706, 0.993] O_B 0.9728
B+H_o1_r12.5_88 stage 1 [0.724, 0.52, 0.985, 0.917] O_B 0.9209
B+H_o2_r12.5_88 stage 1 [0.65, 0.936, 0.647, 0.997] O_B 0.933
B+H_o1_r12.5_99 stage 1 [0.729, 0.541, 0.991, 0.949] O_B 0.9286
B+H_o2_r12.5_99 stage 1 [0.728, 0.928, 0.708, 0.992] O_B 0.935
B+H_o1_r12.5_110 stage 1 [0.81, 0.509, 0.987, 0.925] O_B 0.9637
B+H_o1_r12.5_88 stage 2 [0.506, 0.98, 0.696, 0.97] O_B 0.9027
B+H_o2_r12.5_88 stage 2 [0.768, 0.873, 0.74, 0.896] O_B 0.9483
B+H_o1_r12.5_99 stage 2 [0.484, 0.997, 0.721, 0.97] O_B 0.8902
B+H_o2_r12.5_99 stage 2 [0.979, 0.768, 0.728, 0.906] O_B 0.9388
B+H_o1_r12.5_110 stage 2 [0.492, 0.995, 0.746, 0.951] O_B 0.9423
B+H_o1_r12.5_88 stage 3 [0.992, 0.937, 0.924, 0.975] O_B 0.8691
B+H_o2_r12.5_88 stage 3 [0.94, 0.844, 0.981, 0.765] O_B 0.9104
B+H_o1_r12.5_99 stage 3 [0.994, 0.936, 0.975, 0.994] O_B 0.8574
B+H_o2_r12.5_99 stage 3 [0.84, 0.813, 0.971, 0.917] O_B 0.8806
B+H_o1_r12.5_110 stage 3 [0.98, 0.957, 0.99, 0.992] O_B 0.8938
B+H_o2_r12.5_110 stage 0 [0.482, 0.995, 0.48, 0.738] O_B 0.9574
B+W+R_o1_r12.5_11 stage 0 [0.732, 0.755, 0.729, 0.993] O_B 0.9504
B+W+R_o1_r12.5_22 stage 0 [0.713, 0.725, 0.724, 0.988] O_B 0.9727
B+W+R_o2_r12.5_11 stage 0 [0.506, 0.994, 0.501, 0.739] O_B 0.9546
B+W+R_o2_r12.5_22 stage 0 [0.499, 0.993, 0.507, 0.748] O_B 0.9253
B+H_o2_r12.5_110 stage 1 [0.585, 0.951, 0.588, 0.992] O_B 0.9377
B+W+R_o1_r12.5_11 stage 1 [0.765, 0.555, 0.999, 0.944] O_B 0.9301
B+W+R_o1_r12.5_22 stage 1 [0.741, 0.522, 0.997, 0.845] O_B 0.9624
B+W+R_o2_r12.5_11 stage 1 [0.712, 0.898, 0.711, 0.985] O_B 0.9375
B+W+R_o2_r12.5_22 stage 1 [0.675, 0.943, 0.695, 0.986] O_B 0.932
B+H_o2_r12.5_110 stage 2 [0.978, 0.72, 0.729, 0.987] O_B 0.9226
B+W+R_o2_r12.5_11 stage 2 [0.985, 0.849, 0.74, 0.978] O_B 0.9084
B+W+R_o1_r12.5_11 stage 2 [0.526, 0.974, 0.743, 0.966] O_B 0.9241
B+W+R_o2_r12.5_22 stage 2 [0.982, 0.925, 0.71, 0.979] O_B 0.9164
B+W+R_o1_r12.5_22 stage 2 [0.523, 0.978, 0.783, 0.955] O_B 0.9205
B+H_o2_r12.5_110 stage 3 [0.97, 0.961, 0.992, 0.987] O_B 0.9111
B+W+R_o2_r12.5_22 stage 3 [0.94, 0.951, 0.996, 0.972] O_B 0.9026
B+W+R_o1_r12.5_11 stage 3 [0.988, 0.765, 0.949, 0.983] O_B 0.8866
B+W+R_o2_r12.5_11 stage 3 [0.981, 0.914, 0.994, 0.98] O_B 0.8919
B+W+R_o1_r12.5_22 stage 3 [0.987, 0.96, 0.946, 0.969] O_B 0.9313
B+W+R_o1_r12.5_33 stage 0 [0.755, 0.743, 0.749, 0.987] O_B 0.9785
B+W+R_o2_r12.5_33 stage 0 [0.521, 0.996, 0.517, 0.734] O_B 0.9814
B+W+R_o1_r12.5_55 stage 0 [0.755, 0.773, 0.748, 0.982] O_B 0.9751
B+W+R_o1_r12.5_44 stage 0 [0.732, 0.723, 0.74, 0.997] O_B 0.9653
B+W+R_o2_r12.5_44 stage 0 [0.46, 0.992, 0.478, 0.765] O_B 0.9381
B+W+R_o1_r12.5_33 stage 1 [0.768, 0.545, 0.992, 0.908] O_B 0.9652
B+W+R_o2_r12.5_33 stage 1 [0.557, 0.966, 0.671, 0.979] O_B 0.9601
B+W+R_o1_r12.5_55 stage 1 [0.768, 0.527, 0.994, 0.917] O_B 0.9687
B+W+R_o1_r12.5_44 stage 1 [0.746, 0.507, 0.989, 0.946] O_B 0.9659
B+W+R_o2_r12.5_44 stage 1 [0.744, 0.965, 0.74, 0.995] O_B 0.9252
B+W+R_o1_r12.5_33 stage 2 [0.532, 0.996, 0.757, 0.888] O_B 0.9379
B+W+R_o2_r12.5_33 stage 2 [0.97, 0.969, 0.747, 0.956] O_B 0.9479
B+W+R_o1_r12.5_55 stage 2 [0.548, 0.983, 0.728, 0.951] O_B 0.9521
B+W+R_o1_r12.5_44 stage 2 [0.505, 0.978, 0.739, 0.944] O_B 0.9502
B+W+R_o2_r12.5_44 stage 2 [0.979, 0.52, 0.745, 0.974] O_B 0.9094
B+W+R_o1_r12.5_33 stage 3 [0.995, 0.967, 0.968, 0.965] O_B 0.9635
B+W+R_o2_r12.5_33 stage 3 [0.871, 0.945, 0.98, 0.93] O_B 0.8764
B+W+R_o1_r12.5_44 stage 3 [0.984, 0.801, 0.947, 0.976] O_B 0.9267
B+W+R_o1_r12.5_55 stage 3 [0.986, 0.754, 0.975, 0.976] O_B 0.941
B+W+R_o2_r12.5_44 stage 3 [0.885, 0.535, 0.99, 0.967] O_B 0.8971
B+W+R_o2_r12.5_55 stage 0 [0.512, 0.997, 0.485, 0.749] O_B 0.9485
B+W+R_o1_r12.5_66 stage 0 [0.734, 0.754, 0.741, 0.995] O_B 0.968
B+W+R_o1_r12.5_77 stage 0 [0.73, 0.734, 0.749, 0.994] O_B 0.9717
B+W+R_o2_r12.5_66 stage 0 [0.498, 0.995, 0.525, 0.746] O_B 0.9588
B+W+R_o2_r12.5_77 stage 0 [0.481, 0.997, 0.508, 0.74] O_B 0.951
B+W+R_o2_r12.5_55 stage 1 [0.722, 0.944, 0.502, 0.991] O_B 0.9272
B+W+R_o1_r12.5_66 stage 1 [0.751, 0.516, 0.995, 0.904] O_B 0.958
B+W+R_o2_r12.5_77 stage 1 [0.696, 0.953, 0.732, 0.996] O_B 0.8966
B+W+R_o1_r12.5_77 stage 1 [0.717, 0.514, 0.982, 0.944] O_B 0.9707
B+W+R_o2_r12.5_66 stage 1 [0.704, 0.923, 0.704, 0.995] O_B 0.9267
B+W+R_o2_r12.5_55 stage 2 [0.967, 0.715, 0.725, 0.775] O_B 0.9821
B+W+R_o1_r12.5_66 stage 2 [0.521, 0.988, 0.726, 0.92] O_B 0.9465
B+W+R_o2_r12.5_66 stage 2 [0.904, 0.858, 0.742, 0.812] O_B 0.9583
B+W+R_o2_r12.5_77 stage 2 [0.977, 0.738, 0.735, 0.959] O_B 0.9055
B+W+R_o1_r12.5_77 stage 2 [0.515, 0.991, 0.83, 0.91] O_B 0.9335
B+W+R_o2_r12.5_55 stage 3 [0.961, 0.936, 0.988, 0.923] O_B 0.9634
B+W+R_o1_r12.5_66 stage 3 [0.989, 0.727, 0.95, 0.982] O_B 0.9582
B+W+R_o2_r12.5_66 stage 3 [0.926, 0.917, 0.983, 0.841] O_B 0.935
B+W+R_o2_r12.5_77 stage 3 [0.945, 0.758, 0.988, 0.959] O_B 0.9159
B+W+R_o1_r12.5_77 stage 3 [0.99, 0.961, 0.976, 0.958] O_B 0.9479
B+W+R_o1_r12.5_88 stage 0 [0.741, 0.746, 0.714, 0.993] O_B 0.986
B+W+R_o2_r12.5_88 stage 0 [0.496, 0.986, 0.466, 0.732] O_B 0.948
B+W+R_o1_r12.5_99 stage 0 [0.709, 0.712, 0.71, 0.992] O_B 0.9632
B+W+R_o2_r12.5_99 stage 0 [0.476, 0.996, 0.464, 0.741] O_B 0.9706
B+W+R_o1_r12.5_110 stage 0 [0.732, 0.74, 0.705, 0.994] O_B 0.9715
B+W+R_o1_r12.5_88 stage 1 [0.72, 0.499, 0.991, 0.896] O_B 0.98
B+W+R_o2_r12.5_99 stage 1 [0.718, 0.906, 0.684, 0.991] O_B 0.9528
B+W+R_o1_r12.5_99 stage 1 [0.735, 0.536, 0.994, 0.948] O_B 0.9443
B+W+R_o2_r12.5_88 stage 1 [0.575, 0.919, 0.623, 0.996] O_B 0.9017
B+W+R_o1_r12.5_110 stage 1 [0.801, 0.503, 0.995, 0.958] O_B 0.9663
B+W+R_o1_r12.5_88 stage 2 [0.51, 0.981, 0.748, 0.97] O_B 0.9565
B+W+R_o2_r12.5_99 stage 2 [0.979, 0.916, 0.692, 0.951] O_B 0.9283
B+W+R_o1_r12.5_99 stage 2 [0.493, 0.991, 0.7, 0.937] O_B 0.9138
B+W+R_o2_r12.5_88 stage 2 [0.975, 0.757, 0.729, 0.795] O_B 0.9561
B+W+R_o1_r12.5_110 stage 2 [0.497, 0.991, 0.737, 0.96] O_B 0.9437
B+W+R_o1_r12.5_88 stage 3 [0.998, 0.957, 0.951, 0.981] O_B 0.9594
B+W+R_o1_r12.5_99 stage 3 [0.991, 0.876, 0.942, 0.982] O_B 0.8832
B+W+R_o2_r12.5_88 stage 3 [0.919, 0.931, 0.987, 0.939] O_B 0.9654
B+W+R_o2_r12.5_99 stage 3 [0.959, 0.937, 0.989, 0.948] O_B 0.9451
B+W+R_o1_r12.5_110 stage 3 [0.988, 0.96, 0.983, 0.98] O_B 0.8913
B+W+R_o2_r12.5_110 stage 0 [0.487, 0.996, 0.487, 0.739] O_B 0.9171
B+W+H_o2_r12.5_11 stage 0 [0.504, 0.993, 0.502, 0.736] O_B 0.9591
B+W+H_o1_r12.5_11 stage 0 [0.742, 0.762, 0.746, 0.995] O_B 0.9588
B+W+H_o1_r12.5_22 stage 0 [0.702, 0.716, 0.717, 0.994] O_B 0.9698
B+W+H_o2_r12.5_22 stage 0 [0.5, 0.993, 0.494, 0.744] O_B 0.9212
B+W+R_o2_r12.5_110 stage 1 [0.63, 0.946, 0.578, 0.99] O_B 0.9028
B+W+H_o2_r12.5_11 stage 1 [0.696, 0.896, 0.695, 0.984] O_B 0.9437
B+W+H_o1_r12.5_11 stage 1 [0.762, 0.569, 0.999, 0.951] O_B 0.9351
B+W+H_o1_r12.5_22 stage 1 [0.72, 0.523, 0.998, 0.911] O_B 0.9616
B+W+H_o2_r12.5_22 stage 1 [0.655, 0.946, 0.699, 0.987] O_B 0.9071
B+W+R_o2_r12.5_110 stage 2 [0.836, 0.779, 0.676, 0.885] O_B 0.9344
B+W+H_o2_r12.5_11 stage 2 [0.981, 0.903, 0.754, 0.961] O_B 0.9133
B+W+H_o1_r12.5_11 stage 2 [0.517, 0.98, 0.747, 0.96] O_B 0.9163
B+W+H_o2_r12.5_22 stage 2 [0.979, 0.882, 0.71, 0.975] O_B 0.8644
B+W+H_o1_r12.5_22 stage 2 [0.523, 0.98, 0.772, 0.968] O_B 0.9334
B+W+R_o2_r12.5_110 stage 3 [0.942, 0.95, 0.993, 0.976] O_B 0.9318
B+W+H_o2_r12.5_11 stage 3 [0.956, 0.901, 0.996, 0.961] O_B 0.8902
B+W+H_o2_r12.5_22 stage 3 [0.977, 0.915, 0.995, 0.978] O_B 0.855
B+W+H_o1_r12.5_11 stage 3 [0.973, 0.833, 0.953, 0.947] O_B 0.9427
B+W+H_o1_r12.5_22 stage 3 [0.991, 0.948, 0.95, 0.983] O_B 0.9476
B+W+H_o1_r12.5_33 stage 0 [0.76, 0.745, 0.732, 0.989] O_B 0.9733
B+W+H_o2_r12.5_33 stage 0 [0.521, 0.997, 0.514, 0.733] O_B 0.9868
B+W+H_o2_r12.5_44 stage 0 [0.457, 0.99, 0.471, 0.765] O_B 0.9485
B+W+H_o1_r12.5_44 stage 0 [0.731, 0.727, 0.74, 0.996] O_B 0.9716
B+W+H_o1_r12.5_55 stage 0 [0.746, 0.776, 0.743, 0.987] O_B 0.977
B+W+H_o1_r12.5_33 stage 1 [0.759, 0.544, 0.98, 0.907] O_B 0.964
B+W+H_o2_r12.5_44 stage 1 [0.718, 0.968, 0.702, 0.992] O_B 0.9272
B+W+H_o2_r12.5_33 stage 1 [0.586, 0.977, 0.659, 0.981] O_B 0.9715
B+W+H_o1_r12.5_44 stage 1 [0.758, 0.542, 0.991, 0.948] O_B 0.9652
B+W+H_o1_r12.5_55 stage 1 [0.754, 0.522, 0.994, 0.914] O_B 0.9633
B+W+H_o1_r12.5_33 stage 2 [0.523, 0.993, 0.724, 0.908] O_B 0.9332
B+W+H_o2_r12.5_44 stage 2 [0.982, 0.64, 0.745, 0.983] O_B 0.9086
B+W+H_o2_r12.5_33 stage 2 [0.983, 0.778, 0.734, 0.78] O_B 0.9447
B+W+H_o1_r12.5_44 stage 2 [0.489, 0.985, 0.724, 0.943] O_B 0.9428
B+W+H_o1_r12.5_55 stage 2 [0.539, 0.987, 0.711, 0.967] O_B 0.9477
B+W+H_o1_r12.5_33 stage 3 [0.992, 0.887, 0.965, 0.971] O_B 0.954
B+W+H_o2_r12.5_44 stage 3 [0.929, 0.72, 0.988, 0.972] O_B 0.8914
B+W+H_o2_r12.5_33 stage 3 [0.948, 0.929, 0.992, 0.938] O_B 0.9259
B+W+H_o1_r12.5_44 stage 3 [0.981, 0.722, 0.973, 0.954] O_B 0.9297
B+W+H_o1_r12.5_55 stage 3 [0.986, 0.745, 0.97, 0.989] O_B 0.9382
B+W+H_o2_r12.5_55 stage 0 [0.514, 0.997, 0.492, 0.75] O_B 0.9575
B+W+H_o2_r12.5_66 stage 0 [0.498, 0.994, 0.527, 0.749] O_B 0.9553
B+W+H_o1_r12.5_66 stage 0 [0.736, 0.752, 0.741, 0.998] O_B 0.9662
B+W+H_o2_r12.5_77 stage 0 [0.487, 0.999, 0.511, 0.743] O_B 0.9545
B+W+H_o1_r12.5_77 stage 0 [0.732, 0.735, 0.75, 0.995] O_B 0.973
B+W+H_o2_r12.5_55 stage 1 [0.722, 0.942, 0.534, 0.99] O_B 0.9334
B+W+H_o2_r12.5_66 stage 1 [0.706, 0.925, 0.709, 0.992] O_B 0.9307
B+W+H_o1_r12.5_66 stage 1 [0.745, 0.512, 0.995, 0.904] O_B 0.9587
B+W+H_o2_r12.5_77 stage 1 [0.693, 0.967, 0.738, 0.993] O_B 0.8971
B+W+H_o1_r12.5_77 stage 1 [0.712, 0.519, 0.981, 0.945] O_B 0.9731
B+W+H_o2_r12.5_55 stage 2 [0.76, 0.845, 0.67, 0.917] O_B 0.9509
B+W+H_o2_r12.5_66 stage 2 [0.973, 0.872, 0.744, 0.948] O_B 0.9279
B+W+H_o1_r12.5_66 stage 2 [0.51, 0.988, 0.734, 0.922] O_B 0.9431
B+W+H_o2_r12.5_77 stage 2 [0.984, 0.907, 0.748, 0.979] O_B 0.9001
B+W+H_o1_r12.5_77 stage 2 [0.523, 0.994, 0.836, 0.911] O_B 0.9332
B+W+H_o2_r12.5_55 stage 3 [0.927, 0.756, 0.98, 0.947] O_B 0.9364
B+W+H_o2_r12.5_66 stage 3 [0.97, 0.889, 0.995, 0.932] O_B 0.9089
B+W+H_o1_r12.5_77 stage 3 [0.991, 0.942, 0.968, 0.952] O_B 0.942
B+W+H_o1_r12.5_66 stage 3 [0.989, 0.8, 0.968, 0.977] O_B 0.9283
B+W+H_o2_r12.5_77 stage 3 [0.946, 0.97, 0.991, 0.977] O_B 0.9141
B+W+H_o1_r12.5_88 stage 0 [0.74, 0.732, 0.713, 0.994] O_B 0.9834
B+W+H_o2_r12.5_99 stage 0 [0.479, 0.997, 0.467, 0.747] O_B 0.961
B+W+H_o1_r12.5_99 stage 0 [0.708, 0.708, 0.705, 0.992] O_B 0.9642
B+W+H_o2_r12.5_88 stage 0 [0.492, 0.986, 0.468, 0.731] O_B 0.9554
B+W+H_o1_r12.5_110 stage 0 [0.731, 0.738, 0.704, 0.994] O_B 0.973
B+W+H_o1_r12.5_88 stage 1 [0.722, 0.505, 0.991, 0.926] O_B 0.9727
B+W+H_o2_r12.5_99 stage 1 [0.715, 0.909, 0.695, 0.992] O_B 0.9434
B+W+H_o2_r12.5_88 stage 1 [0.62, 0.923, 0.634, 0.987] O_B 0.9077
B+W+H_o1_r12.5_99 stage 1 [0.727, 0.543, 0.996, 0.946] O_B 0.9486
B+W+H_o1_r12.5_110 stage 1 [0.741, 0.517, 0.995, 0.936] O_B 0.9682
B+W+H_o1_r12.5_88 stage 2 [0.505, 0.974, 0.698, 0.96] O_B 0.9213
B+W+H_o2_r12.5_99 stage 2 [0.981, 0.807, 0.726, 0.979] O_B 0.8683
B+W+H_o2_r12.5_88 stage 2 [0.983, 0.77, 0.727, 0.895] O_B 0.9671
B+W+H_o1_r12.5_99 stage 2 [0.5, 0.989, 0.71, 0.856] O_B 0.9171
B+W+H_o1_r12.5_110 stage 2 [0.494, 0.989, 0.754, 0.935] O_B 0.9515
B+W+H_o1_r12.5_88 stage 3 [0.995, 0.778, 0.929, 0.974] O_B 0.933
B+W+H_o2_r12.5_99 stage 3 [0.975, 0.853, 0.992, 0.973] O_B 0.8565
B+W+H_o2_r12.5_88 stage 3 [0.731, 0.883, 0.987, 0.746] O_B 0.9698
B+W+H_o1_r12.5_99 stage 3 [0.984, 0.877, 0.939, 0.979] O_B 0.8886
B+W+H_o1_r12.5_110 stage 3 [0.991, 0.949, 0.97, 0.964] O_B 0.9294
B+W+H_o2_r12.5_110 stage 0 [0.485, 0.996, 0.492, 0.741] O_B 0.9343
B+R+H_o1_r12.5_11 stage 0 [0.752, 0.761, 0.75, 0.997] O_B 0.9682
B+R+H_o2_r12.5_11 stage 0 [0.498, 0.994, 0.49, 0.737] O_B 0.9553
B+R+H_o1_r12.5_22 stage 0 [0.717, 0.732, 0.726, 0.986] O_B 0.9748
B+R+H_o2_r12.5_22 stage 0 [0.495, 0.991, 0.491, 0.741] O_B 0.9142
B+W+H_o2_r12.5_110 stage 1 [0.575, 0.939, 0.579, 0.99] O_B 0.9143
B+R+H_o1_r12.5_11 stage 1 [0.768, 0.541, 0.993, 0.947] O_B 0.8895
B+R+H_o2_r12.5_11 stage 1 [0.726, 0.92, 0.732, 0.987] O_B 0.9406
B+R+H_o1_r12.5_22 stage 1 [0.729, 0.52, 0.989, 0.934] O_B 0.9072
B+R+H_o2_r12.5_22 stage 1 [0.688, 0.948, 0.722, 0.993] O_B 0.8896
B+W+H_o2_r12.5_110 stage 2 [0.971, 0.781, 0.692, 0.915] O_B 0.9373
B+R+H_o1_r12.5_11 stage 2 [0.521, 0.976, 0.729, 0.963] O_B 0.8638
B+R+H_o2_r12.5_11 stage 2 [0.983, 0.733, 0.752, 0.985] O_B 0.9124
B+R+H_o1_r12.5_22 stage 2 [0.525, 0.984, 0.698, 0.943] O_B 0.9225
B+R+H_o2_r12.5_22 stage 2 [0.986, 0.72, 0.713, 0.988] O_B 0.8545
B+W+H_o2_r12.5_110 stage 3 [0.975, 0.946, 0.99, 0.975] O_B 0.9144
B+R+H_o1_r12.5_11 stage 3 [0.982, 0.716, 0.924, 0.987] O_B 0.7754
B+R+H_o2_r12.5_11 stage 3 [0.975, 0.74, 1.0, 0.956] O_B 0.8766
B+R+H_o1_r12.5_22 stage 3 [0.983, 0.765, 0.958, 0.964] O_B 0.8735
B+R+H_o2_r12.5_22 stage 3 [0.983, 0.746, 0.996, 0.99] O_B 0.7768
B+R+H_o1_r12.5_33 stage 0 [0.75, 0.75, 0.729, 0.984] O_B 0.973
B+R+H_o2_r12.5_33 stage 0 [0.526, 0.992, 0.512, 0.741] O_B 0.944
B+R+H_o1_r12.5_44 stage 0 [0.714, 0.727, 0.729, 0.995] O_B 0.9676
B+R+H_o2_r12.5_44 stage 0 [0.456, 0.992, 0.469, 0.762] O_B 0.9542
B+R+H_o1_r12.5_55 stage 0 [0.726, 0.776, 0.738, 0.986] O_B 0.9715
B+R+H_o1_r12.5_33 stage 1 [0.791, 0.548, 0.986, 0.898] O_B 0.9594
B+R+H_o2_r12.5_33 stage 1 [0.675, 0.976, 0.711, 0.978] O_B 0.8823
B+R+H_o1_r12.5_44 stage 1 [0.753, 0.505, 0.99, 0.93] O_B 0.9571
B+R+H_o2_r12.5_44 stage 1 [0.729, 0.964, 0.742, 0.995] O_B 0.9371
B+R+H_o1_r12.5_55 stage 1 [0.875, 0.514, 0.992, 0.885] O_B 0.9676
B+R+H_o1_r12.5_33 stage 2 [0.526, 0.992, 0.788, 0.881] O_B 0.9543
B+R+H_o2_r12.5_33 stage 2 [0.781, 0.855, 0.746, 0.931] O_B 0.8983
B+R+H_o1_r12.5_44 stage 2 [0.497, 0.981, 0.715, 0.954] O_B 0.9441
B+R+H_o2_r12.5_44 stage 2 [0.985, 0.526, 0.74, 0.976] O_B 0.9194
B+R+H_o1_r12.5_55 stage 2 [0.529, 0.986, 0.739, 0.96] O_B 0.9633
B+R+H_o1_r12.5_33 stage 3 [0.982, 0.856, 0.951, 0.934] O_B 0.9543
B+R+H_o2_r12.5_33 stage 3 [0.96, 0.932, 0.986, 0.952] O_B 0.8879
B+R+H_o1_r12.5_44 stage 3 [0.981, 0.741, 0.958, 0.985] O_B 0.9012
B+R+H_o2_r12.5_44 stage 3 [0.778, 0.575, 0.984, 0.977] O_B 0.8793
B+R+H_o1_r12.5_55 stage 3 [0.977, 0.716, 0.965, 0.944] O_B 0.8641
B+R+H_o2_r12.5_55 stage 0 [0.506, 0.996, 0.484, 0.731] O_B 0.9204
B+R+H_o1_r12.5_66 stage 0 [0.743, 0.757, 0.755, 0.998] O_B 0.9597
B+R+H_o2_r12.5_66 stage 0 [0.491, 0.991, 0.52, 0.743] O_B 0.9518
B+R+H_o1_r12.5_77 stage 0 [0.729, 0.735, 0.748, 0.995] O_B 0.9777
B+R+H_o2_r12.5_77 stage 0 [0.491, 0.995, 0.513, 0.746] O_B 0.9169
B+R+H_o2_r12.5_55 stage 1 [0.758, 0.956, 0.683, 0.991] O_B 0.8934
B+R+H_o1_r12.5_66 stage 1 [0.76, 0.512, 0.991, 0.878] O_B 0.9241
B+R+H_o2_r12.5_66 stage 1 [0.733, 0.967, 0.734, 0.99] O_B 0.9023
B+R+H_o1_r12.5_77 stage 1 [0.725, 0.491, 0.981, 0.937] O_B 0.975
B+R+H_o2_r12.5_77 stage 1 [0.708, 0.963, 0.743, 0.999] O_B 0.8707
B+R+H_o2_r12.5_55 stage 2 [0.993, 0.916, 0.746, 0.983] O_B 0.8702
B+R+H_o1_r12.5_66 stage 2 [0.523, 0.991, 0.732, 0.906] O_B 0.9048
B+R+H_o2_r12.5_66 stage 2 [0.98, 0.909, 0.744, 0.946] O_B 0.8669
B+R+H_o1_r12.5_77 stage 2 [0.505, 0.989, 0.755, 0.785] O_B 0.9524
B+R+H_o2_r12.5_77 stage 2 [0.994, 0.751, 0.744, 0.981] O_B 0.8654
B+R+H_o2_r12.5_55 stage 3 [0.99, 0.917, 0.992, 0.985] O_B 0.8452
B+R+H_o1_r12.5_66 stage 3 [0.981, 0.729, 0.938, 0.972] O_B 0.881
B+R+H_o2_r12.5_66 stage 3 [0.978, 0.916, 0.992, 0.971] O_B 0.8175
B+R+H_o1_r12.5_77 stage 3 [0.989, 0.93, 0.979, 0.964] O_B 0.9634
B+R+H_o2_r12.5_77 stage 3 [0.981, 0.985, 0.994, 0.974] O_B 0.857
B+R+H_o2_r12.5_88 stage 0 [0.486, 0.985, 0.463, 0.739] O_B 0.972
B+R+H_o1_r12.5_88 stage 0 [0.738, 0.743, 0.711, 0.997] O_B 0.9895
B+R+H_o1_r12.5_99 stage 0 [0.713, 0.714, 0.72, 0.993] O_B 0.968
B+R+H_o2_r12.5_99 stage 0 [0.474, 0.994, 0.468, 0.758] O_B 0.9667
B+R+H_o1_r12.5_110 stage 0 [0.726, 0.742, 0.709, 0.994] O_B 0.974
B+R+H_o2_r12.5_88 stage 1 [0.628, 0.934, 0.642, 0.995] O_B 0.9396
B+R+H_o1_r12.5_88 stage 1 [0.736, 0.499, 0.986, 0.854] O_B 0.9374
B+R+H_o1_r12.5_99 stage 1 [0.738, 0.546, 0.99, 0.948] O_B 0.925
B+R+H_o2_r12.5_99 stage 1 [0.707, 0.92, 0.716, 0.995] O_B 0.9447
B+R+H_o1_r12.5_110 stage 1 [0.931, 0.503, 0.995, 0.949] O_B 0.971
B+R+H_o2_r12.5_88 stage 2 [0.931, 0.776, 0.716, 0.775] O_B 0.9336
B+R+H_o1_r12.5_88 stage 2 [0.541, 0.978, 0.715, 0.959] O_B 0.9074
B+R+H_o1_r12.5_99 stage 2 [0.496, 0.996, 0.745, 0.971] O_B 0.8767
B+R+H_o2_r12.5_99 stage 2 [0.989, 0.666, 0.728, 0.989] O_B 0.9195
B+R+H_o1_r12.5_110 stage 2 [0.51, 0.991, 0.905, 0.947] O_B 0.9508
B+R+H_o2_r12.5_88 stage 3 [0.903, 0.83, 0.986, 0.892] O_B 0.9473
B+R+H_o1_r12.5_88 stage 3 [0.991, 0.755, 0.938, 0.971] O_B 0.8648
B+R+H_o1_r12.5_99 stage 3 [0.988, 0.903, 0.963, 0.957] O_B 0.8402
B+R+H_o2_r12.5_99 stage 3 [0.922, 0.718, 0.991, 0.953] O_B 0.8635
B+R+H_o1_r12.5_110 stage 3 [0.979, 0.927, 0.97, 0.955] O_B 0.9405
B+R+H_o2_r12.5_110 stage 0 [0.484, 0.995, 0.48, 0.74] O_B 0.9557
All_o1_r12.5_11 stage 0 [0.745, 0.762, 0.745, 0.994] O_B 0.9573
All_o2_r12.5_11 stage 0 [0.506, 0.995, 0.504, 0.74] O_B 0.957
All_o1_r12.5_22 stage 0 [0.718, 0.722, 0.725, 0.994] O_B 0.9751
All_o2_r12.5_22 stage 0 [0.501, 0.994, 0.507, 0.75] O_B 0.9291
B+R+H_o2_r12.5_110 stage 1 [0.678, 0.961, 0.562, 0.992] O_B 0.9384
All_o1_r12.5_11 stage 1 [0.771, 0.571, 1.0, 0.944] O_B 0.9319
All_o2_r12.5_11 stage 1 [0.711, 0.887, 0.707, 0.987] O_B 0.9456
All_o1_r12.5_22 stage 1 [0.73, 0.521, 0.995, 0.96] O_B 0.9642
All_o2_r12.5_22 stage 1 [0.672, 0.96, 0.697, 0.989] O_B 0.9349
B+R+H_o2_r12.5_110 stage 2 [0.976, 0.816, 0.727, 0.973] O_B 0.925
All_o1_r12.5_11 stage 2 [0.522, 0.98, 0.754, 0.967] O_B 0.9151
All_o2_r12.5_11 stage 2 [0.979, 0.835, 0.742, 0.97] O_B 0.9216
All_o1_r12.5_22 stage 2 [0.509, 0.968, 0.733, 0.886] O_B 0.9146
All_o2_r12.5_22 stage 2 [0.979, 0.746, 0.719, 0.983] O_B 0.9186
B+R+H_o2_r12.5_110 stage 3 [0.969, 0.954, 0.988, 0.974] O_B 0.9132
All_o1_r12.5_11 stage 3 [0.983, 0.749, 0.939, 0.967] O_B 0.8863
All_o2_r12.5_11 stage 3 [0.979, 0.916, 0.999, 0.969] O_B 0.8989
All_o1_r12.5_22 stage 3 [0.988, 0.748, 0.979, 0.98] O_B 0.9381
All_o2_r12.5_22 stage 3 [0.964, 0.767, 0.993, 0.968] O_B 0.9079
All_o1_r12.5_33 stage 0 [0.757, 0.749, 0.745, 0.988] O_B 0.9819
All_o2_r12.5_33 stage 0 [0.525, 0.996, 0.517, 0.739] O_B 0.9845
All_o1_r12.5_44 stage 0 [0.732, 0.72, 0.737, 0.997] O_B 0.9706
All_o2_r12.5_44 stage 0 [0.456, 0.995, 0.47, 0.765] O_B 0.9467
All_o1_r12.5_55 stage 0 [0.756, 0.775, 0.748, 0.988] O_B 0.9799
All_o1_r12.5_33 stage 1 [0.763, 0.54, 0.987, 0.914] O_B 0.964
All_o2_r12.5_33 stage 1 [0.547, 0.973, 0.658, 0.98] O_B 0.9718
All_o1_r12.5_44 stage 1 [0.747, 0.514, 0.99, 0.949] O_B 0.9673
All_o2_r12.5_44 stage 1 [0.739, 0.962, 0.737, 0.996] O_B 0.9258
All_o1_r12.5_55 stage 1 [0.752, 0.52, 0.992, 0.904] O_B 0.9681
All_o1_r12.5_33 stage 2 [0.53, 0.996, 0.782, 0.886] O_B 0.9393
All_o2_r12.5_33 stage 2 [0.966, 0.783, 0.734, 0.725] O_B 0.9393
All_o1_r12.5_44 stage 2 [0.5, 0.979, 0.741, 0.939] O_B 0.9478
All_o2_r12.5_44 stage 2 [0.979, 0.576, 0.748, 0.974] O_B 0.914
All_o1_r12.5_55 stage 2 [0.553, 0.978, 0.725, 0.941] O_B 0.9564
All_o1_r12.5_33 stage 3 [0.994, 0.961, 0.958, 0.972] O_B 0.9663
All_o1_r12.5_44 stage 3 [0.982, 0.818, 0.944, 0.967] O_B 0.9298
All_o2_r12.5_33 stage 3 [0.911, 0.966, 0.99, 0.893] O_B 0.8728
All_o2_r12.5_44 stage 3 [0.92, 0.702, 0.988, 0.964] O_B 0.9017
All_o1_r12.5_55 stage 3 [0.986, 0.769, 0.972, 0.968] O_B 0.9429
All_o2_r12.5_55 stage 0 [0.511, 0.998, 0.486, 0.749] O_B 0.9536
All_o1_r12.5_66 stage 0 [0.742, 0.753, 0.749, 0.997] O_B 0.9742
All_o2_r12.5_66 stage 0 [0.498, 0.995, 0.527, 0.749] O_B 0.9577
All_o1_r12.5_77 stage 0 [0.729, 0.737, 0.751, 0.995] O_B 0.9715
All_o2_r12.5_77 stage 0 [0.49, 0.999, 0.512, 0.743] O_B 0.9438
All_o2_r12.5_55 stage 1 [0.724, 0.941, 0.546, 0.987] O_B 0.9323
All_o2_r12.5_66 stage 1 [0.706, 0.914, 0.708, 0.995] O_B 0.9311
All_o1_r12.5_66 stage 1 [0.748, 0.515, 0.993, 0.899] O_B 0.9583
All_o1_r12.5_77 stage 1 [0.715, 0.517, 0.991, 0.942] O_B 0.9685
All_o2_r12.5_77 stage 1 [0.676, 0.954, 0.729, 0.991] O_B 0.9134
All_o2_r12.5_55 stage 2 [0.96, 0.718, 0.745, 0.766] O_B 0.9793
All_o1_r12.5_66 stage 2 [0.521, 0.993, 0.779, 0.938] O_B 0.9471
All_o2_r12.5_66 stage 2 [0.937, 0.898, 0.747, 0.844] O_B 0.946
All_o1_r12.5_77 stage 2 [0.521, 0.998, 0.834, 0.907] O_B 0.9444
All_o2_r12.5_77 stage 2 [0.989, 0.909, 0.739, 0.986] O_B 0.9187
All_o2_r12.5_55 stage 3 [0.967, 0.917, 0.987, 0.93] O_B 0.9546
All_o2_r12.5_66 stage 3 [0.971, 0.936, 0.978, 0.812] O_B 0.9197
All_o1_r12.5_66 stage 3 [0.988, 0.716, 0.938, 0.967] O_B 0.9637
All_o1_r12.5_77 stage 3 [0.989, 0.982, 0.978, 0.968] O_B 0.9588
All_o2_r12.5_77 stage 3 [0.935, 0.931, 0.993, 0.958] O_B 0.9264
All_o1_r12.5_88 stage 0 [0.739, 0.738, 0.71, 0.99] O_B 0.9862
All_o2_r12.5_88 stage 0 [0.495, 0.986, 0.473, 0.734] O_B 0.9562
All_o1_r12.5_99 stage 0 [0.72, 0.711, 0.726, 0.99] O_B 0.9687
All_o2_r12.5_99 stage 0 [0.474, 0.992, 0.464, 0.739] O_B 0.9677
All_o1_r12.5_110 stage 0 [0.736, 0.738, 0.708, 0.994] O_B 0.9743
All_o1_r12.5_88 stage 1 [0.717, 0.497, 0.993, 0.909] O_B 0.9775
All_o2_r12.5_88 stage 1 [0.618, 0.939, 0.648, 0.992] O_B 0.906
All_o1_r12.5_99 stage 1 [0.735, 0.554, 0.996, 0.948] O_B 0.9426
All_o2_r12.5_99 stage 1 [0.718, 0.914, 0.696, 0.99] O_B 0.9473
All_o1_r12.5_110 stage 1 [0.836, 0.518, 0.995, 0.95] O_B 0.9651
All_o1_r12.5_88 stage 2 [0.518, 0.985, 0.737, 0.975] O_B 0.9581
All_o2_r12.5_88 stage 2 [0.965, 0.771, 0.716, 0.79] O_B 0.9594
All_o1_r12.5_99 stage 2 [0.495, 0.996, 0.733, 0.971] O_B 0.9132
All_o2_r12.5_99 stage 2 [0.985, 0.732, 0.73, 0.922] O_B 0.9025
All_o1_r12.5_110 stage 2 [0.52, 0.989, 0.786, 0.942] O_B 0.9461
All_o1_r12.5_88 stage 3 [0.995, 0.952, 0.959, 0.975] O_B 0.9558
All_o2_r12.5_88 stage 3 [0.896, 0.794, 0.992, 0.89] O_B 0.9753
All_o1_r12.5_99 stage 3 [0.99, 0.891, 0.939, 0.982] O_B 0.8973
All_o2_r12.5_99 stage 3 [0.927, 0.774, 0.986, 0.938] O_B 0.9118
All_o1_r12.5_110 stage 3 [0.992, 0.964, 0.965, 0.972] O_B 0.9438
All_o2_r12.5_110 stage 0 [0.485, 0.996, 0.487, 0.741] O_B 0.9369
All_o2_r12.5_110 stage 1 [0.648, 0.943, 0.599, 0.99] O_B 0.9227
All_o2_r12.5_110 stage 2 [0.968, 0.756, 0.714, 0.93] O_B 0.9407
All_o2_r12.5_110 stage 3 [0.969, 0.965, 0.991, 0.978] O_B 0.9243
all 160 jobs in 2117.0 s
