device cpu write_modes ['aux'] ratios [0, 0.125] epochs 65
aux_r0_11 stage 0 [1.0, 0.523, 0.754, 0.725]
aux_r0_11 stage 1 [0.719, 1.0, 0.512, 0.662]
aux_r0_11 stage 2 [0.76, 0.523, 1.0, 0.725]
aux_r0_11 stage 3 [0.76, 0.763, 0.754, 1.0]
aux_r0_22 stage 0 [1.0, 0.514, 0.734, 0.743]
aux_r0_22 stage 1 [0.498, 0.998, 0.502, 0.75]
aux_r0_22 stage 2 [0.736, 0.515, 1.0, 0.742]
aux_r0_22 stage 3 [0.736, 0.739, 0.734, 1.0]
aux_r0_33 stage 0 [1.0, 0.521, 0.76, 0.75]
aux_r0_33 stage 1 [0.528, 1.0, 0.516, 0.747]
aux_r0_33 stage 2 [0.768, 0.521, 1.0, 0.75]
aux_r0_33 stage 3 [0.768, 0.75, 0.76, 1.0]
aux_r0_44 stage 0 [1.0, 0.494, 0.758, 0.763]
aux_r0_44 stage 1 [0.524, 0.999, 0.501, 0.767]
aux_r0_44 stage 2 [0.756, 0.494, 1.0, 0.763]
aux_r0_44 stage 3 [0.756, 0.6, 0.758, 1.0]
aux_r0_55 stage 0 [1.0, 0.49, 0.752, 0.756]
aux_r0_55 stage 1 [0.727, 1.0, 0.484, 0.75]
aux_r0_55 stage 2 [0.77, 0.489, 1.0, 0.756]
aux_r0_55 stage 3 [0.77, 0.772, 0.752, 1.0]
aux_r12.5_11 stage 0 [1.0, 0.523, 0.754, 0.725]
aux_r12.5_11 stage 1 [0.988, 0.999, 0.512, 0.743]
aux_r12.5_11 stage 2 [1.0, 0.978, 0.998, 0.723]
aux_r12.5_11 stage 3 [1.0, 0.981, 1.0, 1.0]
aux_r12.5_22 stage 0 [1.0, 0.514, 0.734, 0.743]
aux_r12.5_22 stage 1 [0.986, 0.991, 0.502, 0.748]
aux_r12.5_22 stage 2 [1.0, 0.862, 0.999, 0.737]
aux_r12.5_22 stage 3 [1.0, 0.997, 0.993, 1.0]
aux_r12.5_33 stage 0 [1.0, 0.521, 0.76, 0.75]
aux_r12.5_33 stage 1 [0.731, 1.0, 0.516, 0.747]
aux_r12.5_33 stage 2 [1.0, 0.878, 1.0, 0.75]
aux_r12.5_33 stage 3 [1.0, 1.0, 0.898, 1.0]
aux_r12.5_44 stage 0 [1.0, 0.494, 0.758, 0.763]
aux_r12.5_44 stage 1 [0.874, 0.999, 0.501, 0.767]
aux_r12.5_44 stage 2 [1.0, 0.999, 1.0, 0.731]
aux_r12.5_44 stage 3 [1.0, 0.998, 1.0, 1.0]
aux_r12.5_55 stage 0 [1.0, 0.49, 0.752, 0.756]
aux_r12.5_55 stage 1 [0.999, 1.0, 0.484, 0.75]
aux_r12.5_55 stage 2 [1.0, 1.0, 1.0, 0.756]
aux_r12.5_55 stage 3 [1.0, 0.982, 0.999, 1.0]
