device cpu write_modes ['const1'] ratios [0, 0.125] epochs 65
const1_r0_11 stage 0 [0.999, 0.525, 0.754, 0.725]
const1_r0_11 stage 1 [0.516, 0.988, 0.514, 0.679]
const1_r0_11 stage 2 [0.76, 0.524, 1.0, 0.725]
const1_r0_11 stage 3 [0.76, 0.763, 0.754, 1.0]
const1_r0_22 stage 0 [0.998, 0.515, 0.733, 0.742]
const1_r0_22 stage 1 [0.5, 0.988, 0.502, 0.75]
const1_r0_22 stage 2 [0.733, 0.516, 0.998, 0.74]
const1_r0_22 stage 3 [0.736, 0.759, 0.734, 1.0]
const1_r0_33 stage 0 [0.991, 0.527, 0.754, 0.765]
const1_r0_33 stage 1 [0.696, 0.764, 0.497, 0.499]
const1_r0_33 stage 2 [0.771, 0.526, 0.997, 0.754]
const1_r0_33 stage 3 [0.768, 0.749, 0.763, 0.999]
const1_r0_44 stage 0 [0.998, 0.495, 0.753, 0.761]
const1_r0_44 stage 1 [0.494, 0.991, 0.514, 0.775]
const1_r0_44 stage 2 [0.755, 0.493, 0.997, 0.76]
const1_r0_44 stage 3 [0.756, 0.729, 0.757, 1.0]
const1_r0_55 stage 0 [0.999, 0.493, 0.751, 0.756]
const1_r0_55 stage 1 [0.523, 0.992, 0.487, 0.748]
const1_r0_55 stage 2 [0.77, 0.492, 0.999, 0.753]
const1_r0_55 stage 3 [0.77, 0.774, 0.752, 1.0]
const1_r12.5_11 stage 0 [0.999, 0.525, 0.754, 0.725]
const1_r12.5_11 stage 1 [0.964, 0.994, 0.513, 0.644]
const1_r12.5_11 stage 2 [1.0, 0.795, 1.0, 0.725]
const1_r12.5_11 stage 3 [0.982, 0.981, 0.948, 1.0]
const1_r12.5_22 stage 0 [0.998, 0.515, 0.733, 0.742]
const1_r12.5_22 stage 1 [0.941, 0.995, 0.512, 0.758]
const1_r12.5_22 stage 2 [0.999, 0.905, 0.997, 0.73]
const1_r12.5_22 stage 3 [0.999, 0.999, 0.999, 1.0]
const1_r12.5_33 stage 0 [0.991, 0.527, 0.754, 0.765]
const1_r12.5_33 stage 1 [0.932, 0.838, 0.57, 0.681]
const1_r12.5_33 stage 2 [0.99, 0.773, 0.997, 0.754]
const1_r12.5_33 stage 3 [0.957, 0.99, 0.99, 0.997]
const1_r12.5_44 stage 0 [0.998, 0.495, 0.753, 0.761]
const1_r12.5_44 stage 1 [0.963, 0.991, 0.521, 0.777]
const1_r12.5_44 stage 2 [0.756, 0.956, 1.0, 0.759]
const1_r12.5_44 stage 3 [1.0, 0.987, 0.994, 0.999]
const1_r12.5_55 stage 0 [0.999, 0.493, 0.751, 0.756]
const1_r12.5_55 stage 1 [0.971, 0.992, 0.488, 0.746]
const1_r12.5_55 stage 2 [1.0, 0.948, 0.999, 0.753]
const1_r12.5_55 stage 3 [1.0, 0.99, 0.997, 0.997]
