device cpu write_modes ['const05'] ratios [0, 0.125] epochs 65
const05_r0_11 stage 0 [0.999, 0.524, 0.755, 0.725]
const05_r0_11 stage 1 [0.516, 0.995, 0.513, 0.734]
const05_r0_11 stage 2 [0.76, 0.544, 1.0, 0.725]
const05_r0_11 stage 3 [0.76, 0.763, 0.754, 1.0]
const05_r0_22 stage 0 [0.998, 0.515, 0.733, 0.742]
const05_r0_22 stage 1 [0.499, 0.995, 0.502, 0.75]
const05_r0_22 stage 2 [0.734, 0.515, 0.999, 0.741]
const05_r0_22 stage 3 [0.736, 0.759, 0.734, 1.0]
const05_r0_33 stage 0 [0.991, 0.529, 0.754, 0.765]
const05_r0_33 stage 1 [0.691, 0.766, 0.495, 0.5]
const05_r0_33 stage 2 [0.77, 0.527, 0.995, 0.747]
const05_r0_33 stage 3 [0.768, 0.75, 0.761, 1.0]
const05_r0_44 stage 0 [0.999, 0.495, 0.754, 0.761]
const05_r0_44 stage 1 [0.497, 0.992, 0.511, 0.771]
const05_r0_44 stage 2 [0.756, 0.495, 0.996, 0.764]
const05_r0_44 stage 3 [0.756, 0.729, 0.758, 1.0]
const05_r0_55 stage 0 [0.999, 0.493, 0.751, 0.756]
const05_r0_55 stage 1 [0.527, 0.996, 0.488, 0.748]
const05_r0_55 stage 2 [0.77, 0.492, 0.999, 0.753]
const05_r0_55 stage 3 [0.77, 0.774, 0.752, 1.0]
const05_r12.5_11 stage 0 [0.999, 0.524, 0.755, 0.725]
const05_r12.5_11 stage 1 [0.959, 0.996, 0.512, 0.733]
const05_r12.5_11 stage 2 [1.0, 0.794, 1.0, 0.729]
const05_r12.5_11 stage 3 [0.989, 0.99, 0.952, 1.0]
const05_r12.5_22 stage 0 [0.998, 0.515, 0.733, 0.742]
const05_r12.5_22 stage 1 [0.951, 0.998, 0.509, 0.754]
const05_r12.5_22 stage 2 [0.999, 0.988, 0.997, 0.739]
const05_r12.5_22 stage 3 [0.999, 0.999, 1.0, 1.0]
const05_r12.5_33 stage 0 [0.991, 0.529, 0.754, 0.765]
const05_r12.5_33 stage 1 [0.938, 0.844, 0.556, 0.656]
const05_r12.5_33 stage 2 [0.996, 0.752, 0.998, 0.751]
const05_r12.5_33 stage 3 [0.977, 0.99, 0.985, 0.995]
const05_r12.5_44 stage 0 [0.999, 0.495, 0.754, 0.761]
const05_r12.5_44 stage 1 [0.965, 0.991, 0.519, 0.772]
const05_r12.5_44 stage 2 [0.966, 0.96, 0.999, 0.746]
const05_r12.5_44 stage 3 [1.0, 0.99, 0.814, 0.999]
const05_r12.5_55 stage 0 [0.999, 0.493, 0.751, 0.756]
const05_r12.5_55 stage 1 [0.98, 0.995, 0.489, 0.745]
const05_r12.5_55 stage 2 [1.0, 0.926, 0.999, 0.749]
const05_r12.5_55 stage 3 [1.0, 0.982, 0.998, 0.997]
