device cpu write_modes ['frozen'] ratios [0, 0.125] epochs 65
frozen_r0_22 stage 0 [0.998, 0.515, 0.733, 0.742]
frozen_r0_22 stage 1 [0.502, 0.986, 0.508, 0.752]
frozen_r0_22 stage 2 [0.735, 0.516, 0.998, 0.743]
frozen_r0_22 stage 3 [0.736, 0.604, 0.734, 1.0]
frozen_r0_33 stage 0 [0.991, 0.529, 0.754, 0.767]
frozen_r0_33 stage 1 [0.676, 0.765, 0.493, 0.504]
frozen_r0_33 stage 2 [0.77, 0.526, 0.995, 0.747]
frozen_r0_33 stage 3 [0.768, 0.749, 0.761, 1.0]
frozen_r0_44 stage 0 [0.999, 0.495, 0.754, 0.761]
frozen_r0_44 stage 1 [0.507, 0.991, 0.517, 0.774]
frozen_r0_44 stage 2 [0.997, 0.507, 0.765, 0.765]
frozen_r0_44 stage 3 [0.756, 0.729, 0.758, 1.0]
frozen_r0_55 stage 0 [0.999, 0.493, 0.751, 0.756]
frozen_r0_55 stage 1 [0.524, 0.996, 0.487, 0.746]
frozen_r0_55 stage 2 [0.77, 0.492, 0.999, 0.753]
frozen_r0_55 stage 3 [0.77, 0.774, 0.752, 1.0]
frozen_r12.5_22 stage 0 [0.998, 0.515, 0.733, 0.742]
frozen_r12.5_22 stage 1 [0.938, 0.983, 0.514, 0.763]
frozen_r12.5_22 stage 2 [0.998, 0.791, 0.997, 0.739]
frozen_r12.5_22 stage 3 [0.998, 0.994, 0.998, 1.0]
frozen_r12.5_33 stage 0 [0.991, 0.529, 0.754, 0.767]
frozen_r12.5_33 stage 1 [0.93, 0.879, 0.558, 0.681]
frozen_r12.5_33 stage 2 [0.996, 0.763, 0.998, 0.754]
frozen_r12.5_33 stage 3 [0.981, 0.989, 0.985, 0.996]
frozen_r12.5_44 stage 0 [0.999, 0.495, 0.754, 0.761]
frozen_r12.5_44 stage 1 [0.972, 0.991, 0.521, 0.775]
frozen_r12.5_44 stage 2 [0.756, 0.965, 0.999, 0.748]
frozen_r12.5_44 stage 3 [1.0, 0.991, 0.991, 0.999]
frozen_r12.5_55 stage 0 [0.999, 0.493, 0.751, 0.756]
frozen_r12.5_55 stage 1 [0.979, 0.996, 0.489, 0.74]
frozen_r12.5_55 stage 2 [1.0, 0.932, 0.999, 0.752]
frozen_r12.5_55 stage 3 [1.0, 0.991, 0.997, 0.997]
