device cpu write_modes ['full_bptt'] ratios [0, 0.125] epochs 65
full_bptt_r0_11 stage 0 [0.999, 0.526, 0.754, 0.726]
full_bptt_r0_11 stage 1 [0.518, 0.992, 0.514, 0.74]
full_bptt_r0_11 stage 2 [0.758, 0.521, 0.998, 0.725]
full_bptt_r0_11 stage 3 [0.76, 0.763, 0.754, 1.0]
full_bptt_r0_22 stage 0 [0.996, 0.514, 0.731, 0.74]
full_bptt_r0_22 stage 1 [0.512, 0.987, 0.513, 0.759]
full_bptt_r0_22 stage 2 [0.729, 0.517, 0.996, 0.73]
full_bptt_r0_22 stage 3 [0.734, 0.754, 0.734, 0.999]
full_bptt_r0_33 stage 0 [0.999, 0.521, 0.755, 0.75]
full_bptt_r0_33 stage 1 [0.729, 0.729, 0.484, 0.506]
full_bptt_r0_33 stage 2 [0.767, 0.522, 0.997, 0.746]
full_bptt_r0_33 stage 3 [0.768, 0.75, 0.76, 1.0]
full_bptt_r0_44 stage 0 [0.997, 0.497, 0.752, 0.761]
full_bptt_r0_44 stage 1 [0.481, 0.997, 0.504, 0.77]
full_bptt_r0_44 stage 2 [0.754, 0.497, 0.997, 0.757]
full_bptt_r0_44 stage 3 [0.756, 0.727, 0.759, 1.0]
full_bptt_r0_55 stage 0 [0.994, 0.494, 0.752, 0.756]
full_bptt_r0_55 stage 1 [0.52, 0.999, 0.485, 0.748]
full_bptt_r0_55 stage 2 [0.766, 0.49, 0.998, 0.752]
full_bptt_r0_55 stage 3 [0.771, 0.774, 0.753, 0.997]
full_bptt_r12.5_11 stage 0 [0.999, 0.526, 0.754, 0.726]
full_bptt_r12.5_11 stage 1 [0.971, 0.998, 0.513, 0.737]
full_bptt_r12.5_11 stage 2 [0.998, 0.947, 1.0, 0.731]
full_bptt_r12.5_11 stage 3 [0.994, 0.988, 0.972, 1.0]
full_bptt_r12.5_22 stage 0 [0.996, 0.514, 0.731, 0.74]
full_bptt_r12.5_22 stage 1 [0.951, 0.985, 0.521, 0.766]
full_bptt_r12.5_22 stage 2 [0.992, 0.684, 0.989, 0.722]
full_bptt_r12.5_22 stage 3 [0.997, 0.782, 0.987, 0.999]
full_bptt_r12.5_33 stage 0 [0.999, 0.521, 0.755, 0.75]
full_bptt_r12.5_33 stage 1 [0.98, 0.995, 0.525, 0.776]
full_bptt_r12.5_33 stage 2 [0.998, 0.989, 0.996, 0.767]
full_bptt_r12.5_33 stage 3 [1.0, 0.998, 0.987, 0.999]
full_bptt_r12.5_44 stage 0 [0.997, 0.497, 0.752, 0.761]
full_bptt_r12.5_44 stage 1 [0.974, 0.996, 0.506, 0.77]
full_bptt_r12.5_44 stage 2 [0.971, 0.856, 0.996, 0.744]
full_bptt_r12.5_44 stage 3 [0.998, 0.996, 0.995, 0.999]
full_bptt_r12.5_55 stage 0 [0.994, 0.494, 0.752, 0.756]
full_bptt_r12.5_55 stage 1 [0.976, 0.999, 0.485, 0.748]
full_bptt_r12.5_55 stage 2 [0.99, 0.88, 0.997, 0.748]
full_bptt_r12.5_55 stage 3 [0.992, 0.99, 0.986, 0.994]
